#! /usr/bin/vvp
:ivl_version "11.0 (stable)";
:ivl_delay_selection "TYPICAL";
:vpi_time_precision + 0;
:vpi_module "/usr/lib/x86_64-linux-gnu/ivl/system.vpi";
:vpi_module "/usr/lib/x86_64-linux-gnu/ivl/vhdl_sys.vpi";
:vpi_module "/usr/lib/x86_64-linux-gnu/ivl/vhdl_textio.vpi";
:vpi_module "/usr/lib/x86_64-linux-gnu/ivl/v2005_math.vpi";
:vpi_module "/usr/lib/x86_64-linux-gnu/ivl/va_math.vpi";
:vpi_module "/usr/lib/x86_64-linux-gnu/ivl/v2009.vpi";
S_0x6329e9a42250 .scope package, "$unit" "$unit" 2 1;
 .timescale 0 0;
S_0x6329e9a41e80 .scope module, "riscv_processor" "riscv_processor" 3 10;
 .timescale 0 0;
    .port_info 0 /INPUT 1 "clk";
    .port_info 1 /INPUT 1 "reset";
    .port_info 2 /OUTPUT 32 "pc_out";
    .port_info 3 /OUTPUT 32 "instruction_out";
L_0x72442766d060 .functor BUFT 1, C4<11111111111111111111111111111110>, C4<0>, C4<0>, C4<0>;
L_0x6329e9a67030 .functor AND 32, L_0x6329e9a99a00, L_0x72442766d060, C4<11111111111111111111111111111111>, C4<11111111111111111111111111111111>;
L_0x6329e9a99db0 .functor BUFZ 32, v0x6329e9a83fa0_0, C4<00000000000000000000000000000000>, C4<00000000000000000000000000000000>, C4<00000000000000000000000000000000>;
L_0x6329e9a99e20 .functor BUFZ 32, L_0x6329e9a99fd0, C4<00000000000000000000000000000000>, C4<00000000000000000000000000000000>, C4<00000000000000000000000000000000>;
L_0x72442766d018 .functor BUFT 1, C4<00000000000000000000000000000100>, C4<0>, C4<0>, C4<0>;
v0x6329e9a85b20_0 .net/2u *"_ivl_12", 31 0, L_0x72442766d018;  1 drivers
v0x6329e9a85c20_0 .net *"_ivl_18", 31 0, L_0x6329e9a99a00;  1 drivers
v0x6329e9a85d00_0 .net/2u *"_ivl_20", 31 0, L_0x72442766d060;  1 drivers
v0x6329e9a85dc0_0 .net "alu_control", 3 0, v0x6329e9a81760_0;  1 drivers
v0x6329e9a85e80_0 .net "alu_result", 31 0, v0x6329e9a80920_0;  1 drivers
v0x6329e9a85fe0_0 .net "alu_src", 0 0, v0x6329e9a81840_0;  1 drivers
v0x6329e9a86080_0 .net "branch", 0 0, v0x6329e9a818e0_0;  1 drivers
o0x7244276b68e8 .functor BUFZ 1, C4<z>; HiZ drive
v0x6329e9a86170_0 .net "clk", 0 0, o0x7244276b68e8;  0 drivers
v0x6329e9a86210_0 .net "funct3", 2 0, L_0x6329e9a89480;  1 drivers
v0x6329e9a862b0_0 .net "funct7", 6 0, L_0x6329e9a896e0;  1 drivers
v0x6329e9a86370_0 .net "imm_ext", 31 0, v0x6329e9a83190_0;  1 drivers
v0x6329e9a86410_0 .net "imm_src", 2 0, v0x6329e9a81b10_0;  1 drivers
v0x6329e9a86500_0 .net "instruction", 31 0, L_0x6329e9a99fd0;  1 drivers
v0x6329e9a86610_0 .net "instruction_out", 31 0, L_0x6329e9a99e20;  1 drivers
v0x6329e9a866f0_0 .net "jalr_target", 31 0, L_0x6329e9a67030;  1 drivers
v0x6329e9a867d0_0 .net "jump", 0 0, v0x6329e9a81bf0_0;  1 drivers
v0x6329e9a86870_0 .net "mem_read", 0 0, v0x6329e9a81cb0_0;  1 drivers
v0x6329e9a86a20_0 .net "mem_to_reg", 0 0, v0x6329e9a81d70_0;  1 drivers
v0x6329e9a86ac0_0 .net "mem_write", 0 0, v0x6329e9a81e30_0;  1 drivers
v0x6329e9a86bb0_0 .net "opcode", 6 0, L_0x6329e9a892a0;  1 drivers
v0x6329e9a86c50_0 .net "pc", 31 0, v0x6329e9a83fa0_0;  1 drivers
v0x6329e9a86d40_0 .var "pc_next", 31 0;
v0x6329e9a86de0_0 .net "pc_out", 31 0, L_0x6329e9a99db0;  1 drivers
v0x6329e9a86e80_0 .net "pc_plus4", 31 0, L_0x6329e9a99820;  1 drivers
v0x6329e9a86f60_0 .net "pc_src", 0 0, L_0x6329e9a9af90;  1 drivers
v0x6329e9a87000_0 .net "pc_target", 31 0, L_0x6329e9a99910;  1 drivers
v0x6329e9a870c0_0 .net "rd", 4 0, L_0x6329e9a89390;  1 drivers
v0x6329e9a87180_0 .net "rd1", 31 0, L_0x6329e9a9a400;  1 drivers
v0x6329e9a87270_0 .net "rd2", 31 0, L_0x6329e9a9a950;  1 drivers
v0x6329e9a87330_0 .net "read_data", 31 0, L_0x6329e9a9aed0;  1 drivers
v0x6329e9a873f0_0 .net "reg_write", 0 0, v0x6329e9a81fd0_0;  1 drivers
o0x7244276b6978 .functor BUFZ 1, C4<z>; HiZ drive
v0x6329e9a874e0_0 .net "reset", 0 0, o0x7244276b6978;  0 drivers
v0x6329e9a87580_0 .var "result", 31 0;
v0x6329e9a87620_0 .net "result_src", 0 0, v0x6329e9a82090_0;  1 drivers
v0x6329e9a876f0_0 .net "rs1", 4 0, L_0x6329e9a89520;  1 drivers
v0x6329e9a877c0_0 .net "rs2", 4 0, L_0x6329e9a895f0;  1 drivers
v0x6329e9a87890_0 .var "src_a", 31 0;
v0x6329e9a87960_0 .net "src_b", 31 0, L_0x6329e9a99b40;  1 drivers
v0x6329e9a87a30_0 .net "zero", 0 0, L_0x6329e9a9abc0;  1 drivers
E_0x6329e99c7640/0 .event edge, v0x6329e9a81bf0_0, v0x6329e9a86e80_0, v0x6329e9a82090_0, v0x6329e9a82a70_0;
E_0x6329e99c7640/1 .event edge, v0x6329e9a80920_0;
E_0x6329e99c7640 .event/or E_0x6329e99c7640/0, E_0x6329e99c7640/1;
E_0x6329e9a004f0 .event edge, v0x6329e9a81ef0_0, v0x6329e9a83860_0, v0x6329e9a81170_0;
E_0x6329e9a007b0/0 .event edge, v0x6329e9a81bf0_0, v0x6329e9a81ef0_0, v0x6329e9a866f0_0, v0x6329e9a87000_0;
E_0x6329e9a007b0/1 .event edge, v0x6329e9a810b0_0, v0x6329e9a86e80_0;
E_0x6329e9a007b0 .event/or E_0x6329e9a007b0/0, E_0x6329e9a007b0/1;
L_0x6329e9a892a0 .part L_0x6329e9a99fd0, 0, 7;
L_0x6329e9a89390 .part L_0x6329e9a99fd0, 7, 5;
L_0x6329e9a89480 .part L_0x6329e9a99fd0, 12, 3;
L_0x6329e9a89520 .part L_0x6329e9a99fd0, 15, 5;
L_0x6329e9a895f0 .part L_0x6329e9a99fd0, 20, 5;
L_0x6329e9a896e0 .part L_0x6329e9a99fd0, 25, 7;
L_0x6329e9a99820 .arith/sum 32, v0x6329e9a83fa0_0, L_0x72442766d018;
L_0x6329e9a99910 .arith/sum 32, v0x6329e9a83fa0_0, v0x6329e9a83190_0;
L_0x6329e9a99a00 .arith/sum 32, L_0x6329e9a9a400, v0x6329e9a83190_0;
L_0x6329e9a99b40 .functor MUXZ 32, L_0x6329e9a9a950, v0x6329e9a83190_0, v0x6329e9a81840_0, C4<>;
S_0x6329e99fd2f0 .scope module, "alu_inst" "alu" 3 120, 4 10 0, S_0x6329e9a41e80;
 .timescale 0 0;
    .port_info 0 /INPUT 32 "a";
    .port_info 1 /INPUT 32 "b";
    .port_info 2 /INPUT 4 "alu_control";
    .port_info 3 /OUTPUT 32 "result";
    .port_info 4 /OUTPUT 1 "zero";
L_0x72442766d258 .functor BUFT 1, C4<00000000000000000000000000000000>, C4<0>, C4<0>, C4<0>;
v0x6329e9a1eba0_0 .net/2u *"_ivl_0", 31 0, L_0x72442766d258;  1 drivers
v0x6329e9a49760_0 .net "a", 31 0, v0x6329e9a87890_0;  1 drivers
v0x6329e9a80780_0 .net "alu_control", 3 0, v0x6329e9a81760_0;  alias, 1 drivers
v0x6329e9a80840_0 .net "b", 31 0, L_0x6329e9a99b40;  alias, 1 drivers
v0x6329e9a80920_0 .var "result", 31 0;
v0x6329e9a80a50_0 .net "zero", 0 0, L_0x6329e9a9abc0;  alias, 1 drivers
E_0x6329e99fbda0 .event edge, v0x6329e9a80780_0, v0x6329e9a49760_0, v0x6329e9a80840_0, v0x6329e9a80840_0;
L_0x6329e9a9abc0 .cmp/eq 32, v0x6329e9a80920_0, L_0x72442766d258;
S_0x6329e9a80bb0 .scope module, "branch_unit_inst" "branch_unit" 3 153, 5 13 0, S_0x6329e9a41e80;
 .timescale 0 0;
    .port_info 0 /INPUT 32 "rd1";
    .port_info 1 /INPUT 32 "rd2";
    .port_info 2 /INPUT 3 "funct3";
    .port_info 3 /INPUT 1 "branch";
    .port_info 4 /OUTPUT 1 "pc_src";
L_0x6329e9a9af90 .functor AND 1, v0x6329e9a818e0_0, v0x6329e9a80f30_0, C4<1>, C4<1>;
v0x6329e9a80e50_0 .net "branch", 0 0, v0x6329e9a818e0_0;  alias, 1 drivers
v0x6329e9a80f30_0 .var "branch_condition", 0 0;
v0x6329e9a80ff0_0 .net "funct3", 2 0, L_0x6329e9a89480;  alias, 1 drivers
v0x6329e9a810b0_0 .net "pc_src", 0 0, L_0x6329e9a9af90;  alias, 1 drivers
v0x6329e9a81170_0 .net "rd1", 31 0, L_0x6329e9a9a400;  alias, 1 drivers
v0x6329e9a812a0_0 .net "rd2", 31 0, L_0x6329e9a9a950;  alias, 1 drivers
E_0x6329e99fc230 .event edge, v0x6329e9a80ff0_0, v0x6329e9a81170_0, v0x6329e9a812a0_0;
S_0x6329e9a81420 .scope module, "control_unit" "control" 3 137, 6 13 0, S_0x6329e9a41e80;
 .timescale 0 0;
    .port_info 0 /INPUT 7 "opcode";
    .port_info 1 /INPUT 3 "funct3";
    .port_info 2 /INPUT 7 "funct7";
    .port_info 3 /OUTPUT 1 "reg_write";
    .port_info 4 /OUTPUT 3 "imm_src";
    .port_info 5 /OUTPUT 1 "alu_src";
    .port_info 6 /OUTPUT 1 "mem_write";
    .port_info 7 /OUTPUT 1 "result_src";
    .port_info 8 /OUTPUT 1 "branch";
    .port_info 9 /OUTPUT 1 "mem_read";
    .port_info 10 /OUTPUT 1 "mem_to_reg";
    .port_info 11 /OUTPUT 1 "jump";
    .port_info 12 /OUTPUT 4 "alu_control";
v0x6329e9a81760_0 .var "alu_control", 3 0;
v0x6329e9a81840_0 .var "alu_src", 0 0;
v0x6329e9a818e0_0 .var "branch", 0 0;
v0x6329e9a81980_0 .net "funct3", 2 0, L_0x6329e9a89480;  alias, 1 drivers
v0x6329e9a81a20_0 .net "funct7", 6 0, L_0x6329e9a896e0;  alias, 1 drivers
v0x6329e9a81b10_0 .var "imm_src", 2 0;
v0x6329e9a81bf0_0 .var "jump", 0 0;
v0x6329e9a81cb0_0 .var "mem_read", 0 0;
v0x6329e9a81d70_0 .var "mem_to_reg", 0 0;
v0x6329e9a81e30_0 .var "mem_write", 0 0;
v0x6329e9a81ef0_0 .net "opcode", 6 0, L_0x6329e9a892a0;  alias, 1 drivers
v0x6329e9a81fd0_0 .var "reg_write", 0 0;
v0x6329e9a82090_0 .var "result_src", 0 0;
E_0x6329e9a2cb60 .event edge, v0x6329e9a81ef0_0, v0x6329e9a80ff0_0, v0x6329e9a81a20_0;
S_0x6329e9a822f0 .scope module, "data_memory" "dmem" 3 128, 7 9 0, S_0x6329e9a41e80;
 .timescale 0 0;
    .port_info 0 /INPUT 1 "clk";
    .port_info 1 /INPUT 1 "we";
    .port_info 2 /INPUT 1 "reset";
    .port_info 3 /INPUT 32 "addr";
    .port_info 4 /INPUT 32 "wdata";
    .port_info 5 /OUTPUT 32 "rdata";
L_0x6329e9a9aed0 .functor BUFZ 32, L_0x6329e9a9acb0, C4<00000000000000000000000000000000>, C4<00000000000000000000000000000000>, C4<00000000000000000000000000000000>;
v0x6329e9a82560_0 .net *"_ivl_0", 31 0, L_0x6329e9a9acb0;  1 drivers
v0x6329e9a82660_0 .net *"_ivl_3", 29 0, L_0x6329e9a9ad50;  1 drivers
v0x6329e9a82740_0 .net "addr", 31 0, v0x6329e9a80920_0;  alias, 1 drivers
v0x6329e9a827e0_0 .net "clk", 0 0, o0x7244276b68e8;  alias, 0 drivers
v0x6329e9a82880_0 .var/i "i", 31 0;
v0x6329e9a829b0 .array "mem", 1023 0, 31 0;
v0x6329e9a82a70_0 .net "rdata", 31 0, L_0x6329e9a9aed0;  alias, 1 drivers
v0x6329e9a82b50_0 .net "reset", 0 0, o0x7244276b6978;  alias, 0 drivers
v0x6329e9a82c10_0 .net "wdata", 31 0, L_0x6329e9a9a950;  alias, 1 drivers
v0x6329e9a82d60_0 .net "we", 0 0, v0x6329e9a81e30_0;  alias, 1 drivers
E_0x6329e99eb0f0 .event posedge, v0x6329e9a827e0_0;
L_0x6329e9a9acb0 .array/port v0x6329e9a829b0, L_0x6329e9a9ad50;
L_0x6329e9a9ad50 .part v0x6329e9a80920_0, 2, 30;
S_0x6329e9a82eb0 .scope module, "imm_gen_inst" "immgen" 3 114, 8 9 0, S_0x6329e9a41e80;
 .timescale 0 0;
    .port_info 0 /INPUT 32 "instruction";
    .port_info 1 /INPUT 3 "imm_src";
    .port_info 2 /OUTPUT 32 "imm_ext";
v0x6329e9a83190_0 .var "imm_ext", 31 0;
v0x6329e9a83290_0 .net "imm_src", 2 0, v0x6329e9a81b10_0;  alias, 1 drivers
v0x6329e9a83350_0 .net "instruction", 31 0, L_0x6329e9a99fd0;  alias, 1 drivers
E_0x6329e9a57110/0 .event edge, v0x6329e9a81b10_0, v0x6329e9a83350_0, v0x6329e9a83350_0, v0x6329e9a83350_0;
E_0x6329e9a57110/1 .event edge, v0x6329e9a83350_0, v0x6329e9a83350_0, v0x6329e9a83350_0, v0x6329e9a83350_0;
E_0x6329e9a57110/2 .event edge, v0x6329e9a83350_0, v0x6329e9a83350_0, v0x6329e9a83350_0, v0x6329e9a83350_0;
E_0x6329e9a57110 .event/or E_0x6329e9a57110/0, E_0x6329e9a57110/1, E_0x6329e9a57110/2;
S_0x6329e9a834a0 .scope module, "instruction_memory" "imem" 3 97, 9 9 0, S_0x6329e9a41e80;
 .timescale 0 0;
    .port_info 0 /INPUT 32 "addr";
    .port_info 1 /OUTPUT 32 "instruction";
L_0x6329e9a99fd0 .functor BUFZ 32, L_0x6329e9a99e90, C4<00000000000000000000000000000000>, C4<00000000000000000000000000000000>, C4<00000000000000000000000000000000>;
v0x6329e9a83680_0 .net *"_ivl_0", 31 0, L_0x6329e9a99e90;  1 drivers
v0x6329e9a83780_0 .net *"_ivl_3", 29 0, L_0x6329e9a99f30;  1 drivers
v0x6329e9a83860_0 .net "addr", 31 0, v0x6329e9a83fa0_0;  alias, 1 drivers
v0x6329e9a83950_0 .var/i "i", 31 0;
v0x6329e9a83a30_0 .net "instruction", 31 0, L_0x6329e9a99fd0;  alias, 1 drivers
v0x6329e9a83b40 .array "mem", 1023 0, 31 0;
L_0x6329e9a99e90 .array/port v0x6329e9a83b40, L_0x6329e9a99f30;
L_0x6329e9a99f30 .part v0x6329e9a83fa0_0, 2, 30;
S_0x6329e9a83c40 .scope module, "pc_reg" "pc" 3 90, 10 9 0, S_0x6329e9a41e80;
 .timescale 0 0;
    .port_info 0 /INPUT 1 "clk";
    .port_info 1 /INPUT 1 "reset";
    .port_info 2 /INPUT 32 "pc_next";
    .port_info 3 /OUTPUT 32 "pc";
v0x6329e9a83eb0_0 .net "clk", 0 0, o0x7244276b68e8;  alias, 0 drivers
v0x6329e9a83fa0_0 .var "pc", 31 0;
v0x6329e9a84070_0 .net "pc_next", 31 0, v0x6329e9a86d40_0;  1 drivers
v0x6329e9a84140_0 .net "reset", 0 0, o0x7244276b6978;  alias, 0 drivers
E_0x6329e9a83e50 .event posedge, v0x6329e9a82b50_0, v0x6329e9a827e0_0;
S_0x6329e9a842a0 .scope module, "reg_file_inst" "register_file" 3 102, 11 10 0, S_0x6329e9a41e80;
 .timescale 0 0;
    .port_info 0 /INPUT 1 "clk";
    .port_info 1 /INPUT 1 "we";
    .port_info 2 /INPUT 1 "reset";
    .port_info 3 /INPUT 5 "ra1";
    .port_info 4 /INPUT 5 "ra2";
    .port_info 5 /INPUT 5 "wa";
    .port_info 6 /INPUT 32 "wd";
    .port_info 7 /OUTPUT 32 "rd1";
    .port_info 8 /OUTPUT 32 "rd2";
L_0x72442766d0a8 .functor BUFT 1, C4<00000>, C4<0>, C4<0>, C4<0>;
v0x6329e9a845b0_0 .net/2u *"_ivl_0", 4 0, L_0x72442766d0a8;  1 drivers
L_0x72442766d138 .functor BUFT 1, C4<00>, C4<0>, C4<0>, C4<0>;
v0x6329e9a846b0_0 .net *"_ivl_11", 1 0, L_0x72442766d138;  1 drivers
L_0x72442766d180 .functor BUFT 1, C4<00000>, C4<0>, C4<0>, C4<0>;
v0x6329e9a84790_0 .net/2u *"_ivl_14", 4 0, L_0x72442766d180;  1 drivers
v0x6329e9a84850_0 .net *"_ivl_16", 0 0, L_0x6329e9a9a600;  1 drivers
L_0x72442766d1c8 .functor BUFT 1, C4<00000000000000000000000000000000>, C4<0>, C4<0>, C4<0>;
v0x6329e9a84910_0 .net/2u *"_ivl_18", 31 0, L_0x72442766d1c8;  1 drivers
v0x6329e9a84a40_0 .net *"_ivl_2", 0 0, L_0x6329e9a9a040;  1 drivers
v0x6329e9a84b00_0 .net *"_ivl_20", 31 0, L_0x6329e9a9a6f0;  1 drivers
v0x6329e9a84be0_0 .net *"_ivl_22", 6 0, L_0x6329e9a9a7d0;  1 drivers
L_0x72442766d210 .functor BUFT 1, C4<00>, C4<0>, C4<0>, C4<0>;
v0x6329e9a84cc0_0 .net *"_ivl_25", 1 0, L_0x72442766d210;  1 drivers
L_0x72442766d0f0 .functor BUFT 1, C4<00000000000000000000000000000000>, C4<0>, C4<0>, C4<0>;
v0x6329e9a84e30_0 .net/2u *"_ivl_4", 31 0, L_0x72442766d0f0;  1 drivers
v0x6329e9a84f10_0 .net *"_ivl_6", 31 0, L_0x6329e9a9a130;  1 drivers
v0x6329e9a84ff0_0 .net *"_ivl_8", 6 0, L_0x6329e9a9a230;  1 drivers
v0x6329e9a850d0_0 .net "clk", 0 0, o0x7244276b68e8;  alias, 0 drivers
v0x6329e9a85170_0 .var/i "i", 31 0;
v0x6329e9a85250_0 .net "ra1", 4 0, L_0x6329e9a89520;  alias, 1 drivers
v0x6329e9a85330_0 .net "ra2", 4 0, L_0x6329e9a895f0;  alias, 1 drivers
v0x6329e9a85410_0 .net "rd1", 31 0, L_0x6329e9a9a400;  alias, 1 drivers
v0x6329e9a854d0_0 .net "rd2", 31 0, L_0x6329e9a9a950;  alias, 1 drivers
v0x6329e9a855c0 .array "registers", 31 0, 31 0;
v0x6329e9a85680_0 .net "reset", 0 0, o0x7244276b6978;  alias, 0 drivers
v0x6329e9a85770_0 .net "wa", 4 0, L_0x6329e9a89390;  alias, 1 drivers
v0x6329e9a85850_0 .net "wd", 31 0, v0x6329e9a87580_0;  1 drivers
v0x6329e9a85930_0 .net "we", 0 0, v0x6329e9a81fd0_0;  alias, 1 drivers
L_0x6329e9a9a040 .cmp/eq 5, L_0x6329e9a89520, L_0x72442766d0a8;
L_0x6329e9a9a130 .array/port v0x6329e9a855c0, L_0x6329e9a9a230;
L_0x6329e9a9a230 .concat [ 5 2 0 0], L_0x6329e9a89520, L_0x72442766d138;
L_0x6329e9a9a400 .functor MUXZ 32, L_0x6329e9a9a130, L_0x72442766d0f0, L_0x6329e9a9a040, C4<>;
L_0x6329e9a9a600 .cmp/eq 5, L_0x6329e9a895f0, L_0x72442766d180;
L_0x6329e9a9a6f0 .array/port v0x6329e9a855c0, L_0x6329e9a9a7d0;
L_0x6329e9a9a7d0 .concat [ 5 2 0 0], L_0x6329e9a895f0, L_0x72442766d210;
L_0x6329e9a9a950 .functor MUXZ 32, L_0x6329e9a9a6f0, L_0x72442766d1c8, L_0x6329e9a9a600, C4<>;
S_0x6329e99fe740 .scope module, "tb_alu" "tb_alu" 12 9;
 .timescale 0 0;
v0x6329e9a88bd0_0 .var "a", 31 0;
v0x6329e9a88cb0_0 .var "alu_control", 3 0;
v0x6329e9a88d80_0 .var "b", 31 0;
v0x6329e9a88e80_0 .var/2s "failed", 31 0;
v0x6329e9a88f20_0 .var/2s "passed", 31 0;
v0x6329e9a89050_0 .net "result", 31 0, v0x6329e9a88210_0;  1 drivers
v0x6329e9a89110_0 .var/2s "total", 31 0;
v0x6329e9a891d0_0 .net "zero", 0 0, L_0x6329e9a9b050;  1 drivers
S_0x6329e9a87b50 .scope module, "dut" "alu" 12 19, 4 10 0, S_0x6329e99fe740;
 .timescale 0 0;
    .port_info 0 /INPUT 32 "a";
    .port_info 1 /INPUT 32 "b";
    .port_info 2 /INPUT 4 "alu_control";
    .port_info 3 /OUTPUT 32 "result";
    .port_info 4 /OUTPUT 1 "zero";
L_0x72442766d2a0 .functor BUFT 1, C4<00000000000000000000000000000000>, C4<0>, C4<0>, C4<0>;
v0x6329e9a87e60_0 .net/2u *"_ivl_0", 31 0, L_0x72442766d2a0;  1 drivers
v0x6329e9a87f60_0 .net "a", 31 0, v0x6329e9a88bd0_0;  1 drivers
v0x6329e9a88040_0 .net "alu_control", 3 0, v0x6329e9a88cb0_0;  1 drivers
v0x6329e9a88130_0 .net "b", 31 0, v0x6329e9a88d80_0;  1 drivers
v0x6329e9a88210_0 .var "result", 31 0;
v0x6329e9a88340_0 .net "zero", 0 0, L_0x6329e9a9b050;  alias, 1 drivers
E_0x6329e9a87dd0 .event edge, v0x6329e9a88040_0, v0x6329e9a87f60_0, v0x6329e9a88130_0, v0x6329e9a88130_0;
L_0x6329e9a9b050 .cmp/eq 32, v0x6329e9a88210_0, L_0x72442766d2a0;
S_0x6329e9a884a0 .scope task, "run_test" "run_test" 12 27, 12 27 0, S_0x6329e99fe740;
 .timescale 0 0;
v0x6329e9a886a0_0 .var "ain", 31 0;
v0x6329e9a88780_0 .var "bin", 31 0;
v0x6329e9a88860_0 .var "ctrl", 3 0;
v0x6329e9a88920_0 .var/str "desc";
v0x6329e9a889e0_0 .var "exp_result", 31 0;
v0x6329e9a88b10_0 .var/2u "exp_zero", 0 0;
TD_tb_alu.run_test ;
    %load/vec4 v0x6329e9a886a0_0;
    %store/vec4 v0x6329e9a88bd0_0, 0, 32;
    %load/vec4 v0x6329e9a88780_0;
    %store/vec4 v0x6329e9a88d80_0, 0, 32;
    %load/vec4 v0x6329e9a88860_0;
    %store/vec4 v0x6329e9a88cb0_0, 0, 4;
    %delay 1, 0;
    ; show_stmt_assign_vector: Get l-value for compressed += operand
    %load/vec4 v0x6329e9a89110_0;
    %pushi/vec4 1, 0, 32;
    %add;
    %cast2;
    %store/vec4 v0x6329e9a89110_0, 0, 32;
    %load/vec4 v0x6329e9a89050_0;
    %load/vec4 v0x6329e9a889e0_0;
    %cmp/e;
    %flag_get/vec4 6;
    %load/vec4 v0x6329e9a891d0_0;
    %load/vec4 v0x6329e9a88b10_0;
    %cmp/e;
    %flag_get/vec4 6;
    %and;
    %flag_set/vec4 8;
    %jmp/0xz  T_0.0, 8;
    ; show_stmt_assign_vector: Get l-value for compressed += operand
    %load/vec4 v0x6329e9a88f20_0;
    %pushi/vec4 1, 0, 32;
    %add;
    %cast2;
    %store/vec4 v0x6329e9a88f20_0, 0, 32;
    %vpi_call/w 12 42 "$display", "[PASS] %-30s | result = %h, zero = %b", v0x6329e9a88920_0, v0x6329e9a89050_0, v0x6329e9a891d0_0 {0 0 0};
    %jmp T_0.1;
T_0.0 ;
    ; show_stmt_assign_vector: Get l-value for compressed += operand
    %load/vec4 v0x6329e9a88e80_0;
    %pushi/vec4 1, 0, 32;
    %add;
    %cast2;
    %store/vec4 v0x6329e9a88e80_0, 0, 32;
    %vpi_call/w 12 45 "$display", "[FAIL] %-30s | result = %h (exp %h), zero = %b (exp %b)", v0x6329e9a88920_0, v0x6329e9a89050_0, v0x6329e9a889e0_0, v0x6329e9a891d0_0, v0x6329e9a88b10_0 {0 0 0};
T_0.1 ;
    %end;
    .scope S_0x6329e9a83c40;
T_1 ;
    %wait E_0x6329e9a83e50;
    %load/vec4 v0x6329e9a84140_0;
    %flag_set/vec4 8;
    %jmp/0xz  T_1.0, 8;
    %pushi/vec4 0, 0, 32;
    %assign/vec4 v0x6329e9a83fa0_0, 0;
    %jmp T_1.1;
T_1.0 ;
    %load/vec4 v0x6329e9a84070_0;
    %assign/vec4 v0x6329e9a83fa0_0, 0;
T_1.1 ;
    %jmp T_1;
    .thread T_1;
    .scope S_0x6329e9a834a0;
T_2 ;
    %pushi/vec4 0, 0, 32;
    %store/vec4 v0x6329e9a83950_0, 0, 32;
T_2.0 ;
    %load/vec4 v0x6329e9a83950_0;
    %cmpi/s 1024, 0, 32;
    %jmp/0xz T_2.1, 5;
    %pushi/vec4 19, 0, 32;
    %ix/getv/s 4, v0x6329e9a83950_0;
    %store/vec4a v0x6329e9a83b40, 4, 0;
    %load/vec4 v0x6329e9a83950_0;
    %addi 1, 0, 32;
    %store/vec4 v0x6329e9a83950_0, 0, 32;
    %jmp T_2.0;
T_2.1 ;
    %pushi/vec4 5243027, 0, 32;
    %ix/load 4, 0, 0;
    %flag_set/imm 4, 0;
    %store/vec4a v0x6329e9a83b40, 4, 0;
    %pushi/vec4 6291731, 0, 32;
    %ix/load 4, 1, 0;
    %flag_set/imm 4, 0;
    %store/vec4a v0x6329e9a83b40, 4, 0;
    %pushi/vec4 2130355, 0, 32;
    %ix/load 4, 2, 0;
    %flag_set/imm 4, 0;
    %store/vec4a v0x6329e9a83b40, 4, 0;
    %end;
    .thread T_2;
    .scope S_0x6329e9a842a0;
T_3 ;
    %pushi/vec4 0, 0, 32;
    %store/vec4 v0x6329e9a85170_0, 0, 32;
T_3.0 ;
    %load/vec4 v0x6329e9a85170_0;
    %cmpi/s 32, 0, 32;
    %jmp/0xz T_3.1, 5;
    %pushi/vec4 0, 0, 32;
    %ix/getv/s 4, v0x6329e9a85170_0;
    %store/vec4a v0x6329e9a855c0, 4, 0;
    %load/vec4 v0x6329e9a85170_0;
    %addi 1, 0, 32;
    %store/vec4 v0x6329e9a85170_0, 0, 32;
    %jmp T_3.0;
T_3.1 ;
    %end;
    .thread T_3;
    .scope S_0x6329e9a842a0;
T_4 ;
    %wait E_0x6329e99eb0f0;
    %load/vec4 v0x6329e9a85680_0;
    %flag_set/vec4 8;
    %jmp/0xz  T_4.0, 8;
    %pushi/vec4 0, 0, 32;
    %store/vec4 v0x6329e9a85170_0, 0, 32;
T_4.2 ;
    %load/vec4 v0x6329e9a85170_0;
    %cmpi/s 32, 0, 32;
    %jmp/0xz T_4.3, 5;
    %pushi/vec4 0, 0, 32;
    %ix/getv/s 3, v0x6329e9a85170_0;
    %ix/load 4, 0, 0; Constant delay
    %assign/vec4/a/d v0x6329e9a855c0, 0, 4;
    %load/vec4 v0x6329e9a85170_0;
    %addi 1, 0, 32;
    %store/vec4 v0x6329e9a85170_0, 0, 32;
    %jmp T_4.2;
T_4.3 ;
    %jmp T_4.1;
T_4.0 ;
    %load/vec4 v0x6329e9a85930_0;
    %load/vec4 v0x6329e9a85770_0;
    %pushi/vec4 0, 0, 5;
    %cmp/ne;
    %flag_get/vec4 4;
    %and;
    %flag_set/vec4 8;
    %jmp/0xz  T_4.4, 8;
    %load/vec4 v0x6329e9a85850_0;
    %load/vec4 v0x6329e9a85770_0;
    %pad/u 7;
    %ix/vec4 3;
    %ix/load 4, 0, 0; Constant delay
    %assign/vec4/a/d v0x6329e9a855c0, 0, 4;
T_4.4 ;
T_4.1 ;
    %jmp T_4;
    .thread T_4;
    .scope S_0x6329e9a82eb0;
T_5 ;
Ewait_0 .event/or E_0x6329e9a57110, E_0x0;
    %wait Ewait_0;
    %load/vec4 v0x6329e9a83290_0;
    %dup/vec4;
    %pushi/vec4 0, 0, 3;
    %cmp/u;
    %jmp/1 T_5.0, 6;
    %dup/vec4;
    %pushi/vec4 1, 0, 3;
    %cmp/u;
    %jmp/1 T_5.1, 6;
    %dup/vec4;
    %pushi/vec4 2, 0, 3;
    %cmp/u;
    %jmp/1 T_5.2, 6;
    %dup/vec4;
    %pushi/vec4 3, 0, 3;
    %cmp/u;
    %jmp/1 T_5.3, 6;
    %dup/vec4;
    %pushi/vec4 4, 0, 3;
    %cmp/u;
    %jmp/1 T_5.4, 6;
    %pushi/vec4 0, 0, 32;
    %store/vec4 v0x6329e9a83190_0, 0, 32;
    %jmp T_5.6;
T_5.0 ;
    %load/vec4 v0x6329e9a83350_0;
    %parti/s 1, 31, 6;
    %replicate 20;
    %load/vec4 v0x6329e9a83350_0;
    %parti/s 12, 20, 6;
    %concat/vec4; draw_concat_vec4
    %store/vec4 v0x6329e9a83190_0, 0, 32;
    %jmp T_5.6;
T_5.1 ;
    %load/vec4 v0x6329e9a83350_0;
    %parti/s 1, 31, 6;
    %replicate 20;
    %load/vec4 v0x6329e9a83350_0;
    %parti/s 7, 25, 6;
    %concat/vec4; draw_concat_vec4
    %load/vec4 v0x6329e9a83350_0;
    %parti/s 5, 7, 4;
    %concat/vec4; draw_concat_vec4
    %store/vec4 v0x6329e9a83190_0, 0, 32;
    %jmp T_5.6;
T_5.2 ;
    %load/vec4 v0x6329e9a83350_0;
    %parti/s 1, 31, 6;
    %replicate 19;
    %load/vec4 v0x6329e9a83350_0;
    %parti/s 1, 31, 6;
    %concat/vec4; draw_concat_vec4
    %load/vec4 v0x6329e9a83350_0;
    %parti/s 1, 7, 4;
    %concat/vec4; draw_concat_vec4
    %load/vec4 v0x6329e9a83350_0;
    %parti/s 6, 25, 6;
    %concat/vec4; draw_concat_vec4
    %load/vec4 v0x6329e9a83350_0;
    %parti/s 4, 8, 5;
    %concat/vec4; draw_concat_vec4
    %concati/vec4 0, 0, 1;
    %store/vec4 v0x6329e9a83190_0, 0, 32;
    %jmp T_5.6;
T_5.3 ;
    %load/vec4 v0x6329e9a83350_0;
    %parti/s 20, 12, 5;
    %concati/vec4 0, 0, 12;
    %store/vec4 v0x6329e9a83190_0, 0, 32;
    %jmp T_5.6;
T_5.4 ;
    %load/vec4 v0x6329e9a83350_0;
    %parti/s 1, 31, 6;
    %replicate 11;
    %load/vec4 v0x6329e9a83350_0;
    %parti/s 1, 31, 6;
    %concat/vec4; draw_concat_vec4
    %load/vec4 v0x6329e9a83350_0;
    %parti/s 8, 12, 5;
    %concat/vec4; draw_concat_vec4
    %load/vec4 v0x6329e9a83350_0;
    %parti/s 1, 20, 6;
    %concat/vec4; draw_concat_vec4
    %load/vec4 v0x6329e9a83350_0;
    %parti/s 10, 21, 6;
    %concat/vec4; draw_concat_vec4
    %concati/vec4 0, 0, 1;
    %store/vec4 v0x6329e9a83190_0, 0, 32;
    %jmp T_5.6;
T_5.6 ;
    %pop/vec4 1;
    %jmp T_5;
    .thread T_5, $push;
    .scope S_0x6329e99fd2f0;
T_6 ;
Ewait_1 .event/or E_0x6329e99fbda0, E_0x0;
    %wait Ewait_1;
    %load/vec4 v0x6329e9a80780_0;
    %dup/vec4;
    %pushi/vec4 0, 0, 4;
    %cmp/u;
    %jmp/1 T_6.0, 6;
    %dup/vec4;
    %pushi/vec4 1, 0, 4;
    %cmp/u;
    %jmp/1 T_6.1, 6;
    %dup/vec4;
    %pushi/vec4 2, 0, 4;
    %cmp/u;
    %jmp/1 T_6.2, 6;
    %dup/vec4;
    %pushi/vec4 3, 0, 4;
    %cmp/u;
    %jmp/1 T_6.3, 6;
    %dup/vec4;
    %pushi/vec4 4, 0, 4;
    %cmp/u;
    %jmp/1 T_6.4, 6;
    %dup/vec4;
    %pushi/vec4 5, 0, 4;
    %cmp/u;
    %jmp/1 T_6.5, 6;
    %dup/vec4;
    %pushi/vec4 6, 0, 4;
    %cmp/u;
    %jmp/1 T_6.6, 6;
    %dup/vec4;
    %pushi/vec4 7, 0, 4;
    %cmp/u;
    %jmp/1 T_6.7, 6;
    %dup/vec4;
    %pushi/vec4 8, 0, 4;
    %cmp/u;
    %jmp/1 T_6.8, 6;
    %dup/vec4;
    %pushi/vec4 9, 0, 4;
    %cmp/u;
    %jmp/1 T_6.9, 6;
    %pushi/vec4 0, 0, 32;
    %store/vec4 v0x6329e9a80920_0, 0, 32;
    %jmp T_6.11;
T_6.0 ;
    %load/vec4 v0x6329e9a49760_0;
    %load/vec4 v0x6329e9a80840_0;
    %add;
    %store/vec4 v0x6329e9a80920_0, 0, 32;
    %jmp T_6.11;
T_6.1 ;
    %load/vec4 v0x6329e9a49760_0;
    %load/vec4 v0x6329e9a80840_0;
    %sub;
    %store/vec4 v0x6329e9a80920_0, 0, 32;
    %jmp T_6.11;
T_6.2 ;
    %load/vec4 v0x6329e9a49760_0;
    %load/vec4 v0x6329e9a80840_0;
    %and;
    %store/vec4 v0x6329e9a80920_0, 0, 32;
    %jmp T_6.11;
T_6.3 ;
    %load/vec4 v0x6329e9a49760_0;
    %load/vec4 v0x6329e9a80840_0;
    %or;
    %store/vec4 v0x6329e9a80920_0, 0, 32;
    %jmp T_6.11;
T_6.4 ;
    %load/vec4 v0x6329e9a49760_0;
    %load/vec4 v0x6329e9a80840_0;
    %xor;
    %store/vec4 v0x6329e9a80920_0, 0, 32;
    %jmp T_6.11;
T_6.5 ;
    %load/vec4 v0x6329e9a49760_0;
    %load/vec4 v0x6329e9a80840_0;
    %parti/s 5, 0, 2;
    %ix/vec4 4;
    %shiftl 4;
    %store/vec4 v0x6329e9a80920_0, 0, 32;
    %jmp T_6.11;
T_6.6 ;
    %load/vec4 v0x6329e9a49760_0;
    %load/vec4 v0x6329e9a80840_0;
    %parti/s 5, 0, 2;
    %ix/vec4 4;
    %shiftr 4;
    %store/vec4 v0x6329e9a80920_0, 0, 32;
    %jmp T_6.11;
T_6.7 ;
    %load/vec4 v0x6329e9a49760_0;
    %load/vec4 v0x6329e9a80840_0;
    %parti/s 5, 0, 2;
    %ix/vec4 4;
    %shiftr/s 4;
    %store/vec4 v0x6329e9a80920_0, 0, 32;
    %jmp T_6.11;
T_6.8 ;
    %pushi/vec4 0, 0, 31;
    %load/vec4 v0x6329e9a49760_0;
    %load/vec4 v0x6329e9a80840_0;
    %cmp/s;
    %flag_get/vec4 5;
    %concat/vec4; draw_concat_vec4
    %store/vec4 v0x6329e9a80920_0, 0, 32;
    %jmp T_6.11;
T_6.9 ;
    %pushi/vec4 0, 0, 31;
    %load/vec4 v0x6329e9a49760_0;
    %load/vec4 v0x6329e9a80840_0;
    %cmp/u;
    %flag_get/vec4 5;
    %concat/vec4; draw_concat_vec4
    %store/vec4 v0x6329e9a80920_0, 0, 32;
    %jmp T_6.11;
T_6.11 ;
    %pop/vec4 1;
    %jmp T_6;
    .thread T_6, $push;
    .scope S_0x6329e9a822f0;
T_7 ;
    %pushi/vec4 0, 0, 32;
    %store/vec4 v0x6329e9a82880_0, 0, 32;
T_7.0 ;
    %load/vec4 v0x6329e9a82880_0;
    %cmpi/s 1024, 0, 32;
    %jmp/0xz T_7.1, 5;
    %pushi/vec4 0, 0, 32;
    %ix/getv/s 4, v0x6329e9a82880_0;
    %store/vec4a v0x6329e9a829b0, 4, 0;
    %load/vec4 v0x6329e9a82880_0;
    %addi 1, 0, 32;
    %store/vec4 v0x6329e9a82880_0, 0, 32;
    %jmp T_7.0;
T_7.1 ;
    %end;
    .thread T_7;
    .scope S_0x6329e9a822f0;
T_8 ;
    %wait E_0x6329e99eb0f0;
    %load/vec4 v0x6329e9a82d60_0;
    %flag_set/vec4 8;
    %jmp/0xz  T_8.0, 8;
    %load/vec4 v0x6329e9a82c10_0;
    %load/vec4 v0x6329e9a82740_0;
    %parti/s 30, 2, 3;
    %ix/vec4 3;
    %ix/load 4, 0, 0; Constant delay
    %assign/vec4/a/d v0x6329e9a829b0, 0, 4;
T_8.0 ;
    %jmp T_8;
    .thread T_8;
    .scope S_0x6329e9a81420;
T_9 ;
Ewait_2 .event/or E_0x6329e9a2cb60, E_0x0;
    %wait Ewait_2;
    %pushi/vec4 0, 0, 1;
    %store/vec4 v0x6329e9a81fd0_0, 0, 1;
    %pushi/vec4 0, 0, 3;
    %store/vec4 v0x6329e9a81b10_0, 0, 3;
    %pushi/vec4 0, 0, 1;
    %store/vec4 v0x6329e9a81840_0, 0, 1;
    %pushi/vec4 0, 0, 1;
    %store/vec4 v0x6329e9a81e30_0, 0, 1;
    %pushi/vec4 0, 0, 1;
    %store/vec4 v0x6329e9a82090_0, 0, 1;
    %pushi/vec4 0, 0, 1;
    %store/vec4 v0x6329e9a818e0_0, 0, 1;
    %pushi/vec4 0, 0, 1;
    %store/vec4 v0x6329e9a81cb0_0, 0, 1;
    %pushi/vec4 0, 0, 1;
    %store/vec4 v0x6329e9a81d70_0, 0, 1;
    %pushi/vec4 0, 0, 1;
    %store/vec4 v0x6329e9a81bf0_0, 0, 1;
    %pushi/vec4 0, 0, 4;
    %store/vec4 v0x6329e9a81760_0, 0, 4;
    %load/vec4 v0x6329e9a81ef0_0;
    %dup/vec4;
    %pushi/vec4 51, 0, 7;
    %cmp/u;
    %jmp/1 T_9.0, 6;
    %dup/vec4;
    %pushi/vec4 19, 0, 7;
    %cmp/u;
    %jmp/1 T_9.1, 6;
    %dup/vec4;
    %pushi/vec4 3, 0, 7;
    %cmp/u;
    %jmp/1 T_9.2, 6;
    %dup/vec4;
    %pushi/vec4 35, 0, 7;
    %cmp/u;
    %jmp/1 T_9.3, 6;
    %dup/vec4;
    %pushi/vec4 99, 0, 7;
    %cmp/u;
    %jmp/1 T_9.4, 6;
    %dup/vec4;
    %pushi/vec4 111, 0, 7;
    %cmp/u;
    %jmp/1 T_9.5, 6;
    %dup/vec4;
    %pushi/vec4 103, 0, 7;
    %cmp/u;
    %jmp/1 T_9.6, 6;
    %dup/vec4;
    %pushi/vec4 55, 0, 7;
    %cmp/u;
    %jmp/1 T_9.7, 6;
    %dup/vec4;
    %pushi/vec4 23, 0, 7;
    %cmp/u;
    %jmp/1 T_9.8, 6;
    %jmp T_9.10;
T_9.0 ;
    %pushi/vec4 1, 0, 1;
    %store/vec4 v0x6329e9a81fd0_0, 0, 1;
    %load/vec4 v0x6329e9a81980_0;
    %load/vec4 v0x6329e9a81a20_0;
    %parti/s 1, 5, 4;
    %concat/vec4; draw_concat_vec4
    %dup/vec4;
    %pushi/vec4 0, 0, 4;
    %cmp/u;
    %jmp/1 T_9.11, 6;
    %dup/vec4;
    %pushi/vec4 1, 0, 4;
    %cmp/u;
    %jmp/1 T_9.12, 6;
    %dup/vec4;
    %pushi/vec4 2, 0, 4;
    %cmp/u;
    %jmp/1 T_9.13, 6;
    %dup/vec4;
    %pushi/vec4 4, 0, 4;
    %cmp/u;
    %jmp/1 T_9.14, 6;
    %dup/vec4;
    %pushi/vec4 6, 0, 4;
    %cmp/u;
    %jmp/1 T_9.15, 6;
    %dup/vec4;
    %pushi/vec4 8, 0, 4;
    %cmp/u;
    %jmp/1 T_9.16, 6;
    %dup/vec4;
    %pushi/vec4 10, 0, 4;
    %cmp/u;
    %jmp/1 T_9.17, 6;
    %dup/vec4;
    %pushi/vec4 11, 0, 4;
    %cmp/u;
    %jmp/1 T_9.18, 6;
    %dup/vec4;
    %pushi/vec4 12, 0, 4;
    %cmp/u;
    %jmp/1 T_9.19, 6;
    %dup/vec4;
    %pushi/vec4 14, 0, 4;
    %cmp/u;
    %jmp/1 T_9.20, 6;
    %pushi/vec4 0, 0, 4;
    %store/vec4 v0x6329e9a81760_0, 0, 4;
    %jmp T_9.22;
T_9.11 ;
    %pushi/vec4 0, 0, 4;
    %store/vec4 v0x6329e9a81760_0, 0, 4;
    %jmp T_9.22;
T_9.12 ;
    %pushi/vec4 1, 0, 4;
    %store/vec4 v0x6329e9a81760_0, 0, 4;
    %jmp T_9.22;
T_9.13 ;
    %pushi/vec4 5, 0, 4;
    %store/vec4 v0x6329e9a81760_0, 0, 4;
    %jmp T_9.22;
T_9.14 ;
    %pushi/vec4 8, 0, 4;
    %store/vec4 v0x6329e9a81760_0, 0, 4;
    %jmp T_9.22;
T_9.15 ;
    %pushi/vec4 9, 0, 4;
    %store/vec4 v0x6329e9a81760_0, 0, 4;
    %jmp T_9.22;
T_9.16 ;
    %pushi/vec4 4, 0, 4;
    %store/vec4 v0x6329e9a81760_0, 0, 4;
    %jmp T_9.22;
T_9.17 ;
    %pushi/vec4 6, 0, 4;
    %store/vec4 v0x6329e9a81760_0, 0, 4;
    %jmp T_9.22;
T_9.18 ;
    %pushi/vec4 7, 0, 4;
    %store/vec4 v0x6329e9a81760_0, 0, 4;
    %jmp T_9.22;
T_9.19 ;
    %pushi/vec4 3, 0, 4;
    %store/vec4 v0x6329e9a81760_0, 0, 4;
    %jmp T_9.22;
T_9.20 ;
    %pushi/vec4 2, 0, 4;
    %store/vec4 v0x6329e9a81760_0, 0, 4;
    %jmp T_9.22;
T_9.22 ;
    %pop/vec4 1;
    %jmp T_9.10;
T_9.1 ;
    %pushi/vec4 1, 0, 1;
    %store/vec4 v0x6329e9a81fd0_0, 0, 1;
    %pushi/vec4 0, 0, 3;
    %store/vec4 v0x6329e9a81b10_0, 0, 3;
    %pushi/vec4 1, 0, 1;
    %store/vec4 v0x6329e9a81840_0, 0, 1;
    %load/vec4 v0x6329e9a81980_0;
    %dup/vec4;
    %pushi/vec4 0, 0, 3;
    %cmp/u;
    %jmp/1 T_9.23, 6;
    %dup/vec4;
    %pushi/vec4 1, 0, 3;
    %cmp/u;
    %jmp/1 T_9.24, 6;
    %dup/vec4;
    %pushi/vec4 2, 0, 3;
    %cmp/u;
    %jmp/1 T_9.25, 6;
    %dup/vec4;
    %pushi/vec4 3, 0, 3;
    %cmp/u;
    %jmp/1 T_9.26, 6;
    %dup/vec4;
    %pushi/vec4 4, 0, 3;
    %cmp/u;
    %jmp/1 T_9.27, 6;
    %dup/vec4;
    %pushi/vec4 5, 0, 3;
    %cmp/u;
    %jmp/1 T_9.28, 6;
    %dup/vec4;
    %pushi/vec4 6, 0, 3;
    %cmp/u;
    %jmp/1 T_9.29, 6;
    %dup/vec4;
    %pushi/vec4 7, 0, 3;
    %cmp/u;
    %jmp/1 T_9.30, 6;
    %pushi/vec4 0, 0, 4;
    %store/vec4 v0x6329e9a81760_0, 0, 4;
    %jmp T_9.32;
T_9.23 ;
    %pushi/vec4 0, 0, 4;
    %store/vec4 v0x6329e9a81760_0, 0, 4;
    %jmp T_9.32;
T_9.24 ;
    %pushi/vec4 5, 0, 4;
    %store/vec4 v0x6329e9a81760_0, 0, 4;
    %jmp T_9.32;
T_9.25 ;
    %pushi/vec4 8, 0, 4;
    %store/vec4 v0x6329e9a81760_0, 0, 4;
    %jmp T_9.32;
T_9.26 ;
    %pushi/vec4 9, 0, 4;
    %store/vec4 v0x6329e9a81760_0, 0, 4;
    %jmp T_9.32;
T_9.27 ;
    %pushi/vec4 4, 0, 4;
    %store/vec4 v0x6329e9a81760_0, 0, 4;
    %jmp T_9.32;
T_9.28 ;
    %load/vec4 v0x6329e9a81a20_0;
    %parti/s 1, 5, 4;
    %flag_set/vec4 8;
    %jmp/0 T_9.33, 8;
    %pushi/vec4 7, 0, 4;
    %jmp/1 T_9.34, 8;
T_9.33 ; End of true expr.
    %pushi/vec4 6, 0, 4;
    %jmp/0 T_9.34, 8;
 ; End of false expr.
    %blend;
T_9.34;
    %store/vec4 v0x6329e9a81760_0, 0, 4;
    %jmp T_9.32;
T_9.29 ;
    %pushi/vec4 3, 0, 4;
    %store/vec4 v0x6329e9a81760_0, 0, 4;
    %jmp T_9.32;
T_9.30 ;
    %pushi/vec4 2, 0, 4;
    %store/vec4 v0x6329e9a81760_0, 0, 4;
    %jmp T_9.32;
T_9.32 ;
    %pop/vec4 1;
    %jmp T_9.10;
T_9.2 ;
    %pushi/vec4 1, 0, 1;
    %store/vec4 v0x6329e9a81fd0_0, 0, 1;
    %pushi/vec4 0, 0, 3;
    %store/vec4 v0x6329e9a81b10_0, 0, 3;
    %pushi/vec4 1, 0, 1;
    %store/vec4 v0x6329e9a81840_0, 0, 1;
    %pushi/vec4 1, 0, 1;
    %store/vec4 v0x6329e9a82090_0, 0, 1;
    %pushi/vec4 1, 0, 1;
    %store/vec4 v0x6329e9a81cb0_0, 0, 1;
    %pushi/vec4 1, 0, 1;
    %store/vec4 v0x6329e9a81d70_0, 0, 1;
    %pushi/vec4 0, 0, 4;
    %store/vec4 v0x6329e9a81760_0, 0, 4;
    %jmp T_9.10;
T_9.3 ;
    %pushi/vec4 1, 0, 3;
    %store/vec4 v0x6329e9a81b10_0, 0, 3;
    %pushi/vec4 1, 0, 1;
    %store/vec4 v0x6329e9a81840_0, 0, 1;
    %pushi/vec4 1, 0, 1;
    %store/vec4 v0x6329e9a81e30_0, 0, 1;
    %pushi/vec4 0, 0, 4;
    %store/vec4 v0x6329e9a81760_0, 0, 4;
    %jmp T_9.10;
T_9.4 ;
    %pushi/vec4 2, 0, 3;
    %store/vec4 v0x6329e9a81b10_0, 0, 3;
    %pushi/vec4 1, 0, 1;
    %store/vec4 v0x6329e9a818e0_0, 0, 1;
    %pushi/vec4 1, 0, 4;
    %store/vec4 v0x6329e9a81760_0, 0, 4;
    %jmp T_9.10;
T_9.5 ;
    %pushi/vec4 1, 0, 1;
    %store/vec4 v0x6329e9a81fd0_0, 0, 1;
    %pushi/vec4 4, 0, 3;
    %store/vec4 v0x6329e9a81b10_0, 0, 3;
    %pushi/vec4 1, 0, 1;
    %store/vec4 v0x6329e9a81bf0_0, 0, 1;
    %jmp T_9.10;
T_9.6 ;
    %pushi/vec4 1, 0, 1;
    %store/vec4 v0x6329e9a81fd0_0, 0, 1;
    %pushi/vec4 0, 0, 3;
    %store/vec4 v0x6329e9a81b10_0, 0, 3;
    %pushi/vec4 1, 0, 1;
    %store/vec4 v0x6329e9a81840_0, 0, 1;
    %pushi/vec4 1, 0, 1;
    %store/vec4 v0x6329e9a81bf0_0, 0, 1;
    %pushi/vec4 0, 0, 4;
    %store/vec4 v0x6329e9a81760_0, 0, 4;
    %jmp T_9.10;
T_9.7 ;
    %pushi/vec4 1, 0, 1;
    %store/vec4 v0x6329e9a81fd0_0, 0, 1;
    %pushi/vec4 3, 0, 3;
    %store/vec4 v0x6329e9a81b10_0, 0, 3;
    %pushi/vec4 1, 0, 1;
    %store/vec4 v0x6329e9a81840_0, 0, 1;
    %pushi/vec4 0, 0, 4;
    %store/vec4 v0x6329e9a81760_0, 0, 4;
    %jmp T_9.10;
T_9.8 ;
    %pushi/vec4 1, 0, 1;
    %store/vec4 v0x6329e9a81fd0_0, 0, 1;
    %pushi/vec4 3, 0, 3;
    %store/vec4 v0x6329e9a81b10_0, 0, 3;
    %pushi/vec4 1, 0, 1;
    %store/vec4 v0x6329e9a81840_0, 0, 1;
    %pushi/vec4 0, 0, 4;
    %store/vec4 v0x6329e9a81760_0, 0, 4;
    %jmp T_9.10;
T_9.10 ;
    %pop/vec4 1;
    %jmp T_9;
    .thread T_9, $push;
    .scope S_0x6329e9a80bb0;
T_10 ;
Ewait_3 .event/or E_0x6329e99fc230, E_0x0;
    %wait Ewait_3;
    %load/vec4 v0x6329e9a80ff0_0;
    %dup/vec4;
    %pushi/vec4 0, 0, 3;
    %cmp/u;
    %jmp/1 T_10.0, 6;
    %dup/vec4;
    %pushi/vec4 1, 0, 3;
    %cmp/u;
    %jmp/1 T_10.1, 6;
    %dup/vec4;
    %pushi/vec4 4, 0, 3;
    %cmp/u;
    %jmp/1 T_10.2, 6;
    %dup/vec4;
    %pushi/vec4 5, 0, 3;
    %cmp/u;
    %jmp/1 T_10.3, 6;
    %dup/vec4;
    %pushi/vec4 6, 0, 3;
    %cmp/u;
    %jmp/1 T_10.4, 6;
    %dup/vec4;
    %pushi/vec4 7, 0, 3;
    %cmp/u;
    %jmp/1 T_10.5, 6;
    %pushi/vec4 0, 0, 1;
    %store/vec4 v0x6329e9a80f30_0, 0, 1;
    %jmp T_10.7;
T_10.0 ;
    %load/vec4 v0x6329e9a81170_0;
    %load/vec4 v0x6329e9a812a0_0;
    %cmp/e;
    %flag_get/vec4 4;
    %store/vec4 v0x6329e9a80f30_0, 0, 1;
    %jmp T_10.7;
T_10.1 ;
    %load/vec4 v0x6329e9a81170_0;
    %load/vec4 v0x6329e9a812a0_0;
    %cmp/ne;
    %flag_get/vec4 4;
    %store/vec4 v0x6329e9a80f30_0, 0, 1;
    %jmp T_10.7;
T_10.2 ;
    %load/vec4 v0x6329e9a81170_0;
    %load/vec4 v0x6329e9a812a0_0;
    %cmp/s;
    %flag_get/vec4 5;
    %store/vec4 v0x6329e9a80f30_0, 0, 1;
    %jmp T_10.7;
T_10.3 ;
    %load/vec4 v0x6329e9a812a0_0;
    %load/vec4 v0x6329e9a81170_0;
    %cmp/s;
    %flag_get/vec4 4;
    %flag_get/vec4 5;
    %or;
    %store/vec4 v0x6329e9a80f30_0, 0, 1;
    %jmp T_10.7;
T_10.4 ;
    %load/vec4 v0x6329e9a81170_0;
    %load/vec4 v0x6329e9a812a0_0;
    %cmp/u;
    %flag_get/vec4 5;
    %store/vec4 v0x6329e9a80f30_0, 0, 1;
    %jmp T_10.7;
T_10.5 ;
    %load/vec4 v0x6329e9a812a0_0;
    %load/vec4 v0x6329e9a81170_0;
    %cmp/u;
    %flag_get/vec4 4;
    %flag_get/vec4 5;
    %or;
    %store/vec4 v0x6329e9a80f30_0, 0, 1;
    %jmp T_10.7;
T_10.7 ;
    %pop/vec4 1;
    %jmp T_10;
    .thread T_10, $push;
    .scope S_0x6329e9a41e80;
T_11 ;
Ewait_4 .event/or E_0x6329e9a007b0, E_0x0;
    %wait Ewait_4;
    %load/vec4 v0x6329e9a867d0_0;
    %flag_set/vec4 8;
    %jmp/0xz  T_11.0, 8;
    %load/vec4 v0x6329e9a86bb0_0;
    %cmpi/e 103, 0, 7;
    %flag_mov 8, 4;
    %jmp/0 T_11.2, 8;
    %load/vec4 v0x6329e9a866f0_0;
    %jmp/1 T_11.3, 8;
T_11.2 ; End of true expr.
    %load/vec4 v0x6329e9a87000_0;
    %jmp/0 T_11.3, 8;
 ; End of false expr.
    %blend;
T_11.3;
    %store/vec4 v0x6329e9a86d40_0, 0, 32;
    %jmp T_11.1;
T_11.0 ;
    %load/vec4 v0x6329e9a86f60_0;
    %flag_set/vec4 8;
    %jmp/0xz  T_11.4, 8;
    %load/vec4 v0x6329e9a87000_0;
    %store/vec4 v0x6329e9a86d40_0, 0, 32;
    %jmp T_11.5;
T_11.4 ;
    %load/vec4 v0x6329e9a86e80_0;
    %store/vec4 v0x6329e9a86d40_0, 0, 32;
T_11.5 ;
T_11.1 ;
    %jmp T_11;
    .thread T_11, $push;
    .scope S_0x6329e9a41e80;
T_12 ;
Ewait_5 .event/or E_0x6329e9a004f0, E_0x0;
    %wait Ewait_5;
    %load/vec4 v0x6329e9a86bb0_0;
    %cmpi/e 23, 0, 7;
    %jmp/0xz  T_12.0, 4;
    %load/vec4 v0x6329e9a86c50_0;
    %store/vec4 v0x6329e9a87890_0, 0, 32;
    %jmp T_12.1;
T_12.0 ;
    %load/vec4 v0x6329e9a86bb0_0;
    %cmpi/e 55, 0, 7;
    %jmp/0xz  T_12.2, 4;
    %pushi/vec4 0, 0, 32;
    %store/vec4 v0x6329e9a87890_0, 0, 32;
    %jmp T_12.3;
T_12.2 ;
    %load/vec4 v0x6329e9a87180_0;
    %store/vec4 v0x6329e9a87890_0, 0, 32;
T_12.3 ;
T_12.1 ;
    %jmp T_12;
    .thread T_12, $push;
    .scope S_0x6329e9a41e80;
T_13 ;
Ewait_6 .event/or E_0x6329e99c7640, E_0x0;
    %wait Ewait_6;
    %load/vec4 v0x6329e9a867d0_0;
    %flag_set/vec4 8;
    %jmp/0xz  T_13.0, 8;
    %load/vec4 v0x6329e9a86e80_0;
    %store/vec4 v0x6329e9a87580_0, 0, 32;
    %jmp T_13.1;
T_13.0 ;
    %load/vec4 v0x6329e9a87620_0;
    %flag_set/vec4 8;
    %jmp/0xz  T_13.2, 8;
    %load/vec4 v0x6329e9a87330_0;
    %store/vec4 v0x6329e9a87580_0, 0, 32;
    %jmp T_13.3;
T_13.2 ;
    %load/vec4 v0x6329e9a85e80_0;
    %store/vec4 v0x6329e9a87580_0, 0, 32;
T_13.3 ;
T_13.1 ;
    %jmp T_13;
    .thread T_13, $push;
    .scope S_0x6329e9a87b50;
T_14 ;
Ewait_7 .event/or E_0x6329e9a87dd0, E_0x0;
    %wait Ewait_7;
    %load/vec4 v0x6329e9a88040_0;
    %dup/vec4;
    %pushi/vec4 0, 0, 4;
    %cmp/u;
    %jmp/1 T_14.0, 6;
    %dup/vec4;
    %pushi/vec4 1, 0, 4;
    %cmp/u;
    %jmp/1 T_14.1, 6;
    %dup/vec4;
    %pushi/vec4 2, 0, 4;
    %cmp/u;
    %jmp/1 T_14.2, 6;
    %dup/vec4;
    %pushi/vec4 3, 0, 4;
    %cmp/u;
    %jmp/1 T_14.3, 6;
    %dup/vec4;
    %pushi/vec4 4, 0, 4;
    %cmp/u;
    %jmp/1 T_14.4, 6;
    %dup/vec4;
    %pushi/vec4 5, 0, 4;
    %cmp/u;
    %jmp/1 T_14.5, 6;
    %dup/vec4;
    %pushi/vec4 6, 0, 4;
    %cmp/u;
    %jmp/1 T_14.6, 6;
    %dup/vec4;
    %pushi/vec4 7, 0, 4;
    %cmp/u;
    %jmp/1 T_14.7, 6;
    %dup/vec4;
    %pushi/vec4 8, 0, 4;
    %cmp/u;
    %jmp/1 T_14.8, 6;
    %dup/vec4;
    %pushi/vec4 9, 0, 4;
    %cmp/u;
    %jmp/1 T_14.9, 6;
    %pushi/vec4 0, 0, 32;
    %store/vec4 v0x6329e9a88210_0, 0, 32;
    %jmp T_14.11;
T_14.0 ;
    %load/vec4 v0x6329e9a87f60_0;
    %load/vec4 v0x6329e9a88130_0;
    %add;
    %store/vec4 v0x6329e9a88210_0, 0, 32;
    %jmp T_14.11;
T_14.1 ;
    %load/vec4 v0x6329e9a87f60_0;
    %load/vec4 v0x6329e9a88130_0;
    %sub;
    %store/vec4 v0x6329e9a88210_0, 0, 32;
    %jmp T_14.11;
T_14.2 ;
    %load/vec4 v0x6329e9a87f60_0;
    %load/vec4 v0x6329e9a88130_0;
    %and;
    %store/vec4 v0x6329e9a88210_0, 0, 32;
    %jmp T_14.11;
T_14.3 ;
    %load/vec4 v0x6329e9a87f60_0;
    %load/vec4 v0x6329e9a88130_0;
    %or;
    %store/vec4 v0x6329e9a88210_0, 0, 32;
    %jmp T_14.11;
T_14.4 ;
    %load/vec4 v0x6329e9a87f60_0;
    %load/vec4 v0x6329e9a88130_0;
    %xor;
    %store/vec4 v0x6329e9a88210_0, 0, 32;
    %jmp T_14.11;
T_14.5 ;
    %load/vec4 v0x6329e9a87f60_0;
    %load/vec4 v0x6329e9a88130_0;
    %parti/s 5, 0, 2;
    %ix/vec4 4;
    %shiftl 4;
    %store/vec4 v0x6329e9a88210_0, 0, 32;
    %jmp T_14.11;
T_14.6 ;
    %load/vec4 v0x6329e9a87f60_0;
    %load/vec4 v0x6329e9a88130_0;
    %parti/s 5, 0, 2;
    %ix/vec4 4;
    %shiftr 4;
    %store/vec4 v0x6329e9a88210_0, 0, 32;
    %jmp T_14.11;
T_14.7 ;
    %load/vec4 v0x6329e9a87f60_0;
    %load/vec4 v0x6329e9a88130_0;
    %parti/s 5, 0, 2;
    %ix/vec4 4;
    %shiftr/s 4;
    %store/vec4 v0x6329e9a88210_0, 0, 32;
    %jmp T_14.11;
T_14.8 ;
    %pushi/vec4 0, 0, 31;
    %load/vec4 v0x6329e9a87f60_0;
    %load/vec4 v0x6329e9a88130_0;
    %cmp/s;
    %flag_get/vec4 5;
    %concat/vec4; draw_concat_vec4
    %store/vec4 v0x6329e9a88210_0, 0, 32;
    %jmp T_14.11;
T_14.9 ;
    %pushi/vec4 0, 0, 31;
    %load/vec4 v0x6329e9a87f60_0;
    %load/vec4 v0x6329e9a88130_0;
    %cmp/u;
    %flag_get/vec4 5;
    %concat/vec4; draw_concat_vec4
    %store/vec4 v0x6329e9a88210_0, 0, 32;
    %jmp T_14.11;
T_14.11 ;
    %pop/vec4 1;
    %jmp T_14;
    .thread T_14, $push;
    .scope S_0x6329e99fe740;
T_15 ;
    %pushi/vec4 0, 0, 32;
    %store/vec4 v0x6329e9a89110_0, 0, 32;
    %pushi/vec4 0, 0, 32;
    %store/vec4 v0x6329e9a88f20_0, 0, 32;
    %pushi/vec4 0, 0, 32;
    %store/vec4 v0x6329e9a88e80_0, 0, 32;
    %end;
    .thread T_15, $init;
    .scope S_0x6329e99fe740;
T_16 ;
    %vpi_call/w 12 52 "$display", "=== ALU Testbench Start ===" {0 0 0};
    %pushi/vec4 5, 0, 32;
    %store/vec4 v0x6329e9a886a0_0, 0, 32;
    %pushi/vec4 3, 0, 32;
    %store/vec4 v0x6329e9a88780_0, 0, 32;
    %pushi/vec4 0, 0, 4;
    %store/vec4 v0x6329e9a88860_0, 0, 4;
    %pushi/vec4 8, 0, 32;
    %store/vec4 v0x6329e9a889e0_0, 0, 32;
    %pushi/vec4 0, 0, 1;
    %store/vec4 v0x6329e9a88b10_0, 0, 1;
    %pushi/str "ADD";
    %store/str v0x6329e9a88920_0;
    %fork TD_tb_alu.run_test, S_0x6329e9a884a0;
    %join;
    %pushi/vec4 5, 0, 32;
    %store/vec4 v0x6329e9a886a0_0, 0, 32;
    %pushi/vec4 3, 0, 32;
    %store/vec4 v0x6329e9a88780_0, 0, 32;
    %pushi/vec4 1, 0, 4;
    %store/vec4 v0x6329e9a88860_0, 0, 4;
    %pushi/vec4 2, 0, 32;
    %store/vec4 v0x6329e9a889e0_0, 0, 32;
    %pushi/vec4 0, 0, 1;
    %store/vec4 v0x6329e9a88b10_0, 0, 1;
    %pushi/str "SUB";
    %store/str v0x6329e9a88920_0;
    %fork TD_tb_alu.run_test, S_0x6329e9a884a0;
    %join;
    %pushi/vec4 4042322160, 0, 32;
    %store/vec4 v0x6329e9a886a0_0, 0, 32;
    %pushi/vec4 252645135, 0, 32;
    %store/vec4 v0x6329e9a88780_0, 0, 32;
    %pushi/vec4 2, 0, 4;
    %store/vec4 v0x6329e9a88860_0, 0, 4;
    %pushi/vec4 0, 0, 32;
    %store/vec4 v0x6329e9a889e0_0, 0, 32;
    %pushi/vec4 1, 0, 1;
    %store/vec4 v0x6329e9a88b10_0, 0, 1;
    %pushi/str "AND";
    %store/str v0x6329e9a88920_0;
    %fork TD_tb_alu.run_test, S_0x6329e9a884a0;
    %join;
    %pushi/vec4 4042322160, 0, 32;
    %store/vec4 v0x6329e9a886a0_0, 0, 32;
    %pushi/vec4 252645135, 0, 32;
    %store/vec4 v0x6329e9a88780_0, 0, 32;
    %pushi/vec4 3, 0, 4;
    %store/vec4 v0x6329e9a88860_0, 0, 4;
    %pushi/vec4 4294967295, 0, 32;
    %store/vec4 v0x6329e9a889e0_0, 0, 32;
    %pushi/vec4 0, 0, 1;
    %store/vec4 v0x6329e9a88b10_0, 0, 1;
    %pushi/str "OR";
    %store/str v0x6329e9a88920_0;
    %fork TD_tb_alu.run_test, S_0x6329e9a884a0;
    %join;
    %pushi/vec4 4042322160, 0, 32;
    %store/vec4 v0x6329e9a886a0_0, 0, 32;
    %pushi/vec4 252645135, 0, 32;
    %store/vec4 v0x6329e9a88780_0, 0, 32;
    %pushi/vec4 4, 0, 4;
    %store/vec4 v0x6329e9a88860_0, 0, 4;
    %pushi/vec4 4294967295, 0, 32;
    %store/vec4 v0x6329e9a889e0_0, 0, 32;
    %pushi/vec4 0, 0, 1;
    %store/vec4 v0x6329e9a88b10_0, 0, 1;
    %pushi/str "XOR";
    %store/str v0x6329e9a88920_0;
    %fork TD_tb_alu.run_test, S_0x6329e9a884a0;
    %join;
    %pushi/vec4 1, 0, 32;
    %store/vec4 v0x6329e9a886a0_0, 0, 32;
    %pushi/vec4 4, 0, 32;
    %store/vec4 v0x6329e9a88780_0, 0, 32;
    %pushi/vec4 5, 0, 4;
    %store/vec4 v0x6329e9a88860_0, 0, 4;
    %pushi/vec4 16, 0, 32;
    %store/vec4 v0x6329e9a889e0_0, 0, 32;
    %pushi/vec4 0, 0, 1;
    %store/vec4 v0x6329e9a88b10_0, 0, 1;
    %pushi/str "SLL";
    %store/str v0x6329e9a88920_0;
    %fork TD_tb_alu.run_test, S_0x6329e9a884a0;
    %join;
    %pushi/vec4 2147483648, 0, 32;
    %store/vec4 v0x6329e9a886a0_0, 0, 32;
    %pushi/vec4 4, 0, 32;
    %store/vec4 v0x6329e9a88780_0, 0, 32;
    %pushi/vec4 6, 0, 4;
    %store/vec4 v0x6329e9a88860_0, 0, 4;
    %pushi/vec4 134217728, 0, 32;
    %store/vec4 v0x6329e9a889e0_0, 0, 32;
    %pushi/vec4 0, 0, 1;
    %store/vec4 v0x6329e9a88b10_0, 0, 1;
    %pushi/str "SRL";
    %store/str v0x6329e9a88920_0;
    %fork TD_tb_alu.run_test, S_0x6329e9a884a0;
    %join;
    %pushi/vec4 2147483648, 0, 32;
    %store/vec4 v0x6329e9a886a0_0, 0, 32;
    %pushi/vec4 4, 0, 32;
    %store/vec4 v0x6329e9a88780_0, 0, 32;
    %pushi/vec4 7, 0, 4;
    %store/vec4 v0x6329e9a88860_0, 0, 4;
    %pushi/vec4 4160749568, 0, 32;
    %store/vec4 v0x6329e9a889e0_0, 0, 32;
    %pushi/vec4 0, 0, 1;
    %store/vec4 v0x6329e9a88b10_0, 0, 1;
    %pushi/str "SRA";
    %store/str v0x6329e9a88920_0;
    %fork TD_tb_alu.run_test, S_0x6329e9a884a0;
    %join;
    %pushi/vec4 4294967295, 0, 32;
    %store/vec4 v0x6329e9a886a0_0, 0, 32;
    %pushi/vec4 1, 0, 32;
    %store/vec4 v0x6329e9a88780_0, 0, 32;
    %pushi/vec4 8, 0, 4;
    %store/vec4 v0x6329e9a88860_0, 0, 4;
    %pushi/vec4 1, 0, 32;
    %store/vec4 v0x6329e9a889e0_0, 0, 32;
    %pushi/vec4 0, 0, 1;
    %store/vec4 v0x6329e9a88b10_0, 0, 1;
    %pushi/str "SLT (signed -1 < 1)";
    %store/str v0x6329e9a88920_0;
    %fork TD_tb_alu.run_test, S_0x6329e9a884a0;
    %join;
    %pushi/vec4 4294967295, 0, 32;
    %store/vec4 v0x6329e9a886a0_0, 0, 32;
    %pushi/vec4 1, 0, 32;
    %store/vec4 v0x6329e9a88780_0, 0, 32;
    %pushi/vec4 9, 0, 4;
    %store/vec4 v0x6329e9a88860_0, 0, 4;
    %pushi/vec4 0, 0, 32;
    %store/vec4 v0x6329e9a889e0_0, 0, 32;
    %pushi/vec4 1, 0, 1;
    %store/vec4 v0x6329e9a88b10_0, 0, 1;
    %pushi/str "SLTU (unsigned)";
    %store/str v0x6329e9a88920_0;
    %fork TD_tb_alu.run_test, S_0x6329e9a884a0;
    %join;
    %pushi/vec4 0, 0, 32;
    %store/vec4 v0x6329e9a886a0_0, 0, 32;
    %pushi/vec4 0, 0, 32;
    %store/vec4 v0x6329e9a88780_0, 0, 32;
    %pushi/vec4 0, 0, 4;
    %store/vec4 v0x6329e9a88860_0, 0, 4;
    %pushi/vec4 0, 0, 32;
    %store/vec4 v0x6329e9a889e0_0, 0, 32;
    %pushi/vec4 1, 0, 1;
    %store/vec4 v0x6329e9a88b10_0, 0, 1;
    %pushi/str "ADD (zero result)";
    %store/str v0x6329e9a88920_0;
    %fork TD_tb_alu.run_test, S_0x6329e9a884a0;
    %join;
    %vpi_call/w 12 65 "$display", "=== ALU Testbench Summary ===" {0 0 0};
    %vpi_call/w 12 66 "$display", "Total tests: %0d", v0x6329e9a89110_0 {0 0 0};
    %vpi_call/w 12 67 "$display", "Passed     : %0d", v0x6329e9a88f20_0 {0 0 0};
    %vpi_call/w 12 68 "$display", "Failed     : %0d", v0x6329e9a88e80_0 {0 0 0};
    %load/vec4 v0x6329e9a88e80_0;
    %cmpi/e 0, 0, 32;
    %jmp/0xz  T_16.0, 4;
    %vpi_call/w 12 70 "$display", "\342\234\205 All ALU tests passed." {0 0 0};
    %jmp T_16.1;
T_16.0 ;
    %vpi_call/w 12 72 "$display", "\342\235\214 Some ALU tests failed. Review results above." {0 0 0};
T_16.1 ;
    %vpi_call/w 12 73 "$finish" {0 0 0};
    %end;
    .thread T_16;
# The file index is used to find the file name in the following table.
:file_names 13;
    "N/A";
    "<interactive>";
    "-";
    "rtl/processor.sv";
    "rtl/alu.sv";
    "rtl/branch_unit.sv";
    "rtl/controller.sv";
    "rtl/data_mem.sv";
    "rtl/imm_gen.sv";
    "rtl/inst_mem.sv";
    "rtl/pc.sv";
    "rtl/reg_file.sv";
    "verif/tb_alu.sv";
