#! /usr/bin/vvp
:ivl_version "11.0 (stable)";
:ivl_delay_selection "TYPICAL";
:vpi_time_precision + 0;
:vpi_module "/usr/lib/x86_64-linux-gnu/ivl/system.vpi";
:vpi_module "/usr/lib/x86_64-linux-gnu/ivl/vhdl_sys.vpi";
:vpi_module "/usr/lib/x86_64-linux-gnu/ivl/vhdl_textio.vpi";
:vpi_module "/usr/lib/x86_64-linux-gnu/ivl/v2005_math.vpi";
:vpi_module "/usr/lib/x86_64-linux-gnu/ivl/va_math.vpi";
:vpi_module "/usr/lib/x86_64-linux-gnu/ivl/v2009.vpi";
S_0x643ed4fd8b70 .scope package, "$unit" "$unit" 2 1;
 .timescale 0 0;
S_0x643ed4fd87a0 .scope module, "riscv_processor" "riscv_processor" 3 10;
 .timescale 0 0;
    .port_info 0 /INPUT 1 "clk";
    .port_info 1 /INPUT 1 "reset";
    .port_info 2 /OUTPUT 32 "pc_out";
    .port_info 3 /OUTPUT 32 "instruction_out";
L_0x7c67ab336060 .functor BUFT 1, C4<11111111111111111111111111111110>, C4<0>, C4<0>, C4<0>;
L_0x643ed502e950 .functor AND 32, L_0x643ed502eb00, L_0x7c67ab336060, C4<11111111111111111111111111111111>, C4<11111111111111111111111111111111>;
L_0x643ed502eeb0 .functor BUFZ 32, v0x643ed5019250_0, C4<00000000000000000000000000000000>, C4<00000000000000000000000000000000>, C4<00000000000000000000000000000000>;
L_0x643ed502ef20 .functor BUFZ 32, L_0x643ed502f0d0, C4<00000000000000000000000000000000>, C4<00000000000000000000000000000000>, C4<00000000000000000000000000000000>;
L_0x7c67ab336018 .functor BUFT 1, C4<00000000000000000000000000000100>, C4<0>, C4<0>, C4<0>;
v0x643ed501add0_0 .net/2u *"_ivl_12", 31 0, L_0x7c67ab336018;  1 drivers
v0x643ed501aed0_0 .net *"_ivl_18", 31 0, L_0x643ed502eb00;  1 drivers
v0x643ed501afb0_0 .net/2u *"_ivl_20", 31 0, L_0x7c67ab336060;  1 drivers
v0x643ed501b070_0 .net "alu_control", 3 0, v0x643ed50169a0_0;  1 drivers
v0x643ed501b130_0 .net "alu_result", 31 0, v0x643ed5015be0_0;  1 drivers
v0x643ed501b290_0 .net "alu_src", 0 0, v0x643ed5016a80_0;  1 drivers
v0x643ed501b330_0 .net "branch", 0 0, v0x643ed5016b20_0;  1 drivers
o0x7c67ab37f8e8 .functor BUFZ 1, C4<z>; HiZ drive
v0x643ed501b420_0 .net "clk", 0 0, o0x7c67ab37f8e8;  0 drivers
v0x643ed501b4c0_0 .net "funct3", 2 0, L_0x643ed501e510;  1 drivers
v0x643ed501b560_0 .net "funct7", 6 0, L_0x643ed501e770;  1 drivers
v0x643ed501b620_0 .net "imm_ext", 31 0, v0x643ed5018440_0;  1 drivers
v0x643ed501b6c0_0 .net "imm_src", 2 0, v0x643ed5016d50_0;  1 drivers
v0x643ed501b7b0_0 .net "instruction", 31 0, L_0x643ed502f0d0;  1 drivers
v0x643ed501b8c0_0 .net "instruction_out", 31 0, L_0x643ed502ef20;  1 drivers
v0x643ed501b9a0_0 .net "jalr_target", 31 0, L_0x643ed502e950;  1 drivers
v0x643ed501ba80_0 .net "jump", 0 0, v0x643ed5016e30_0;  1 drivers
v0x643ed501bb20_0 .net "mem_read", 0 0, v0x643ed5016ef0_0;  1 drivers
v0x643ed501bbc0_0 .net "mem_to_reg", 0 0, v0x643ed5016fb0_0;  1 drivers
v0x643ed501bc60_0 .net "mem_write", 0 0, v0x643ed5017070_0;  1 drivers
v0x643ed501bd50_0 .net "opcode", 6 0, L_0x643ed501e310;  1 drivers
v0x643ed501bdf0_0 .net "pc", 31 0, v0x643ed5019250_0;  1 drivers
v0x643ed501bee0_0 .var "pc_next", 31 0;
v0x643ed501bf80_0 .net "pc_out", 31 0, L_0x643ed502eeb0;  1 drivers
v0x643ed501c020_0 .net "pc_plus4", 31 0, L_0x643ed502e8b0;  1 drivers
v0x643ed501c100_0 .net "pc_src", 0 0, L_0x643ed5030090;  1 drivers
v0x643ed501c1a0_0 .net "pc_target", 31 0, L_0x643ed502ea10;  1 drivers
v0x643ed501c260_0 .net "rd", 4 0, L_0x643ed501e420;  1 drivers
v0x643ed501c320_0 .net "rd1", 31 0, L_0x643ed502f500;  1 drivers
v0x643ed501c410_0 .net "rd2", 31 0, L_0x643ed502fa50;  1 drivers
v0x643ed501c4d0_0 .net "read_data", 31 0, L_0x643ed502ffd0;  1 drivers
v0x643ed501c590_0 .net "reg_write", 0 0, v0x643ed5017210_0;  1 drivers
o0x7c67ab37f978 .functor BUFZ 1, C4<z>; HiZ drive
v0x643ed501c680_0 .net "reset", 0 0, o0x7c67ab37f978;  0 drivers
v0x643ed501c720_0 .var "result", 31 0;
v0x643ed501c7c0_0 .net "result_src", 0 0, v0x643ed50172d0_0;  1 drivers
v0x643ed501c890_0 .net "rs1", 4 0, L_0x643ed501e5b0;  1 drivers
v0x643ed501c960_0 .net "rs2", 4 0, L_0x643ed501e680;  1 drivers
v0x643ed501ca30_0 .var "src_a", 31 0;
v0x643ed501cb00_0 .net "src_b", 31 0, L_0x643ed502ec40;  1 drivers
v0x643ed501cbd0_0 .net "zero", 0 0, L_0x643ed502fcc0;  1 drivers
E_0x643ed4f98070/0 .event edge, v0x643ed5016e30_0, v0x643ed501c020_0, v0x643ed50172d0_0, v0x643ed5017d20_0;
E_0x643ed4f98070/1 .event edge, v0x643ed5015be0_0;
E_0x643ed4f98070 .event/or E_0x643ed4f98070/0, E_0x643ed4f98070/1;
E_0x643ed4f5f640 .event edge, v0x643ed5017130_0, v0x643ed5018b10_0, v0x643ed50163b0_0;
E_0x643ed4f984f0/0 .event edge, v0x643ed5016e30_0, v0x643ed5017130_0, v0x643ed501b9a0_0, v0x643ed501c1a0_0;
E_0x643ed4f984f0/1 .event edge, v0x643ed50162f0_0, v0x643ed501c020_0;
E_0x643ed4f984f0 .event/or E_0x643ed4f984f0/0, E_0x643ed4f984f0/1;
L_0x643ed501e310 .part L_0x643ed502f0d0, 0, 7;
L_0x643ed501e420 .part L_0x643ed502f0d0, 7, 5;
L_0x643ed501e510 .part L_0x643ed502f0d0, 12, 3;
L_0x643ed501e5b0 .part L_0x643ed502f0d0, 15, 5;
L_0x643ed501e680 .part L_0x643ed502f0d0, 20, 5;
L_0x643ed501e770 .part L_0x643ed502f0d0, 25, 7;
L_0x643ed502e8b0 .arith/sum 32, v0x643ed5019250_0, L_0x7c67ab336018;
L_0x643ed502ea10 .arith/sum 32, v0x643ed5019250_0, v0x643ed5018440_0;
L_0x643ed502eb00 .arith/sum 32, L_0x643ed502f500, v0x643ed5018440_0;
L_0x643ed502ec40 .functor MUXZ 32, L_0x643ed502fa50, v0x643ed5018440_0, v0x643ed5016a80_0, C4<>;
S_0x643ed4f95380 .scope module, "alu_inst" "alu" 3 120, 4 10 0, S_0x643ed4fd87a0;
 .timescale 0 0;
    .port_info 0 /INPUT 32 "a";
    .port_info 1 /INPUT 32 "b";
    .port_info 2 /INPUT 4 "alu_control";
    .port_info 3 /OUTPUT 32 "result";
    .port_info 4 /OUTPUT 1 "zero";
L_0x7c67ab336258 .functor BUFT 1, C4<00000000000000000000000000000000>, C4<0>, C4<0>, C4<0>;
v0x643ed4fb6ba0_0 .net/2u *"_ivl_0", 31 0, L_0x7c67ab336258;  1 drivers
v0x643ed4fe0190_0 .net "a", 31 0, v0x643ed501ca30_0;  1 drivers
v0x643ed5015a40_0 .net "alu_control", 3 0, v0x643ed50169a0_0;  alias, 1 drivers
v0x643ed5015b00_0 .net "b", 31 0, L_0x643ed502ec40;  alias, 1 drivers
v0x643ed5015be0_0 .var "result", 31 0;
v0x643ed5015d10_0 .net "zero", 0 0, L_0x643ed502fcc0;  alias, 1 drivers
E_0x643ed4f942c0 .event edge, v0x643ed5015a40_0, v0x643ed4fe0190_0, v0x643ed5015b00_0, v0x643ed5015b00_0;
L_0x643ed502fcc0 .cmp/eq 32, v0x643ed5015be0_0, L_0x7c67ab336258;
S_0x643ed5015e70 .scope module, "branch_unit_inst" "branch_unit" 3 153, 5 13 0, S_0x643ed4fd87a0;
 .timescale 0 0;
    .port_info 0 /INPUT 32 "rd1";
    .port_info 1 /INPUT 32 "rd2";
    .port_info 2 /INPUT 3 "funct3";
    .port_info 3 /INPUT 1 "branch";
    .port_info 4 /OUTPUT 1 "pc_src";
L_0x643ed5030090 .functor AND 1, v0x643ed5016b20_0, v0x643ed5016170_0, C4<1>, C4<1>;
v0x643ed5016090_0 .net "branch", 0 0, v0x643ed5016b20_0;  alias, 1 drivers
v0x643ed5016170_0 .var "branch_condition", 0 0;
v0x643ed5016230_0 .net "funct3", 2 0, L_0x643ed501e510;  alias, 1 drivers
v0x643ed50162f0_0 .net "pc_src", 0 0, L_0x643ed5030090;  alias, 1 drivers
v0x643ed50163b0_0 .net "rd1", 31 0, L_0x643ed502f500;  alias, 1 drivers
v0x643ed50164e0_0 .net "rd2", 31 0, L_0x643ed502fa50;  alias, 1 drivers
E_0x643ed4ff1520 .event edge, v0x643ed5016230_0, v0x643ed50163b0_0, v0x643ed50164e0_0;
S_0x643ed5016660 .scope module, "control_unit" "control" 3 137, 6 13 0, S_0x643ed4fd87a0;
 .timescale 0 0;
    .port_info 0 /INPUT 7 "opcode";
    .port_info 1 /INPUT 3 "funct3";
    .port_info 2 /INPUT 7 "funct7";
    .port_info 3 /OUTPUT 1 "reg_write";
    .port_info 4 /OUTPUT 3 "imm_src";
    .port_info 5 /OUTPUT 1 "alu_src";
    .port_info 6 /OUTPUT 1 "mem_write";
    .port_info 7 /OUTPUT 1 "result_src";
    .port_info 8 /OUTPUT 1 "branch";
    .port_info 9 /OUTPUT 1 "mem_read";
    .port_info 10 /OUTPUT 1 "mem_to_reg";
    .port_info 11 /OUTPUT 1 "jump";
    .port_info 12 /OUTPUT 4 "alu_control";
v0x643ed50169a0_0 .var "alu_control", 3 0;
v0x643ed5016a80_0 .var "alu_src", 0 0;
v0x643ed5016b20_0 .var "branch", 0 0;
v0x643ed5016bc0_0 .net "funct3", 2 0, L_0x643ed501e510;  alias, 1 drivers
v0x643ed5016c60_0 .net "funct7", 6 0, L_0x643ed501e770;  alias, 1 drivers
v0x643ed5016d50_0 .var "imm_src", 2 0;
v0x643ed5016e30_0 .var "jump", 0 0;
v0x643ed5016ef0_0 .var "mem_read", 0 0;
v0x643ed5016fb0_0 .var "mem_to_reg", 0 0;
v0x643ed5017070_0 .var "mem_write", 0 0;
v0x643ed5017130_0 .net "opcode", 6 0, L_0x643ed501e310;  alias, 1 drivers
v0x643ed5017210_0 .var "reg_write", 0 0;
v0x643ed50172d0_0 .var "result_src", 0 0;
E_0x643ed4fc4b60 .event edge, v0x643ed5017130_0, v0x643ed5016230_0, v0x643ed5016c60_0;
S_0x643ed50175a0 .scope module, "data_memory" "dmem" 3 128, 7 9 0, S_0x643ed4fd87a0;
 .timescale 0 0;
    .port_info 0 /INPUT 1 "clk";
    .port_info 1 /INPUT 1 "we";
    .port_info 2 /INPUT 1 "reset";
    .port_info 3 /INPUT 32 "addr";
    .port_info 4 /INPUT 32 "wdata";
    .port_info 5 /OUTPUT 32 "rdata";
L_0x643ed502ffd0 .functor BUFZ 32, L_0x643ed502fdb0, C4<00000000000000000000000000000000>, C4<00000000000000000000000000000000>, C4<00000000000000000000000000000000>;
v0x643ed5017810_0 .net *"_ivl_0", 31 0, L_0x643ed502fdb0;  1 drivers
v0x643ed5017910_0 .net *"_ivl_3", 29 0, L_0x643ed502fe50;  1 drivers
v0x643ed50179f0_0 .net "addr", 31 0, v0x643ed5015be0_0;  alias, 1 drivers
v0x643ed5017a90_0 .net "clk", 0 0, o0x7c67ab37f8e8;  alias, 0 drivers
v0x643ed5017b30_0 .var/i "i", 31 0;
v0x643ed5017c60 .array "mem", 1023 0, 31 0;
v0x643ed5017d20_0 .net "rdata", 31 0, L_0x643ed502ffd0;  alias, 1 drivers
v0x643ed5017e00_0 .net "reset", 0 0, o0x7c67ab37f978;  alias, 0 drivers
v0x643ed5017ec0_0 .net "wdata", 31 0, L_0x643ed502fa50;  alias, 1 drivers
v0x643ed5018010_0 .net "we", 0 0, v0x643ed5017070_0;  alias, 1 drivers
E_0x643ed4f987b0 .event posedge, v0x643ed5017a90_0;
L_0x643ed502fdb0 .array/port v0x643ed5017c60, L_0x643ed502fe50;
L_0x643ed502fe50 .part v0x643ed5015be0_0, 2, 30;
S_0x643ed5018160 .scope module, "imm_gen_inst" "immgen" 3 114, 8 9 0, S_0x643ed4fd87a0;
 .timescale 0 0;
    .port_info 0 /INPUT 32 "instruction";
    .port_info 1 /INPUT 3 "imm_src";
    .port_info 2 /OUTPUT 32 "imm_ext";
v0x643ed5018440_0 .var "imm_ext", 31 0;
v0x643ed5018540_0 .net "imm_src", 2 0, v0x643ed5016d50_0;  alias, 1 drivers
v0x643ed5018600_0 .net "instruction", 31 0, L_0x643ed502f0d0;  alias, 1 drivers
E_0x643ed4fedb40/0 .event edge, v0x643ed5016d50_0, v0x643ed5018600_0, v0x643ed5018600_0, v0x643ed5018600_0;
E_0x643ed4fedb40/1 .event edge, v0x643ed5018600_0, v0x643ed5018600_0, v0x643ed5018600_0, v0x643ed5018600_0;
E_0x643ed4fedb40/2 .event edge, v0x643ed5018600_0, v0x643ed5018600_0, v0x643ed5018600_0, v0x643ed5018600_0;
E_0x643ed4fedb40 .event/or E_0x643ed4fedb40/0, E_0x643ed4fedb40/1, E_0x643ed4fedb40/2;
S_0x643ed5018750 .scope module, "instruction_memory" "imem" 3 97, 9 9 0, S_0x643ed4fd87a0;
 .timescale 0 0;
    .port_info 0 /INPUT 32 "addr";
    .port_info 1 /OUTPUT 32 "instruction";
L_0x643ed502f0d0 .functor BUFZ 32, L_0x643ed502ef90, C4<00000000000000000000000000000000>, C4<00000000000000000000000000000000>, C4<00000000000000000000000000000000>;
v0x643ed5018930_0 .net *"_ivl_0", 31 0, L_0x643ed502ef90;  1 drivers
v0x643ed5018a30_0 .net *"_ivl_3", 29 0, L_0x643ed502f030;  1 drivers
v0x643ed5018b10_0 .net "addr", 31 0, v0x643ed5019250_0;  alias, 1 drivers
v0x643ed5018c00_0 .var/i "i", 31 0;
v0x643ed5018ce0_0 .net "instruction", 31 0, L_0x643ed502f0d0;  alias, 1 drivers
v0x643ed5018df0 .array "mem", 1023 0, 31 0;
L_0x643ed502ef90 .array/port v0x643ed5018df0, L_0x643ed502f030;
L_0x643ed502f030 .part v0x643ed5019250_0, 2, 30;
S_0x643ed5018ef0 .scope module, "pc_reg" "pc" 3 90, 10 9 0, S_0x643ed4fd87a0;
 .timescale 0 0;
    .port_info 0 /INPUT 1 "clk";
    .port_info 1 /INPUT 1 "reset";
    .port_info 2 /INPUT 32 "pc_next";
    .port_info 3 /OUTPUT 32 "pc";
v0x643ed5019160_0 .net "clk", 0 0, o0x7c67ab37f8e8;  alias, 0 drivers
v0x643ed5019250_0 .var "pc", 31 0;
v0x643ed5019320_0 .net "pc_next", 31 0, v0x643ed501bee0_0;  1 drivers
v0x643ed50193f0_0 .net "reset", 0 0, o0x7c67ab37f978;  alias, 0 drivers
E_0x643ed5019100 .event posedge, v0x643ed5017e00_0, v0x643ed5017a90_0;
S_0x643ed5019550 .scope module, "reg_file_inst" "register_file" 3 102, 11 10 0, S_0x643ed4fd87a0;
 .timescale 0 0;
    .port_info 0 /INPUT 1 "clk";
    .port_info 1 /INPUT 1 "we";
    .port_info 2 /INPUT 1 "reset";
    .port_info 3 /INPUT 5 "ra1";
    .port_info 4 /INPUT 5 "ra2";
    .port_info 5 /INPUT 5 "wa";
    .port_info 6 /INPUT 32 "wd";
    .port_info 7 /OUTPUT 32 "rd1";
    .port_info 8 /OUTPUT 32 "rd2";
L_0x7c67ab3360a8 .functor BUFT 1, C4<00000>, C4<0>, C4<0>, C4<0>;
v0x643ed5019860_0 .net/2u *"_ivl_0", 4 0, L_0x7c67ab3360a8;  1 drivers
L_0x7c67ab336138 .functor BUFT 1, C4<00>, C4<0>, C4<0>, C4<0>;
v0x643ed5019960_0 .net *"_ivl_11", 1 0, L_0x7c67ab336138;  1 drivers
L_0x7c67ab336180 .functor BUFT 1, C4<00000>, C4<0>, C4<0>, C4<0>;
v0x643ed5019a40_0 .net/2u *"_ivl_14", 4 0, L_0x7c67ab336180;  1 drivers
v0x643ed5019b00_0 .net *"_ivl_16", 0 0, L_0x643ed502f700;  1 drivers
L_0x7c67ab3361c8 .functor BUFT 1, C4<00000000000000000000000000000000>, C4<0>, C4<0>, C4<0>;
v0x643ed5019bc0_0 .net/2u *"_ivl_18", 31 0, L_0x7c67ab3361c8;  1 drivers
v0x643ed5019cf0_0 .net *"_ivl_2", 0 0, L_0x643ed502f140;  1 drivers
v0x643ed5019db0_0 .net *"_ivl_20", 31 0, L_0x643ed502f7f0;  1 drivers
v0x643ed5019e90_0 .net *"_ivl_22", 6 0, L_0x643ed502f8d0;  1 drivers
L_0x7c67ab336210 .functor BUFT 1, C4<00>, C4<0>, C4<0>, C4<0>;
v0x643ed5019f70_0 .net *"_ivl_25", 1 0, L_0x7c67ab336210;  1 drivers
L_0x7c67ab3360f0 .functor BUFT 1, C4<00000000000000000000000000000000>, C4<0>, C4<0>, C4<0>;
v0x643ed501a0e0_0 .net/2u *"_ivl_4", 31 0, L_0x7c67ab3360f0;  1 drivers
v0x643ed501a1c0_0 .net *"_ivl_6", 31 0, L_0x643ed502f230;  1 drivers
v0x643ed501a2a0_0 .net *"_ivl_8", 6 0, L_0x643ed502f330;  1 drivers
v0x643ed501a380_0 .net "clk", 0 0, o0x7c67ab37f8e8;  alias, 0 drivers
v0x643ed501a420_0 .var/i "i", 31 0;
v0x643ed501a500_0 .net "ra1", 4 0, L_0x643ed501e5b0;  alias, 1 drivers
v0x643ed501a5e0_0 .net "ra2", 4 0, L_0x643ed501e680;  alias, 1 drivers
v0x643ed501a6c0_0 .net "rd1", 31 0, L_0x643ed502f500;  alias, 1 drivers
v0x643ed501a780_0 .net "rd2", 31 0, L_0x643ed502fa50;  alias, 1 drivers
v0x643ed501a870 .array "registers", 31 0, 31 0;
v0x643ed501a930_0 .net "reset", 0 0, o0x7c67ab37f978;  alias, 0 drivers
v0x643ed501aa20_0 .net "wa", 4 0, L_0x643ed501e420;  alias, 1 drivers
v0x643ed501ab00_0 .net "wd", 31 0, v0x643ed501c720_0;  1 drivers
v0x643ed501abe0_0 .net "we", 0 0, v0x643ed5017210_0;  alias, 1 drivers
L_0x643ed502f140 .cmp/eq 5, L_0x643ed501e5b0, L_0x7c67ab3360a8;
L_0x643ed502f230 .array/port v0x643ed501a870, L_0x643ed502f330;
L_0x643ed502f330 .concat [ 5 2 0 0], L_0x643ed501e5b0, L_0x7c67ab336138;
L_0x643ed502f500 .functor MUXZ 32, L_0x643ed502f230, L_0x7c67ab3360f0, L_0x643ed502f140, C4<>;
L_0x643ed502f700 .cmp/eq 5, L_0x643ed501e680, L_0x7c67ab336180;
L_0x643ed502f7f0 .array/port v0x643ed501a870, L_0x643ed502f8d0;
L_0x643ed502f8d0 .concat [ 5 2 0 0], L_0x643ed501e680, L_0x7c67ab336210;
L_0x643ed502fa50 .functor MUXZ 32, L_0x643ed502f7f0, L_0x7c67ab3361c8, L_0x643ed502f700, C4<>;
S_0x643ed4f967d0 .scope module, "tb_branch_unit" "tb_branch_unit" 12 9;
 .timescale 0 0;
v0x643ed501dc80_0 .var "branch", 0 0;
v0x643ed501dd40_0 .var/2s "failed", 31 0;
v0x643ed501de00_0 .var "funct3", 2 0;
v0x643ed501df00_0 .var/2s "passed", 31 0;
v0x643ed501dfc0_0 .net "pc_src", 0 0, L_0x643ed5030150;  1 drivers
v0x643ed501e0b0_0 .var "rd1", 31 0;
v0x643ed501e180_0 .var "rd2", 31 0;
v0x643ed501e250_0 .var/2s "total", 31 0;
S_0x643ed501ccf0 .scope module, "dut" "branch_unit" 12 21, 5 13 0, S_0x643ed4f967d0;
 .timescale 0 0;
    .port_info 0 /INPUT 32 "rd1";
    .port_info 1 /INPUT 32 "rd2";
    .port_info 2 /INPUT 3 "funct3";
    .port_info 3 /INPUT 1 "branch";
    .port_info 4 /OUTPUT 1 "pc_src";
L_0x643ed5030150 .functor AND 1, v0x643ed501dc80_0, v0x643ed501d050_0, C4<1>, C4<1>;
v0x643ed501cf70_0 .net "branch", 0 0, v0x643ed501dc80_0;  1 drivers
v0x643ed501d050_0 .var "branch_condition", 0 0;
v0x643ed501d110_0 .net "funct3", 2 0, v0x643ed501de00_0;  1 drivers
v0x643ed501d200_0 .net "pc_src", 0 0, L_0x643ed5030150;  alias, 1 drivers
v0x643ed501d2c0_0 .net "rd1", 31 0, v0x643ed501e0b0_0;  1 drivers
v0x643ed501d3f0_0 .net "rd2", 31 0, v0x643ed501e180_0;  1 drivers
E_0x643ed501cef0 .event edge, v0x643ed501d110_0, v0x643ed501d2c0_0, v0x643ed501d3f0_0;
S_0x643ed501d570 .scope task, "run_test" "run_test" 12 29, 12 29 0, S_0x643ed4f967d0;
 .timescale 0 0;
v0x643ed501d770_0 .var "br", 0 0;
v0x643ed501d830_0 .var/str "description";
v0x643ed501d8f0_0 .var "expected", 0 0;
v0x643ed501d990_0 .var "f3", 2 0;
v0x643ed501da70_0 .var "r1", 31 0;
v0x643ed501dba0_0 .var "r2", 31 0;
TD_tb_branch_unit.run_test ;
    %load/vec4 v0x643ed501da70_0;
    %store/vec4 v0x643ed501e0b0_0, 0, 32;
    %load/vec4 v0x643ed501dba0_0;
    %store/vec4 v0x643ed501e180_0, 0, 32;
    %load/vec4 v0x643ed501d990_0;
    %store/vec4 v0x643ed501de00_0, 0, 3;
    %load/vec4 v0x643ed501d770_0;
    %store/vec4 v0x643ed501dc80_0, 0, 1;
    %delay 1, 0;
    ; show_stmt_assign_vector: Get l-value for compressed += operand
    %load/vec4 v0x643ed501e250_0;
    %pushi/vec4 1, 0, 32;
    %add;
    %cast2;
    %store/vec4 v0x643ed501e250_0, 0, 32;
    %load/vec4 v0x643ed501dfc0_0;
    %load/vec4 v0x643ed501d8f0_0;
    %cmp/e;
    %jmp/0xz  T_0.0, 6;
    ; show_stmt_assign_vector: Get l-value for compressed += operand
    %load/vec4 v0x643ed501df00_0;
    %pushi/vec4 1, 0, 32;
    %add;
    %cast2;
    %store/vec4 v0x643ed501df00_0, 0, 32;
    %vpi_call/w 12 46 "$display", "[PASS] %s | pc_src = %b as expected", v0x643ed501d830_0, v0x643ed501dfc0_0 {0 0 0};
    %jmp T_0.1;
T_0.0 ;
    ; show_stmt_assign_vector: Get l-value for compressed += operand
    %load/vec4 v0x643ed501dd40_0;
    %pushi/vec4 1, 0, 32;
    %add;
    %cast2;
    %store/vec4 v0x643ed501dd40_0, 0, 32;
    %vpi_call/w 12 49 "$display", "[FAIL] %s | pc_src = %b, expected %b", v0x643ed501d830_0, v0x643ed501dfc0_0, v0x643ed501d8f0_0 {0 0 0};
T_0.1 ;
    %end;
    .scope S_0x643ed5018ef0;
T_1 ;
    %wait E_0x643ed5019100;
    %load/vec4 v0x643ed50193f0_0;
    %flag_set/vec4 8;
    %jmp/0xz  T_1.0, 8;
    %pushi/vec4 0, 0, 32;
    %assign/vec4 v0x643ed5019250_0, 0;
    %jmp T_1.1;
T_1.0 ;
    %load/vec4 v0x643ed5019320_0;
    %assign/vec4 v0x643ed5019250_0, 0;
T_1.1 ;
    %jmp T_1;
    .thread T_1;
    .scope S_0x643ed5018750;
T_2 ;
    %pushi/vec4 0, 0, 32;
    %store/vec4 v0x643ed5018c00_0, 0, 32;
T_2.0 ;
    %load/vec4 v0x643ed5018c00_0;
    %cmpi/s 1024, 0, 32;
    %jmp/0xz T_2.1, 5;
    %pushi/vec4 19, 0, 32;
    %ix/getv/s 4, v0x643ed5018c00_0;
    %store/vec4a v0x643ed5018df0, 4, 0;
    %load/vec4 v0x643ed5018c00_0;
    %addi 1, 0, 32;
    %store/vec4 v0x643ed5018c00_0, 0, 32;
    %jmp T_2.0;
T_2.1 ;
    %pushi/vec4 5243027, 0, 32;
    %ix/load 4, 0, 0;
    %flag_set/imm 4, 0;
    %store/vec4a v0x643ed5018df0, 4, 0;
    %pushi/vec4 6291731, 0, 32;
    %ix/load 4, 1, 0;
    %flag_set/imm 4, 0;
    %store/vec4a v0x643ed5018df0, 4, 0;
    %pushi/vec4 2130355, 0, 32;
    %ix/load 4, 2, 0;
    %flag_set/imm 4, 0;
    %store/vec4a v0x643ed5018df0, 4, 0;
    %end;
    .thread T_2;
    .scope S_0x643ed5019550;
T_3 ;
    %pushi/vec4 0, 0, 32;
    %store/vec4 v0x643ed501a420_0, 0, 32;
T_3.0 ;
    %load/vec4 v0x643ed501a420_0;
    %cmpi/s 32, 0, 32;
    %jmp/0xz T_3.1, 5;
    %pushi/vec4 0, 0, 32;
    %ix/getv/s 4, v0x643ed501a420_0;
    %store/vec4a v0x643ed501a870, 4, 0;
    %load/vec4 v0x643ed501a420_0;
    %addi 1, 0, 32;
    %store/vec4 v0x643ed501a420_0, 0, 32;
    %jmp T_3.0;
T_3.1 ;
    %end;
    .thread T_3;
    .scope S_0x643ed5019550;
T_4 ;
    %wait E_0x643ed4f987b0;
    %load/vec4 v0x643ed501a930_0;
    %flag_set/vec4 8;
    %jmp/0xz  T_4.0, 8;
    %pushi/vec4 0, 0, 32;
    %store/vec4 v0x643ed501a420_0, 0, 32;
T_4.2 ;
    %load/vec4 v0x643ed501a420_0;
    %cmpi/s 32, 0, 32;
    %jmp/0xz T_4.3, 5;
    %pushi/vec4 0, 0, 32;
    %ix/getv/s 3, v0x643ed501a420_0;
    %ix/load 4, 0, 0; Constant delay
    %assign/vec4/a/d v0x643ed501a870, 0, 4;
    %load/vec4 v0x643ed501a420_0;
    %addi 1, 0, 32;
    %store/vec4 v0x643ed501a420_0, 0, 32;
    %jmp T_4.2;
T_4.3 ;
    %jmp T_4.1;
T_4.0 ;
    %load/vec4 v0x643ed501abe0_0;
    %load/vec4 v0x643ed501aa20_0;
    %pushi/vec4 0, 0, 5;
    %cmp/ne;
    %flag_get/vec4 4;
    %and;
    %flag_set/vec4 8;
    %jmp/0xz  T_4.4, 8;
    %load/vec4 v0x643ed501ab00_0;
    %load/vec4 v0x643ed501aa20_0;
    %pad/u 7;
    %ix/vec4 3;
    %ix/load 4, 0, 0; Constant delay
    %assign/vec4/a/d v0x643ed501a870, 0, 4;
T_4.4 ;
T_4.1 ;
    %jmp T_4;
    .thread T_4;
    .scope S_0x643ed5018160;
T_5 ;
Ewait_0 .event/or E_0x643ed4fedb40, E_0x0;
    %wait Ewait_0;
    %load/vec4 v0x643ed5018540_0;
    %dup/vec4;
    %pushi/vec4 0, 0, 3;
    %cmp/u;
    %jmp/1 T_5.0, 6;
    %dup/vec4;
    %pushi/vec4 1, 0, 3;
    %cmp/u;
    %jmp/1 T_5.1, 6;
    %dup/vec4;
    %pushi/vec4 2, 0, 3;
    %cmp/u;
    %jmp/1 T_5.2, 6;
    %dup/vec4;
    %pushi/vec4 3, 0, 3;
    %cmp/u;
    %jmp/1 T_5.3, 6;
    %dup/vec4;
    %pushi/vec4 4, 0, 3;
    %cmp/u;
    %jmp/1 T_5.4, 6;
    %pushi/vec4 0, 0, 32;
    %store/vec4 v0x643ed5018440_0, 0, 32;
    %jmp T_5.6;
T_5.0 ;
    %load/vec4 v0x643ed5018600_0;
    %parti/s 1, 31, 6;
    %replicate 20;
    %load/vec4 v0x643ed5018600_0;
    %parti/s 12, 20, 6;
    %concat/vec4; draw_concat_vec4
    %store/vec4 v0x643ed5018440_0, 0, 32;
    %jmp T_5.6;
T_5.1 ;
    %load/vec4 v0x643ed5018600_0;
    %parti/s 1, 31, 6;
    %replicate 20;
    %load/vec4 v0x643ed5018600_0;
    %parti/s 7, 25, 6;
    %concat/vec4; draw_concat_vec4
    %load/vec4 v0x643ed5018600_0;
    %parti/s 5, 7, 4;
    %concat/vec4; draw_concat_vec4
    %store/vec4 v0x643ed5018440_0, 0, 32;
    %jmp T_5.6;
T_5.2 ;
    %load/vec4 v0x643ed5018600_0;
    %parti/s 1, 31, 6;
    %replicate 19;
    %load/vec4 v0x643ed5018600_0;
    %parti/s 1, 31, 6;
    %concat/vec4; draw_concat_vec4
    %load/vec4 v0x643ed5018600_0;
    %parti/s 1, 7, 4;
    %concat/vec4; draw_concat_vec4
    %load/vec4 v0x643ed5018600_0;
    %parti/s 6, 25, 6;
    %concat/vec4; draw_concat_vec4
    %load/vec4 v0x643ed5018600_0;
    %parti/s 4, 8, 5;
    %concat/vec4; draw_concat_vec4
    %concati/vec4 0, 0, 1;
    %store/vec4 v0x643ed5018440_0, 0, 32;
    %jmp T_5.6;
T_5.3 ;
    %load/vec4 v0x643ed5018600_0;
    %parti/s 20, 12, 5;
    %concati/vec4 0, 0, 12;
    %store/vec4 v0x643ed5018440_0, 0, 32;
    %jmp T_5.6;
T_5.4 ;
    %load/vec4 v0x643ed5018600_0;
    %parti/s 1, 31, 6;
    %replicate 11;
    %load/vec4 v0x643ed5018600_0;
    %parti/s 1, 31, 6;
    %concat/vec4; draw_concat_vec4
    %load/vec4 v0x643ed5018600_0;
    %parti/s 8, 12, 5;
    %concat/vec4; draw_concat_vec4
    %load/vec4 v0x643ed5018600_0;
    %parti/s 1, 20, 6;
    %concat/vec4; draw_concat_vec4
    %load/vec4 v0x643ed5018600_0;
    %parti/s 10, 21, 6;
    %concat/vec4; draw_concat_vec4
    %concati/vec4 0, 0, 1;
    %store/vec4 v0x643ed5018440_0, 0, 32;
    %jmp T_5.6;
T_5.6 ;
    %pop/vec4 1;
    %jmp T_5;
    .thread T_5, $push;
    .scope S_0x643ed4f95380;
T_6 ;
Ewait_1 .event/or E_0x643ed4f942c0, E_0x0;
    %wait Ewait_1;
    %load/vec4 v0x643ed5015a40_0;
    %dup/vec4;
    %pushi/vec4 0, 0, 4;
    %cmp/u;
    %jmp/1 T_6.0, 6;
    %dup/vec4;
    %pushi/vec4 1, 0, 4;
    %cmp/u;
    %jmp/1 T_6.1, 6;
    %dup/vec4;
    %pushi/vec4 2, 0, 4;
    %cmp/u;
    %jmp/1 T_6.2, 6;
    %dup/vec4;
    %pushi/vec4 3, 0, 4;
    %cmp/u;
    %jmp/1 T_6.3, 6;
    %dup/vec4;
    %pushi/vec4 4, 0, 4;
    %cmp/u;
    %jmp/1 T_6.4, 6;
    %dup/vec4;
    %pushi/vec4 5, 0, 4;
    %cmp/u;
    %jmp/1 T_6.5, 6;
    %dup/vec4;
    %pushi/vec4 6, 0, 4;
    %cmp/u;
    %jmp/1 T_6.6, 6;
    %dup/vec4;
    %pushi/vec4 7, 0, 4;
    %cmp/u;
    %jmp/1 T_6.7, 6;
    %dup/vec4;
    %pushi/vec4 8, 0, 4;
    %cmp/u;
    %jmp/1 T_6.8, 6;
    %dup/vec4;
    %pushi/vec4 9, 0, 4;
    %cmp/u;
    %jmp/1 T_6.9, 6;
    %pushi/vec4 0, 0, 32;
    %store/vec4 v0x643ed5015be0_0, 0, 32;
    %jmp T_6.11;
T_6.0 ;
    %load/vec4 v0x643ed4fe0190_0;
    %load/vec4 v0x643ed5015b00_0;
    %add;
    %store/vec4 v0x643ed5015be0_0, 0, 32;
    %jmp T_6.11;
T_6.1 ;
    %load/vec4 v0x643ed4fe0190_0;
    %load/vec4 v0x643ed5015b00_0;
    %sub;
    %store/vec4 v0x643ed5015be0_0, 0, 32;
    %jmp T_6.11;
T_6.2 ;
    %load/vec4 v0x643ed4fe0190_0;
    %load/vec4 v0x643ed5015b00_0;
    %and;
    %store/vec4 v0x643ed5015be0_0, 0, 32;
    %jmp T_6.11;
T_6.3 ;
    %load/vec4 v0x643ed4fe0190_0;
    %load/vec4 v0x643ed5015b00_0;
    %or;
    %store/vec4 v0x643ed5015be0_0, 0, 32;
    %jmp T_6.11;
T_6.4 ;
    %load/vec4 v0x643ed4fe0190_0;
    %load/vec4 v0x643ed5015b00_0;
    %xor;
    %store/vec4 v0x643ed5015be0_0, 0, 32;
    %jmp T_6.11;
T_6.5 ;
    %load/vec4 v0x643ed4fe0190_0;
    %load/vec4 v0x643ed5015b00_0;
    %parti/s 5, 0, 2;
    %ix/vec4 4;
    %shiftl 4;
    %store/vec4 v0x643ed5015be0_0, 0, 32;
    %jmp T_6.11;
T_6.6 ;
    %load/vec4 v0x643ed4fe0190_0;
    %load/vec4 v0x643ed5015b00_0;
    %parti/s 5, 0, 2;
    %ix/vec4 4;
    %shiftr 4;
    %store/vec4 v0x643ed5015be0_0, 0, 32;
    %jmp T_6.11;
T_6.7 ;
    %load/vec4 v0x643ed4fe0190_0;
    %load/vec4 v0x643ed5015b00_0;
    %parti/s 5, 0, 2;
    %ix/vec4 4;
    %shiftr/s 4;
    %store/vec4 v0x643ed5015be0_0, 0, 32;
    %jmp T_6.11;
T_6.8 ;
    %pushi/vec4 0, 0, 31;
    %load/vec4 v0x643ed4fe0190_0;
    %load/vec4 v0x643ed5015b00_0;
    %cmp/s;
    %flag_get/vec4 5;
    %concat/vec4; draw_concat_vec4
    %store/vec4 v0x643ed5015be0_0, 0, 32;
    %jmp T_6.11;
T_6.9 ;
    %pushi/vec4 0, 0, 31;
    %load/vec4 v0x643ed4fe0190_0;
    %load/vec4 v0x643ed5015b00_0;
    %cmp/u;
    %flag_get/vec4 5;
    %concat/vec4; draw_concat_vec4
    %store/vec4 v0x643ed5015be0_0, 0, 32;
    %jmp T_6.11;
T_6.11 ;
    %pop/vec4 1;
    %jmp T_6;
    .thread T_6, $push;
    .scope S_0x643ed50175a0;
T_7 ;
    %pushi/vec4 0, 0, 32;
    %store/vec4 v0x643ed5017b30_0, 0, 32;
T_7.0 ;
    %load/vec4 v0x643ed5017b30_0;
    %cmpi/s 1024, 0, 32;
    %jmp/0xz T_7.1, 5;
    %pushi/vec4 0, 0, 32;
    %ix/getv/s 4, v0x643ed5017b30_0;
    %store/vec4a v0x643ed5017c60, 4, 0;
    %load/vec4 v0x643ed5017b30_0;
    %addi 1, 0, 32;
    %store/vec4 v0x643ed5017b30_0, 0, 32;
    %jmp T_7.0;
T_7.1 ;
    %end;
    .thread T_7;
    .scope S_0x643ed50175a0;
T_8 ;
    %wait E_0x643ed4f987b0;
    %load/vec4 v0x643ed5018010_0;
    %flag_set/vec4 8;
    %jmp/0xz  T_8.0, 8;
    %load/vec4 v0x643ed5017ec0_0;
    %load/vec4 v0x643ed50179f0_0;
    %parti/s 30, 2, 3;
    %ix/vec4 3;
    %ix/load 4, 0, 0; Constant delay
    %assign/vec4/a/d v0x643ed5017c60, 0, 4;
T_8.0 ;
    %jmp T_8;
    .thread T_8;
    .scope S_0x643ed5016660;
T_9 ;
Ewait_2 .event/or E_0x643ed4fc4b60, E_0x0;
    %wait Ewait_2;
    %pushi/vec4 0, 0, 1;
    %store/vec4 v0x643ed5017210_0, 0, 1;
    %pushi/vec4 0, 0, 3;
    %store/vec4 v0x643ed5016d50_0, 0, 3;
    %pushi/vec4 0, 0, 1;
    %store/vec4 v0x643ed5016a80_0, 0, 1;
    %pushi/vec4 0, 0, 1;
    %store/vec4 v0x643ed5017070_0, 0, 1;
    %pushi/vec4 0, 0, 1;
    %store/vec4 v0x643ed50172d0_0, 0, 1;
    %pushi/vec4 0, 0, 1;
    %store/vec4 v0x643ed5016b20_0, 0, 1;
    %pushi/vec4 0, 0, 1;
    %store/vec4 v0x643ed5016ef0_0, 0, 1;
    %pushi/vec4 0, 0, 1;
    %store/vec4 v0x643ed5016fb0_0, 0, 1;
    %pushi/vec4 0, 0, 1;
    %store/vec4 v0x643ed5016e30_0, 0, 1;
    %pushi/vec4 0, 0, 4;
    %store/vec4 v0x643ed50169a0_0, 0, 4;
    %load/vec4 v0x643ed5017130_0;
    %dup/vec4;
    %pushi/vec4 51, 0, 7;
    %cmp/u;
    %jmp/1 T_9.0, 6;
    %dup/vec4;
    %pushi/vec4 19, 0, 7;
    %cmp/u;
    %jmp/1 T_9.1, 6;
    %dup/vec4;
    %pushi/vec4 3, 0, 7;
    %cmp/u;
    %jmp/1 T_9.2, 6;
    %dup/vec4;
    %pushi/vec4 35, 0, 7;
    %cmp/u;
    %jmp/1 T_9.3, 6;
    %dup/vec4;
    %pushi/vec4 99, 0, 7;
    %cmp/u;
    %jmp/1 T_9.4, 6;
    %dup/vec4;
    %pushi/vec4 111, 0, 7;
    %cmp/u;
    %jmp/1 T_9.5, 6;
    %dup/vec4;
    %pushi/vec4 103, 0, 7;
    %cmp/u;
    %jmp/1 T_9.6, 6;
    %dup/vec4;
    %pushi/vec4 55, 0, 7;
    %cmp/u;
    %jmp/1 T_9.7, 6;
    %dup/vec4;
    %pushi/vec4 23, 0, 7;
    %cmp/u;
    %jmp/1 T_9.8, 6;
    %jmp T_9.10;
T_9.0 ;
    %pushi/vec4 1, 0, 1;
    %store/vec4 v0x643ed5017210_0, 0, 1;
    %load/vec4 v0x643ed5016bc0_0;
    %load/vec4 v0x643ed5016c60_0;
    %parti/s 1, 5, 4;
    %concat/vec4; draw_concat_vec4
    %dup/vec4;
    %pushi/vec4 0, 0, 4;
    %cmp/u;
    %jmp/1 T_9.11, 6;
    %dup/vec4;
    %pushi/vec4 1, 0, 4;
    %cmp/u;
    %jmp/1 T_9.12, 6;
    %dup/vec4;
    %pushi/vec4 2, 0, 4;
    %cmp/u;
    %jmp/1 T_9.13, 6;
    %dup/vec4;
    %pushi/vec4 4, 0, 4;
    %cmp/u;
    %jmp/1 T_9.14, 6;
    %dup/vec4;
    %pushi/vec4 6, 0, 4;
    %cmp/u;
    %jmp/1 T_9.15, 6;
    %dup/vec4;
    %pushi/vec4 8, 0, 4;
    %cmp/u;
    %jmp/1 T_9.16, 6;
    %dup/vec4;
    %pushi/vec4 10, 0, 4;
    %cmp/u;
    %jmp/1 T_9.17, 6;
    %dup/vec4;
    %pushi/vec4 11, 0, 4;
    %cmp/u;
    %jmp/1 T_9.18, 6;
    %dup/vec4;
    %pushi/vec4 12, 0, 4;
    %cmp/u;
    %jmp/1 T_9.19, 6;
    %dup/vec4;
    %pushi/vec4 14, 0, 4;
    %cmp/u;
    %jmp/1 T_9.20, 6;
    %pushi/vec4 0, 0, 4;
    %store/vec4 v0x643ed50169a0_0, 0, 4;
    %jmp T_9.22;
T_9.11 ;
    %pushi/vec4 0, 0, 4;
    %store/vec4 v0x643ed50169a0_0, 0, 4;
    %jmp T_9.22;
T_9.12 ;
    %pushi/vec4 1, 0, 4;
    %store/vec4 v0x643ed50169a0_0, 0, 4;
    %jmp T_9.22;
T_9.13 ;
    %pushi/vec4 5, 0, 4;
    %store/vec4 v0x643ed50169a0_0, 0, 4;
    %jmp T_9.22;
T_9.14 ;
    %pushi/vec4 8, 0, 4;
    %store/vec4 v0x643ed50169a0_0, 0, 4;
    %jmp T_9.22;
T_9.15 ;
    %pushi/vec4 9, 0, 4;
    %store/vec4 v0x643ed50169a0_0, 0, 4;
    %jmp T_9.22;
T_9.16 ;
    %pushi/vec4 4, 0, 4;
    %store/vec4 v0x643ed50169a0_0, 0, 4;
    %jmp T_9.22;
T_9.17 ;
    %pushi/vec4 6, 0, 4;
    %store/vec4 v0x643ed50169a0_0, 0, 4;
    %jmp T_9.22;
T_9.18 ;
    %pushi/vec4 7, 0, 4;
    %store/vec4 v0x643ed50169a0_0, 0, 4;
    %jmp T_9.22;
T_9.19 ;
    %pushi/vec4 3, 0, 4;
    %store/vec4 v0x643ed50169a0_0, 0, 4;
    %jmp T_9.22;
T_9.20 ;
    %pushi/vec4 2, 0, 4;
    %store/vec4 v0x643ed50169a0_0, 0, 4;
    %jmp T_9.22;
T_9.22 ;
    %pop/vec4 1;
    %jmp T_9.10;
T_9.1 ;
    %pushi/vec4 1, 0, 1;
    %store/vec4 v0x643ed5017210_0, 0, 1;
    %pushi/vec4 0, 0, 3;
    %store/vec4 v0x643ed5016d50_0, 0, 3;
    %pushi/vec4 1, 0, 1;
    %store/vec4 v0x643ed5016a80_0, 0, 1;
    %load/vec4 v0x643ed5016bc0_0;
    %dup/vec4;
    %pushi/vec4 0, 0, 3;
    %cmp/u;
    %jmp/1 T_9.23, 6;
    %dup/vec4;
    %pushi/vec4 1, 0, 3;
    %cmp/u;
    %jmp/1 T_9.24, 6;
    %dup/vec4;
    %pushi/vec4 2, 0, 3;
    %cmp/u;
    %jmp/1 T_9.25, 6;
    %dup/vec4;
    %pushi/vec4 3, 0, 3;
    %cmp/u;
    %jmp/1 T_9.26, 6;
    %dup/vec4;
    %pushi/vec4 4, 0, 3;
    %cmp/u;
    %jmp/1 T_9.27, 6;
    %dup/vec4;
    %pushi/vec4 5, 0, 3;
    %cmp/u;
    %jmp/1 T_9.28, 6;
    %dup/vec4;
    %pushi/vec4 6, 0, 3;
    %cmp/u;
    %jmp/1 T_9.29, 6;
    %dup/vec4;
    %pushi/vec4 7, 0, 3;
    %cmp/u;
    %jmp/1 T_9.30, 6;
    %pushi/vec4 0, 0, 4;
    %store/vec4 v0x643ed50169a0_0, 0, 4;
    %jmp T_9.32;
T_9.23 ;
    %pushi/vec4 0, 0, 4;
    %store/vec4 v0x643ed50169a0_0, 0, 4;
    %jmp T_9.32;
T_9.24 ;
    %pushi/vec4 5, 0, 4;
    %store/vec4 v0x643ed50169a0_0, 0, 4;
    %jmp T_9.32;
T_9.25 ;
    %pushi/vec4 8, 0, 4;
    %store/vec4 v0x643ed50169a0_0, 0, 4;
    %jmp T_9.32;
T_9.26 ;
    %pushi/vec4 9, 0, 4;
    %store/vec4 v0x643ed50169a0_0, 0, 4;
    %jmp T_9.32;
T_9.27 ;
    %pushi/vec4 4, 0, 4;
    %store/vec4 v0x643ed50169a0_0, 0, 4;
    %jmp T_9.32;
T_9.28 ;
    %load/vec4 v0x643ed5016c60_0;
    %parti/s 1, 5, 4;
    %flag_set/vec4 8;
    %jmp/0 T_9.33, 8;
    %pushi/vec4 7, 0, 4;
    %jmp/1 T_9.34, 8;
T_9.33 ; End of true expr.
    %pushi/vec4 6, 0, 4;
    %jmp/0 T_9.34, 8;
 ; End of false expr.
    %blend;
T_9.34;
    %store/vec4 v0x643ed50169a0_0, 0, 4;
    %jmp T_9.32;
T_9.29 ;
    %pushi/vec4 3, 0, 4;
    %store/vec4 v0x643ed50169a0_0, 0, 4;
    %jmp T_9.32;
T_9.30 ;
    %pushi/vec4 2, 0, 4;
    %store/vec4 v0x643ed50169a0_0, 0, 4;
    %jmp T_9.32;
T_9.32 ;
    %pop/vec4 1;
    %jmp T_9.10;
T_9.2 ;
    %pushi/vec4 1, 0, 1;
    %store/vec4 v0x643ed5017210_0, 0, 1;
    %pushi/vec4 0, 0, 3;
    %store/vec4 v0x643ed5016d50_0, 0, 3;
    %pushi/vec4 1, 0, 1;
    %store/vec4 v0x643ed5016a80_0, 0, 1;
    %pushi/vec4 1, 0, 1;
    %store/vec4 v0x643ed50172d0_0, 0, 1;
    %pushi/vec4 1, 0, 1;
    %store/vec4 v0x643ed5016ef0_0, 0, 1;
    %pushi/vec4 1, 0, 1;
    %store/vec4 v0x643ed5016fb0_0, 0, 1;
    %pushi/vec4 0, 0, 4;
    %store/vec4 v0x643ed50169a0_0, 0, 4;
    %jmp T_9.10;
T_9.3 ;
    %pushi/vec4 1, 0, 3;
    %store/vec4 v0x643ed5016d50_0, 0, 3;
    %pushi/vec4 1, 0, 1;
    %store/vec4 v0x643ed5016a80_0, 0, 1;
    %pushi/vec4 1, 0, 1;
    %store/vec4 v0x643ed5017070_0, 0, 1;
    %pushi/vec4 0, 0, 4;
    %store/vec4 v0x643ed50169a0_0, 0, 4;
    %jmp T_9.10;
T_9.4 ;
    %pushi/vec4 2, 0, 3;
    %store/vec4 v0x643ed5016d50_0, 0, 3;
    %pushi/vec4 1, 0, 1;
    %store/vec4 v0x643ed5016b20_0, 0, 1;
    %pushi/vec4 1, 0, 4;
    %store/vec4 v0x643ed50169a0_0, 0, 4;
    %jmp T_9.10;
T_9.5 ;
    %pushi/vec4 1, 0, 1;
    %store/vec4 v0x643ed5017210_0, 0, 1;
    %pushi/vec4 4, 0, 3;
    %store/vec4 v0x643ed5016d50_0, 0, 3;
    %pushi/vec4 1, 0, 1;
    %store/vec4 v0x643ed5016e30_0, 0, 1;
    %jmp T_9.10;
T_9.6 ;
    %pushi/vec4 1, 0, 1;
    %store/vec4 v0x643ed5017210_0, 0, 1;
    %pushi/vec4 0, 0, 3;
    %store/vec4 v0x643ed5016d50_0, 0, 3;
    %pushi/vec4 1, 0, 1;
    %store/vec4 v0x643ed5016a80_0, 0, 1;
    %pushi/vec4 1, 0, 1;
    %store/vec4 v0x643ed5016e30_0, 0, 1;
    %pushi/vec4 0, 0, 4;
    %store/vec4 v0x643ed50169a0_0, 0, 4;
    %jmp T_9.10;
T_9.7 ;
    %pushi/vec4 1, 0, 1;
    %store/vec4 v0x643ed5017210_0, 0, 1;
    %pushi/vec4 3, 0, 3;
    %store/vec4 v0x643ed5016d50_0, 0, 3;
    %pushi/vec4 1, 0, 1;
    %store/vec4 v0x643ed5016a80_0, 0, 1;
    %pushi/vec4 0, 0, 4;
    %store/vec4 v0x643ed50169a0_0, 0, 4;
    %jmp T_9.10;
T_9.8 ;
    %pushi/vec4 1, 0, 1;
    %store/vec4 v0x643ed5017210_0, 0, 1;
    %pushi/vec4 3, 0, 3;
    %store/vec4 v0x643ed5016d50_0, 0, 3;
    %pushi/vec4 1, 0, 1;
    %store/vec4 v0x643ed5016a80_0, 0, 1;
    %pushi/vec4 0, 0, 4;
    %store/vec4 v0x643ed50169a0_0, 0, 4;
    %jmp T_9.10;
T_9.10 ;
    %pop/vec4 1;
    %jmp T_9;
    .thread T_9, $push;
    .scope S_0x643ed5015e70;
T_10 ;
Ewait_3 .event/or E_0x643ed4ff1520, E_0x0;
    %wait Ewait_3;
    %load/vec4 v0x643ed5016230_0;
    %dup/vec4;
    %pushi/vec4 0, 0, 3;
    %cmp/u;
    %jmp/1 T_10.0, 6;
    %dup/vec4;
    %pushi/vec4 1, 0, 3;
    %cmp/u;
    %jmp/1 T_10.1, 6;
    %dup/vec4;
    %pushi/vec4 4, 0, 3;
    %cmp/u;
    %jmp/1 T_10.2, 6;
    %dup/vec4;
    %pushi/vec4 5, 0, 3;
    %cmp/u;
    %jmp/1 T_10.3, 6;
    %dup/vec4;
    %pushi/vec4 6, 0, 3;
    %cmp/u;
    %jmp/1 T_10.4, 6;
    %dup/vec4;
    %pushi/vec4 7, 0, 3;
    %cmp/u;
    %jmp/1 T_10.5, 6;
    %pushi/vec4 0, 0, 1;
    %store/vec4 v0x643ed5016170_0, 0, 1;
    %jmp T_10.7;
T_10.0 ;
    %load/vec4 v0x643ed50163b0_0;
    %load/vec4 v0x643ed50164e0_0;
    %cmp/e;
    %flag_get/vec4 4;
    %store/vec4 v0x643ed5016170_0, 0, 1;
    %jmp T_10.7;
T_10.1 ;
    %load/vec4 v0x643ed50163b0_0;
    %load/vec4 v0x643ed50164e0_0;
    %cmp/ne;
    %flag_get/vec4 4;
    %store/vec4 v0x643ed5016170_0, 0, 1;
    %jmp T_10.7;
T_10.2 ;
    %load/vec4 v0x643ed50163b0_0;
    %load/vec4 v0x643ed50164e0_0;
    %cmp/s;
    %flag_get/vec4 5;
    %store/vec4 v0x643ed5016170_0, 0, 1;
    %jmp T_10.7;
T_10.3 ;
    %load/vec4 v0x643ed50164e0_0;
    %load/vec4 v0x643ed50163b0_0;
    %cmp/s;
    %flag_get/vec4 4;
    %flag_get/vec4 5;
    %or;
    %store/vec4 v0x643ed5016170_0, 0, 1;
    %jmp T_10.7;
T_10.4 ;
    %load/vec4 v0x643ed50163b0_0;
    %load/vec4 v0x643ed50164e0_0;
    %cmp/u;
    %flag_get/vec4 5;
    %store/vec4 v0x643ed5016170_0, 0, 1;
    %jmp T_10.7;
T_10.5 ;
    %load/vec4 v0x643ed50164e0_0;
    %load/vec4 v0x643ed50163b0_0;
    %cmp/u;
    %flag_get/vec4 4;
    %flag_get/vec4 5;
    %or;
    %store/vec4 v0x643ed5016170_0, 0, 1;
    %jmp T_10.7;
T_10.7 ;
    %pop/vec4 1;
    %jmp T_10;
    .thread T_10, $push;
    .scope S_0x643ed4fd87a0;
T_11 ;
Ewait_4 .event/or E_0x643ed4f984f0, E_0x0;
    %wait Ewait_4;
    %load/vec4 v0x643ed501ba80_0;
    %flag_set/vec4 8;
    %jmp/0xz  T_11.0, 8;
    %load/vec4 v0x643ed501bd50_0;
    %cmpi/e 103, 0, 7;
    %flag_mov 8, 4;
    %jmp/0 T_11.2, 8;
    %load/vec4 v0x643ed501b9a0_0;
    %jmp/1 T_11.3, 8;
T_11.2 ; End of true expr.
    %load/vec4 v0x643ed501c1a0_0;
    %jmp/0 T_11.3, 8;
 ; End of false expr.
    %blend;
T_11.3;
    %store/vec4 v0x643ed501bee0_0, 0, 32;
    %jmp T_11.1;
T_11.0 ;
    %load/vec4 v0x643ed501c100_0;
    %flag_set/vec4 8;
    %jmp/0xz  T_11.4, 8;
    %load/vec4 v0x643ed501c1a0_0;
    %store/vec4 v0x643ed501bee0_0, 0, 32;
    %jmp T_11.5;
T_11.4 ;
    %load/vec4 v0x643ed501c020_0;
    %store/vec4 v0x643ed501bee0_0, 0, 32;
T_11.5 ;
T_11.1 ;
    %jmp T_11;
    .thread T_11, $push;
    .scope S_0x643ed4fd87a0;
T_12 ;
Ewait_5 .event/or E_0x643ed4f5f640, E_0x0;
    %wait Ewait_5;
    %load/vec4 v0x643ed501bd50_0;
    %cmpi/e 23, 0, 7;
    %jmp/0xz  T_12.0, 4;
    %load/vec4 v0x643ed501bdf0_0;
    %store/vec4 v0x643ed501ca30_0, 0, 32;
    %jmp T_12.1;
T_12.0 ;
    %load/vec4 v0x643ed501bd50_0;
    %cmpi/e 55, 0, 7;
    %jmp/0xz  T_12.2, 4;
    %pushi/vec4 0, 0, 32;
    %store/vec4 v0x643ed501ca30_0, 0, 32;
    %jmp T_12.3;
T_12.2 ;
    %load/vec4 v0x643ed501c320_0;
    %store/vec4 v0x643ed501ca30_0, 0, 32;
T_12.3 ;
T_12.1 ;
    %jmp T_12;
    .thread T_12, $push;
    .scope S_0x643ed4fd87a0;
T_13 ;
Ewait_6 .event/or E_0x643ed4f98070, E_0x0;
    %wait Ewait_6;
    %load/vec4 v0x643ed501ba80_0;
    %flag_set/vec4 8;
    %jmp/0xz  T_13.0, 8;
    %load/vec4 v0x643ed501c020_0;
    %store/vec4 v0x643ed501c720_0, 0, 32;
    %jmp T_13.1;
T_13.0 ;
    %load/vec4 v0x643ed501c7c0_0;
    %flag_set/vec4 8;
    %jmp/0xz  T_13.2, 8;
    %load/vec4 v0x643ed501c4d0_0;
    %store/vec4 v0x643ed501c720_0, 0, 32;
    %jmp T_13.3;
T_13.2 ;
    %load/vec4 v0x643ed501b130_0;
    %store/vec4 v0x643ed501c720_0, 0, 32;
T_13.3 ;
T_13.1 ;
    %jmp T_13;
    .thread T_13, $push;
    .scope S_0x643ed501ccf0;
T_14 ;
Ewait_7 .event/or E_0x643ed501cef0, E_0x0;
    %wait Ewait_7;
    %load/vec4 v0x643ed501d110_0;
    %dup/vec4;
    %pushi/vec4 0, 0, 3;
    %cmp/u;
    %jmp/1 T_14.0, 6;
    %dup/vec4;
    %pushi/vec4 1, 0, 3;
    %cmp/u;
    %jmp/1 T_14.1, 6;
    %dup/vec4;
    %pushi/vec4 4, 0, 3;
    %cmp/u;
    %jmp/1 T_14.2, 6;
    %dup/vec4;
    %pushi/vec4 5, 0, 3;
    %cmp/u;
    %jmp/1 T_14.3, 6;
    %dup/vec4;
    %pushi/vec4 6, 0, 3;
    %cmp/u;
    %jmp/1 T_14.4, 6;
    %dup/vec4;
    %pushi/vec4 7, 0, 3;
    %cmp/u;
    %jmp/1 T_14.5, 6;
    %pushi/vec4 0, 0, 1;
    %store/vec4 v0x643ed501d050_0, 0, 1;
    %jmp T_14.7;
T_14.0 ;
    %load/vec4 v0x643ed501d2c0_0;
    %load/vec4 v0x643ed501d3f0_0;
    %cmp/e;
    %flag_get/vec4 4;
    %store/vec4 v0x643ed501d050_0, 0, 1;
    %jmp T_14.7;
T_14.1 ;
    %load/vec4 v0x643ed501d2c0_0;
    %load/vec4 v0x643ed501d3f0_0;
    %cmp/ne;
    %flag_get/vec4 4;
    %store/vec4 v0x643ed501d050_0, 0, 1;
    %jmp T_14.7;
T_14.2 ;
    %load/vec4 v0x643ed501d2c0_0;
    %load/vec4 v0x643ed501d3f0_0;
    %cmp/s;
    %flag_get/vec4 5;
    %store/vec4 v0x643ed501d050_0, 0, 1;
    %jmp T_14.7;
T_14.3 ;
    %load/vec4 v0x643ed501d3f0_0;
    %load/vec4 v0x643ed501d2c0_0;
    %cmp/s;
    %flag_get/vec4 4;
    %flag_get/vec4 5;
    %or;
    %store/vec4 v0x643ed501d050_0, 0, 1;
    %jmp T_14.7;
T_14.4 ;
    %load/vec4 v0x643ed501d2c0_0;
    %load/vec4 v0x643ed501d3f0_0;
    %cmp/u;
    %flag_get/vec4 5;
    %store/vec4 v0x643ed501d050_0, 0, 1;
    %jmp T_14.7;
T_14.5 ;
    %load/vec4 v0x643ed501d3f0_0;
    %load/vec4 v0x643ed501d2c0_0;
    %cmp/u;
    %flag_get/vec4 4;
    %flag_get/vec4 5;
    %or;
    %store/vec4 v0x643ed501d050_0, 0, 1;
    %jmp T_14.7;
T_14.7 ;
    %pop/vec4 1;
    %jmp T_14;
    .thread T_14, $push;
    .scope S_0x643ed4f967d0;
T_15 ;
    %pushi/vec4 0, 0, 32;
    %store/vec4 v0x643ed501df00_0, 0, 32;
    %pushi/vec4 0, 0, 32;
    %store/vec4 v0x643ed501dd40_0, 0, 32;
    %pushi/vec4 0, 0, 32;
    %store/vec4 v0x643ed501e250_0, 0, 32;
    %end;
    .thread T_15, $init;
    .scope S_0x643ed4f967d0;
T_16 ;
    %vpi_call/w 12 55 "$display", "=== Branch Unit Testbench Start ===" {0 0 0};
    %pushi/vec4 305419896, 0, 32;
    %store/vec4 v0x643ed501da70_0, 0, 32;
    %pushi/vec4 305419896, 0, 32;
    %store/vec4 v0x643ed501dba0_0, 0, 32;
    %pushi/vec4 0, 0, 3;
    %store/vec4 v0x643ed501d990_0, 0, 3;
    %pushi/vec4 1, 0, 1;
    %store/vec4 v0x643ed501d770_0, 0, 1;
    %pushi/vec4 1, 0, 1;
    %store/vec4 v0x643ed501d8f0_0, 0, 1;
    %pushi/str "BEQ (equal)";
    %store/str v0x643ed501d830_0;
    %fork TD_tb_branch_unit.run_test, S_0x643ed501d570;
    %join;
    %pushi/vec4 305419896, 0, 32;
    %store/vec4 v0x643ed501da70_0, 0, 32;
    %pushi/vec4 2271560481, 0, 32;
    %store/vec4 v0x643ed501dba0_0, 0, 32;
    %pushi/vec4 1, 0, 3;
    %store/vec4 v0x643ed501d990_0, 0, 3;
    %pushi/vec4 1, 0, 1;
    %store/vec4 v0x643ed501d770_0, 0, 1;
    %pushi/vec4 1, 0, 1;
    %store/vec4 v0x643ed501d8f0_0, 0, 1;
    %pushi/str "BNE (not equal)";
    %store/str v0x643ed501d830_0;
    %fork TD_tb_branch_unit.run_test, S_0x643ed501d570;
    %join;
    %pushi/vec4 4294967291, 0, 32;
    %store/vec4 v0x643ed501da70_0, 0, 32;
    %pushi/vec4 10, 0, 32;
    %store/vec4 v0x643ed501dba0_0, 0, 32;
    %pushi/vec4 4, 0, 3;
    %store/vec4 v0x643ed501d990_0, 0, 3;
    %pushi/vec4 1, 0, 1;
    %store/vec4 v0x643ed501d770_0, 0, 1;
    %pushi/vec4 1, 0, 1;
    %store/vec4 v0x643ed501d8f0_0, 0, 1;
    %pushi/str "BLT (signed -5 < 10)";
    %store/str v0x643ed501d830_0;
    %fork TD_tb_branch_unit.run_test, S_0x643ed501d570;
    %join;
    %pushi/vec4 4294967291, 0, 32;
    %store/vec4 v0x643ed501da70_0, 0, 32;
    %pushi/vec4 4294967286, 0, 32;
    %store/vec4 v0x643ed501dba0_0, 0, 32;
    %pushi/vec4 5, 0, 3;
    %store/vec4 v0x643ed501d990_0, 0, 3;
    %pushi/vec4 1, 0, 1;
    %store/vec4 v0x643ed501d770_0, 0, 1;
    %pushi/vec4 1, 0, 1;
    %store/vec4 v0x643ed501d8f0_0, 0, 1;
    %pushi/str "BGE (signed -5 >= -10)";
    %store/str v0x643ed501d830_0;
    %fork TD_tb_branch_unit.run_test, S_0x643ed501d570;
    %join;
    %pushi/vec4 1, 0, 32;
    %store/vec4 v0x643ed501da70_0, 0, 32;
    %pushi/vec4 4294967295, 0, 32;
    %store/vec4 v0x643ed501dba0_0, 0, 32;
    %pushi/vec4 6, 0, 3;
    %store/vec4 v0x643ed501d990_0, 0, 3;
    %pushi/vec4 1, 0, 1;
    %store/vec4 v0x643ed501d770_0, 0, 1;
    %pushi/vec4 1, 0, 1;
    %store/vec4 v0x643ed501d8f0_0, 0, 1;
    %pushi/str "BLTU (unsigned 1 < FFFFFFFF)";
    %store/str v0x643ed501d830_0;
    %fork TD_tb_branch_unit.run_test, S_0x643ed501d570;
    %join;
    %pushi/vec4 4294967295, 0, 32;
    %store/vec4 v0x643ed501da70_0, 0, 32;
    %pushi/vec4 1, 0, 32;
    %store/vec4 v0x643ed501dba0_0, 0, 32;
    %pushi/vec4 7, 0, 3;
    %store/vec4 v0x643ed501d990_0, 0, 3;
    %pushi/vec4 1, 0, 1;
    %store/vec4 v0x643ed501d770_0, 0, 1;
    %pushi/vec4 1, 0, 1;
    %store/vec4 v0x643ed501d8f0_0, 0, 1;
    %pushi/str "BGEU (unsigned FFFFFFFF >= 1)";
    %store/str v0x643ed501d830_0;
    %fork TD_tb_branch_unit.run_test, S_0x643ed501d570;
    %join;
    %pushi/vec4 286331153, 0, 32;
    %store/vec4 v0x643ed501da70_0, 0, 32;
    %pushi/vec4 572662306, 0, 32;
    %store/vec4 v0x643ed501dba0_0, 0, 32;
    %pushi/vec4 2, 0, 3;
    %store/vec4 v0x643ed501d990_0, 0, 3;
    %pushi/vec4 1, 0, 1;
    %store/vec4 v0x643ed501d770_0, 0, 1;
    %pushi/vec4 0, 0, 1;
    %store/vec4 v0x643ed501d8f0_0, 0, 1;
    %pushi/str "Invalid funct3 (should output 0)";
    %store/str v0x643ed501d830_0;
    %fork TD_tb_branch_unit.run_test, S_0x643ed501d570;
    %join;
    %pushi/vec4 305419896, 0, 32;
    %store/vec4 v0x643ed501da70_0, 0, 32;
    %pushi/vec4 305419896, 0, 32;
    %store/vec4 v0x643ed501dba0_0, 0, 32;
    %pushi/vec4 0, 0, 3;
    %store/vec4 v0x643ed501d990_0, 0, 3;
    %pushi/vec4 0, 0, 1;
    %store/vec4 v0x643ed501d770_0, 0, 1;
    %pushi/vec4 0, 0, 1;
    %store/vec4 v0x643ed501d8f0_0, 0, 1;
    %pushi/str "BEQ (branch disabled)";
    %store/str v0x643ed501d830_0;
    %fork TD_tb_branch_unit.run_test, S_0x643ed501d570;
    %join;
    %vpi_call/w 12 64 "$display", "=== Branch Unit Testbench Summary ===" {0 0 0};
    %vpi_call/w 12 65 "$display", "Total Tests: %0d", v0x643ed501e250_0 {0 0 0};
    %vpi_call/w 12 66 "$display", "Passed     : %0d", v0x643ed501df00_0 {0 0 0};
    %vpi_call/w 12 67 "$display", "Failed     : %0d", v0x643ed501dd40_0 {0 0 0};
    %load/vec4 v0x643ed501dd40_0;
    %cmpi/e 0, 0, 32;
    %jmp/0xz  T_16.0, 4;
    %vpi_call/w 12 69 "$display", "\342\234\205 All tests passed successfully." {0 0 0};
    %jmp T_16.1;
T_16.0 ;
    %vpi_call/w 12 71 "$display", "\342\235\214 Some tests failed. Please review." {0 0 0};
T_16.1 ;
    %vpi_call/w 12 72 "$finish" {0 0 0};
    %end;
    .thread T_16;
# The file index is used to find the file name in the following table.
:file_names 13;
    "N/A";
    "<interactive>";
    "-";
    "rtl/processor.sv";
    "rtl/alu.sv";
    "rtl/branch_unit.sv";
    "rtl/controller.sv";
    "rtl/data_mem.sv";
    "rtl/imm_gen.sv";
    "rtl/inst_mem.sv";
    "rtl/pc.sv";
    "rtl/reg_file.sv";
    "verif/tb_branch_unit.sv";
