#! /usr/bin/vvp
:ivl_version "11.0 (stable)";
:ivl_delay_selection "TYPICAL";
:vpi_time_precision + 0;
:vpi_module "/usr/lib/x86_64-linux-gnu/ivl/system.vpi";
:vpi_module "/usr/lib/x86_64-linux-gnu/ivl/vhdl_sys.vpi";
:vpi_module "/usr/lib/x86_64-linux-gnu/ivl/vhdl_textio.vpi";
:vpi_module "/usr/lib/x86_64-linux-gnu/ivl/v2005_math.vpi";
:vpi_module "/usr/lib/x86_64-linux-gnu/ivl/va_math.vpi";
:vpi_module "/usr/lib/x86_64-linux-gnu/ivl/v2009.vpi";
S_0x63064a12c180 .scope package, "$unit" "$unit" 2 1;
 .timescale 0 0;
S_0x63064a112a60 .scope module, "riscv_processor" "riscv_processor" 3 10;
 .timescale 0 0;
    .port_info 0 /INPUT 1 "clk";
    .port_info 1 /INPUT 1 "reset";
    .port_info 2 /OUTPUT 32 "pc_out";
    .port_info 3 /OUTPUT 32 "instruction_out";
L_0x751e7e44f060 .functor BUFT 1, C4<11111111111111111111111111111110>, C4<0>, C4<0>, C4<0>;
L_0x63064a141340 .functor AND 32, L_0x63064a174ef0, L_0x751e7e44f060, C4<11111111111111111111111111111111>, C4<11111111111111111111111111111111>;
L_0x63064a1752a0 .functor BUFZ 32, v0x63064a15e4b0_0, C4<00000000000000000000000000000000>, C4<00000000000000000000000000000000>, C4<00000000000000000000000000000000>;
L_0x63064a175310 .functor BUFZ 32, L_0x63064a1754c0, C4<00000000000000000000000000000000>, C4<00000000000000000000000000000000>, C4<00000000000000000000000000000000>;
L_0x751e7e44f018 .functor BUFT 1, C4<00000000000000000000000000000100>, C4<0>, C4<0>, C4<0>;
v0x63064a160030_0 .net/2u *"_ivl_12", 31 0, L_0x751e7e44f018;  1 drivers
v0x63064a160130_0 .net *"_ivl_18", 31 0, L_0x63064a174ef0;  1 drivers
v0x63064a160210_0 .net/2u *"_ivl_20", 31 0, L_0x751e7e44f060;  1 drivers
v0x63064a1602d0_0 .net "alu_control", 3 0, v0x63064a15bc70_0;  1 drivers
v0x63064a160390_0 .net "alu_result", 31 0, v0x63064a15aeb0_0;  1 drivers
v0x63064a1604f0_0 .net "alu_src", 0 0, v0x63064a15bd50_0;  1 drivers
v0x63064a160590_0 .net "branch", 0 0, v0x63064a15bdf0_0;  1 drivers
o0x751e7e4988e8 .functor BUFZ 1, C4<z>; HiZ drive
v0x63064a160680_0 .net "clk", 0 0, o0x751e7e4988e8;  0 drivers
v0x63064a160720_0 .net "funct3", 2 0, L_0x63064a164970;  1 drivers
v0x63064a1607c0_0 .net "funct7", 6 0, L_0x63064a164bd0;  1 drivers
v0x63064a160880_0 .net "imm_ext", 31 0, v0x63064a15d6a0_0;  1 drivers
v0x63064a160920_0 .net "imm_src", 2 0, v0x63064a15c020_0;  1 drivers
v0x63064a160a10_0 .net "instruction", 31 0, L_0x63064a1754c0;  1 drivers
v0x63064a160b20_0 .net "instruction_out", 31 0, L_0x63064a175310;  1 drivers
v0x63064a160c00_0 .net "jalr_target", 31 0, L_0x63064a141340;  1 drivers
v0x63064a160ce0_0 .net "jump", 0 0, v0x63064a15c100_0;  1 drivers
v0x63064a160d80_0 .net "mem_read", 0 0, v0x63064a15c1c0_0;  1 drivers
v0x63064a160e20_0 .net "mem_to_reg", 0 0, v0x63064a15c280_0;  1 drivers
v0x63064a160ec0_0 .net "mem_write", 0 0, v0x63064a15c340_0;  1 drivers
v0x63064a160fb0_0 .net "opcode", 6 0, L_0x63064a164750;  1 drivers
v0x63064a161050_0 .net "pc", 31 0, v0x63064a15e4b0_0;  1 drivers
v0x63064a161140_0 .var "pc_next", 31 0;
v0x63064a1611e0_0 .net "pc_out", 31 0, L_0x63064a1752a0;  1 drivers
v0x63064a161280_0 .net "pc_plus4", 31 0, L_0x63064a174d10;  1 drivers
v0x63064a161360_0 .net "pc_src", 0 0, L_0x63064a176480;  1 drivers
v0x63064a161400_0 .net "pc_target", 31 0, L_0x63064a174e00;  1 drivers
v0x63064a1614c0_0 .net "rd", 4 0, L_0x63064a1647f0;  1 drivers
v0x63064a161580_0 .net "rd1", 31 0, L_0x63064a1758f0;  1 drivers
v0x63064a161670_0 .net "rd2", 31 0, L_0x63064a175e40;  1 drivers
v0x63064a161730_0 .net "read_data", 31 0, L_0x63064a1763c0;  1 drivers
v0x63064a1617f0_0 .net "reg_write", 0 0, v0x63064a15c4e0_0;  1 drivers
o0x751e7e498978 .functor BUFZ 1, C4<z>; HiZ drive
v0x63064a1618e0_0 .net "reset", 0 0, o0x751e7e498978;  0 drivers
v0x63064a161980_0 .var "result", 31 0;
v0x63064a161a20_0 .net "result_src", 0 0, v0x63064a15c5a0_0;  1 drivers
v0x63064a161af0_0 .net "rs1", 4 0, L_0x63064a164a10;  1 drivers
v0x63064a161bc0_0 .net "rs2", 4 0, L_0x63064a164ae0;  1 drivers
v0x63064a161c90_0 .var "src_a", 31 0;
v0x63064a161d60_0 .net "src_b", 31 0, L_0x63064a175030;  1 drivers
v0x63064a161e30_0 .net "zero", 0 0, L_0x63064a1760b0;  1 drivers
E_0x63064a0c9070/0 .event edge, v0x63064a15c100_0, v0x63064a161280_0, v0x63064a15c5a0_0, v0x63064a15cf80_0;
E_0x63064a0c9070/1 .event edge, v0x63064a15aeb0_0;
E_0x63064a0c9070 .event/or E_0x63064a0c9070/0, E_0x63064a0c9070/1;
E_0x63064a090640 .event edge, v0x63064a15c400_0, v0x63064a15dd70_0, v0x63064a15b680_0;
E_0x63064a0c94f0/0 .event edge, v0x63064a15c100_0, v0x63064a15c400_0, v0x63064a160c00_0, v0x63064a161400_0;
E_0x63064a0c94f0/1 .event edge, v0x63064a15b5c0_0, v0x63064a161280_0;
E_0x63064a0c94f0 .event/or E_0x63064a0c94f0/0, E_0x63064a0c94f0/1;
L_0x63064a164750 .part L_0x63064a1754c0, 0, 7;
L_0x63064a1647f0 .part L_0x63064a1754c0, 7, 5;
L_0x63064a164970 .part L_0x63064a1754c0, 12, 3;
L_0x63064a164a10 .part L_0x63064a1754c0, 15, 5;
L_0x63064a164ae0 .part L_0x63064a1754c0, 20, 5;
L_0x63064a164bd0 .part L_0x63064a1754c0, 25, 7;
L_0x63064a174d10 .arith/sum 32, v0x63064a15e4b0_0, L_0x751e7e44f018;
L_0x63064a174e00 .arith/sum 32, v0x63064a15e4b0_0, v0x63064a15d6a0_0;
L_0x63064a174ef0 .arith/sum 32, L_0x63064a1758f0, v0x63064a15d6a0_0;
L_0x63064a175030 .functor MUXZ 32, L_0x63064a175e40, v0x63064a15d6a0_0, v0x63064a15bd50_0, C4<>;
S_0x63064a111b90 .scope module, "alu_inst" "alu" 3 120, 4 10 0, S_0x63064a112a60;
 .timescale 0 0;
    .port_info 0 /INPUT 32 "a";
    .port_info 1 /INPUT 32 "b";
    .port_info 2 /INPUT 4 "alu_control";
    .port_info 3 /OUTPUT 32 "result";
    .port_info 4 /OUTPUT 1 "zero";
L_0x751e7e44f258 .functor BUFT 1, C4<00000000000000000000000000000000>, C4<0>, C4<0>, C4<0>;
v0x63064a0e7ba0_0 .net/2u *"_ivl_0", 31 0, L_0x751e7e44f258;  1 drivers
v0x63064a119f70_0 .net "a", 31 0, v0x63064a161c90_0;  1 drivers
v0x63064a15ad10_0 .net "alu_control", 3 0, v0x63064a15bc70_0;  alias, 1 drivers
v0x63064a15add0_0 .net "b", 31 0, L_0x63064a175030;  alias, 1 drivers
v0x63064a15aeb0_0 .var "result", 31 0;
v0x63064a15afe0_0 .net "zero", 0 0, L_0x63064a1760b0;  alias, 1 drivers
E_0x63064a0c7110 .event edge, v0x63064a15ad10_0, v0x63064a119f70_0, v0x63064a15add0_0, v0x63064a15add0_0;
L_0x63064a1760b0 .cmp/eq 32, v0x63064a15aeb0_0, L_0x751e7e44f258;
S_0x63064a15b140 .scope module, "branch_unit_inst" "branch_unit" 3 153, 5 13 0, S_0x63064a112a60;
 .timescale 0 0;
    .port_info 0 /INPUT 32 "rd1";
    .port_info 1 /INPUT 32 "rd2";
    .port_info 2 /INPUT 3 "funct3";
    .port_info 3 /INPUT 1 "branch";
    .port_info 4 /OUTPUT 1 "pc_src";
L_0x63064a176480 .functor AND 1, v0x63064a15bdf0_0, v0x63064a15b440_0, C4<1>, C4<1>;
v0x63064a15b360_0 .net "branch", 0 0, v0x63064a15bdf0_0;  alias, 1 drivers
v0x63064a15b440_0 .var "branch_condition", 0 0;
v0x63064a15b500_0 .net "funct3", 2 0, L_0x63064a164970;  alias, 1 drivers
v0x63064a15b5c0_0 .net "pc_src", 0 0, L_0x63064a176480;  alias, 1 drivers
v0x63064a15b680_0 .net "rd1", 31 0, L_0x63064a1758f0;  alias, 1 drivers
v0x63064a15b7b0_0 .net "rd2", 31 0, L_0x63064a175e40;  alias, 1 drivers
E_0x63064a0c75a0 .event edge, v0x63064a15b500_0, v0x63064a15b680_0, v0x63064a15b7b0_0;
S_0x63064a15b930 .scope module, "control_unit" "control" 3 137, 6 13 0, S_0x63064a112a60;
 .timescale 0 0;
    .port_info 0 /INPUT 7 "opcode";
    .port_info 1 /INPUT 3 "funct3";
    .port_info 2 /INPUT 7 "funct7";
    .port_info 3 /OUTPUT 1 "reg_write";
    .port_info 4 /OUTPUT 3 "imm_src";
    .port_info 5 /OUTPUT 1 "alu_src";
    .port_info 6 /OUTPUT 1 "mem_write";
    .port_info 7 /OUTPUT 1 "result_src";
    .port_info 8 /OUTPUT 1 "branch";
    .port_info 9 /OUTPUT 1 "mem_read";
    .port_info 10 /OUTPUT 1 "mem_to_reg";
    .port_info 11 /OUTPUT 1 "jump";
    .port_info 12 /OUTPUT 4 "alu_control";
v0x63064a15bc70_0 .var "alu_control", 3 0;
v0x63064a15bd50_0 .var "alu_src", 0 0;
v0x63064a15bdf0_0 .var "branch", 0 0;
v0x63064a15be90_0 .net "funct3", 2 0, L_0x63064a164970;  alias, 1 drivers
v0x63064a15bf30_0 .net "funct7", 6 0, L_0x63064a164bd0;  alias, 1 drivers
v0x63064a15c020_0 .var "imm_src", 2 0;
v0x63064a15c100_0 .var "jump", 0 0;
v0x63064a15c1c0_0 .var "mem_read", 0 0;
v0x63064a15c280_0 .var "mem_to_reg", 0 0;
v0x63064a15c340_0 .var "mem_write", 0 0;
v0x63064a15c400_0 .net "opcode", 6 0, L_0x63064a164750;  alias, 1 drivers
v0x63064a15c4e0_0 .var "reg_write", 0 0;
v0x63064a15c5a0_0 .var "result_src", 0 0;
E_0x63064a0f5b60 .event edge, v0x63064a15c400_0, v0x63064a15b500_0, v0x63064a15bf30_0;
S_0x63064a15c800 .scope module, "data_memory" "dmem" 3 128, 7 9 0, S_0x63064a112a60;
 .timescale 0 0;
    .port_info 0 /INPUT 1 "clk";
    .port_info 1 /INPUT 1 "we";
    .port_info 2 /INPUT 1 "reset";
    .port_info 3 /INPUT 32 "addr";
    .port_info 4 /INPUT 32 "wdata";
    .port_info 5 /OUTPUT 32 "rdata";
L_0x63064a1763c0 .functor BUFZ 32, L_0x63064a1761a0, C4<00000000000000000000000000000000>, C4<00000000000000000000000000000000>, C4<00000000000000000000000000000000>;
v0x63064a15ca70_0 .net *"_ivl_0", 31 0, L_0x63064a1761a0;  1 drivers
v0x63064a15cb70_0 .net *"_ivl_3", 29 0, L_0x63064a176240;  1 drivers
v0x63064a15cc50_0 .net "addr", 31 0, v0x63064a15aeb0_0;  alias, 1 drivers
v0x63064a15ccf0_0 .net "clk", 0 0, o0x751e7e4988e8;  alias, 0 drivers
v0x63064a15cd90_0 .var/i "i", 31 0;
v0x63064a15cec0 .array "mem", 1023 0, 31 0;
v0x63064a15cf80_0 .net "rdata", 31 0, L_0x63064a1763c0;  alias, 1 drivers
v0x63064a15d060_0 .net "reset", 0 0, o0x751e7e498978;  alias, 0 drivers
v0x63064a15d120_0 .net "wdata", 31 0, L_0x63064a175e40;  alias, 1 drivers
v0x63064a15d270_0 .net "we", 0 0, v0x63064a15c340_0;  alias, 1 drivers
E_0x63064a0c97b0 .event posedge, v0x63064a15ccf0_0;
L_0x63064a1761a0 .array/port v0x63064a15cec0, L_0x63064a176240;
L_0x63064a176240 .part v0x63064a15aeb0_0, 2, 30;
S_0x63064a15d3c0 .scope module, "imm_gen_inst" "immgen" 3 114, 8 9 0, S_0x63064a112a60;
 .timescale 0 0;
    .port_info 0 /INPUT 32 "instruction";
    .port_info 1 /INPUT 3 "imm_src";
    .port_info 2 /OUTPUT 32 "imm_ext";
v0x63064a15d6a0_0 .var "imm_ext", 31 0;
v0x63064a15d7a0_0 .net "imm_src", 2 0, v0x63064a15c020_0;  alias, 1 drivers
v0x63064a15d860_0 .net "instruction", 31 0, L_0x63064a1754c0;  alias, 1 drivers
E_0x63064a1279e0/0 .event edge, v0x63064a15c020_0, v0x63064a15d860_0, v0x63064a15d860_0, v0x63064a15d860_0;
E_0x63064a1279e0/1 .event edge, v0x63064a15d860_0, v0x63064a15d860_0, v0x63064a15d860_0, v0x63064a15d860_0;
E_0x63064a1279e0/2 .event edge, v0x63064a15d860_0, v0x63064a15d860_0, v0x63064a15d860_0, v0x63064a15d860_0;
E_0x63064a1279e0 .event/or E_0x63064a1279e0/0, E_0x63064a1279e0/1, E_0x63064a1279e0/2;
S_0x63064a15d9b0 .scope module, "instruction_memory" "imem" 3 97, 9 9 0, S_0x63064a112a60;
 .timescale 0 0;
    .port_info 0 /INPUT 32 "addr";
    .port_info 1 /OUTPUT 32 "instruction";
L_0x63064a1754c0 .functor BUFZ 32, L_0x63064a175380, C4<00000000000000000000000000000000>, C4<00000000000000000000000000000000>, C4<00000000000000000000000000000000>;
v0x63064a15db90_0 .net *"_ivl_0", 31 0, L_0x63064a175380;  1 drivers
v0x63064a15dc90_0 .net *"_ivl_3", 29 0, L_0x63064a175420;  1 drivers
v0x63064a15dd70_0 .net "addr", 31 0, v0x63064a15e4b0_0;  alias, 1 drivers
v0x63064a15de60_0 .var/i "i", 31 0;
v0x63064a15df40_0 .net "instruction", 31 0, L_0x63064a1754c0;  alias, 1 drivers
v0x63064a15e050 .array "mem", 1023 0, 31 0;
L_0x63064a175380 .array/port v0x63064a15e050, L_0x63064a175420;
L_0x63064a175420 .part v0x63064a15e4b0_0, 2, 30;
S_0x63064a15e150 .scope module, "pc_reg" "pc" 3 90, 10 9 0, S_0x63064a112a60;
 .timescale 0 0;
    .port_info 0 /INPUT 1 "clk";
    .port_info 1 /INPUT 1 "reset";
    .port_info 2 /INPUT 32 "pc_next";
    .port_info 3 /OUTPUT 32 "pc";
v0x63064a15e3c0_0 .net "clk", 0 0, o0x751e7e4988e8;  alias, 0 drivers
v0x63064a15e4b0_0 .var "pc", 31 0;
v0x63064a15e580_0 .net "pc_next", 31 0, v0x63064a161140_0;  1 drivers
v0x63064a15e650_0 .net "reset", 0 0, o0x751e7e498978;  alias, 0 drivers
E_0x63064a15e360 .event posedge, v0x63064a15d060_0, v0x63064a15ccf0_0;
S_0x63064a15e7b0 .scope module, "reg_file_inst" "register_file" 3 102, 11 10 0, S_0x63064a112a60;
 .timescale 0 0;
    .port_info 0 /INPUT 1 "clk";
    .port_info 1 /INPUT 1 "we";
    .port_info 2 /INPUT 1 "reset";
    .port_info 3 /INPUT 5 "ra1";
    .port_info 4 /INPUT 5 "ra2";
    .port_info 5 /INPUT 5 "wa";
    .port_info 6 /INPUT 32 "wd";
    .port_info 7 /OUTPUT 32 "rd1";
    .port_info 8 /OUTPUT 32 "rd2";
L_0x751e7e44f0a8 .functor BUFT 1, C4<00000>, C4<0>, C4<0>, C4<0>;
v0x63064a15eac0_0 .net/2u *"_ivl_0", 4 0, L_0x751e7e44f0a8;  1 drivers
L_0x751e7e44f138 .functor BUFT 1, C4<00>, C4<0>, C4<0>, C4<0>;
v0x63064a15ebc0_0 .net *"_ivl_11", 1 0, L_0x751e7e44f138;  1 drivers
L_0x751e7e44f180 .functor BUFT 1, C4<00000>, C4<0>, C4<0>, C4<0>;
v0x63064a15eca0_0 .net/2u *"_ivl_14", 4 0, L_0x751e7e44f180;  1 drivers
v0x63064a15ed60_0 .net *"_ivl_16", 0 0, L_0x63064a175af0;  1 drivers
L_0x751e7e44f1c8 .functor BUFT 1, C4<00000000000000000000000000000000>, C4<0>, C4<0>, C4<0>;
v0x63064a15ee20_0 .net/2u *"_ivl_18", 31 0, L_0x751e7e44f1c8;  1 drivers
v0x63064a15ef50_0 .net *"_ivl_2", 0 0, L_0x63064a175530;  1 drivers
v0x63064a15f010_0 .net *"_ivl_20", 31 0, L_0x63064a175be0;  1 drivers
v0x63064a15f0f0_0 .net *"_ivl_22", 6 0, L_0x63064a175cc0;  1 drivers
L_0x751e7e44f210 .functor BUFT 1, C4<00>, C4<0>, C4<0>, C4<0>;
v0x63064a15f1d0_0 .net *"_ivl_25", 1 0, L_0x751e7e44f210;  1 drivers
L_0x751e7e44f0f0 .functor BUFT 1, C4<00000000000000000000000000000000>, C4<0>, C4<0>, C4<0>;
v0x63064a15f340_0 .net/2u *"_ivl_4", 31 0, L_0x751e7e44f0f0;  1 drivers
v0x63064a15f420_0 .net *"_ivl_6", 31 0, L_0x63064a175620;  1 drivers
v0x63064a15f500_0 .net *"_ivl_8", 6 0, L_0x63064a175720;  1 drivers
v0x63064a15f5e0_0 .net "clk", 0 0, o0x751e7e4988e8;  alias, 0 drivers
v0x63064a15f680_0 .var/i "i", 31 0;
v0x63064a15f760_0 .net "ra1", 4 0, L_0x63064a164a10;  alias, 1 drivers
v0x63064a15f840_0 .net "ra2", 4 0, L_0x63064a164ae0;  alias, 1 drivers
v0x63064a15f920_0 .net "rd1", 31 0, L_0x63064a1758f0;  alias, 1 drivers
v0x63064a15f9e0_0 .net "rd2", 31 0, L_0x63064a175e40;  alias, 1 drivers
v0x63064a15fad0 .array "registers", 31 0, 31 0;
v0x63064a15fb90_0 .net "reset", 0 0, o0x751e7e498978;  alias, 0 drivers
v0x63064a15fc80_0 .net "wa", 4 0, L_0x63064a1647f0;  alias, 1 drivers
v0x63064a15fd60_0 .net "wd", 31 0, v0x63064a161980_0;  1 drivers
v0x63064a15fe40_0 .net "we", 0 0, v0x63064a15c4e0_0;  alias, 1 drivers
L_0x63064a175530 .cmp/eq 5, L_0x63064a164a10, L_0x751e7e44f0a8;
L_0x63064a175620 .array/port v0x63064a15fad0, L_0x63064a175720;
L_0x63064a175720 .concat [ 5 2 0 0], L_0x63064a164a10, L_0x751e7e44f138;
L_0x63064a1758f0 .functor MUXZ 32, L_0x63064a175620, L_0x751e7e44f0f0, L_0x63064a175530, C4<>;
L_0x63064a175af0 .cmp/eq 5, L_0x63064a164ae0, L_0x751e7e44f180;
L_0x63064a175be0 .array/port v0x63064a15fad0, L_0x63064a175cc0;
L_0x63064a175cc0 .concat [ 5 2 0 0], L_0x63064a164ae0, L_0x751e7e44f210;
L_0x63064a175e40 .functor MUXZ 32, L_0x63064a175be0, L_0x751e7e44f1c8, L_0x63064a175af0, C4<>;
S_0x63064a112690 .scope module, "tb_control" "tb_control" 12 10;
 .timescale 0 0;
v0x63064a163be0_0 .net "alu_control", 3 0, v0x63064a162310_0;  1 drivers
v0x63064a163cc0_0 .net "alu_src", 0 0, v0x63064a162410_0;  1 drivers
v0x63064a163d90_0 .net "branch", 0 0, v0x63064a1624d0_0;  1 drivers
v0x63064a163e90_0 .var/2s "failed", 31 0;
v0x63064a163f30_0 .var "funct3", 2 0;
v0x63064a163fd0_0 .var "funct7", 6 0;
v0x63064a1640a0_0 .net "imm_src", 2 0, v0x63064a162780_0;  1 drivers
v0x63064a164170_0 .net "jump", 0 0, v0x63064a162860_0;  1 drivers
v0x63064a164240_0 .net "mem_write", 0 0, v0x63064a162aa0_0;  1 drivers
v0x63064a1643a0_0 .var "opcode", 6 0;
v0x63064a164470_0 .var/2s "passed", 31 0;
v0x63064a164510_0 .net "reg_write", 0 0, v0x63064a162c40_0;  1 drivers
v0x63064a1645e0_0 .net "result_src", 0 0, v0x63064a162d00_0;  1 drivers
v0x63064a1646b0_0 .var/2s "total", 31 0;
S_0x63064a161f50 .scope module, "dut" "control" 12 30, 6 13 0, S_0x63064a112690;
 .timescale 0 0;
    .port_info 0 /INPUT 7 "opcode";
    .port_info 1 /INPUT 3 "funct3";
    .port_info 2 /INPUT 7 "funct7";
    .port_info 3 /OUTPUT 1 "reg_write";
    .port_info 4 /OUTPUT 3 "imm_src";
    .port_info 5 /OUTPUT 1 "alu_src";
    .port_info 6 /OUTPUT 1 "mem_write";
    .port_info 7 /OUTPUT 1 "result_src";
    .port_info 8 /OUTPUT 1 "branch";
    .port_info 9 /OUTPUT 1 "mem_read";
    .port_info 10 /OUTPUT 1 "mem_to_reg";
    .port_info 11 /OUTPUT 1 "jump";
    .port_info 12 /OUTPUT 4 "alu_control";
v0x63064a162310_0 .var "alu_control", 3 0;
v0x63064a162410_0 .var "alu_src", 0 0;
v0x63064a1624d0_0 .var "branch", 0 0;
v0x63064a162570_0 .net "funct3", 2 0, v0x63064a163f30_0;  1 drivers
v0x63064a162650_0 .net "funct7", 6 0, v0x63064a163fd0_0;  1 drivers
v0x63064a162780_0 .var "imm_src", 2 0;
v0x63064a162860_0 .var "jump", 0 0;
v0x63064a162920_0 .var "mem_read", 0 0;
v0x63064a1629e0_0 .var "mem_to_reg", 0 0;
v0x63064a162aa0_0 .var "mem_write", 0 0;
v0x63064a162b60_0 .net "opcode", 6 0, v0x63064a1643a0_0;  1 drivers
v0x63064a162c40_0 .var "reg_write", 0 0;
v0x63064a162d00_0 .var "result_src", 0 0;
E_0x63064a162290 .event edge, v0x63064a162b60_0, v0x63064a162570_0, v0x63064a162650_0;
S_0x63064a162fd0 .scope task, "run_test" "run_test" 12 45, 12 45 0, S_0x63064a112690;
 .timescale 0 0;
v0x63064a163180_0 .var/str "desc";
v0x63064a163240_0 .var "exp_alu_control", 3 0;
v0x63064a163320_0 .var "exp_alu_src", 0 0;
v0x63064a1633c0_0 .var "exp_branch", 0 0;
v0x63064a163480_0 .var "exp_imm_src", 2 0;
v0x63064a1635b0_0 .var "exp_jump", 0 0;
v0x63064a163670_0 .var "exp_mem_write", 0 0;
v0x63064a163730_0 .var "exp_reg_write", 0 0;
v0x63064a1637f0_0 .var "exp_result_src", 0 0;
v0x63064a163940_0 .var "f3", 2 0;
v0x63064a163a20_0 .var "f7", 6 0;
v0x63064a163b00_0 .var "opc", 6 0;
TD_tb_control.run_test ;
    %load/vec4 v0x63064a163b00_0;
    %store/vec4 v0x63064a1643a0_0, 0, 7;
    %load/vec4 v0x63064a163940_0;
    %store/vec4 v0x63064a163f30_0, 0, 3;
    %load/vec4 v0x63064a163a20_0;
    %store/vec4 v0x63064a163fd0_0, 0, 7;
    %delay 1, 0;
    ; show_stmt_assign_vector: Get l-value for compressed += operand
    %load/vec4 v0x63064a1646b0_0;
    %pushi/vec4 1, 0, 32;
    %add;
    %cast2;
    %store/vec4 v0x63064a1646b0_0, 0, 32;
    %load/vec4 v0x63064a164510_0;
    %load/vec4 v0x63064a163730_0;
    %cmp/e;
    %flag_get/vec4 4;
    %load/vec4 v0x63064a1640a0_0;
    %load/vec4 v0x63064a163480_0;
    %cmp/e;
    %flag_get/vec4 4;
    %and;
    %load/vec4 v0x63064a163cc0_0;
    %load/vec4 v0x63064a163320_0;
    %cmp/e;
    %flag_get/vec4 4;
    %and;
    %load/vec4 v0x63064a164240_0;
    %load/vec4 v0x63064a163670_0;
    %cmp/e;
    %flag_get/vec4 4;
    %and;
    %load/vec4 v0x63064a1645e0_0;
    %load/vec4 v0x63064a1637f0_0;
    %cmp/e;
    %flag_get/vec4 4;
    %and;
    %load/vec4 v0x63064a163d90_0;
    %load/vec4 v0x63064a1633c0_0;
    %cmp/e;
    %flag_get/vec4 4;
    %and;
    %load/vec4 v0x63064a164170_0;
    %load/vec4 v0x63064a1635b0_0;
    %cmp/e;
    %flag_get/vec4 4;
    %and;
    %load/vec4 v0x63064a163be0_0;
    %load/vec4 v0x63064a163240_0;
    %cmp/e;
    %flag_get/vec4 4;
    %and;
    %flag_set/vec4 8;
    %jmp/0xz  T_0.0, 8;
    ; show_stmt_assign_vector: Get l-value for compressed += operand
    %load/vec4 v0x63064a164470_0;
    %pushi/vec4 1, 0, 32;
    %add;
    %cast2;
    %store/vec4 v0x63064a164470_0, 0, 32;
    %vpi_call/w 12 70 "$display", "[PASS] %-25s | ALU=%b IMM=%b", v0x63064a163180_0, v0x63064a163be0_0, v0x63064a1640a0_0 {0 0 0};
    %jmp T_0.1;
T_0.0 ;
    ; show_stmt_assign_vector: Get l-value for compressed += operand
    %load/vec4 v0x63064a163e90_0;
    %pushi/vec4 1, 0, 32;
    %add;
    %cast2;
    %store/vec4 v0x63064a163e90_0, 0, 32;
    %vpi_call/w 12 73 "$display", "[FAIL] %-25s", v0x63064a163180_0 {0 0 0};
    %vpi_call/w 12 74 "$display", "       => reg_write=%b (exp %b), imm_src=%b (exp %b), alu_src=%b (exp %b)", v0x63064a164510_0, v0x63064a163730_0, v0x63064a1640a0_0, v0x63064a163480_0, v0x63064a163cc0_0, v0x63064a163320_0 {0 0 0};
    %vpi_call/w 12 76 "$display", "       => mem_write=%b (exp %b), result_src=%b (exp %b), branch=%b (exp %b), jump=%b (exp %b)", v0x63064a164240_0, v0x63064a163670_0, v0x63064a1645e0_0, v0x63064a1637f0_0, v0x63064a163d90_0, v0x63064a1633c0_0, v0x63064a164170_0, v0x63064a1635b0_0 {0 0 0};
    %vpi_call/w 12 78 "$display", "       => alu_control=%b (exp %b)", v0x63064a163be0_0, v0x63064a163240_0 {0 0 0};
T_0.1 ;
    %end;
    .scope S_0x63064a15e150;
T_1 ;
    %wait E_0x63064a15e360;
    %load/vec4 v0x63064a15e650_0;
    %flag_set/vec4 8;
    %jmp/0xz  T_1.0, 8;
    %pushi/vec4 0, 0, 32;
    %assign/vec4 v0x63064a15e4b0_0, 0;
    %jmp T_1.1;
T_1.0 ;
    %load/vec4 v0x63064a15e580_0;
    %assign/vec4 v0x63064a15e4b0_0, 0;
T_1.1 ;
    %jmp T_1;
    .thread T_1;
    .scope S_0x63064a15d9b0;
T_2 ;
    %pushi/vec4 0, 0, 32;
    %store/vec4 v0x63064a15de60_0, 0, 32;
T_2.0 ;
    %load/vec4 v0x63064a15de60_0;
    %cmpi/s 1024, 0, 32;
    %jmp/0xz T_2.1, 5;
    %pushi/vec4 19, 0, 32;
    %ix/getv/s 4, v0x63064a15de60_0;
    %store/vec4a v0x63064a15e050, 4, 0;
    %load/vec4 v0x63064a15de60_0;
    %addi 1, 0, 32;
    %store/vec4 v0x63064a15de60_0, 0, 32;
    %jmp T_2.0;
T_2.1 ;
    %pushi/vec4 5243027, 0, 32;
    %ix/load 4, 0, 0;
    %flag_set/imm 4, 0;
    %store/vec4a v0x63064a15e050, 4, 0;
    %pushi/vec4 6291731, 0, 32;
    %ix/load 4, 1, 0;
    %flag_set/imm 4, 0;
    %store/vec4a v0x63064a15e050, 4, 0;
    %pushi/vec4 2130355, 0, 32;
    %ix/load 4, 2, 0;
    %flag_set/imm 4, 0;
    %store/vec4a v0x63064a15e050, 4, 0;
    %end;
    .thread T_2;
    .scope S_0x63064a15e7b0;
T_3 ;
    %pushi/vec4 0, 0, 32;
    %store/vec4 v0x63064a15f680_0, 0, 32;
T_3.0 ;
    %load/vec4 v0x63064a15f680_0;
    %cmpi/s 32, 0, 32;
    %jmp/0xz T_3.1, 5;
    %pushi/vec4 0, 0, 32;
    %ix/getv/s 4, v0x63064a15f680_0;
    %store/vec4a v0x63064a15fad0, 4, 0;
    %load/vec4 v0x63064a15f680_0;
    %addi 1, 0, 32;
    %store/vec4 v0x63064a15f680_0, 0, 32;
    %jmp T_3.0;
T_3.1 ;
    %end;
    .thread T_3;
    .scope S_0x63064a15e7b0;
T_4 ;
    %wait E_0x63064a0c97b0;
    %load/vec4 v0x63064a15fb90_0;
    %flag_set/vec4 8;
    %jmp/0xz  T_4.0, 8;
    %pushi/vec4 0, 0, 32;
    %store/vec4 v0x63064a15f680_0, 0, 32;
T_4.2 ;
    %load/vec4 v0x63064a15f680_0;
    %cmpi/s 32, 0, 32;
    %jmp/0xz T_4.3, 5;
    %pushi/vec4 0, 0, 32;
    %ix/getv/s 3, v0x63064a15f680_0;
    %ix/load 4, 0, 0; Constant delay
    %assign/vec4/a/d v0x63064a15fad0, 0, 4;
    %load/vec4 v0x63064a15f680_0;
    %addi 1, 0, 32;
    %store/vec4 v0x63064a15f680_0, 0, 32;
    %jmp T_4.2;
T_4.3 ;
    %jmp T_4.1;
T_4.0 ;
    %load/vec4 v0x63064a15fe40_0;
    %load/vec4 v0x63064a15fc80_0;
    %pushi/vec4 0, 0, 5;
    %cmp/ne;
    %flag_get/vec4 4;
    %and;
    %flag_set/vec4 8;
    %jmp/0xz  T_4.4, 8;
    %load/vec4 v0x63064a15fd60_0;
    %load/vec4 v0x63064a15fc80_0;
    %pad/u 7;
    %ix/vec4 3;
    %ix/load 4, 0, 0; Constant delay
    %assign/vec4/a/d v0x63064a15fad0, 0, 4;
T_4.4 ;
T_4.1 ;
    %jmp T_4;
    .thread T_4;
    .scope S_0x63064a15d3c0;
T_5 ;
Ewait_0 .event/or E_0x63064a1279e0, E_0x0;
    %wait Ewait_0;
    %load/vec4 v0x63064a15d7a0_0;
    %dup/vec4;
    %pushi/vec4 0, 0, 3;
    %cmp/u;
    %jmp/1 T_5.0, 6;
    %dup/vec4;
    %pushi/vec4 1, 0, 3;
    %cmp/u;
    %jmp/1 T_5.1, 6;
    %dup/vec4;
    %pushi/vec4 2, 0, 3;
    %cmp/u;
    %jmp/1 T_5.2, 6;
    %dup/vec4;
    %pushi/vec4 3, 0, 3;
    %cmp/u;
    %jmp/1 T_5.3, 6;
    %dup/vec4;
    %pushi/vec4 4, 0, 3;
    %cmp/u;
    %jmp/1 T_5.4, 6;
    %pushi/vec4 0, 0, 32;
    %store/vec4 v0x63064a15d6a0_0, 0, 32;
    %jmp T_5.6;
T_5.0 ;
    %load/vec4 v0x63064a15d860_0;
    %parti/s 1, 31, 6;
    %replicate 20;
    %load/vec4 v0x63064a15d860_0;
    %parti/s 12, 20, 6;
    %concat/vec4; draw_concat_vec4
    %store/vec4 v0x63064a15d6a0_0, 0, 32;
    %jmp T_5.6;
T_5.1 ;
    %load/vec4 v0x63064a15d860_0;
    %parti/s 1, 31, 6;
    %replicate 20;
    %load/vec4 v0x63064a15d860_0;
    %parti/s 7, 25, 6;
    %concat/vec4; draw_concat_vec4
    %load/vec4 v0x63064a15d860_0;
    %parti/s 5, 7, 4;
    %concat/vec4; draw_concat_vec4
    %store/vec4 v0x63064a15d6a0_0, 0, 32;
    %jmp T_5.6;
T_5.2 ;
    %load/vec4 v0x63064a15d860_0;
    %parti/s 1, 31, 6;
    %replicate 19;
    %load/vec4 v0x63064a15d860_0;
    %parti/s 1, 31, 6;
    %concat/vec4; draw_concat_vec4
    %load/vec4 v0x63064a15d860_0;
    %parti/s 1, 7, 4;
    %concat/vec4; draw_concat_vec4
    %load/vec4 v0x63064a15d860_0;
    %parti/s 6, 25, 6;
    %concat/vec4; draw_concat_vec4
    %load/vec4 v0x63064a15d860_0;
    %parti/s 4, 8, 5;
    %concat/vec4; draw_concat_vec4
    %concati/vec4 0, 0, 1;
    %store/vec4 v0x63064a15d6a0_0, 0, 32;
    %jmp T_5.6;
T_5.3 ;
    %load/vec4 v0x63064a15d860_0;
    %parti/s 20, 12, 5;
    %concati/vec4 0, 0, 12;
    %store/vec4 v0x63064a15d6a0_0, 0, 32;
    %jmp T_5.6;
T_5.4 ;
    %load/vec4 v0x63064a15d860_0;
    %parti/s 1, 31, 6;
    %replicate 11;
    %load/vec4 v0x63064a15d860_0;
    %parti/s 1, 31, 6;
    %concat/vec4; draw_concat_vec4
    %load/vec4 v0x63064a15d860_0;
    %parti/s 8, 12, 5;
    %concat/vec4; draw_concat_vec4
    %load/vec4 v0x63064a15d860_0;
    %parti/s 1, 20, 6;
    %concat/vec4; draw_concat_vec4
    %load/vec4 v0x63064a15d860_0;
    %parti/s 10, 21, 6;
    %concat/vec4; draw_concat_vec4
    %concati/vec4 0, 0, 1;
    %store/vec4 v0x63064a15d6a0_0, 0, 32;
    %jmp T_5.6;
T_5.6 ;
    %pop/vec4 1;
    %jmp T_5;
    .thread T_5, $push;
    .scope S_0x63064a111b90;
T_6 ;
Ewait_1 .event/or E_0x63064a0c7110, E_0x0;
    %wait Ewait_1;
    %load/vec4 v0x63064a15ad10_0;
    %dup/vec4;
    %pushi/vec4 0, 0, 4;
    %cmp/u;
    %jmp/1 T_6.0, 6;
    %dup/vec4;
    %pushi/vec4 1, 0, 4;
    %cmp/u;
    %jmp/1 T_6.1, 6;
    %dup/vec4;
    %pushi/vec4 2, 0, 4;
    %cmp/u;
    %jmp/1 T_6.2, 6;
    %dup/vec4;
    %pushi/vec4 3, 0, 4;
    %cmp/u;
    %jmp/1 T_6.3, 6;
    %dup/vec4;
    %pushi/vec4 4, 0, 4;
    %cmp/u;
    %jmp/1 T_6.4, 6;
    %dup/vec4;
    %pushi/vec4 5, 0, 4;
    %cmp/u;
    %jmp/1 T_6.5, 6;
    %dup/vec4;
    %pushi/vec4 6, 0, 4;
    %cmp/u;
    %jmp/1 T_6.6, 6;
    %dup/vec4;
    %pushi/vec4 7, 0, 4;
    %cmp/u;
    %jmp/1 T_6.7, 6;
    %dup/vec4;
    %pushi/vec4 8, 0, 4;
    %cmp/u;
    %jmp/1 T_6.8, 6;
    %dup/vec4;
    %pushi/vec4 9, 0, 4;
    %cmp/u;
    %jmp/1 T_6.9, 6;
    %pushi/vec4 0, 0, 32;
    %store/vec4 v0x63064a15aeb0_0, 0, 32;
    %jmp T_6.11;
T_6.0 ;
    %load/vec4 v0x63064a119f70_0;
    %load/vec4 v0x63064a15add0_0;
    %add;
    %store/vec4 v0x63064a15aeb0_0, 0, 32;
    %jmp T_6.11;
T_6.1 ;
    %load/vec4 v0x63064a119f70_0;
    %load/vec4 v0x63064a15add0_0;
    %sub;
    %store/vec4 v0x63064a15aeb0_0, 0, 32;
    %jmp T_6.11;
T_6.2 ;
    %load/vec4 v0x63064a119f70_0;
    %load/vec4 v0x63064a15add0_0;
    %and;
    %store/vec4 v0x63064a15aeb0_0, 0, 32;
    %jmp T_6.11;
T_6.3 ;
    %load/vec4 v0x63064a119f70_0;
    %load/vec4 v0x63064a15add0_0;
    %or;
    %store/vec4 v0x63064a15aeb0_0, 0, 32;
    %jmp T_6.11;
T_6.4 ;
    %load/vec4 v0x63064a119f70_0;
    %load/vec4 v0x63064a15add0_0;
    %xor;
    %store/vec4 v0x63064a15aeb0_0, 0, 32;
    %jmp T_6.11;
T_6.5 ;
    %load/vec4 v0x63064a119f70_0;
    %load/vec4 v0x63064a15add0_0;
    %parti/s 5, 0, 2;
    %ix/vec4 4;
    %shiftl 4;
    %store/vec4 v0x63064a15aeb0_0, 0, 32;
    %jmp T_6.11;
T_6.6 ;
    %load/vec4 v0x63064a119f70_0;
    %load/vec4 v0x63064a15add0_0;
    %parti/s 5, 0, 2;
    %ix/vec4 4;
    %shiftr 4;
    %store/vec4 v0x63064a15aeb0_0, 0, 32;
    %jmp T_6.11;
T_6.7 ;
    %load/vec4 v0x63064a119f70_0;
    %load/vec4 v0x63064a15add0_0;
    %parti/s 5, 0, 2;
    %ix/vec4 4;
    %shiftr/s 4;
    %store/vec4 v0x63064a15aeb0_0, 0, 32;
    %jmp T_6.11;
T_6.8 ;
    %pushi/vec4 0, 0, 31;
    %load/vec4 v0x63064a119f70_0;
    %load/vec4 v0x63064a15add0_0;
    %cmp/s;
    %flag_get/vec4 5;
    %concat/vec4; draw_concat_vec4
    %store/vec4 v0x63064a15aeb0_0, 0, 32;
    %jmp T_6.11;
T_6.9 ;
    %pushi/vec4 0, 0, 31;
    %load/vec4 v0x63064a119f70_0;
    %load/vec4 v0x63064a15add0_0;
    %cmp/u;
    %flag_get/vec4 5;
    %concat/vec4; draw_concat_vec4
    %store/vec4 v0x63064a15aeb0_0, 0, 32;
    %jmp T_6.11;
T_6.11 ;
    %pop/vec4 1;
    %jmp T_6;
    .thread T_6, $push;
    .scope S_0x63064a15c800;
T_7 ;
    %pushi/vec4 0, 0, 32;
    %store/vec4 v0x63064a15cd90_0, 0, 32;
T_7.0 ;
    %load/vec4 v0x63064a15cd90_0;
    %cmpi/s 1024, 0, 32;
    %jmp/0xz T_7.1, 5;
    %pushi/vec4 0, 0, 32;
    %ix/getv/s 4, v0x63064a15cd90_0;
    %store/vec4a v0x63064a15cec0, 4, 0;
    %load/vec4 v0x63064a15cd90_0;
    %addi 1, 0, 32;
    %store/vec4 v0x63064a15cd90_0, 0, 32;
    %jmp T_7.0;
T_7.1 ;
    %end;
    .thread T_7;
    .scope S_0x63064a15c800;
T_8 ;
    %wait E_0x63064a0c97b0;
    %load/vec4 v0x63064a15d270_0;
    %flag_set/vec4 8;
    %jmp/0xz  T_8.0, 8;
    %load/vec4 v0x63064a15d120_0;
    %load/vec4 v0x63064a15cc50_0;
    %parti/s 30, 2, 3;
    %ix/vec4 3;
    %ix/load 4, 0, 0; Constant delay
    %assign/vec4/a/d v0x63064a15cec0, 0, 4;
T_8.0 ;
    %jmp T_8;
    .thread T_8;
    .scope S_0x63064a15b930;
T_9 ;
Ewait_2 .event/or E_0x63064a0f5b60, E_0x0;
    %wait Ewait_2;
    %pushi/vec4 0, 0, 1;
    %store/vec4 v0x63064a15c4e0_0, 0, 1;
    %pushi/vec4 0, 0, 3;
    %store/vec4 v0x63064a15c020_0, 0, 3;
    %pushi/vec4 0, 0, 1;
    %store/vec4 v0x63064a15bd50_0, 0, 1;
    %pushi/vec4 0, 0, 1;
    %store/vec4 v0x63064a15c340_0, 0, 1;
    %pushi/vec4 0, 0, 1;
    %store/vec4 v0x63064a15c5a0_0, 0, 1;
    %pushi/vec4 0, 0, 1;
    %store/vec4 v0x63064a15bdf0_0, 0, 1;
    %pushi/vec4 0, 0, 1;
    %store/vec4 v0x63064a15c1c0_0, 0, 1;
    %pushi/vec4 0, 0, 1;
    %store/vec4 v0x63064a15c280_0, 0, 1;
    %pushi/vec4 0, 0, 1;
    %store/vec4 v0x63064a15c100_0, 0, 1;
    %pushi/vec4 0, 0, 4;
    %store/vec4 v0x63064a15bc70_0, 0, 4;
    %load/vec4 v0x63064a15c400_0;
    %dup/vec4;
    %pushi/vec4 51, 0, 7;
    %cmp/u;
    %jmp/1 T_9.0, 6;
    %dup/vec4;
    %pushi/vec4 19, 0, 7;
    %cmp/u;
    %jmp/1 T_9.1, 6;
    %dup/vec4;
    %pushi/vec4 3, 0, 7;
    %cmp/u;
    %jmp/1 T_9.2, 6;
    %dup/vec4;
    %pushi/vec4 35, 0, 7;
    %cmp/u;
    %jmp/1 T_9.3, 6;
    %dup/vec4;
    %pushi/vec4 99, 0, 7;
    %cmp/u;
    %jmp/1 T_9.4, 6;
    %dup/vec4;
    %pushi/vec4 111, 0, 7;
    %cmp/u;
    %jmp/1 T_9.5, 6;
    %dup/vec4;
    %pushi/vec4 103, 0, 7;
    %cmp/u;
    %jmp/1 T_9.6, 6;
    %dup/vec4;
    %pushi/vec4 55, 0, 7;
    %cmp/u;
    %jmp/1 T_9.7, 6;
    %dup/vec4;
    %pushi/vec4 23, 0, 7;
    %cmp/u;
    %jmp/1 T_9.8, 6;
    %jmp T_9.10;
T_9.0 ;
    %pushi/vec4 1, 0, 1;
    %store/vec4 v0x63064a15c4e0_0, 0, 1;
    %load/vec4 v0x63064a15be90_0;
    %load/vec4 v0x63064a15bf30_0;
    %parti/s 1, 5, 4;
    %concat/vec4; draw_concat_vec4
    %dup/vec4;
    %pushi/vec4 0, 0, 4;
    %cmp/u;
    %jmp/1 T_9.11, 6;
    %dup/vec4;
    %pushi/vec4 1, 0, 4;
    %cmp/u;
    %jmp/1 T_9.12, 6;
    %dup/vec4;
    %pushi/vec4 2, 0, 4;
    %cmp/u;
    %jmp/1 T_9.13, 6;
    %dup/vec4;
    %pushi/vec4 4, 0, 4;
    %cmp/u;
    %jmp/1 T_9.14, 6;
    %dup/vec4;
    %pushi/vec4 6, 0, 4;
    %cmp/u;
    %jmp/1 T_9.15, 6;
    %dup/vec4;
    %pushi/vec4 8, 0, 4;
    %cmp/u;
    %jmp/1 T_9.16, 6;
    %dup/vec4;
    %pushi/vec4 10, 0, 4;
    %cmp/u;
    %jmp/1 T_9.17, 6;
    %dup/vec4;
    %pushi/vec4 11, 0, 4;
    %cmp/u;
    %jmp/1 T_9.18, 6;
    %dup/vec4;
    %pushi/vec4 12, 0, 4;
    %cmp/u;
    %jmp/1 T_9.19, 6;
    %dup/vec4;
    %pushi/vec4 14, 0, 4;
    %cmp/u;
    %jmp/1 T_9.20, 6;
    %pushi/vec4 0, 0, 4;
    %store/vec4 v0x63064a15bc70_0, 0, 4;
    %jmp T_9.22;
T_9.11 ;
    %pushi/vec4 0, 0, 4;
    %store/vec4 v0x63064a15bc70_0, 0, 4;
    %jmp T_9.22;
T_9.12 ;
    %pushi/vec4 1, 0, 4;
    %store/vec4 v0x63064a15bc70_0, 0, 4;
    %jmp T_9.22;
T_9.13 ;
    %pushi/vec4 5, 0, 4;
    %store/vec4 v0x63064a15bc70_0, 0, 4;
    %jmp T_9.22;
T_9.14 ;
    %pushi/vec4 8, 0, 4;
    %store/vec4 v0x63064a15bc70_0, 0, 4;
    %jmp T_9.22;
T_9.15 ;
    %pushi/vec4 9, 0, 4;
    %store/vec4 v0x63064a15bc70_0, 0, 4;
    %jmp T_9.22;
T_9.16 ;
    %pushi/vec4 4, 0, 4;
    %store/vec4 v0x63064a15bc70_0, 0, 4;
    %jmp T_9.22;
T_9.17 ;
    %pushi/vec4 6, 0, 4;
    %store/vec4 v0x63064a15bc70_0, 0, 4;
    %jmp T_9.22;
T_9.18 ;
    %pushi/vec4 7, 0, 4;
    %store/vec4 v0x63064a15bc70_0, 0, 4;
    %jmp T_9.22;
T_9.19 ;
    %pushi/vec4 3, 0, 4;
    %store/vec4 v0x63064a15bc70_0, 0, 4;
    %jmp T_9.22;
T_9.20 ;
    %pushi/vec4 2, 0, 4;
    %store/vec4 v0x63064a15bc70_0, 0, 4;
    %jmp T_9.22;
T_9.22 ;
    %pop/vec4 1;
    %jmp T_9.10;
T_9.1 ;
    %pushi/vec4 1, 0, 1;
    %store/vec4 v0x63064a15c4e0_0, 0, 1;
    %pushi/vec4 0, 0, 3;
    %store/vec4 v0x63064a15c020_0, 0, 3;
    %pushi/vec4 1, 0, 1;
    %store/vec4 v0x63064a15bd50_0, 0, 1;
    %load/vec4 v0x63064a15be90_0;
    %dup/vec4;
    %pushi/vec4 0, 0, 3;
    %cmp/u;
    %jmp/1 T_9.23, 6;
    %dup/vec4;
    %pushi/vec4 1, 0, 3;
    %cmp/u;
    %jmp/1 T_9.24, 6;
    %dup/vec4;
    %pushi/vec4 2, 0, 3;
    %cmp/u;
    %jmp/1 T_9.25, 6;
    %dup/vec4;
    %pushi/vec4 3, 0, 3;
    %cmp/u;
    %jmp/1 T_9.26, 6;
    %dup/vec4;
    %pushi/vec4 4, 0, 3;
    %cmp/u;
    %jmp/1 T_9.27, 6;
    %dup/vec4;
    %pushi/vec4 5, 0, 3;
    %cmp/u;
    %jmp/1 T_9.28, 6;
    %dup/vec4;
    %pushi/vec4 6, 0, 3;
    %cmp/u;
    %jmp/1 T_9.29, 6;
    %dup/vec4;
    %pushi/vec4 7, 0, 3;
    %cmp/u;
    %jmp/1 T_9.30, 6;
    %pushi/vec4 0, 0, 4;
    %store/vec4 v0x63064a15bc70_0, 0, 4;
    %jmp T_9.32;
T_9.23 ;
    %pushi/vec4 0, 0, 4;
    %store/vec4 v0x63064a15bc70_0, 0, 4;
    %jmp T_9.32;
T_9.24 ;
    %pushi/vec4 5, 0, 4;
    %store/vec4 v0x63064a15bc70_0, 0, 4;
    %jmp T_9.32;
T_9.25 ;
    %pushi/vec4 8, 0, 4;
    %store/vec4 v0x63064a15bc70_0, 0, 4;
    %jmp T_9.32;
T_9.26 ;
    %pushi/vec4 9, 0, 4;
    %store/vec4 v0x63064a15bc70_0, 0, 4;
    %jmp T_9.32;
T_9.27 ;
    %pushi/vec4 4, 0, 4;
    %store/vec4 v0x63064a15bc70_0, 0, 4;
    %jmp T_9.32;
T_9.28 ;
    %load/vec4 v0x63064a15bf30_0;
    %parti/s 1, 5, 4;
    %flag_set/vec4 8;
    %jmp/0 T_9.33, 8;
    %pushi/vec4 7, 0, 4;
    %jmp/1 T_9.34, 8;
T_9.33 ; End of true expr.
    %pushi/vec4 6, 0, 4;
    %jmp/0 T_9.34, 8;
 ; End of false expr.
    %blend;
T_9.34;
    %store/vec4 v0x63064a15bc70_0, 0, 4;
    %jmp T_9.32;
T_9.29 ;
    %pushi/vec4 3, 0, 4;
    %store/vec4 v0x63064a15bc70_0, 0, 4;
    %jmp T_9.32;
T_9.30 ;
    %pushi/vec4 2, 0, 4;
    %store/vec4 v0x63064a15bc70_0, 0, 4;
    %jmp T_9.32;
T_9.32 ;
    %pop/vec4 1;
    %jmp T_9.10;
T_9.2 ;
    %pushi/vec4 1, 0, 1;
    %store/vec4 v0x63064a15c4e0_0, 0, 1;
    %pushi/vec4 0, 0, 3;
    %store/vec4 v0x63064a15c020_0, 0, 3;
    %pushi/vec4 1, 0, 1;
    %store/vec4 v0x63064a15bd50_0, 0, 1;
    %pushi/vec4 1, 0, 1;
    %store/vec4 v0x63064a15c5a0_0, 0, 1;
    %pushi/vec4 1, 0, 1;
    %store/vec4 v0x63064a15c1c0_0, 0, 1;
    %pushi/vec4 1, 0, 1;
    %store/vec4 v0x63064a15c280_0, 0, 1;
    %pushi/vec4 0, 0, 4;
    %store/vec4 v0x63064a15bc70_0, 0, 4;
    %jmp T_9.10;
T_9.3 ;
    %pushi/vec4 1, 0, 3;
    %store/vec4 v0x63064a15c020_0, 0, 3;
    %pushi/vec4 1, 0, 1;
    %store/vec4 v0x63064a15bd50_0, 0, 1;
    %pushi/vec4 1, 0, 1;
    %store/vec4 v0x63064a15c340_0, 0, 1;
    %pushi/vec4 0, 0, 4;
    %store/vec4 v0x63064a15bc70_0, 0, 4;
    %jmp T_9.10;
T_9.4 ;
    %pushi/vec4 2, 0, 3;
    %store/vec4 v0x63064a15c020_0, 0, 3;
    %pushi/vec4 1, 0, 1;
    %store/vec4 v0x63064a15bdf0_0, 0, 1;
    %pushi/vec4 1, 0, 4;
    %store/vec4 v0x63064a15bc70_0, 0, 4;
    %jmp T_9.10;
T_9.5 ;
    %pushi/vec4 1, 0, 1;
    %store/vec4 v0x63064a15c4e0_0, 0, 1;
    %pushi/vec4 4, 0, 3;
    %store/vec4 v0x63064a15c020_0, 0, 3;
    %pushi/vec4 1, 0, 1;
    %store/vec4 v0x63064a15c100_0, 0, 1;
    %jmp T_9.10;
T_9.6 ;
    %pushi/vec4 1, 0, 1;
    %store/vec4 v0x63064a15c4e0_0, 0, 1;
    %pushi/vec4 0, 0, 3;
    %store/vec4 v0x63064a15c020_0, 0, 3;
    %pushi/vec4 1, 0, 1;
    %store/vec4 v0x63064a15bd50_0, 0, 1;
    %pushi/vec4 1, 0, 1;
    %store/vec4 v0x63064a15c100_0, 0, 1;
    %pushi/vec4 0, 0, 4;
    %store/vec4 v0x63064a15bc70_0, 0, 4;
    %jmp T_9.10;
T_9.7 ;
    %pushi/vec4 1, 0, 1;
    %store/vec4 v0x63064a15c4e0_0, 0, 1;
    %pushi/vec4 3, 0, 3;
    %store/vec4 v0x63064a15c020_0, 0, 3;
    %pushi/vec4 1, 0, 1;
    %store/vec4 v0x63064a15bd50_0, 0, 1;
    %pushi/vec4 0, 0, 4;
    %store/vec4 v0x63064a15bc70_0, 0, 4;
    %jmp T_9.10;
T_9.8 ;
    %pushi/vec4 1, 0, 1;
    %store/vec4 v0x63064a15c4e0_0, 0, 1;
    %pushi/vec4 3, 0, 3;
    %store/vec4 v0x63064a15c020_0, 0, 3;
    %pushi/vec4 1, 0, 1;
    %store/vec4 v0x63064a15bd50_0, 0, 1;
    %pushi/vec4 0, 0, 4;
    %store/vec4 v0x63064a15bc70_0, 0, 4;
    %jmp T_9.10;
T_9.10 ;
    %pop/vec4 1;
    %jmp T_9;
    .thread T_9, $push;
    .scope S_0x63064a15b140;
T_10 ;
Ewait_3 .event/or E_0x63064a0c75a0, E_0x0;
    %wait Ewait_3;
    %load/vec4 v0x63064a15b500_0;
    %dup/vec4;
    %pushi/vec4 0, 0, 3;
    %cmp/u;
    %jmp/1 T_10.0, 6;
    %dup/vec4;
    %pushi/vec4 1, 0, 3;
    %cmp/u;
    %jmp/1 T_10.1, 6;
    %dup/vec4;
    %pushi/vec4 4, 0, 3;
    %cmp/u;
    %jmp/1 T_10.2, 6;
    %dup/vec4;
    %pushi/vec4 5, 0, 3;
    %cmp/u;
    %jmp/1 T_10.3, 6;
    %dup/vec4;
    %pushi/vec4 6, 0, 3;
    %cmp/u;
    %jmp/1 T_10.4, 6;
    %dup/vec4;
    %pushi/vec4 7, 0, 3;
    %cmp/u;
    %jmp/1 T_10.5, 6;
    %pushi/vec4 0, 0, 1;
    %store/vec4 v0x63064a15b440_0, 0, 1;
    %jmp T_10.7;
T_10.0 ;
    %load/vec4 v0x63064a15b680_0;
    %load/vec4 v0x63064a15b7b0_0;
    %cmp/e;
    %flag_get/vec4 4;
    %store/vec4 v0x63064a15b440_0, 0, 1;
    %jmp T_10.7;
T_10.1 ;
    %load/vec4 v0x63064a15b680_0;
    %load/vec4 v0x63064a15b7b0_0;
    %cmp/ne;
    %flag_get/vec4 4;
    %store/vec4 v0x63064a15b440_0, 0, 1;
    %jmp T_10.7;
T_10.2 ;
    %load/vec4 v0x63064a15b680_0;
    %load/vec4 v0x63064a15b7b0_0;
    %cmp/s;
    %flag_get/vec4 5;
    %store/vec4 v0x63064a15b440_0, 0, 1;
    %jmp T_10.7;
T_10.3 ;
    %load/vec4 v0x63064a15b7b0_0;
    %load/vec4 v0x63064a15b680_0;
    %cmp/s;
    %flag_get/vec4 4;
    %flag_get/vec4 5;
    %or;
    %store/vec4 v0x63064a15b440_0, 0, 1;
    %jmp T_10.7;
T_10.4 ;
    %load/vec4 v0x63064a15b680_0;
    %load/vec4 v0x63064a15b7b0_0;
    %cmp/u;
    %flag_get/vec4 5;
    %store/vec4 v0x63064a15b440_0, 0, 1;
    %jmp T_10.7;
T_10.5 ;
    %load/vec4 v0x63064a15b7b0_0;
    %load/vec4 v0x63064a15b680_0;
    %cmp/u;
    %flag_get/vec4 4;
    %flag_get/vec4 5;
    %or;
    %store/vec4 v0x63064a15b440_0, 0, 1;
    %jmp T_10.7;
T_10.7 ;
    %pop/vec4 1;
    %jmp T_10;
    .thread T_10, $push;
    .scope S_0x63064a112a60;
T_11 ;
Ewait_4 .event/or E_0x63064a0c94f0, E_0x0;
    %wait Ewait_4;
    %load/vec4 v0x63064a160ce0_0;
    %flag_set/vec4 8;
    %jmp/0xz  T_11.0, 8;
    %load/vec4 v0x63064a160fb0_0;
    %cmpi/e 103, 0, 7;
    %flag_mov 8, 4;
    %jmp/0 T_11.2, 8;
    %load/vec4 v0x63064a160c00_0;
    %jmp/1 T_11.3, 8;
T_11.2 ; End of true expr.
    %load/vec4 v0x63064a161400_0;
    %jmp/0 T_11.3, 8;
 ; End of false expr.
    %blend;
T_11.3;
    %store/vec4 v0x63064a161140_0, 0, 32;
    %jmp T_11.1;
T_11.0 ;
    %load/vec4 v0x63064a161360_0;
    %flag_set/vec4 8;
    %jmp/0xz  T_11.4, 8;
    %load/vec4 v0x63064a161400_0;
    %store/vec4 v0x63064a161140_0, 0, 32;
    %jmp T_11.5;
T_11.4 ;
    %load/vec4 v0x63064a161280_0;
    %store/vec4 v0x63064a161140_0, 0, 32;
T_11.5 ;
T_11.1 ;
    %jmp T_11;
    .thread T_11, $push;
    .scope S_0x63064a112a60;
T_12 ;
Ewait_5 .event/or E_0x63064a090640, E_0x0;
    %wait Ewait_5;
    %load/vec4 v0x63064a160fb0_0;
    %cmpi/e 23, 0, 7;
    %jmp/0xz  T_12.0, 4;
    %load/vec4 v0x63064a161050_0;
    %store/vec4 v0x63064a161c90_0, 0, 32;
    %jmp T_12.1;
T_12.0 ;
    %load/vec4 v0x63064a160fb0_0;
    %cmpi/e 55, 0, 7;
    %jmp/0xz  T_12.2, 4;
    %pushi/vec4 0, 0, 32;
    %store/vec4 v0x63064a161c90_0, 0, 32;
    %jmp T_12.3;
T_12.2 ;
    %load/vec4 v0x63064a161580_0;
    %store/vec4 v0x63064a161c90_0, 0, 32;
T_12.3 ;
T_12.1 ;
    %jmp T_12;
    .thread T_12, $push;
    .scope S_0x63064a112a60;
T_13 ;
Ewait_6 .event/or E_0x63064a0c9070, E_0x0;
    %wait Ewait_6;
    %load/vec4 v0x63064a160ce0_0;
    %flag_set/vec4 8;
    %jmp/0xz  T_13.0, 8;
    %load/vec4 v0x63064a161280_0;
    %store/vec4 v0x63064a161980_0, 0, 32;
    %jmp T_13.1;
T_13.0 ;
    %load/vec4 v0x63064a161a20_0;
    %flag_set/vec4 8;
    %jmp/0xz  T_13.2, 8;
    %load/vec4 v0x63064a161730_0;
    %store/vec4 v0x63064a161980_0, 0, 32;
    %jmp T_13.3;
T_13.2 ;
    %load/vec4 v0x63064a160390_0;
    %store/vec4 v0x63064a161980_0, 0, 32;
T_13.3 ;
T_13.1 ;
    %jmp T_13;
    .thread T_13, $push;
    .scope S_0x63064a161f50;
T_14 ;
Ewait_7 .event/or E_0x63064a162290, E_0x0;
    %wait Ewait_7;
    %pushi/vec4 0, 0, 1;
    %store/vec4 v0x63064a162c40_0, 0, 1;
    %pushi/vec4 0, 0, 3;
    %store/vec4 v0x63064a162780_0, 0, 3;
    %pushi/vec4 0, 0, 1;
    %store/vec4 v0x63064a162410_0, 0, 1;
    %pushi/vec4 0, 0, 1;
    %store/vec4 v0x63064a162aa0_0, 0, 1;
    %pushi/vec4 0, 0, 1;
    %store/vec4 v0x63064a162d00_0, 0, 1;
    %pushi/vec4 0, 0, 1;
    %store/vec4 v0x63064a1624d0_0, 0, 1;
    %pushi/vec4 0, 0, 1;
    %store/vec4 v0x63064a162920_0, 0, 1;
    %pushi/vec4 0, 0, 1;
    %store/vec4 v0x63064a1629e0_0, 0, 1;
    %pushi/vec4 0, 0, 1;
    %store/vec4 v0x63064a162860_0, 0, 1;
    %pushi/vec4 0, 0, 4;
    %store/vec4 v0x63064a162310_0, 0, 4;
    %load/vec4 v0x63064a162b60_0;
    %dup/vec4;
    %pushi/vec4 51, 0, 7;
    %cmp/u;
    %jmp/1 T_14.0, 6;
    %dup/vec4;
    %pushi/vec4 19, 0, 7;
    %cmp/u;
    %jmp/1 T_14.1, 6;
    %dup/vec4;
    %pushi/vec4 3, 0, 7;
    %cmp/u;
    %jmp/1 T_14.2, 6;
    %dup/vec4;
    %pushi/vec4 35, 0, 7;
    %cmp/u;
    %jmp/1 T_14.3, 6;
    %dup/vec4;
    %pushi/vec4 99, 0, 7;
    %cmp/u;
    %jmp/1 T_14.4, 6;
    %dup/vec4;
    %pushi/vec4 111, 0, 7;
    %cmp/u;
    %jmp/1 T_14.5, 6;
    %dup/vec4;
    %pushi/vec4 103, 0, 7;
    %cmp/u;
    %jmp/1 T_14.6, 6;
    %dup/vec4;
    %pushi/vec4 55, 0, 7;
    %cmp/u;
    %jmp/1 T_14.7, 6;
    %dup/vec4;
    %pushi/vec4 23, 0, 7;
    %cmp/u;
    %jmp/1 T_14.8, 6;
    %jmp T_14.10;
T_14.0 ;
    %pushi/vec4 1, 0, 1;
    %store/vec4 v0x63064a162c40_0, 0, 1;
    %load/vec4 v0x63064a162570_0;
    %load/vec4 v0x63064a162650_0;
    %parti/s 1, 5, 4;
    %concat/vec4; draw_concat_vec4
    %dup/vec4;
    %pushi/vec4 0, 0, 4;
    %cmp/u;
    %jmp/1 T_14.11, 6;
    %dup/vec4;
    %pushi/vec4 1, 0, 4;
    %cmp/u;
    %jmp/1 T_14.12, 6;
    %dup/vec4;
    %pushi/vec4 2, 0, 4;
    %cmp/u;
    %jmp/1 T_14.13, 6;
    %dup/vec4;
    %pushi/vec4 4, 0, 4;
    %cmp/u;
    %jmp/1 T_14.14, 6;
    %dup/vec4;
    %pushi/vec4 6, 0, 4;
    %cmp/u;
    %jmp/1 T_14.15, 6;
    %dup/vec4;
    %pushi/vec4 8, 0, 4;
    %cmp/u;
    %jmp/1 T_14.16, 6;
    %dup/vec4;
    %pushi/vec4 10, 0, 4;
    %cmp/u;
    %jmp/1 T_14.17, 6;
    %dup/vec4;
    %pushi/vec4 11, 0, 4;
    %cmp/u;
    %jmp/1 T_14.18, 6;
    %dup/vec4;
    %pushi/vec4 12, 0, 4;
    %cmp/u;
    %jmp/1 T_14.19, 6;
    %dup/vec4;
    %pushi/vec4 14, 0, 4;
    %cmp/u;
    %jmp/1 T_14.20, 6;
    %pushi/vec4 0, 0, 4;
    %store/vec4 v0x63064a162310_0, 0, 4;
    %jmp T_14.22;
T_14.11 ;
    %pushi/vec4 0, 0, 4;
    %store/vec4 v0x63064a162310_0, 0, 4;
    %jmp T_14.22;
T_14.12 ;
    %pushi/vec4 1, 0, 4;
    %store/vec4 v0x63064a162310_0, 0, 4;
    %jmp T_14.22;
T_14.13 ;
    %pushi/vec4 5, 0, 4;
    %store/vec4 v0x63064a162310_0, 0, 4;
    %jmp T_14.22;
T_14.14 ;
    %pushi/vec4 8, 0, 4;
    %store/vec4 v0x63064a162310_0, 0, 4;
    %jmp T_14.22;
T_14.15 ;
    %pushi/vec4 9, 0, 4;
    %store/vec4 v0x63064a162310_0, 0, 4;
    %jmp T_14.22;
T_14.16 ;
    %pushi/vec4 4, 0, 4;
    %store/vec4 v0x63064a162310_0, 0, 4;
    %jmp T_14.22;
T_14.17 ;
    %pushi/vec4 6, 0, 4;
    %store/vec4 v0x63064a162310_0, 0, 4;
    %jmp T_14.22;
T_14.18 ;
    %pushi/vec4 7, 0, 4;
    %store/vec4 v0x63064a162310_0, 0, 4;
    %jmp T_14.22;
T_14.19 ;
    %pushi/vec4 3, 0, 4;
    %store/vec4 v0x63064a162310_0, 0, 4;
    %jmp T_14.22;
T_14.20 ;
    %pushi/vec4 2, 0, 4;
    %store/vec4 v0x63064a162310_0, 0, 4;
    %jmp T_14.22;
T_14.22 ;
    %pop/vec4 1;
    %jmp T_14.10;
T_14.1 ;
    %pushi/vec4 1, 0, 1;
    %store/vec4 v0x63064a162c40_0, 0, 1;
    %pushi/vec4 0, 0, 3;
    %store/vec4 v0x63064a162780_0, 0, 3;
    %pushi/vec4 1, 0, 1;
    %store/vec4 v0x63064a162410_0, 0, 1;
    %load/vec4 v0x63064a162570_0;
    %dup/vec4;
    %pushi/vec4 0, 0, 3;
    %cmp/u;
    %jmp/1 T_14.23, 6;
    %dup/vec4;
    %pushi/vec4 1, 0, 3;
    %cmp/u;
    %jmp/1 T_14.24, 6;
    %dup/vec4;
    %pushi/vec4 2, 0, 3;
    %cmp/u;
    %jmp/1 T_14.25, 6;
    %dup/vec4;
    %pushi/vec4 3, 0, 3;
    %cmp/u;
    %jmp/1 T_14.26, 6;
    %dup/vec4;
    %pushi/vec4 4, 0, 3;
    %cmp/u;
    %jmp/1 T_14.27, 6;
    %dup/vec4;
    %pushi/vec4 5, 0, 3;
    %cmp/u;
    %jmp/1 T_14.28, 6;
    %dup/vec4;
    %pushi/vec4 6, 0, 3;
    %cmp/u;
    %jmp/1 T_14.29, 6;
    %dup/vec4;
    %pushi/vec4 7, 0, 3;
    %cmp/u;
    %jmp/1 T_14.30, 6;
    %pushi/vec4 0, 0, 4;
    %store/vec4 v0x63064a162310_0, 0, 4;
    %jmp T_14.32;
T_14.23 ;
    %pushi/vec4 0, 0, 4;
    %store/vec4 v0x63064a162310_0, 0, 4;
    %jmp T_14.32;
T_14.24 ;
    %pushi/vec4 5, 0, 4;
    %store/vec4 v0x63064a162310_0, 0, 4;
    %jmp T_14.32;
T_14.25 ;
    %pushi/vec4 8, 0, 4;
    %store/vec4 v0x63064a162310_0, 0, 4;
    %jmp T_14.32;
T_14.26 ;
    %pushi/vec4 9, 0, 4;
    %store/vec4 v0x63064a162310_0, 0, 4;
    %jmp T_14.32;
T_14.27 ;
    %pushi/vec4 4, 0, 4;
    %store/vec4 v0x63064a162310_0, 0, 4;
    %jmp T_14.32;
T_14.28 ;
    %load/vec4 v0x63064a162650_0;
    %parti/s 1, 5, 4;
    %flag_set/vec4 8;
    %jmp/0 T_14.33, 8;
    %pushi/vec4 7, 0, 4;
    %jmp/1 T_14.34, 8;
T_14.33 ; End of true expr.
    %pushi/vec4 6, 0, 4;
    %jmp/0 T_14.34, 8;
 ; End of false expr.
    %blend;
T_14.34;
    %store/vec4 v0x63064a162310_0, 0, 4;
    %jmp T_14.32;
T_14.29 ;
    %pushi/vec4 3, 0, 4;
    %store/vec4 v0x63064a162310_0, 0, 4;
    %jmp T_14.32;
T_14.30 ;
    %pushi/vec4 2, 0, 4;
    %store/vec4 v0x63064a162310_0, 0, 4;
    %jmp T_14.32;
T_14.32 ;
    %pop/vec4 1;
    %jmp T_14.10;
T_14.2 ;
    %pushi/vec4 1, 0, 1;
    %store/vec4 v0x63064a162c40_0, 0, 1;
    %pushi/vec4 0, 0, 3;
    %store/vec4 v0x63064a162780_0, 0, 3;
    %pushi/vec4 1, 0, 1;
    %store/vec4 v0x63064a162410_0, 0, 1;
    %pushi/vec4 1, 0, 1;
    %store/vec4 v0x63064a162d00_0, 0, 1;
    %pushi/vec4 1, 0, 1;
    %store/vec4 v0x63064a162920_0, 0, 1;
    %pushi/vec4 1, 0, 1;
    %store/vec4 v0x63064a1629e0_0, 0, 1;
    %pushi/vec4 0, 0, 4;
    %store/vec4 v0x63064a162310_0, 0, 4;
    %jmp T_14.10;
T_14.3 ;
    %pushi/vec4 1, 0, 3;
    %store/vec4 v0x63064a162780_0, 0, 3;
    %pushi/vec4 1, 0, 1;
    %store/vec4 v0x63064a162410_0, 0, 1;
    %pushi/vec4 1, 0, 1;
    %store/vec4 v0x63064a162aa0_0, 0, 1;
    %pushi/vec4 0, 0, 4;
    %store/vec4 v0x63064a162310_0, 0, 4;
    %jmp T_14.10;
T_14.4 ;
    %pushi/vec4 2, 0, 3;
    %store/vec4 v0x63064a162780_0, 0, 3;
    %pushi/vec4 1, 0, 1;
    %store/vec4 v0x63064a1624d0_0, 0, 1;
    %pushi/vec4 1, 0, 4;
    %store/vec4 v0x63064a162310_0, 0, 4;
    %jmp T_14.10;
T_14.5 ;
    %pushi/vec4 1, 0, 1;
    %store/vec4 v0x63064a162c40_0, 0, 1;
    %pushi/vec4 4, 0, 3;
    %store/vec4 v0x63064a162780_0, 0, 3;
    %pushi/vec4 1, 0, 1;
    %store/vec4 v0x63064a162860_0, 0, 1;
    %jmp T_14.10;
T_14.6 ;
    %pushi/vec4 1, 0, 1;
    %store/vec4 v0x63064a162c40_0, 0, 1;
    %pushi/vec4 0, 0, 3;
    %store/vec4 v0x63064a162780_0, 0, 3;
    %pushi/vec4 1, 0, 1;
    %store/vec4 v0x63064a162410_0, 0, 1;
    %pushi/vec4 1, 0, 1;
    %store/vec4 v0x63064a162860_0, 0, 1;
    %pushi/vec4 0, 0, 4;
    %store/vec4 v0x63064a162310_0, 0, 4;
    %jmp T_14.10;
T_14.7 ;
    %pushi/vec4 1, 0, 1;
    %store/vec4 v0x63064a162c40_0, 0, 1;
    %pushi/vec4 3, 0, 3;
    %store/vec4 v0x63064a162780_0, 0, 3;
    %pushi/vec4 1, 0, 1;
    %store/vec4 v0x63064a162410_0, 0, 1;
    %pushi/vec4 0, 0, 4;
    %store/vec4 v0x63064a162310_0, 0, 4;
    %jmp T_14.10;
T_14.8 ;
    %pushi/vec4 1, 0, 1;
    %store/vec4 v0x63064a162c40_0, 0, 1;
    %pushi/vec4 3, 0, 3;
    %store/vec4 v0x63064a162780_0, 0, 3;
    %pushi/vec4 1, 0, 1;
    %store/vec4 v0x63064a162410_0, 0, 1;
    %pushi/vec4 0, 0, 4;
    %store/vec4 v0x63064a162310_0, 0, 4;
    %jmp T_14.10;
T_14.10 ;
    %pop/vec4 1;
    %jmp T_14;
    .thread T_14, $push;
    .scope S_0x63064a112690;
T_15 ;
    %pushi/vec4 0, 0, 32;
    %store/vec4 v0x63064a1646b0_0, 0, 32;
    %pushi/vec4 0, 0, 32;
    %store/vec4 v0x63064a164470_0, 0, 32;
    %pushi/vec4 0, 0, 32;
    %store/vec4 v0x63064a163e90_0, 0, 32;
    %end;
    .thread T_15, $init;
    .scope S_0x63064a112690;
T_16 ;
    %vpi_call/w 12 84 "$display", "=== Control Unit Testbench Start ===" {0 0 0};
    %pushi/vec4 51, 0, 7;
    %store/vec4 v0x63064a163b00_0, 0, 7;
    %pushi/vec4 0, 0, 3;
    %store/vec4 v0x63064a163940_0, 0, 3;
    %pushi/vec4 0, 0, 7;
    %store/vec4 v0x63064a163a20_0, 0, 7;
    %pushi/vec4 1, 0, 1;
    %store/vec4 v0x63064a163730_0, 0, 1;
    %pushi/vec4 0, 0, 3;
    %store/vec4 v0x63064a163480_0, 0, 3;
    %pushi/vec4 0, 0, 1;
    %store/vec4 v0x63064a163320_0, 0, 1;
    %pushi/vec4 0, 0, 1;
    %store/vec4 v0x63064a163670_0, 0, 1;
    %pushi/vec4 0, 0, 1;
    %store/vec4 v0x63064a1637f0_0, 0, 1;
    %pushi/vec4 0, 0, 1;
    %store/vec4 v0x63064a1633c0_0, 0, 1;
    %pushi/vec4 0, 0, 1;
    %store/vec4 v0x63064a1635b0_0, 0, 1;
    %pushi/vec4 0, 0, 4;
    %store/vec4 v0x63064a163240_0, 0, 4;
    %pushi/str "R-type ADD";
    %store/str v0x63064a163180_0;
    %fork TD_tb_control.run_test, S_0x63064a162fd0;
    %join;
    %pushi/vec4 51, 0, 7;
    %store/vec4 v0x63064a163b00_0, 0, 7;
    %pushi/vec4 0, 0, 3;
    %store/vec4 v0x63064a163940_0, 0, 3;
    %pushi/vec4 32, 0, 7;
    %store/vec4 v0x63064a163a20_0, 0, 7;
    %pushi/vec4 1, 0, 1;
    %store/vec4 v0x63064a163730_0, 0, 1;
    %pushi/vec4 0, 0, 3;
    %store/vec4 v0x63064a163480_0, 0, 3;
    %pushi/vec4 0, 0, 1;
    %store/vec4 v0x63064a163320_0, 0, 1;
    %pushi/vec4 0, 0, 1;
    %store/vec4 v0x63064a163670_0, 0, 1;
    %pushi/vec4 0, 0, 1;
    %store/vec4 v0x63064a1637f0_0, 0, 1;
    %pushi/vec4 0, 0, 1;
    %store/vec4 v0x63064a1633c0_0, 0, 1;
    %pushi/vec4 0, 0, 1;
    %store/vec4 v0x63064a1635b0_0, 0, 1;
    %pushi/vec4 1, 0, 4;
    %store/vec4 v0x63064a163240_0, 0, 4;
    %pushi/str "R-type SUB";
    %store/str v0x63064a163180_0;
    %fork TD_tb_control.run_test, S_0x63064a162fd0;
    %join;
    %pushi/vec4 51, 0, 7;
    %store/vec4 v0x63064a163b00_0, 0, 7;
    %pushi/vec4 7, 0, 3;
    %store/vec4 v0x63064a163940_0, 0, 3;
    %pushi/vec4 0, 0, 7;
    %store/vec4 v0x63064a163a20_0, 0, 7;
    %pushi/vec4 1, 0, 1;
    %store/vec4 v0x63064a163730_0, 0, 1;
    %pushi/vec4 0, 0, 3;
    %store/vec4 v0x63064a163480_0, 0, 3;
    %pushi/vec4 0, 0, 1;
    %store/vec4 v0x63064a163320_0, 0, 1;
    %pushi/vec4 0, 0, 1;
    %store/vec4 v0x63064a163670_0, 0, 1;
    %pushi/vec4 0, 0, 1;
    %store/vec4 v0x63064a1637f0_0, 0, 1;
    %pushi/vec4 0, 0, 1;
    %store/vec4 v0x63064a1633c0_0, 0, 1;
    %pushi/vec4 0, 0, 1;
    %store/vec4 v0x63064a1635b0_0, 0, 1;
    %pushi/vec4 2, 0, 4;
    %store/vec4 v0x63064a163240_0, 0, 4;
    %pushi/str "R-type AND";
    %store/str v0x63064a163180_0;
    %fork TD_tb_control.run_test, S_0x63064a162fd0;
    %join;
    %pushi/vec4 19, 0, 7;
    %store/vec4 v0x63064a163b00_0, 0, 7;
    %pushi/vec4 0, 0, 3;
    %store/vec4 v0x63064a163940_0, 0, 3;
    %pushi/vec4 0, 0, 7;
    %store/vec4 v0x63064a163a20_0, 0, 7;
    %pushi/vec4 1, 0, 1;
    %store/vec4 v0x63064a163730_0, 0, 1;
    %pushi/vec4 0, 0, 3;
    %store/vec4 v0x63064a163480_0, 0, 3;
    %pushi/vec4 1, 0, 1;
    %store/vec4 v0x63064a163320_0, 0, 1;
    %pushi/vec4 0, 0, 1;
    %store/vec4 v0x63064a163670_0, 0, 1;
    %pushi/vec4 0, 0, 1;
    %store/vec4 v0x63064a1637f0_0, 0, 1;
    %pushi/vec4 0, 0, 1;
    %store/vec4 v0x63064a1633c0_0, 0, 1;
    %pushi/vec4 0, 0, 1;
    %store/vec4 v0x63064a1635b0_0, 0, 1;
    %pushi/vec4 0, 0, 4;
    %store/vec4 v0x63064a163240_0, 0, 4;
    %pushi/str "I-type ADDI";
    %store/str v0x63064a163180_0;
    %fork TD_tb_control.run_test, S_0x63064a162fd0;
    %join;
    %pushi/vec4 19, 0, 7;
    %store/vec4 v0x63064a163b00_0, 0, 7;
    %pushi/vec4 5, 0, 3;
    %store/vec4 v0x63064a163940_0, 0, 3;
    %pushi/vec4 32, 0, 7;
    %store/vec4 v0x63064a163a20_0, 0, 7;
    %pushi/vec4 1, 0, 1;
    %store/vec4 v0x63064a163730_0, 0, 1;
    %pushi/vec4 0, 0, 3;
    %store/vec4 v0x63064a163480_0, 0, 3;
    %pushi/vec4 1, 0, 1;
    %store/vec4 v0x63064a163320_0, 0, 1;
    %pushi/vec4 0, 0, 1;
    %store/vec4 v0x63064a163670_0, 0, 1;
    %pushi/vec4 0, 0, 1;
    %store/vec4 v0x63064a1637f0_0, 0, 1;
    %pushi/vec4 0, 0, 1;
    %store/vec4 v0x63064a1633c0_0, 0, 1;
    %pushi/vec4 0, 0, 1;
    %store/vec4 v0x63064a1635b0_0, 0, 1;
    %pushi/vec4 7, 0, 4;
    %store/vec4 v0x63064a163240_0, 0, 4;
    %pushi/str "I-type SRAI";
    %store/str v0x63064a163180_0;
    %fork TD_tb_control.run_test, S_0x63064a162fd0;
    %join;
    %pushi/vec4 19, 0, 7;
    %store/vec4 v0x63064a163b00_0, 0, 7;
    %pushi/vec4 3, 0, 3;
    %store/vec4 v0x63064a163940_0, 0, 3;
    %pushi/vec4 0, 0, 7;
    %store/vec4 v0x63064a163a20_0, 0, 7;
    %pushi/vec4 1, 0, 1;
    %store/vec4 v0x63064a163730_0, 0, 1;
    %pushi/vec4 0, 0, 3;
    %store/vec4 v0x63064a163480_0, 0, 3;
    %pushi/vec4 1, 0, 1;
    %store/vec4 v0x63064a163320_0, 0, 1;
    %pushi/vec4 0, 0, 1;
    %store/vec4 v0x63064a163670_0, 0, 1;
    %pushi/vec4 0, 0, 1;
    %store/vec4 v0x63064a1637f0_0, 0, 1;
    %pushi/vec4 0, 0, 1;
    %store/vec4 v0x63064a1633c0_0, 0, 1;
    %pushi/vec4 0, 0, 1;
    %store/vec4 v0x63064a1635b0_0, 0, 1;
    %pushi/vec4 9, 0, 4;
    %store/vec4 v0x63064a163240_0, 0, 4;
    %pushi/str "I-type SLTIU";
    %store/str v0x63064a163180_0;
    %fork TD_tb_control.run_test, S_0x63064a162fd0;
    %join;
    %pushi/vec4 3, 0, 7;
    %store/vec4 v0x63064a163b00_0, 0, 7;
    %pushi/vec4 2, 0, 3;
    %store/vec4 v0x63064a163940_0, 0, 3;
    %pushi/vec4 0, 0, 7;
    %store/vec4 v0x63064a163a20_0, 0, 7;
    %pushi/vec4 1, 0, 1;
    %store/vec4 v0x63064a163730_0, 0, 1;
    %pushi/vec4 0, 0, 3;
    %store/vec4 v0x63064a163480_0, 0, 3;
    %pushi/vec4 1, 0, 1;
    %store/vec4 v0x63064a163320_0, 0, 1;
    %pushi/vec4 0, 0, 1;
    %store/vec4 v0x63064a163670_0, 0, 1;
    %pushi/vec4 1, 0, 1;
    %store/vec4 v0x63064a1637f0_0, 0, 1;
    %pushi/vec4 0, 0, 1;
    %store/vec4 v0x63064a1633c0_0, 0, 1;
    %pushi/vec4 0, 0, 1;
    %store/vec4 v0x63064a1635b0_0, 0, 1;
    %pushi/vec4 0, 0, 4;
    %store/vec4 v0x63064a163240_0, 0, 4;
    %pushi/str "Load (LW)";
    %store/str v0x63064a163180_0;
    %fork TD_tb_control.run_test, S_0x63064a162fd0;
    %join;
    %pushi/vec4 35, 0, 7;
    %store/vec4 v0x63064a163b00_0, 0, 7;
    %pushi/vec4 2, 0, 3;
    %store/vec4 v0x63064a163940_0, 0, 3;
    %pushi/vec4 0, 0, 7;
    %store/vec4 v0x63064a163a20_0, 0, 7;
    %pushi/vec4 0, 0, 1;
    %store/vec4 v0x63064a163730_0, 0, 1;
    %pushi/vec4 1, 0, 3;
    %store/vec4 v0x63064a163480_0, 0, 3;
    %pushi/vec4 1, 0, 1;
    %store/vec4 v0x63064a163320_0, 0, 1;
    %pushi/vec4 1, 0, 1;
    %store/vec4 v0x63064a163670_0, 0, 1;
    %pushi/vec4 0, 0, 1;
    %store/vec4 v0x63064a1637f0_0, 0, 1;
    %pushi/vec4 0, 0, 1;
    %store/vec4 v0x63064a1633c0_0, 0, 1;
    %pushi/vec4 0, 0, 1;
    %store/vec4 v0x63064a1635b0_0, 0, 1;
    %pushi/vec4 0, 0, 4;
    %store/vec4 v0x63064a163240_0, 0, 4;
    %pushi/str "Store (SW)";
    %store/str v0x63064a163180_0;
    %fork TD_tb_control.run_test, S_0x63064a162fd0;
    %join;
    %pushi/vec4 99, 0, 7;
    %store/vec4 v0x63064a163b00_0, 0, 7;
    %pushi/vec4 0, 0, 3;
    %store/vec4 v0x63064a163940_0, 0, 3;
    %pushi/vec4 0, 0, 7;
    %store/vec4 v0x63064a163a20_0, 0, 7;
    %pushi/vec4 0, 0, 1;
    %store/vec4 v0x63064a163730_0, 0, 1;
    %pushi/vec4 2, 0, 3;
    %store/vec4 v0x63064a163480_0, 0, 3;
    %pushi/vec4 0, 0, 1;
    %store/vec4 v0x63064a163320_0, 0, 1;
    %pushi/vec4 0, 0, 1;
    %store/vec4 v0x63064a163670_0, 0, 1;
    %pushi/vec4 0, 0, 1;
    %store/vec4 v0x63064a1637f0_0, 0, 1;
    %pushi/vec4 1, 0, 1;
    %store/vec4 v0x63064a1633c0_0, 0, 1;
    %pushi/vec4 0, 0, 1;
    %store/vec4 v0x63064a1635b0_0, 0, 1;
    %pushi/vec4 1, 0, 4;
    %store/vec4 v0x63064a163240_0, 0, 4;
    %pushi/str "Branch (BEQ)";
    %store/str v0x63064a163180_0;
    %fork TD_tb_control.run_test, S_0x63064a162fd0;
    %join;
    %pushi/vec4 111, 0, 7;
    %store/vec4 v0x63064a163b00_0, 0, 7;
    %pushi/vec4 0, 0, 3;
    %store/vec4 v0x63064a163940_0, 0, 3;
    %pushi/vec4 0, 0, 7;
    %store/vec4 v0x63064a163a20_0, 0, 7;
    %pushi/vec4 1, 0, 1;
    %store/vec4 v0x63064a163730_0, 0, 1;
    %pushi/vec4 4, 0, 3;
    %store/vec4 v0x63064a163480_0, 0, 3;
    %pushi/vec4 0, 0, 1;
    %store/vec4 v0x63064a163320_0, 0, 1;
    %pushi/vec4 0, 0, 1;
    %store/vec4 v0x63064a163670_0, 0, 1;
    %pushi/vec4 0, 0, 1;
    %store/vec4 v0x63064a1637f0_0, 0, 1;
    %pushi/vec4 0, 0, 1;
    %store/vec4 v0x63064a1633c0_0, 0, 1;
    %pushi/vec4 1, 0, 1;
    %store/vec4 v0x63064a1635b0_0, 0, 1;
    %pushi/vec4 0, 0, 4;
    %store/vec4 v0x63064a163240_0, 0, 4;
    %pushi/str "JAL";
    %store/str v0x63064a163180_0;
    %fork TD_tb_control.run_test, S_0x63064a162fd0;
    %join;
    %pushi/vec4 55, 0, 7;
    %store/vec4 v0x63064a163b00_0, 0, 7;
    %pushi/vec4 0, 0, 3;
    %store/vec4 v0x63064a163940_0, 0, 3;
    %pushi/vec4 0, 0, 7;
    %store/vec4 v0x63064a163a20_0, 0, 7;
    %pushi/vec4 1, 0, 1;
    %store/vec4 v0x63064a163730_0, 0, 1;
    %pushi/vec4 3, 0, 3;
    %store/vec4 v0x63064a163480_0, 0, 3;
    %pushi/vec4 1, 0, 1;
    %store/vec4 v0x63064a163320_0, 0, 1;
    %pushi/vec4 0, 0, 1;
    %store/vec4 v0x63064a163670_0, 0, 1;
    %pushi/vec4 0, 0, 1;
    %store/vec4 v0x63064a1637f0_0, 0, 1;
    %pushi/vec4 0, 0, 1;
    %store/vec4 v0x63064a1633c0_0, 0, 1;
    %pushi/vec4 0, 0, 1;
    %store/vec4 v0x63064a1635b0_0, 0, 1;
    %pushi/vec4 0, 0, 4;
    %store/vec4 v0x63064a163240_0, 0, 4;
    %pushi/str "LUI";
    %store/str v0x63064a163180_0;
    %fork TD_tb_control.run_test, S_0x63064a162fd0;
    %join;
    %pushi/vec4 127, 0, 7;
    %store/vec4 v0x63064a163b00_0, 0, 7;
    %pushi/vec4 0, 0, 3;
    %store/vec4 v0x63064a163940_0, 0, 3;
    %pushi/vec4 0, 0, 7;
    %store/vec4 v0x63064a163a20_0, 0, 7;
    %pushi/vec4 0, 0, 1;
    %store/vec4 v0x63064a163730_0, 0, 1;
    %pushi/vec4 0, 0, 3;
    %store/vec4 v0x63064a163480_0, 0, 3;
    %pushi/vec4 0, 0, 1;
    %store/vec4 v0x63064a163320_0, 0, 1;
    %pushi/vec4 0, 0, 1;
    %store/vec4 v0x63064a163670_0, 0, 1;
    %pushi/vec4 0, 0, 1;
    %store/vec4 v0x63064a1637f0_0, 0, 1;
    %pushi/vec4 0, 0, 1;
    %store/vec4 v0x63064a1633c0_0, 0, 1;
    %pushi/vec4 0, 0, 1;
    %store/vec4 v0x63064a1635b0_0, 0, 1;
    %pushi/vec4 0, 0, 4;
    %store/vec4 v0x63064a163240_0, 0, 4;
    %pushi/str "NOP/Invalid";
    %store/str v0x63064a163180_0;
    %fork TD_tb_control.run_test, S_0x63064a162fd0;
    %join;
    %vpi_call/w 12 102 "$display", "=== Control Unit Testbench Summary ===" {0 0 0};
    %vpi_call/w 12 103 "$display", "Total tests: %0d", v0x63064a1646b0_0 {0 0 0};
    %vpi_call/w 12 104 "$display", "Passed     : %0d", v0x63064a164470_0 {0 0 0};
    %vpi_call/w 12 105 "$display", "Failed     : %0d", v0x63064a163e90_0 {0 0 0};
    %load/vec4 v0x63064a163e90_0;
    %cmpi/e 0, 0, 32;
    %jmp/0xz  T_16.0, 4;
    %vpi_call/w 12 107 "$display", "\342\234\205 All control unit tests passed." {0 0 0};
    %jmp T_16.1;
T_16.0 ;
    %vpi_call/w 12 109 "$display", "\342\235\214 Some control unit tests failed. Please review output." {0 0 0};
T_16.1 ;
    %vpi_call/w 12 111 "$finish" {0 0 0};
    %end;
    .thread T_16;
# The file index is used to find the file name in the following table.
:file_names 13;
    "N/A";
    "<interactive>";
    "-";
    "rtl/processor.sv";
    "rtl/alu.sv";
    "rtl/branch_unit.sv";
    "rtl/controller.sv";
    "rtl/data_mem.sv";
    "rtl/imm_gen.sv";
    "rtl/inst_mem.sv";
    "rtl/pc.sv";
    "rtl/reg_file.sv";
    "verif/tb_controller.sv";
