#! /usr/bin/vvp
:ivl_version "11.0 (stable)";
:ivl_delay_selection "TYPICAL";
:vpi_time_precision + 0;
:vpi_module "/usr/lib/x86_64-linux-gnu/ivl/system.vpi";
:vpi_module "/usr/lib/x86_64-linux-gnu/ivl/vhdl_sys.vpi";
:vpi_module "/usr/lib/x86_64-linux-gnu/ivl/vhdl_textio.vpi";
:vpi_module "/usr/lib/x86_64-linux-gnu/ivl/v2005_math.vpi";
:vpi_module "/usr/lib/x86_64-linux-gnu/ivl/va_math.vpi";
:vpi_module "/usr/lib/x86_64-linux-gnu/ivl/v2009.vpi";
S_0x5f8444e0e8f0 .scope package, "$unit" "$unit" 2 1;
 .timescale 0 0;
S_0x5f8444e0e520 .scope module, "riscv_processor" "riscv_processor" 3 10;
 .timescale 0 0;
    .port_info 0 /INPUT 1 "clk";
    .port_info 1 /INPUT 1 "reset";
    .port_info 2 /OUTPUT 32 "pc_out";
    .port_info 3 /OUTPUT 32 "instruction_out";
L_0x74a62e646060 .functor BUFT 1, C4<11111111111111111111111111111110>, C4<0>, C4<0>, C4<0>;
L_0x5f8444e2f770 .functor AND 32, L_0x5f8444e62490, L_0x74a62e646060, C4<11111111111111111111111111111111>, C4<11111111111111111111111111111111>;
L_0x5f8444e62840 .functor BUFZ 32, v0x5f8444e4ca00_0, C4<00000000000000000000000000000000>, C4<00000000000000000000000000000000>, C4<00000000000000000000000000000000>;
L_0x5f8444e628b0 .functor BUFZ 32, L_0x5f8444e62a60, C4<00000000000000000000000000000000>, C4<00000000000000000000000000000000>, C4<00000000000000000000000000000000>;
L_0x74a62e646018 .functor BUFT 1, C4<00000000000000000000000000000100>, C4<0>, C4<0>, C4<0>;
v0x5f8444e4e580_0 .net/2u *"_ivl_12", 31 0, L_0x74a62e646018;  1 drivers
v0x5f8444e4e680_0 .net *"_ivl_18", 31 0, L_0x5f8444e62490;  1 drivers
v0x5f8444e4e760_0 .net/2u *"_ivl_20", 31 0, L_0x74a62e646060;  1 drivers
v0x5f8444e4e820_0 .net "alu_control", 3 0, v0x5f8444e4a1c0_0;  1 drivers
v0x5f8444e4e8e0_0 .net "alu_result", 31 0, v0x5f8444e49400_0;  1 drivers
v0x5f8444e4ea40_0 .net "alu_src", 0 0, v0x5f8444e4a2a0_0;  1 drivers
v0x5f8444e4eae0_0 .net "branch", 0 0, v0x5f8444e4a340_0;  1 drivers
o0x74a62e68f8e8 .functor BUFZ 1, C4<z>; HiZ drive
v0x5f8444e4ebd0_0 .net "clk", 0 0, o0x74a62e68f8e8;  0 drivers
v0x5f8444e4ec70_0 .net "funct3", 2 0, L_0x5f8444e51f10;  1 drivers
v0x5f8444e4ed10_0 .net "funct7", 6 0, L_0x5f8444e52170;  1 drivers
v0x5f8444e4edd0_0 .net "imm_ext", 31 0, v0x5f8444e4bbf0_0;  1 drivers
v0x5f8444e4ee70_0 .net "imm_src", 2 0, v0x5f8444e4a570_0;  1 drivers
v0x5f8444e4ef60_0 .net "instruction", 31 0, L_0x5f8444e62a60;  1 drivers
v0x5f8444e4f070_0 .net "instruction_out", 31 0, L_0x5f8444e628b0;  1 drivers
v0x5f8444e4f150_0 .net "jalr_target", 31 0, L_0x5f8444e2f770;  1 drivers
v0x5f8444e4f230_0 .net "jump", 0 0, v0x5f8444e4a650_0;  1 drivers
v0x5f8444e4f2d0_0 .net "mem_read", 0 0, v0x5f8444e4a710_0;  1 drivers
v0x5f8444e4f370_0 .net "mem_to_reg", 0 0, v0x5f8444e4a7d0_0;  1 drivers
v0x5f8444e4f410_0 .net "mem_write", 0 0, v0x5f8444e4a890_0;  1 drivers
v0x5f8444e4f500_0 .net "opcode", 6 0, L_0x5f8444e51cf0;  1 drivers
v0x5f8444e4f5a0_0 .net "pc", 31 0, v0x5f8444e4ca00_0;  1 drivers
v0x5f8444e4f690_0 .var "pc_next", 31 0;
v0x5f8444e4f730_0 .net "pc_out", 31 0, L_0x5f8444e62840;  1 drivers
v0x5f8444e4f7d0_0 .net "pc_plus4", 31 0, L_0x5f8444e622b0;  1 drivers
v0x5f8444e4f8b0_0 .net "pc_src", 0 0, L_0x5f8444e63a20;  1 drivers
v0x5f8444e4f950_0 .net "pc_target", 31 0, L_0x5f8444e623a0;  1 drivers
v0x5f8444e4fa10_0 .net "rd", 4 0, L_0x5f8444e51d90;  1 drivers
v0x5f8444e4fad0_0 .net "rd1", 31 0, L_0x5f8444e62e90;  1 drivers
v0x5f8444e4fbc0_0 .net "rd2", 31 0, L_0x5f8444e633e0;  1 drivers
v0x5f8444e4fc80_0 .net "read_data", 31 0, L_0x5f8444e63960;  1 drivers
v0x5f8444e4fd40_0 .net "reg_write", 0 0, v0x5f8444e4aa30_0;  1 drivers
o0x74a62e68f978 .functor BUFZ 1, C4<z>; HiZ drive
v0x5f8444e4fe30_0 .net "reset", 0 0, o0x74a62e68f978;  0 drivers
v0x5f8444e4fed0_0 .var "result", 31 0;
v0x5f8444e4ff70_0 .net "result_src", 0 0, v0x5f8444e4aaf0_0;  1 drivers
v0x5f8444e50040_0 .net "rs1", 4 0, L_0x5f8444e51fb0;  1 drivers
v0x5f8444e50110_0 .net "rs2", 4 0, L_0x5f8444e52080;  1 drivers
v0x5f8444e501e0_0 .var "src_a", 31 0;
v0x5f8444e502b0_0 .net "src_b", 31 0, L_0x5f8444e625d0;  1 drivers
v0x5f8444e50380_0 .net "zero", 0 0, L_0x5f8444e63650;  1 drivers
E_0x5f8444d94640/0 .event edge, v0x5f8444e4a650_0, v0x5f8444e4f7d0_0, v0x5f8444e4aaf0_0, v0x5f8444e4b4d0_0;
E_0x5f8444d94640/1 .event edge, v0x5f8444e49400_0;
E_0x5f8444d94640 .event/or E_0x5f8444d94640/0, E_0x5f8444d94640/1;
E_0x5f8444dcd4f0 .event edge, v0x5f8444e4a950_0, v0x5f8444e4c2c0_0, v0x5f8444e49bd0_0;
E_0x5f8444dcd7b0/0 .event edge, v0x5f8444e4a650_0, v0x5f8444e4a950_0, v0x5f8444e4f150_0, v0x5f8444e4f950_0;
E_0x5f8444dcd7b0/1 .event edge, v0x5f8444e49b10_0, v0x5f8444e4f7d0_0;
E_0x5f8444dcd7b0 .event/or E_0x5f8444dcd7b0/0, E_0x5f8444dcd7b0/1;
L_0x5f8444e51cf0 .part L_0x5f8444e62a60, 0, 7;
L_0x5f8444e51d90 .part L_0x5f8444e62a60, 7, 5;
L_0x5f8444e51f10 .part L_0x5f8444e62a60, 12, 3;
L_0x5f8444e51fb0 .part L_0x5f8444e62a60, 15, 5;
L_0x5f8444e52080 .part L_0x5f8444e62a60, 20, 5;
L_0x5f8444e52170 .part L_0x5f8444e62a60, 25, 7;
L_0x5f8444e622b0 .arith/sum 32, v0x5f8444e4ca00_0, L_0x74a62e646018;
L_0x5f8444e623a0 .arith/sum 32, v0x5f8444e4ca00_0, v0x5f8444e4bbf0_0;
L_0x5f8444e62490 .arith/sum 32, L_0x5f8444e62e90, v0x5f8444e4bbf0_0;
L_0x5f8444e625d0 .functor MUXZ 32, L_0x5f8444e633e0, v0x5f8444e4bbf0_0, v0x5f8444e4a2a0_0, C4<>;
S_0x5f8444dca270 .scope module, "alu_inst" "alu" 3 120, 4 10 0, S_0x5f8444e0e520;
 .timescale 0 0;
    .port_info 0 /INPUT 32 "a";
    .port_info 1 /INPUT 32 "b";
    .port_info 2 /INPUT 4 "alu_control";
    .port_info 3 /OUTPUT 32 "result";
    .port_info 4 /OUTPUT 1 "zero";
L_0x74a62e646258 .functor BUFT 1, C4<00000000000000000000000000000000>, C4<0>, C4<0>, C4<0>;
v0x5f8444debba0_0 .net/2u *"_ivl_0", 31 0, L_0x74a62e646258;  1 drivers
v0x5f8444e15e00_0 .net "a", 31 0, v0x5f8444e501e0_0;  1 drivers
v0x5f8444e49260_0 .net "alu_control", 3 0, v0x5f8444e4a1c0_0;  alias, 1 drivers
v0x5f8444e49320_0 .net "b", 31 0, L_0x5f8444e625d0;  alias, 1 drivers
v0x5f8444e49400_0 .var "result", 31 0;
v0x5f8444e49530_0 .net "zero", 0 0, L_0x5f8444e63650;  alias, 1 drivers
E_0x5f8444e27700 .event edge, v0x5f8444e49260_0, v0x5f8444e15e00_0, v0x5f8444e49320_0, v0x5f8444e49320_0;
L_0x5f8444e63650 .cmp/eq 32, v0x5f8444e49400_0, L_0x74a62e646258;
S_0x5f8444e49690 .scope module, "branch_unit_inst" "branch_unit" 3 153, 5 13 0, S_0x5f8444e0e520;
 .timescale 0 0;
    .port_info 0 /INPUT 32 "rd1";
    .port_info 1 /INPUT 32 "rd2";
    .port_info 2 /INPUT 3 "funct3";
    .port_info 3 /INPUT 1 "branch";
    .port_info 4 /OUTPUT 1 "pc_src";
L_0x5f8444e63a20 .functor AND 1, v0x5f8444e4a340_0, v0x5f8444e49990_0, C4<1>, C4<1>;
v0x5f8444e498b0_0 .net "branch", 0 0, v0x5f8444e4a340_0;  alias, 1 drivers
v0x5f8444e49990_0 .var "branch_condition", 0 0;
v0x5f8444e49a50_0 .net "funct3", 2 0, L_0x5f8444e51f10;  alias, 1 drivers
v0x5f8444e49b10_0 .net "pc_src", 0 0, L_0x5f8444e63a20;  alias, 1 drivers
v0x5f8444e49bd0_0 .net "rd1", 31 0, L_0x5f8444e62e90;  alias, 1 drivers
v0x5f8444e49d00_0 .net "rd2", 31 0, L_0x5f8444e633e0;  alias, 1 drivers
E_0x5f8444df9b60 .event edge, v0x5f8444e49a50_0, v0x5f8444e49bd0_0, v0x5f8444e49d00_0;
S_0x5f8444e49e80 .scope module, "control_unit" "control" 3 137, 6 13 0, S_0x5f8444e0e520;
 .timescale 0 0;
    .port_info 0 /INPUT 7 "opcode";
    .port_info 1 /INPUT 3 "funct3";
    .port_info 2 /INPUT 7 "funct7";
    .port_info 3 /OUTPUT 1 "reg_write";
    .port_info 4 /OUTPUT 3 "imm_src";
    .port_info 5 /OUTPUT 1 "alu_src";
    .port_info 6 /OUTPUT 1 "mem_write";
    .port_info 7 /OUTPUT 1 "result_src";
    .port_info 8 /OUTPUT 1 "branch";
    .port_info 9 /OUTPUT 1 "mem_read";
    .port_info 10 /OUTPUT 1 "mem_to_reg";
    .port_info 11 /OUTPUT 1 "jump";
    .port_info 12 /OUTPUT 4 "alu_control";
v0x5f8444e4a1c0_0 .var "alu_control", 3 0;
v0x5f8444e4a2a0_0 .var "alu_src", 0 0;
v0x5f8444e4a340_0 .var "branch", 0 0;
v0x5f8444e4a3e0_0 .net "funct3", 2 0, L_0x5f8444e51f10;  alias, 1 drivers
v0x5f8444e4a480_0 .net "funct7", 6 0, L_0x5f8444e52170;  alias, 1 drivers
v0x5f8444e4a570_0 .var "imm_src", 2 0;
v0x5f8444e4a650_0 .var "jump", 0 0;
v0x5f8444e4a710_0 .var "mem_read", 0 0;
v0x5f8444e4a7d0_0 .var "mem_to_reg", 0 0;
v0x5f8444e4a890_0 .var "mem_write", 0 0;
v0x5f8444e4a950_0 .net "opcode", 6 0, L_0x5f8444e51cf0;  alias, 1 drivers
v0x5f8444e4aa30_0 .var "reg_write", 0 0;
v0x5f8444e4aaf0_0 .var "result_src", 0 0;
E_0x5f8444e05920 .event edge, v0x5f8444e4a950_0, v0x5f8444e49a50_0, v0x5f8444e4a480_0;
S_0x5f8444e4ad50 .scope module, "data_memory" "dmem" 3 128, 7 9 0, S_0x5f8444e0e520;
 .timescale 0 0;
    .port_info 0 /INPUT 1 "clk";
    .port_info 1 /INPUT 1 "we";
    .port_info 2 /INPUT 1 "reset";
    .port_info 3 /INPUT 32 "addr";
    .port_info 4 /INPUT 32 "wdata";
    .port_info 5 /OUTPUT 32 "rdata";
L_0x5f8444e63960 .functor BUFZ 32, L_0x5f8444e63740, C4<00000000000000000000000000000000>, C4<00000000000000000000000000000000>, C4<00000000000000000000000000000000>;
v0x5f8444e4afc0_0 .net *"_ivl_0", 31 0, L_0x5f8444e63740;  1 drivers
v0x5f8444e4b0c0_0 .net *"_ivl_3", 29 0, L_0x5f8444e637e0;  1 drivers
v0x5f8444e4b1a0_0 .net "addr", 31 0, v0x5f8444e49400_0;  alias, 1 drivers
v0x5f8444e4b240_0 .net "clk", 0 0, o0x74a62e68f8e8;  alias, 0 drivers
v0x5f8444e4b2e0_0 .var/i "i", 31 0;
v0x5f8444e4b410 .array "mem", 1023 0, 31 0;
v0x5f8444e4b4d0_0 .net "rdata", 31 0, L_0x5f8444e63960;  alias, 1 drivers
v0x5f8444e4b5b0_0 .net "reset", 0 0, o0x74a62e68f978;  alias, 0 drivers
v0x5f8444e4b670_0 .net "wdata", 31 0, L_0x5f8444e633e0;  alias, 1 drivers
v0x5f8444e4b7c0_0 .net "we", 0 0, v0x5f8444e4a890_0;  alias, 1 drivers
E_0x5f8444db80f0 .event posedge, v0x5f8444e4b240_0;
L_0x5f8444e63740 .array/port v0x5f8444e4b410, L_0x5f8444e637e0;
L_0x5f8444e637e0 .part v0x5f8444e49400_0, 2, 30;
S_0x5f8444e4b910 .scope module, "imm_gen_inst" "immgen" 3 114, 8 9 0, S_0x5f8444e0e520;
 .timescale 0 0;
    .port_info 0 /INPUT 32 "instruction";
    .port_info 1 /INPUT 3 "imm_src";
    .port_info 2 /OUTPUT 32 "imm_ext";
v0x5f8444e4bbf0_0 .var "imm_ext", 31 0;
v0x5f8444e4bcf0_0 .net "imm_src", 2 0, v0x5f8444e4a570_0;  alias, 1 drivers
v0x5f8444e4bdb0_0 .net "instruction", 31 0, L_0x5f8444e62a60;  alias, 1 drivers
E_0x5f8444e235a0/0 .event edge, v0x5f8444e4a570_0, v0x5f8444e4bdb0_0, v0x5f8444e4bdb0_0, v0x5f8444e4bdb0_0;
E_0x5f8444e235a0/1 .event edge, v0x5f8444e4bdb0_0, v0x5f8444e4bdb0_0, v0x5f8444e4bdb0_0, v0x5f8444e4bdb0_0;
E_0x5f8444e235a0/2 .event edge, v0x5f8444e4bdb0_0, v0x5f8444e4bdb0_0, v0x5f8444e4bdb0_0, v0x5f8444e4bdb0_0;
E_0x5f8444e235a0 .event/or E_0x5f8444e235a0/0, E_0x5f8444e235a0/1, E_0x5f8444e235a0/2;
S_0x5f8444e4bf00 .scope module, "instruction_memory" "imem" 3 97, 9 9 0, S_0x5f8444e0e520;
 .timescale 0 0;
    .port_info 0 /INPUT 32 "addr";
    .port_info 1 /OUTPUT 32 "instruction";
L_0x5f8444e62a60 .functor BUFZ 32, L_0x5f8444e62920, C4<00000000000000000000000000000000>, C4<00000000000000000000000000000000>, C4<00000000000000000000000000000000>;
v0x5f8444e4c0e0_0 .net *"_ivl_0", 31 0, L_0x5f8444e62920;  1 drivers
v0x5f8444e4c1e0_0 .net *"_ivl_3", 29 0, L_0x5f8444e629c0;  1 drivers
v0x5f8444e4c2c0_0 .net "addr", 31 0, v0x5f8444e4ca00_0;  alias, 1 drivers
v0x5f8444e4c3b0_0 .var/i "i", 31 0;
v0x5f8444e4c490_0 .net "instruction", 31 0, L_0x5f8444e62a60;  alias, 1 drivers
v0x5f8444e4c5a0 .array "mem", 1023 0, 31 0;
L_0x5f8444e62920 .array/port v0x5f8444e4c5a0, L_0x5f8444e629c0;
L_0x5f8444e629c0 .part v0x5f8444e4ca00_0, 2, 30;
S_0x5f8444e4c6a0 .scope module, "pc_reg" "pc" 3 90, 10 9 0, S_0x5f8444e0e520;
 .timescale 0 0;
    .port_info 0 /INPUT 1 "clk";
    .port_info 1 /INPUT 1 "reset";
    .port_info 2 /INPUT 32 "pc_next";
    .port_info 3 /OUTPUT 32 "pc";
v0x5f8444e4c910_0 .net "clk", 0 0, o0x74a62e68f8e8;  alias, 0 drivers
v0x5f8444e4ca00_0 .var "pc", 31 0;
v0x5f8444e4cad0_0 .net "pc_next", 31 0, v0x5f8444e4f690_0;  1 drivers
v0x5f8444e4cba0_0 .net "reset", 0 0, o0x74a62e68f978;  alias, 0 drivers
E_0x5f8444e4c8b0 .event posedge, v0x5f8444e4b5b0_0, v0x5f8444e4b240_0;
S_0x5f8444e4cd00 .scope module, "reg_file_inst" "register_file" 3 102, 11 10 0, S_0x5f8444e0e520;
 .timescale 0 0;
    .port_info 0 /INPUT 1 "clk";
    .port_info 1 /INPUT 1 "we";
    .port_info 2 /INPUT 1 "reset";
    .port_info 3 /INPUT 5 "ra1";
    .port_info 4 /INPUT 5 "ra2";
    .port_info 5 /INPUT 5 "wa";
    .port_info 6 /INPUT 32 "wd";
    .port_info 7 /OUTPUT 32 "rd1";
    .port_info 8 /OUTPUT 32 "rd2";
L_0x74a62e6460a8 .functor BUFT 1, C4<00000>, C4<0>, C4<0>, C4<0>;
v0x5f8444e4d010_0 .net/2u *"_ivl_0", 4 0, L_0x74a62e6460a8;  1 drivers
L_0x74a62e646138 .functor BUFT 1, C4<00>, C4<0>, C4<0>, C4<0>;
v0x5f8444e4d110_0 .net *"_ivl_11", 1 0, L_0x74a62e646138;  1 drivers
L_0x74a62e646180 .functor BUFT 1, C4<00000>, C4<0>, C4<0>, C4<0>;
v0x5f8444e4d1f0_0 .net/2u *"_ivl_14", 4 0, L_0x74a62e646180;  1 drivers
v0x5f8444e4d2b0_0 .net *"_ivl_16", 0 0, L_0x5f8444e63090;  1 drivers
L_0x74a62e6461c8 .functor BUFT 1, C4<00000000000000000000000000000000>, C4<0>, C4<0>, C4<0>;
v0x5f8444e4d370_0 .net/2u *"_ivl_18", 31 0, L_0x74a62e6461c8;  1 drivers
v0x5f8444e4d4a0_0 .net *"_ivl_2", 0 0, L_0x5f8444e62ad0;  1 drivers
v0x5f8444e4d560_0 .net *"_ivl_20", 31 0, L_0x5f8444e63180;  1 drivers
v0x5f8444e4d640_0 .net *"_ivl_22", 6 0, L_0x5f8444e63260;  1 drivers
L_0x74a62e646210 .functor BUFT 1, C4<00>, C4<0>, C4<0>, C4<0>;
v0x5f8444e4d720_0 .net *"_ivl_25", 1 0, L_0x74a62e646210;  1 drivers
L_0x74a62e6460f0 .functor BUFT 1, C4<00000000000000000000000000000000>, C4<0>, C4<0>, C4<0>;
v0x5f8444e4d890_0 .net/2u *"_ivl_4", 31 0, L_0x74a62e6460f0;  1 drivers
v0x5f8444e4d970_0 .net *"_ivl_6", 31 0, L_0x5f8444e62bc0;  1 drivers
v0x5f8444e4da50_0 .net *"_ivl_8", 6 0, L_0x5f8444e62cc0;  1 drivers
v0x5f8444e4db30_0 .net "clk", 0 0, o0x74a62e68f8e8;  alias, 0 drivers
v0x5f8444e4dbd0_0 .var/i "i", 31 0;
v0x5f8444e4dcb0_0 .net "ra1", 4 0, L_0x5f8444e51fb0;  alias, 1 drivers
v0x5f8444e4dd90_0 .net "ra2", 4 0, L_0x5f8444e52080;  alias, 1 drivers
v0x5f8444e4de70_0 .net "rd1", 31 0, L_0x5f8444e62e90;  alias, 1 drivers
v0x5f8444e4df30_0 .net "rd2", 31 0, L_0x5f8444e633e0;  alias, 1 drivers
v0x5f8444e4e020 .array "registers", 31 0, 31 0;
v0x5f8444e4e0e0_0 .net "reset", 0 0, o0x74a62e68f978;  alias, 0 drivers
v0x5f8444e4e1d0_0 .net "wa", 4 0, L_0x5f8444e51d90;  alias, 1 drivers
v0x5f8444e4e2b0_0 .net "wd", 31 0, v0x5f8444e4fed0_0;  1 drivers
v0x5f8444e4e390_0 .net "we", 0 0, v0x5f8444e4aa30_0;  alias, 1 drivers
L_0x5f8444e62ad0 .cmp/eq 5, L_0x5f8444e51fb0, L_0x74a62e6460a8;
L_0x5f8444e62bc0 .array/port v0x5f8444e4e020, L_0x5f8444e62cc0;
L_0x5f8444e62cc0 .concat [ 5 2 0 0], L_0x5f8444e51fb0, L_0x74a62e646138;
L_0x5f8444e62e90 .functor MUXZ 32, L_0x5f8444e62bc0, L_0x74a62e6460f0, L_0x5f8444e62ad0, C4<>;
L_0x5f8444e63090 .cmp/eq 5, L_0x5f8444e52080, L_0x74a62e646180;
L_0x5f8444e63180 .array/port v0x5f8444e4e020, L_0x5f8444e63260;
L_0x5f8444e63260 .concat [ 5 2 0 0], L_0x5f8444e52080, L_0x74a62e646210;
L_0x5f8444e633e0 .functor MUXZ 32, L_0x5f8444e63180, L_0x74a62e6461c8, L_0x5f8444e63090, C4<>;
S_0x5f8444dcb6c0 .scope module, "tb_dmem" "tb_dmem" 12 10;
 .timescale 0 0;
v0x5f8444e51530_0 .var "addr", 31 0;
v0x5f8444e51610_0 .var "clk", 0 0;
v0x5f8444e516e0_0 .var/2s "failed", 31 0;
v0x5f8444e517b0_0 .var/2s "passed", 31 0;
v0x5f8444e51870_0 .net "rdata", 31 0, L_0x5f8444e63cc0;  1 drivers
v0x5f8444e51930_0 .var "reset", 0 0;
v0x5f8444e51a00_0 .var/2s "total", 31 0;
v0x5f8444e51aa0_0 .var "wdata", 31 0;
v0x5f8444e51b90_0 .var "we", 0 0;
S_0x5f8444e504a0 .scope task, "check" "check" 12 38, 12 38 0, S_0x5f8444dcb6c0;
 .timescale 0 0;
v0x5f8444e506a0_0 .var/str "desc";
v0x5f8444e50780_0 .var "expected", 31 0;
TD_tb_dmem.check ;
    ; show_stmt_assign_vector: Get l-value for compressed += operand
    %load/vec4 v0x5f8444e51a00_0;
    %pushi/vec4 1, 0, 32;
    %add;
    %cast2;
    %store/vec4 v0x5f8444e51a00_0, 0, 32;
    %delay 1, 0;
    %load/vec4 v0x5f8444e51870_0;
    %load/vec4 v0x5f8444e50780_0;
    %cmp/e;
    %jmp/0xz  T_0.0, 6;
    ; show_stmt_assign_vector: Get l-value for compressed += operand
    %load/vec4 v0x5f8444e517b0_0;
    %pushi/vec4 1, 0, 32;
    %add;
    %cast2;
    %store/vec4 v0x5f8444e517b0_0, 0, 32;
    %vpi_call/w 12 43 "$display", "[PASS] %s | addr=%h, rdata=%h", v0x5f8444e506a0_0, v0x5f8444e51530_0, v0x5f8444e51870_0 {0 0 0};
    %jmp T_0.1;
T_0.0 ;
    ; show_stmt_assign_vector: Get l-value for compressed += operand
    %load/vec4 v0x5f8444e516e0_0;
    %pushi/vec4 1, 0, 32;
    %add;
    %cast2;
    %store/vec4 v0x5f8444e516e0_0, 0, 32;
    %vpi_call/w 12 46 "$display", "[FAIL] %s | addr=%h, rdata=%h, expected=%h", v0x5f8444e506a0_0, v0x5f8444e51530_0, v0x5f8444e51870_0, v0x5f8444e50780_0 {0 0 0};
T_0.1 ;
    %end;
S_0x5f8444e50860 .scope module, "dut" "dmem" 12 25, 7 9 0, S_0x5f8444dcb6c0;
 .timescale 0 0;
    .port_info 0 /INPUT 1 "clk";
    .port_info 1 /INPUT 1 "we";
    .port_info 2 /INPUT 1 "reset";
    .port_info 3 /INPUT 32 "addr";
    .port_info 4 /INPUT 32 "wdata";
    .port_info 5 /OUTPUT 32 "rdata";
L_0x5f8444e63cc0 .functor BUFZ 32, L_0x5f8444e63ae0, C4<00000000000000000000000000000000>, C4<00000000000000000000000000000000>, C4<00000000000000000000000000000000>;
v0x5f8444e50ba0_0 .net *"_ivl_0", 31 0, L_0x5f8444e63ae0;  1 drivers
v0x5f8444e50ca0_0 .net *"_ivl_3", 29 0, L_0x5f8444e63b80;  1 drivers
v0x5f8444e50d80_0 .net "addr", 31 0, v0x5f8444e51530_0;  1 drivers
v0x5f8444e50e40_0 .net "clk", 0 0, v0x5f8444e51610_0;  1 drivers
v0x5f8444e50f00_0 .var/i "i", 31 0;
v0x5f8444e51030 .array "mem", 1023 0, 31 0;
v0x5f8444e510f0_0 .net "rdata", 31 0, L_0x5f8444e63cc0;  alias, 1 drivers
v0x5f8444e511d0_0 .net "reset", 0 0, v0x5f8444e51930_0;  1 drivers
v0x5f8444e51290_0 .net "wdata", 31 0, v0x5f8444e51aa0_0;  1 drivers
v0x5f8444e51370_0 .net "we", 0 0, v0x5f8444e51b90_0;  1 drivers
E_0x5f8444e50b40 .event posedge, v0x5f8444e50e40_0;
L_0x5f8444e63ae0 .array/port v0x5f8444e51030, L_0x5f8444e63b80;
L_0x5f8444e63b80 .part v0x5f8444e51530_0, 2, 30;
    .scope S_0x5f8444e4c6a0;
T_1 ;
    %wait E_0x5f8444e4c8b0;
    %load/vec4 v0x5f8444e4cba0_0;
    %flag_set/vec4 8;
    %jmp/0xz  T_1.0, 8;
    %pushi/vec4 0, 0, 32;
    %assign/vec4 v0x5f8444e4ca00_0, 0;
    %jmp T_1.1;
T_1.0 ;
    %load/vec4 v0x5f8444e4cad0_0;
    %assign/vec4 v0x5f8444e4ca00_0, 0;
T_1.1 ;
    %jmp T_1;
    .thread T_1;
    .scope S_0x5f8444e4bf00;
T_2 ;
    %pushi/vec4 0, 0, 32;
    %store/vec4 v0x5f8444e4c3b0_0, 0, 32;
T_2.0 ;
    %load/vec4 v0x5f8444e4c3b0_0;
    %cmpi/s 1024, 0, 32;
    %jmp/0xz T_2.1, 5;
    %pushi/vec4 19, 0, 32;
    %ix/getv/s 4, v0x5f8444e4c3b0_0;
    %store/vec4a v0x5f8444e4c5a0, 4, 0;
    %load/vec4 v0x5f8444e4c3b0_0;
    %addi 1, 0, 32;
    %store/vec4 v0x5f8444e4c3b0_0, 0, 32;
    %jmp T_2.0;
T_2.1 ;
    %pushi/vec4 5243027, 0, 32;
    %ix/load 4, 0, 0;
    %flag_set/imm 4, 0;
    %store/vec4a v0x5f8444e4c5a0, 4, 0;
    %pushi/vec4 6291731, 0, 32;
    %ix/load 4, 1, 0;
    %flag_set/imm 4, 0;
    %store/vec4a v0x5f8444e4c5a0, 4, 0;
    %pushi/vec4 2130355, 0, 32;
    %ix/load 4, 2, 0;
    %flag_set/imm 4, 0;
    %store/vec4a v0x5f8444e4c5a0, 4, 0;
    %end;
    .thread T_2;
    .scope S_0x5f8444e4cd00;
T_3 ;
    %pushi/vec4 0, 0, 32;
    %store/vec4 v0x5f8444e4dbd0_0, 0, 32;
T_3.0 ;
    %load/vec4 v0x5f8444e4dbd0_0;
    %cmpi/s 32, 0, 32;
    %jmp/0xz T_3.1, 5;
    %pushi/vec4 0, 0, 32;
    %ix/getv/s 4, v0x5f8444e4dbd0_0;
    %store/vec4a v0x5f8444e4e020, 4, 0;
    %load/vec4 v0x5f8444e4dbd0_0;
    %addi 1, 0, 32;
    %store/vec4 v0x5f8444e4dbd0_0, 0, 32;
    %jmp T_3.0;
T_3.1 ;
    %end;
    .thread T_3;
    .scope S_0x5f8444e4cd00;
T_4 ;
    %wait E_0x5f8444db80f0;
    %load/vec4 v0x5f8444e4e0e0_0;
    %flag_set/vec4 8;
    %jmp/0xz  T_4.0, 8;
    %pushi/vec4 0, 0, 32;
    %store/vec4 v0x5f8444e4dbd0_0, 0, 32;
T_4.2 ;
    %load/vec4 v0x5f8444e4dbd0_0;
    %cmpi/s 32, 0, 32;
    %jmp/0xz T_4.3, 5;
    %pushi/vec4 0, 0, 32;
    %ix/getv/s 3, v0x5f8444e4dbd0_0;
    %ix/load 4, 0, 0; Constant delay
    %assign/vec4/a/d v0x5f8444e4e020, 0, 4;
    %load/vec4 v0x5f8444e4dbd0_0;
    %addi 1, 0, 32;
    %store/vec4 v0x5f8444e4dbd0_0, 0, 32;
    %jmp T_4.2;
T_4.3 ;
    %jmp T_4.1;
T_4.0 ;
    %load/vec4 v0x5f8444e4e390_0;
    %load/vec4 v0x5f8444e4e1d0_0;
    %pushi/vec4 0, 0, 5;
    %cmp/ne;
    %flag_get/vec4 4;
    %and;
    %flag_set/vec4 8;
    %jmp/0xz  T_4.4, 8;
    %load/vec4 v0x5f8444e4e2b0_0;
    %load/vec4 v0x5f8444e4e1d0_0;
    %pad/u 7;
    %ix/vec4 3;
    %ix/load 4, 0, 0; Constant delay
    %assign/vec4/a/d v0x5f8444e4e020, 0, 4;
T_4.4 ;
T_4.1 ;
    %jmp T_4;
    .thread T_4;
    .scope S_0x5f8444e4b910;
T_5 ;
Ewait_0 .event/or E_0x5f8444e235a0, E_0x0;
    %wait Ewait_0;
    %load/vec4 v0x5f8444e4bcf0_0;
    %dup/vec4;
    %pushi/vec4 0, 0, 3;
    %cmp/u;
    %jmp/1 T_5.0, 6;
    %dup/vec4;
    %pushi/vec4 1, 0, 3;
    %cmp/u;
    %jmp/1 T_5.1, 6;
    %dup/vec4;
    %pushi/vec4 2, 0, 3;
    %cmp/u;
    %jmp/1 T_5.2, 6;
    %dup/vec4;
    %pushi/vec4 3, 0, 3;
    %cmp/u;
    %jmp/1 T_5.3, 6;
    %dup/vec4;
    %pushi/vec4 4, 0, 3;
    %cmp/u;
    %jmp/1 T_5.4, 6;
    %pushi/vec4 0, 0, 32;
    %store/vec4 v0x5f8444e4bbf0_0, 0, 32;
    %jmp T_5.6;
T_5.0 ;
    %load/vec4 v0x5f8444e4bdb0_0;
    %parti/s 1, 31, 6;
    %replicate 20;
    %load/vec4 v0x5f8444e4bdb0_0;
    %parti/s 12, 20, 6;
    %concat/vec4; draw_concat_vec4
    %store/vec4 v0x5f8444e4bbf0_0, 0, 32;
    %jmp T_5.6;
T_5.1 ;
    %load/vec4 v0x5f8444e4bdb0_0;
    %parti/s 1, 31, 6;
    %replicate 20;
    %load/vec4 v0x5f8444e4bdb0_0;
    %parti/s 7, 25, 6;
    %concat/vec4; draw_concat_vec4
    %load/vec4 v0x5f8444e4bdb0_0;
    %parti/s 5, 7, 4;
    %concat/vec4; draw_concat_vec4
    %store/vec4 v0x5f8444e4bbf0_0, 0, 32;
    %jmp T_5.6;
T_5.2 ;
    %load/vec4 v0x5f8444e4bdb0_0;
    %parti/s 1, 31, 6;
    %replicate 19;
    %load/vec4 v0x5f8444e4bdb0_0;
    %parti/s 1, 31, 6;
    %concat/vec4; draw_concat_vec4
    %load/vec4 v0x5f8444e4bdb0_0;
    %parti/s 1, 7, 4;
    %concat/vec4; draw_concat_vec4
    %load/vec4 v0x5f8444e4bdb0_0;
    %parti/s 6, 25, 6;
    %concat/vec4; draw_concat_vec4
    %load/vec4 v0x5f8444e4bdb0_0;
    %parti/s 4, 8, 5;
    %concat/vec4; draw_concat_vec4
    %concati/vec4 0, 0, 1;
    %store/vec4 v0x5f8444e4bbf0_0, 0, 32;
    %jmp T_5.6;
T_5.3 ;
    %load/vec4 v0x5f8444e4bdb0_0;
    %parti/s 20, 12, 5;
    %concati/vec4 0, 0, 12;
    %store/vec4 v0x5f8444e4bbf0_0, 0, 32;
    %jmp T_5.6;
T_5.4 ;
    %load/vec4 v0x5f8444e4bdb0_0;
    %parti/s 1, 31, 6;
    %replicate 11;
    %load/vec4 v0x5f8444e4bdb0_0;
    %parti/s 1, 31, 6;
    %concat/vec4; draw_concat_vec4
    %load/vec4 v0x5f8444e4bdb0_0;
    %parti/s 8, 12, 5;
    %concat/vec4; draw_concat_vec4
    %load/vec4 v0x5f8444e4bdb0_0;
    %parti/s 1, 20, 6;
    %concat/vec4; draw_concat_vec4
    %load/vec4 v0x5f8444e4bdb0_0;
    %parti/s 10, 21, 6;
    %concat/vec4; draw_concat_vec4
    %concati/vec4 0, 0, 1;
    %store/vec4 v0x5f8444e4bbf0_0, 0, 32;
    %jmp T_5.6;
T_5.6 ;
    %pop/vec4 1;
    %jmp T_5;
    .thread T_5, $push;
    .scope S_0x5f8444dca270;
T_6 ;
Ewait_1 .event/or E_0x5f8444e27700, E_0x0;
    %wait Ewait_1;
    %load/vec4 v0x5f8444e49260_0;
    %dup/vec4;
    %pushi/vec4 0, 0, 4;
    %cmp/u;
    %jmp/1 T_6.0, 6;
    %dup/vec4;
    %pushi/vec4 1, 0, 4;
    %cmp/u;
    %jmp/1 T_6.1, 6;
    %dup/vec4;
    %pushi/vec4 2, 0, 4;
    %cmp/u;
    %jmp/1 T_6.2, 6;
    %dup/vec4;
    %pushi/vec4 3, 0, 4;
    %cmp/u;
    %jmp/1 T_6.3, 6;
    %dup/vec4;
    %pushi/vec4 4, 0, 4;
    %cmp/u;
    %jmp/1 T_6.4, 6;
    %dup/vec4;
    %pushi/vec4 5, 0, 4;
    %cmp/u;
    %jmp/1 T_6.5, 6;
    %dup/vec4;
    %pushi/vec4 6, 0, 4;
    %cmp/u;
    %jmp/1 T_6.6, 6;
    %dup/vec4;
    %pushi/vec4 7, 0, 4;
    %cmp/u;
    %jmp/1 T_6.7, 6;
    %dup/vec4;
    %pushi/vec4 8, 0, 4;
    %cmp/u;
    %jmp/1 T_6.8, 6;
    %dup/vec4;
    %pushi/vec4 9, 0, 4;
    %cmp/u;
    %jmp/1 T_6.9, 6;
    %pushi/vec4 0, 0, 32;
    %store/vec4 v0x5f8444e49400_0, 0, 32;
    %jmp T_6.11;
T_6.0 ;
    %load/vec4 v0x5f8444e15e00_0;
    %load/vec4 v0x5f8444e49320_0;
    %add;
    %store/vec4 v0x5f8444e49400_0, 0, 32;
    %jmp T_6.11;
T_6.1 ;
    %load/vec4 v0x5f8444e15e00_0;
    %load/vec4 v0x5f8444e49320_0;
    %sub;
    %store/vec4 v0x5f8444e49400_0, 0, 32;
    %jmp T_6.11;
T_6.2 ;
    %load/vec4 v0x5f8444e15e00_0;
    %load/vec4 v0x5f8444e49320_0;
    %and;
    %store/vec4 v0x5f8444e49400_0, 0, 32;
    %jmp T_6.11;
T_6.3 ;
    %load/vec4 v0x5f8444e15e00_0;
    %load/vec4 v0x5f8444e49320_0;
    %or;
    %store/vec4 v0x5f8444e49400_0, 0, 32;
    %jmp T_6.11;
T_6.4 ;
    %load/vec4 v0x5f8444e15e00_0;
    %load/vec4 v0x5f8444e49320_0;
    %xor;
    %store/vec4 v0x5f8444e49400_0, 0, 32;
    %jmp T_6.11;
T_6.5 ;
    %load/vec4 v0x5f8444e15e00_0;
    %load/vec4 v0x5f8444e49320_0;
    %parti/s 5, 0, 2;
    %ix/vec4 4;
    %shiftl 4;
    %store/vec4 v0x5f8444e49400_0, 0, 32;
    %jmp T_6.11;
T_6.6 ;
    %load/vec4 v0x5f8444e15e00_0;
    %load/vec4 v0x5f8444e49320_0;
    %parti/s 5, 0, 2;
    %ix/vec4 4;
    %shiftr 4;
    %store/vec4 v0x5f8444e49400_0, 0, 32;
    %jmp T_6.11;
T_6.7 ;
    %load/vec4 v0x5f8444e15e00_0;
    %load/vec4 v0x5f8444e49320_0;
    %parti/s 5, 0, 2;
    %ix/vec4 4;
    %shiftr/s 4;
    %store/vec4 v0x5f8444e49400_0, 0, 32;
    %jmp T_6.11;
T_6.8 ;
    %pushi/vec4 0, 0, 31;
    %load/vec4 v0x5f8444e15e00_0;
    %load/vec4 v0x5f8444e49320_0;
    %cmp/s;
    %flag_get/vec4 5;
    %concat/vec4; draw_concat_vec4
    %store/vec4 v0x5f8444e49400_0, 0, 32;
    %jmp T_6.11;
T_6.9 ;
    %pushi/vec4 0, 0, 31;
    %load/vec4 v0x5f8444e15e00_0;
    %load/vec4 v0x5f8444e49320_0;
    %cmp/u;
    %flag_get/vec4 5;
    %concat/vec4; draw_concat_vec4
    %store/vec4 v0x5f8444e49400_0, 0, 32;
    %jmp T_6.11;
T_6.11 ;
    %pop/vec4 1;
    %jmp T_6;
    .thread T_6, $push;
    .scope S_0x5f8444e4ad50;
T_7 ;
    %pushi/vec4 0, 0, 32;
    %store/vec4 v0x5f8444e4b2e0_0, 0, 32;
T_7.0 ;
    %load/vec4 v0x5f8444e4b2e0_0;
    %cmpi/s 1024, 0, 32;
    %jmp/0xz T_7.1, 5;
    %pushi/vec4 0, 0, 32;
    %ix/getv/s 4, v0x5f8444e4b2e0_0;
    %store/vec4a v0x5f8444e4b410, 4, 0;
    %load/vec4 v0x5f8444e4b2e0_0;
    %addi 1, 0, 32;
    %store/vec4 v0x5f8444e4b2e0_0, 0, 32;
    %jmp T_7.0;
T_7.1 ;
    %end;
    .thread T_7;
    .scope S_0x5f8444e4ad50;
T_8 ;
    %wait E_0x5f8444db80f0;
    %load/vec4 v0x5f8444e4b7c0_0;
    %flag_set/vec4 8;
    %jmp/0xz  T_8.0, 8;
    %load/vec4 v0x5f8444e4b670_0;
    %load/vec4 v0x5f8444e4b1a0_0;
    %parti/s 30, 2, 3;
    %ix/vec4 3;
    %ix/load 4, 0, 0; Constant delay
    %assign/vec4/a/d v0x5f8444e4b410, 0, 4;
T_8.0 ;
    %jmp T_8;
    .thread T_8;
    .scope S_0x5f8444e49e80;
T_9 ;
Ewait_2 .event/or E_0x5f8444e05920, E_0x0;
    %wait Ewait_2;
    %pushi/vec4 0, 0, 1;
    %store/vec4 v0x5f8444e4aa30_0, 0, 1;
    %pushi/vec4 0, 0, 3;
    %store/vec4 v0x5f8444e4a570_0, 0, 3;
    %pushi/vec4 0, 0, 1;
    %store/vec4 v0x5f8444e4a2a0_0, 0, 1;
    %pushi/vec4 0, 0, 1;
    %store/vec4 v0x5f8444e4a890_0, 0, 1;
    %pushi/vec4 0, 0, 1;
    %store/vec4 v0x5f8444e4aaf0_0, 0, 1;
    %pushi/vec4 0, 0, 1;
    %store/vec4 v0x5f8444e4a340_0, 0, 1;
    %pushi/vec4 0, 0, 1;
    %store/vec4 v0x5f8444e4a710_0, 0, 1;
    %pushi/vec4 0, 0, 1;
    %store/vec4 v0x5f8444e4a7d0_0, 0, 1;
    %pushi/vec4 0, 0, 1;
    %store/vec4 v0x5f8444e4a650_0, 0, 1;
    %pushi/vec4 0, 0, 4;
    %store/vec4 v0x5f8444e4a1c0_0, 0, 4;
    %load/vec4 v0x5f8444e4a950_0;
    %dup/vec4;
    %pushi/vec4 51, 0, 7;
    %cmp/u;
    %jmp/1 T_9.0, 6;
    %dup/vec4;
    %pushi/vec4 19, 0, 7;
    %cmp/u;
    %jmp/1 T_9.1, 6;
    %dup/vec4;
    %pushi/vec4 3, 0, 7;
    %cmp/u;
    %jmp/1 T_9.2, 6;
    %dup/vec4;
    %pushi/vec4 35, 0, 7;
    %cmp/u;
    %jmp/1 T_9.3, 6;
    %dup/vec4;
    %pushi/vec4 99, 0, 7;
    %cmp/u;
    %jmp/1 T_9.4, 6;
    %dup/vec4;
    %pushi/vec4 111, 0, 7;
    %cmp/u;
    %jmp/1 T_9.5, 6;
    %dup/vec4;
    %pushi/vec4 103, 0, 7;
    %cmp/u;
    %jmp/1 T_9.6, 6;
    %dup/vec4;
    %pushi/vec4 55, 0, 7;
    %cmp/u;
    %jmp/1 T_9.7, 6;
    %dup/vec4;
    %pushi/vec4 23, 0, 7;
    %cmp/u;
    %jmp/1 T_9.8, 6;
    %jmp T_9.10;
T_9.0 ;
    %pushi/vec4 1, 0, 1;
    %store/vec4 v0x5f8444e4aa30_0, 0, 1;
    %load/vec4 v0x5f8444e4a3e0_0;
    %load/vec4 v0x5f8444e4a480_0;
    %parti/s 1, 5, 4;
    %concat/vec4; draw_concat_vec4
    %dup/vec4;
    %pushi/vec4 0, 0, 4;
    %cmp/u;
    %jmp/1 T_9.11, 6;
    %dup/vec4;
    %pushi/vec4 1, 0, 4;
    %cmp/u;
    %jmp/1 T_9.12, 6;
    %dup/vec4;
    %pushi/vec4 2, 0, 4;
    %cmp/u;
    %jmp/1 T_9.13, 6;
    %dup/vec4;
    %pushi/vec4 4, 0, 4;
    %cmp/u;
    %jmp/1 T_9.14, 6;
    %dup/vec4;
    %pushi/vec4 6, 0, 4;
    %cmp/u;
    %jmp/1 T_9.15, 6;
    %dup/vec4;
    %pushi/vec4 8, 0, 4;
    %cmp/u;
    %jmp/1 T_9.16, 6;
    %dup/vec4;
    %pushi/vec4 10, 0, 4;
    %cmp/u;
    %jmp/1 T_9.17, 6;
    %dup/vec4;
    %pushi/vec4 11, 0, 4;
    %cmp/u;
    %jmp/1 T_9.18, 6;
    %dup/vec4;
    %pushi/vec4 12, 0, 4;
    %cmp/u;
    %jmp/1 T_9.19, 6;
    %dup/vec4;
    %pushi/vec4 14, 0, 4;
    %cmp/u;
    %jmp/1 T_9.20, 6;
    %pushi/vec4 0, 0, 4;
    %store/vec4 v0x5f8444e4a1c0_0, 0, 4;
    %jmp T_9.22;
T_9.11 ;
    %pushi/vec4 0, 0, 4;
    %store/vec4 v0x5f8444e4a1c0_0, 0, 4;
    %jmp T_9.22;
T_9.12 ;
    %pushi/vec4 1, 0, 4;
    %store/vec4 v0x5f8444e4a1c0_0, 0, 4;
    %jmp T_9.22;
T_9.13 ;
    %pushi/vec4 5, 0, 4;
    %store/vec4 v0x5f8444e4a1c0_0, 0, 4;
    %jmp T_9.22;
T_9.14 ;
    %pushi/vec4 8, 0, 4;
    %store/vec4 v0x5f8444e4a1c0_0, 0, 4;
    %jmp T_9.22;
T_9.15 ;
    %pushi/vec4 9, 0, 4;
    %store/vec4 v0x5f8444e4a1c0_0, 0, 4;
    %jmp T_9.22;
T_9.16 ;
    %pushi/vec4 4, 0, 4;
    %store/vec4 v0x5f8444e4a1c0_0, 0, 4;
    %jmp T_9.22;
T_9.17 ;
    %pushi/vec4 6, 0, 4;
    %store/vec4 v0x5f8444e4a1c0_0, 0, 4;
    %jmp T_9.22;
T_9.18 ;
    %pushi/vec4 7, 0, 4;
    %store/vec4 v0x5f8444e4a1c0_0, 0, 4;
    %jmp T_9.22;
T_9.19 ;
    %pushi/vec4 3, 0, 4;
    %store/vec4 v0x5f8444e4a1c0_0, 0, 4;
    %jmp T_9.22;
T_9.20 ;
    %pushi/vec4 2, 0, 4;
    %store/vec4 v0x5f8444e4a1c0_0, 0, 4;
    %jmp T_9.22;
T_9.22 ;
    %pop/vec4 1;
    %jmp T_9.10;
T_9.1 ;
    %pushi/vec4 1, 0, 1;
    %store/vec4 v0x5f8444e4aa30_0, 0, 1;
    %pushi/vec4 0, 0, 3;
    %store/vec4 v0x5f8444e4a570_0, 0, 3;
    %pushi/vec4 1, 0, 1;
    %store/vec4 v0x5f8444e4a2a0_0, 0, 1;
    %load/vec4 v0x5f8444e4a3e0_0;
    %dup/vec4;
    %pushi/vec4 0, 0, 3;
    %cmp/u;
    %jmp/1 T_9.23, 6;
    %dup/vec4;
    %pushi/vec4 1, 0, 3;
    %cmp/u;
    %jmp/1 T_9.24, 6;
    %dup/vec4;
    %pushi/vec4 2, 0, 3;
    %cmp/u;
    %jmp/1 T_9.25, 6;
    %dup/vec4;
    %pushi/vec4 3, 0, 3;
    %cmp/u;
    %jmp/1 T_9.26, 6;
    %dup/vec4;
    %pushi/vec4 4, 0, 3;
    %cmp/u;
    %jmp/1 T_9.27, 6;
    %dup/vec4;
    %pushi/vec4 5, 0, 3;
    %cmp/u;
    %jmp/1 T_9.28, 6;
    %dup/vec4;
    %pushi/vec4 6, 0, 3;
    %cmp/u;
    %jmp/1 T_9.29, 6;
    %dup/vec4;
    %pushi/vec4 7, 0, 3;
    %cmp/u;
    %jmp/1 T_9.30, 6;
    %pushi/vec4 0, 0, 4;
    %store/vec4 v0x5f8444e4a1c0_0, 0, 4;
    %jmp T_9.32;
T_9.23 ;
    %pushi/vec4 0, 0, 4;
    %store/vec4 v0x5f8444e4a1c0_0, 0, 4;
    %jmp T_9.32;
T_9.24 ;
    %pushi/vec4 5, 0, 4;
    %store/vec4 v0x5f8444e4a1c0_0, 0, 4;
    %jmp T_9.32;
T_9.25 ;
    %pushi/vec4 8, 0, 4;
    %store/vec4 v0x5f8444e4a1c0_0, 0, 4;
    %jmp T_9.32;
T_9.26 ;
    %pushi/vec4 9, 0, 4;
    %store/vec4 v0x5f8444e4a1c0_0, 0, 4;
    %jmp T_9.32;
T_9.27 ;
    %pushi/vec4 4, 0, 4;
    %store/vec4 v0x5f8444e4a1c0_0, 0, 4;
    %jmp T_9.32;
T_9.28 ;
    %load/vec4 v0x5f8444e4a480_0;
    %parti/s 1, 5, 4;
    %flag_set/vec4 8;
    %jmp/0 T_9.33, 8;
    %pushi/vec4 7, 0, 4;
    %jmp/1 T_9.34, 8;
T_9.33 ; End of true expr.
    %pushi/vec4 6, 0, 4;
    %jmp/0 T_9.34, 8;
 ; End of false expr.
    %blend;
T_9.34;
    %store/vec4 v0x5f8444e4a1c0_0, 0, 4;
    %jmp T_9.32;
T_9.29 ;
    %pushi/vec4 3, 0, 4;
    %store/vec4 v0x5f8444e4a1c0_0, 0, 4;
    %jmp T_9.32;
T_9.30 ;
    %pushi/vec4 2, 0, 4;
    %store/vec4 v0x5f8444e4a1c0_0, 0, 4;
    %jmp T_9.32;
T_9.32 ;
    %pop/vec4 1;
    %jmp T_9.10;
T_9.2 ;
    %pushi/vec4 1, 0, 1;
    %store/vec4 v0x5f8444e4aa30_0, 0, 1;
    %pushi/vec4 0, 0, 3;
    %store/vec4 v0x5f8444e4a570_0, 0, 3;
    %pushi/vec4 1, 0, 1;
    %store/vec4 v0x5f8444e4a2a0_0, 0, 1;
    %pushi/vec4 1, 0, 1;
    %store/vec4 v0x5f8444e4aaf0_0, 0, 1;
    %pushi/vec4 1, 0, 1;
    %store/vec4 v0x5f8444e4a710_0, 0, 1;
    %pushi/vec4 1, 0, 1;
    %store/vec4 v0x5f8444e4a7d0_0, 0, 1;
    %pushi/vec4 0, 0, 4;
    %store/vec4 v0x5f8444e4a1c0_0, 0, 4;
    %jmp T_9.10;
T_9.3 ;
    %pushi/vec4 1, 0, 3;
    %store/vec4 v0x5f8444e4a570_0, 0, 3;
    %pushi/vec4 1, 0, 1;
    %store/vec4 v0x5f8444e4a2a0_0, 0, 1;
    %pushi/vec4 1, 0, 1;
    %store/vec4 v0x5f8444e4a890_0, 0, 1;
    %pushi/vec4 0, 0, 4;
    %store/vec4 v0x5f8444e4a1c0_0, 0, 4;
    %jmp T_9.10;
T_9.4 ;
    %pushi/vec4 2, 0, 3;
    %store/vec4 v0x5f8444e4a570_0, 0, 3;
    %pushi/vec4 1, 0, 1;
    %store/vec4 v0x5f8444e4a340_0, 0, 1;
    %pushi/vec4 1, 0, 4;
    %store/vec4 v0x5f8444e4a1c0_0, 0, 4;
    %jmp T_9.10;
T_9.5 ;
    %pushi/vec4 1, 0, 1;
    %store/vec4 v0x5f8444e4aa30_0, 0, 1;
    %pushi/vec4 4, 0, 3;
    %store/vec4 v0x5f8444e4a570_0, 0, 3;
    %pushi/vec4 1, 0, 1;
    %store/vec4 v0x5f8444e4a650_0, 0, 1;
    %jmp T_9.10;
T_9.6 ;
    %pushi/vec4 1, 0, 1;
    %store/vec4 v0x5f8444e4aa30_0, 0, 1;
    %pushi/vec4 0, 0, 3;
    %store/vec4 v0x5f8444e4a570_0, 0, 3;
    %pushi/vec4 1, 0, 1;
    %store/vec4 v0x5f8444e4a2a0_0, 0, 1;
    %pushi/vec4 1, 0, 1;
    %store/vec4 v0x5f8444e4a650_0, 0, 1;
    %pushi/vec4 0, 0, 4;
    %store/vec4 v0x5f8444e4a1c0_0, 0, 4;
    %jmp T_9.10;
T_9.7 ;
    %pushi/vec4 1, 0, 1;
    %store/vec4 v0x5f8444e4aa30_0, 0, 1;
    %pushi/vec4 3, 0, 3;
    %store/vec4 v0x5f8444e4a570_0, 0, 3;
    %pushi/vec4 1, 0, 1;
    %store/vec4 v0x5f8444e4a2a0_0, 0, 1;
    %pushi/vec4 0, 0, 4;
    %store/vec4 v0x5f8444e4a1c0_0, 0, 4;
    %jmp T_9.10;
T_9.8 ;
    %pushi/vec4 1, 0, 1;
    %store/vec4 v0x5f8444e4aa30_0, 0, 1;
    %pushi/vec4 3, 0, 3;
    %store/vec4 v0x5f8444e4a570_0, 0, 3;
    %pushi/vec4 1, 0, 1;
    %store/vec4 v0x5f8444e4a2a0_0, 0, 1;
    %pushi/vec4 0, 0, 4;
    %store/vec4 v0x5f8444e4a1c0_0, 0, 4;
    %jmp T_9.10;
T_9.10 ;
    %pop/vec4 1;
    %jmp T_9;
    .thread T_9, $push;
    .scope S_0x5f8444e49690;
T_10 ;
Ewait_3 .event/or E_0x5f8444df9b60, E_0x0;
    %wait Ewait_3;
    %load/vec4 v0x5f8444e49a50_0;
    %dup/vec4;
    %pushi/vec4 0, 0, 3;
    %cmp/u;
    %jmp/1 T_10.0, 6;
    %dup/vec4;
    %pushi/vec4 1, 0, 3;
    %cmp/u;
    %jmp/1 T_10.1, 6;
    %dup/vec4;
    %pushi/vec4 4, 0, 3;
    %cmp/u;
    %jmp/1 T_10.2, 6;
    %dup/vec4;
    %pushi/vec4 5, 0, 3;
    %cmp/u;
    %jmp/1 T_10.3, 6;
    %dup/vec4;
    %pushi/vec4 6, 0, 3;
    %cmp/u;
    %jmp/1 T_10.4, 6;
    %dup/vec4;
    %pushi/vec4 7, 0, 3;
    %cmp/u;
    %jmp/1 T_10.5, 6;
    %pushi/vec4 0, 0, 1;
    %store/vec4 v0x5f8444e49990_0, 0, 1;
    %jmp T_10.7;
T_10.0 ;
    %load/vec4 v0x5f8444e49bd0_0;
    %load/vec4 v0x5f8444e49d00_0;
    %cmp/e;
    %flag_get/vec4 4;
    %store/vec4 v0x5f8444e49990_0, 0, 1;
    %jmp T_10.7;
T_10.1 ;
    %load/vec4 v0x5f8444e49bd0_0;
    %load/vec4 v0x5f8444e49d00_0;
    %cmp/ne;
    %flag_get/vec4 4;
    %store/vec4 v0x5f8444e49990_0, 0, 1;
    %jmp T_10.7;
T_10.2 ;
    %load/vec4 v0x5f8444e49bd0_0;
    %load/vec4 v0x5f8444e49d00_0;
    %cmp/s;
    %flag_get/vec4 5;
    %store/vec4 v0x5f8444e49990_0, 0, 1;
    %jmp T_10.7;
T_10.3 ;
    %load/vec4 v0x5f8444e49d00_0;
    %load/vec4 v0x5f8444e49bd0_0;
    %cmp/s;
    %flag_get/vec4 4;
    %flag_get/vec4 5;
    %or;
    %store/vec4 v0x5f8444e49990_0, 0, 1;
    %jmp T_10.7;
T_10.4 ;
    %load/vec4 v0x5f8444e49bd0_0;
    %load/vec4 v0x5f8444e49d00_0;
    %cmp/u;
    %flag_get/vec4 5;
    %store/vec4 v0x5f8444e49990_0, 0, 1;
    %jmp T_10.7;
T_10.5 ;
    %load/vec4 v0x5f8444e49d00_0;
    %load/vec4 v0x5f8444e49bd0_0;
    %cmp/u;
    %flag_get/vec4 4;
    %flag_get/vec4 5;
    %or;
    %store/vec4 v0x5f8444e49990_0, 0, 1;
    %jmp T_10.7;
T_10.7 ;
    %pop/vec4 1;
    %jmp T_10;
    .thread T_10, $push;
    .scope S_0x5f8444e0e520;
T_11 ;
Ewait_4 .event/or E_0x5f8444dcd7b0, E_0x0;
    %wait Ewait_4;
    %load/vec4 v0x5f8444e4f230_0;
    %flag_set/vec4 8;
    %jmp/0xz  T_11.0, 8;
    %load/vec4 v0x5f8444e4f500_0;
    %cmpi/e 103, 0, 7;
    %flag_mov 8, 4;
    %jmp/0 T_11.2, 8;
    %load/vec4 v0x5f8444e4f150_0;
    %jmp/1 T_11.3, 8;
T_11.2 ; End of true expr.
    %load/vec4 v0x5f8444e4f950_0;
    %jmp/0 T_11.3, 8;
 ; End of false expr.
    %blend;
T_11.3;
    %store/vec4 v0x5f8444e4f690_0, 0, 32;
    %jmp T_11.1;
T_11.0 ;
    %load/vec4 v0x5f8444e4f8b0_0;
    %flag_set/vec4 8;
    %jmp/0xz  T_11.4, 8;
    %load/vec4 v0x5f8444e4f950_0;
    %store/vec4 v0x5f8444e4f690_0, 0, 32;
    %jmp T_11.5;
T_11.4 ;
    %load/vec4 v0x5f8444e4f7d0_0;
    %store/vec4 v0x5f8444e4f690_0, 0, 32;
T_11.5 ;
T_11.1 ;
    %jmp T_11;
    .thread T_11, $push;
    .scope S_0x5f8444e0e520;
T_12 ;
Ewait_5 .event/or E_0x5f8444dcd4f0, E_0x0;
    %wait Ewait_5;
    %load/vec4 v0x5f8444e4f500_0;
    %cmpi/e 23, 0, 7;
    %jmp/0xz  T_12.0, 4;
    %load/vec4 v0x5f8444e4f5a0_0;
    %store/vec4 v0x5f8444e501e0_0, 0, 32;
    %jmp T_12.1;
T_12.0 ;
    %load/vec4 v0x5f8444e4f500_0;
    %cmpi/e 55, 0, 7;
    %jmp/0xz  T_12.2, 4;
    %pushi/vec4 0, 0, 32;
    %store/vec4 v0x5f8444e501e0_0, 0, 32;
    %jmp T_12.3;
T_12.2 ;
    %load/vec4 v0x5f8444e4fad0_0;
    %store/vec4 v0x5f8444e501e0_0, 0, 32;
T_12.3 ;
T_12.1 ;
    %jmp T_12;
    .thread T_12, $push;
    .scope S_0x5f8444e0e520;
T_13 ;
Ewait_6 .event/or E_0x5f8444d94640, E_0x0;
    %wait Ewait_6;
    %load/vec4 v0x5f8444e4f230_0;
    %flag_set/vec4 8;
    %jmp/0xz  T_13.0, 8;
    %load/vec4 v0x5f8444e4f7d0_0;
    %store/vec4 v0x5f8444e4fed0_0, 0, 32;
    %jmp T_13.1;
T_13.0 ;
    %load/vec4 v0x5f8444e4ff70_0;
    %flag_set/vec4 8;
    %jmp/0xz  T_13.2, 8;
    %load/vec4 v0x5f8444e4fc80_0;
    %store/vec4 v0x5f8444e4fed0_0, 0, 32;
    %jmp T_13.3;
T_13.2 ;
    %load/vec4 v0x5f8444e4e8e0_0;
    %store/vec4 v0x5f8444e4fed0_0, 0, 32;
T_13.3 ;
T_13.1 ;
    %jmp T_13;
    .thread T_13, $push;
    .scope S_0x5f8444e50860;
T_14 ;
    %pushi/vec4 0, 0, 32;
    %store/vec4 v0x5f8444e50f00_0, 0, 32;
T_14.0 ;
    %load/vec4 v0x5f8444e50f00_0;
    %cmpi/s 1024, 0, 32;
    %jmp/0xz T_14.1, 5;
    %pushi/vec4 0, 0, 32;
    %ix/getv/s 4, v0x5f8444e50f00_0;
    %store/vec4a v0x5f8444e51030, 4, 0;
    %load/vec4 v0x5f8444e50f00_0;
    %addi 1, 0, 32;
    %store/vec4 v0x5f8444e50f00_0, 0, 32;
    %jmp T_14.0;
T_14.1 ;
    %end;
    .thread T_14;
    .scope S_0x5f8444e50860;
T_15 ;
    %wait E_0x5f8444e50b40;
    %load/vec4 v0x5f8444e51370_0;
    %flag_set/vec4 8;
    %jmp/0xz  T_15.0, 8;
    %load/vec4 v0x5f8444e51290_0;
    %load/vec4 v0x5f8444e50d80_0;
    %parti/s 30, 2, 3;
    %ix/vec4 3;
    %ix/load 4, 0, 0; Constant delay
    %assign/vec4/a/d v0x5f8444e51030, 0, 4;
T_15.0 ;
    %jmp T_15;
    .thread T_15;
    .scope S_0x5f8444dcb6c0;
T_16 ;
    %pushi/vec4 0, 0, 32;
    %store/vec4 v0x5f8444e51a00_0, 0, 32;
    %pushi/vec4 0, 0, 32;
    %store/vec4 v0x5f8444e517b0_0, 0, 32;
    %pushi/vec4 0, 0, 32;
    %store/vec4 v0x5f8444e516e0_0, 0, 32;
    %end;
    .thread T_16, $init;
    .scope S_0x5f8444dcb6c0;
T_17 ;
    %delay 5, 0;
    %load/vec4 v0x5f8444e51610_0;
    %inv;
    %store/vec4 v0x5f8444e51610_0, 0, 1;
    %jmp T_17;
    .thread T_17;
    .scope S_0x5f8444dcb6c0;
T_18 ;
    %vpi_call/w 12 52 "$display", "=== Data Memory Testbench Start ===" {0 0 0};
    %pushi/vec4 0, 0, 1;
    %store/vec4 v0x5f8444e51610_0, 0, 1;
    %pushi/vec4 0, 0, 1;
    %store/vec4 v0x5f8444e51b90_0, 0, 1;
    %pushi/vec4 0, 0, 32;
    %store/vec4 v0x5f8444e51530_0, 0, 32;
    %pushi/vec4 0, 0, 32;
    %store/vec4 v0x5f8444e51aa0_0, 0, 32;
    %pushi/vec4 1, 0, 1;
    %store/vec4 v0x5f8444e51930_0, 0, 1;
    %delay 10, 0;
    %pushi/vec4 0, 0, 1;
    %store/vec4 v0x5f8444e51930_0, 0, 1;
    %delay 5, 0;
    %delay 10, 0;
    %pushi/vec4 0, 0, 32;
    %store/vec4 v0x5f8444e51530_0, 0, 32;
    %delay 10, 0;
    %pushi/vec4 0, 0, 32;
    %store/vec4 v0x5f8444e50780_0, 0, 32;
    %pushi/str "Read from addr 0 after init";
    %store/str v0x5f8444e506a0_0;
    %fork TD_tb_dmem.check, S_0x5f8444e504a0;
    %join;
    %pushi/vec4 4, 0, 32;
    %store/vec4 v0x5f8444e51530_0, 0, 32;
    %pushi/vec4 2779096485, 0, 32;
    %store/vec4 v0x5f8444e51aa0_0, 0, 32;
    %pushi/vec4 1, 0, 1;
    %store/vec4 v0x5f8444e51b90_0, 0, 1;
    %delay 10, 0;
    %pushi/vec4 0, 0, 1;
    %store/vec4 v0x5f8444e51b90_0, 0, 1;
    %pushi/vec4 16, 0, 32;
    %store/vec4 v0x5f8444e51530_0, 0, 32;
    %pushi/vec4 305419896, 0, 32;
    %store/vec4 v0x5f8444e51aa0_0, 0, 32;
    %pushi/vec4 1, 0, 1;
    %store/vec4 v0x5f8444e51b90_0, 0, 1;
    %delay 10, 0;
    %pushi/vec4 0, 0, 1;
    %store/vec4 v0x5f8444e51b90_0, 0, 1;
    %pushi/vec4 4, 0, 32;
    %store/vec4 v0x5f8444e51530_0, 0, 32;
    %delay 10, 0;
    %pushi/vec4 2779096485, 0, 32;
    %store/vec4 v0x5f8444e50780_0, 0, 32;
    %pushi/str "Read back addr 0x04";
    %store/str v0x5f8444e506a0_0;
    %fork TD_tb_dmem.check, S_0x5f8444e504a0;
    %join;
    %pushi/vec4 16, 0, 32;
    %store/vec4 v0x5f8444e51530_0, 0, 32;
    %delay 10, 0;
    %pushi/vec4 305419896, 0, 32;
    %store/vec4 v0x5f8444e50780_0, 0, 32;
    %pushi/str "Read back addr 0x10";
    %store/str v0x5f8444e506a0_0;
    %fork TD_tb_dmem.check, S_0x5f8444e504a0;
    %join;
    %pushi/vec4 32, 0, 32;
    %store/vec4 v0x5f8444e51530_0, 0, 32;
    %pushi/vec4 3735928559, 0, 32;
    %store/vec4 v0x5f8444e51aa0_0, 0, 32;
    %pushi/vec4 0, 0, 1;
    %store/vec4 v0x5f8444e51b90_0, 0, 1;
    %delay 10, 0;
    %pushi/vec4 32, 0, 32;
    %store/vec4 v0x5f8444e51530_0, 0, 32;
    %delay 10, 0;
    %pushi/vec4 0, 0, 32;
    %store/vec4 v0x5f8444e50780_0, 0, 32;
    %pushi/str "Read back addr 0x20 (should remain 0)";
    %store/str v0x5f8444e506a0_0;
    %fork TD_tb_dmem.check, S_0x5f8444e504a0;
    %join;
    %vpi_call/w 12 104 "$display", "=== Data Memory Testbench Summary ===" {0 0 0};
    %vpi_call/w 12 105 "$display", "Total tests: %0d", v0x5f8444e51a00_0 {0 0 0};
    %vpi_call/w 12 106 "$display", "Passed     : %0d", v0x5f8444e517b0_0 {0 0 0};
    %vpi_call/w 12 107 "$display", "Failed     : %0d", v0x5f8444e516e0_0 {0 0 0};
    %load/vec4 v0x5f8444e516e0_0;
    %cmpi/e 0, 0, 32;
    %jmp/0xz  T_18.0, 4;
    %vpi_call/w 12 109 "$display", "\342\234\205 All memory tests passed." {0 0 0};
    %jmp T_18.1;
T_18.0 ;
    %vpi_call/w 12 111 "$display", "\342\235\214 Some memory tests failed. Please review above." {0 0 0};
T_18.1 ;
    %vpi_call/w 12 113 "$finish" {0 0 0};
    %end;
    .thread T_18;
# The file index is used to find the file name in the following table.
:file_names 13;
    "N/A";
    "<interactive>";
    "-";
    "rtl/processor.sv";
    "rtl/alu.sv";
    "rtl/branch_unit.sv";
    "rtl/controller.sv";
    "rtl/data_mem.sv";
    "rtl/imm_gen.sv";
    "rtl/inst_mem.sv";
    "rtl/pc.sv";
    "rtl/reg_file.sv";
    "verif/tb_data_mem.sv";
