#! /usr/bin/vvp
:ivl_version "11.0 (stable)";
:ivl_delay_selection "TYPICAL";
:vpi_time_precision + 0;
:vpi_module "/usr/lib/x86_64-linux-gnu/ivl/system.vpi";
:vpi_module "/usr/lib/x86_64-linux-gnu/ivl/vhdl_sys.vpi";
:vpi_module "/usr/lib/x86_64-linux-gnu/ivl/vhdl_textio.vpi";
:vpi_module "/usr/lib/x86_64-linux-gnu/ivl/v2005_math.vpi";
:vpi_module "/usr/lib/x86_64-linux-gnu/ivl/va_math.vpi";
:vpi_module "/usr/lib/x86_64-linux-gnu/ivl/v2009.vpi";
S_0x6287e6563050 .scope package, "$unit" "$unit" 2 1;
 .timescale 0 0;
S_0x6287e650a430 .scope module, "riscv_processor" "riscv_processor" 3 10;
 .timescale 0 0;
    .port_info 0 /INPUT 1 "clk";
    .port_info 1 /INPUT 1 "reset";
    .port_info 2 /OUTPUT 32 "pc_out";
    .port_info 3 /OUTPUT 32 "instruction_out";
L_0x7bd03e45b060 .functor BUFT 1, C4<11111111111111111111111111111110>, C4<0>, C4<0>, C4<0>;
L_0x6287e659b070 .functor AND 32, L_0x6287e659b220, L_0x7bd03e45b060, C4<11111111111111111111111111111111>, C4<11111111111111111111111111111111>;
L_0x6287e659b5d0 .functor BUFZ 32, v0x6287e6585e60_0, C4<00000000000000000000000000000000>, C4<00000000000000000000000000000000>, C4<00000000000000000000000000000000>;
L_0x6287e659b640 .functor BUFZ 32, L_0x6287e659b7f0, C4<00000000000000000000000000000000>, C4<00000000000000000000000000000000>, C4<00000000000000000000000000000000>;
L_0x7bd03e45b018 .functor BUFT 1, C4<00000000000000000000000000000100>, C4<0>, C4<0>, C4<0>;
v0x6287e65879e0_0 .net/2u *"_ivl_12", 31 0, L_0x7bd03e45b018;  1 drivers
v0x6287e6587ae0_0 .net *"_ivl_18", 31 0, L_0x6287e659b220;  1 drivers
v0x6287e6587bc0_0 .net/2u *"_ivl_20", 31 0, L_0x7bd03e45b060;  1 drivers
v0x6287e6587c80_0 .net "alu_control", 3 0, v0x6287e6583620_0;  1 drivers
v0x6287e6587d40_0 .net "alu_result", 31 0, v0x6287e6582860_0;  1 drivers
v0x6287e6587ea0_0 .net "alu_src", 0 0, v0x6287e6583700_0;  1 drivers
v0x6287e6587f40_0 .net "branch", 0 0, v0x6287e65837a0_0;  1 drivers
o0x7bd03e4a48e8 .functor BUFZ 1, C4<z>; HiZ drive
v0x6287e6588030_0 .net "clk", 0 0, o0x7bd03e4a48e8;  0 drivers
v0x6287e65880d0_0 .net "funct3", 2 0, L_0x6287e658ac30;  1 drivers
v0x6287e6588170_0 .net "funct7", 6 0, L_0x6287e658ae90;  1 drivers
v0x6287e6588230_0 .net "imm_ext", 31 0, v0x6287e6585050_0;  1 drivers
v0x6287e65882d0_0 .net "imm_src", 2 0, v0x6287e65839d0_0;  1 drivers
v0x6287e65883c0_0 .net "instruction", 31 0, L_0x6287e659b7f0;  1 drivers
v0x6287e65884d0_0 .net "instruction_out", 31 0, L_0x6287e659b640;  1 drivers
v0x6287e65885b0_0 .net "jalr_target", 31 0, L_0x6287e659b070;  1 drivers
v0x6287e6588690_0 .net "jump", 0 0, v0x6287e6583ab0_0;  1 drivers
v0x6287e6588730_0 .net "mem_read", 0 0, v0x6287e6583b70_0;  1 drivers
v0x6287e65887d0_0 .net "mem_to_reg", 0 0, v0x6287e6583c30_0;  1 drivers
v0x6287e6588870_0 .net "mem_write", 0 0, v0x6287e6583cf0_0;  1 drivers
v0x6287e6588960_0 .net "opcode", 6 0, L_0x6287e658aa30;  1 drivers
v0x6287e6588a00_0 .net "pc", 31 0, v0x6287e6585e60_0;  1 drivers
v0x6287e6588af0_0 .var "pc_next", 31 0;
v0x6287e6588b90_0 .net "pc_out", 31 0, L_0x6287e659b5d0;  1 drivers
v0x6287e6588c30_0 .net "pc_plus4", 31 0, L_0x6287e659afd0;  1 drivers
v0x6287e6588d10_0 .net "pc_src", 0 0, L_0x6287e659c780;  1 drivers
v0x6287e6588db0_0 .net "pc_target", 31 0, L_0x6287e659b130;  1 drivers
v0x6287e6588e70_0 .net "rd", 4 0, L_0x6287e658ab40;  1 drivers
v0x6287e6588f30_0 .net "rd1", 31 0, L_0x6287e659bbf0;  1 drivers
v0x6287e6589020_0 .net "rd2", 31 0, L_0x6287e659c140;  1 drivers
v0x6287e65890e0_0 .net "read_data", 31 0, L_0x6287e659c6c0;  1 drivers
v0x6287e65891a0_0 .net "reg_write", 0 0, v0x6287e6583e90_0;  1 drivers
o0x7bd03e4a4978 .functor BUFZ 1, C4<z>; HiZ drive
v0x6287e6589290_0 .net "reset", 0 0, o0x7bd03e4a4978;  0 drivers
v0x6287e6589330_0 .var "result", 31 0;
v0x6287e65893d0_0 .net "result_src", 0 0, v0x6287e6583f50_0;  1 drivers
v0x6287e65894a0_0 .net "rs1", 4 0, L_0x6287e658acd0;  1 drivers
v0x6287e6589570_0 .net "rs2", 4 0, L_0x6287e658ada0;  1 drivers
v0x6287e6589640_0 .var "src_a", 31 0;
v0x6287e6589710_0 .net "src_b", 31 0, L_0x6287e659b360;  1 drivers
v0x6287e65897e0_0 .net "zero", 0 0, L_0x6287e659c3b0;  1 drivers
E_0x6287e650c070/0 .event edge, v0x6287e6583ab0_0, v0x6287e6588c30_0, v0x6287e6583f50_0, v0x6287e6584930_0;
E_0x6287e650c070/1 .event edge, v0x6287e6582860_0;
E_0x6287e650c070 .event/or E_0x6287e650c070/0, E_0x6287e650c070/1;
E_0x6287e64d3640 .event edge, v0x6287e6583db0_0, v0x6287e6585720_0, v0x6287e6583030_0;
E_0x6287e650c4f0/0 .event edge, v0x6287e6583ab0_0, v0x6287e6583db0_0, v0x6287e65885b0_0, v0x6287e6588db0_0;
E_0x6287e650c4f0/1 .event edge, v0x6287e6582f70_0, v0x6287e6588c30_0;
E_0x6287e650c4f0 .event/or E_0x6287e650c4f0/0, E_0x6287e650c4f0/1;
L_0x6287e658aa30 .part L_0x6287e659b7f0, 0, 7;
L_0x6287e658ab40 .part L_0x6287e659b7f0, 7, 5;
L_0x6287e658ac30 .part L_0x6287e659b7f0, 12, 3;
L_0x6287e658acd0 .part L_0x6287e659b7f0, 15, 5;
L_0x6287e658ada0 .part L_0x6287e659b7f0, 20, 5;
L_0x6287e658ae90 .part L_0x6287e659b7f0, 25, 7;
L_0x6287e659afd0 .arith/sum 32, v0x6287e6585e60_0, L_0x7bd03e45b018;
L_0x6287e659b130 .arith/sum 32, v0x6287e6585e60_0, v0x6287e6585050_0;
L_0x6287e659b220 .arith/sum 32, L_0x6287e659bbf0, v0x6287e6585050_0;
L_0x6287e659b360 .functor MUXZ 32, L_0x6287e659c140, v0x6287e6585050_0, v0x6287e6583700_0, C4<>;
S_0x6287e6509930 .scope module, "alu_inst" "alu" 3 120, 4 10 0, S_0x6287e650a430;
 .timescale 0 0;
    .port_info 0 /INPUT 32 "a";
    .port_info 1 /INPUT 32 "b";
    .port_info 2 /INPUT 4 "alu_control";
    .port_info 3 /OUTPUT 32 "result";
    .port_info 4 /OUTPUT 1 "zero";
L_0x7bd03e45b258 .functor BUFT 1, C4<00000000000000000000000000000000>, C4<0>, C4<0>, C4<0>;
v0x6287e652aba0_0 .net/2u *"_ivl_0", 31 0, L_0x7bd03e45b258;  1 drivers
v0x6287e65509d0_0 .net "a", 31 0, v0x6287e6589640_0;  1 drivers
v0x6287e65826c0_0 .net "alu_control", 3 0, v0x6287e6583620_0;  alias, 1 drivers
v0x6287e6582780_0 .net "b", 31 0, L_0x6287e659b360;  alias, 1 drivers
v0x6287e6582860_0 .var "result", 31 0;
v0x6287e6582990_0 .net "zero", 0 0, L_0x6287e659c3b0;  alias, 1 drivers
E_0x6287e6507420 .event edge, v0x6287e65826c0_0, v0x6287e65509d0_0, v0x6287e6582780_0, v0x6287e6582780_0;
L_0x6287e659c3b0 .cmp/eq 32, v0x6287e6582860_0, L_0x7bd03e45b258;
S_0x6287e6582af0 .scope module, "branch_unit_inst" "branch_unit" 3 153, 5 13 0, S_0x6287e650a430;
 .timescale 0 0;
    .port_info 0 /INPUT 32 "rd1";
    .port_info 1 /INPUT 32 "rd2";
    .port_info 2 /INPUT 3 "funct3";
    .port_info 3 /INPUT 1 "branch";
    .port_info 4 /OUTPUT 1 "pc_src";
L_0x6287e659c780 .functor AND 1, v0x6287e65837a0_0, v0x6287e6582df0_0, C4<1>, C4<1>;
v0x6287e6582d10_0 .net "branch", 0 0, v0x6287e65837a0_0;  alias, 1 drivers
v0x6287e6582df0_0 .var "branch_condition", 0 0;
v0x6287e6582eb0_0 .net "funct3", 2 0, L_0x6287e658ac30;  alias, 1 drivers
v0x6287e6582f70_0 .net "pc_src", 0 0, L_0x6287e659c780;  alias, 1 drivers
v0x6287e6583030_0 .net "rd1", 31 0, L_0x6287e659bbf0;  alias, 1 drivers
v0x6287e6583160_0 .net "rd2", 31 0, L_0x6287e659c140;  alias, 1 drivers
E_0x6287e6561d00 .event edge, v0x6287e6582eb0_0, v0x6287e6583030_0, v0x6287e6583160_0;
S_0x6287e65832e0 .scope module, "control_unit" "control" 3 137, 6 13 0, S_0x6287e650a430;
 .timescale 0 0;
    .port_info 0 /INPUT 7 "opcode";
    .port_info 1 /INPUT 3 "funct3";
    .port_info 2 /INPUT 7 "funct7";
    .port_info 3 /OUTPUT 1 "reg_write";
    .port_info 4 /OUTPUT 3 "imm_src";
    .port_info 5 /OUTPUT 1 "alu_src";
    .port_info 6 /OUTPUT 1 "mem_write";
    .port_info 7 /OUTPUT 1 "result_src";
    .port_info 8 /OUTPUT 1 "branch";
    .port_info 9 /OUTPUT 1 "mem_read";
    .port_info 10 /OUTPUT 1 "mem_to_reg";
    .port_info 11 /OUTPUT 1 "jump";
    .port_info 12 /OUTPUT 4 "alu_control";
v0x6287e6583620_0 .var "alu_control", 3 0;
v0x6287e6583700_0 .var "alu_src", 0 0;
v0x6287e65837a0_0 .var "branch", 0 0;
v0x6287e6583840_0 .net "funct3", 2 0, L_0x6287e658ac30;  alias, 1 drivers
v0x6287e65838e0_0 .net "funct7", 6 0, L_0x6287e658ae90;  alias, 1 drivers
v0x6287e65839d0_0 .var "imm_src", 2 0;
v0x6287e6583ab0_0 .var "jump", 0 0;
v0x6287e6583b70_0 .var "mem_read", 0 0;
v0x6287e6583c30_0 .var "mem_to_reg", 0 0;
v0x6287e6583cf0_0 .var "mem_write", 0 0;
v0x6287e6583db0_0 .net "opcode", 6 0, L_0x6287e658aa30;  alias, 1 drivers
v0x6287e6583e90_0 .var "reg_write", 0 0;
v0x6287e6583f50_0 .var "result_src", 0 0;
E_0x6287e6538b60 .event edge, v0x6287e6583db0_0, v0x6287e6582eb0_0, v0x6287e65838e0_0;
S_0x6287e65841b0 .scope module, "data_memory" "dmem" 3 128, 7 9 0, S_0x6287e650a430;
 .timescale 0 0;
    .port_info 0 /INPUT 1 "clk";
    .port_info 1 /INPUT 1 "we";
    .port_info 2 /INPUT 1 "reset";
    .port_info 3 /INPUT 32 "addr";
    .port_info 4 /INPUT 32 "wdata";
    .port_info 5 /OUTPUT 32 "rdata";
L_0x6287e659c6c0 .functor BUFZ 32, L_0x6287e659c4a0, C4<00000000000000000000000000000000>, C4<00000000000000000000000000000000>, C4<00000000000000000000000000000000>;
v0x6287e6584420_0 .net *"_ivl_0", 31 0, L_0x6287e659c4a0;  1 drivers
v0x6287e6584520_0 .net *"_ivl_3", 29 0, L_0x6287e659c540;  1 drivers
v0x6287e6584600_0 .net "addr", 31 0, v0x6287e6582860_0;  alias, 1 drivers
v0x6287e65846a0_0 .net "clk", 0 0, o0x7bd03e4a48e8;  alias, 0 drivers
v0x6287e6584740_0 .var/i "i", 31 0;
v0x6287e6584870 .array "mem", 1023 0, 31 0;
v0x6287e6584930_0 .net "rdata", 31 0, L_0x6287e659c6c0;  alias, 1 drivers
v0x6287e6584a10_0 .net "reset", 0 0, o0x7bd03e4a4978;  alias, 0 drivers
v0x6287e6584ad0_0 .net "wdata", 31 0, L_0x6287e659c140;  alias, 1 drivers
v0x6287e6584c20_0 .net "we", 0 0, v0x6287e6583cf0_0;  alias, 1 drivers
E_0x6287e650c7b0 .event posedge, v0x6287e65846a0_0;
L_0x6287e659c4a0 .array/port v0x6287e6584870, L_0x6287e659c540;
L_0x6287e659c540 .part v0x6287e6582860_0, 2, 30;
S_0x6287e6584d70 .scope module, "imm_gen_inst" "immgen" 3 114, 8 9 0, S_0x6287e650a430;
 .timescale 0 0;
    .port_info 0 /INPUT 32 "instruction";
    .port_info 1 /INPUT 3 "imm_src";
    .port_info 2 /OUTPUT 32 "imm_ext";
v0x6287e6585050_0 .var "imm_ext", 31 0;
v0x6287e6585150_0 .net "imm_src", 2 0, v0x6287e65839d0_0;  alias, 1 drivers
v0x6287e6585210_0 .net "instruction", 31 0, L_0x6287e659b7f0;  alias, 1 drivers
E_0x6287e655e380/0 .event edge, v0x6287e65839d0_0, v0x6287e6585210_0, v0x6287e6585210_0, v0x6287e6585210_0;
E_0x6287e655e380/1 .event edge, v0x6287e6585210_0, v0x6287e6585210_0, v0x6287e6585210_0, v0x6287e6585210_0;
E_0x6287e655e380/2 .event edge, v0x6287e6585210_0, v0x6287e6585210_0, v0x6287e6585210_0, v0x6287e6585210_0;
E_0x6287e655e380 .event/or E_0x6287e655e380/0, E_0x6287e655e380/1, E_0x6287e655e380/2;
S_0x6287e6585360 .scope module, "instruction_memory" "imem" 3 97, 9 9 0, S_0x6287e650a430;
 .timescale 0 0;
    .port_info 0 /INPUT 32 "addr";
    .port_info 1 /OUTPUT 32 "instruction";
L_0x6287e659b7f0 .functor BUFZ 32, L_0x6287e659b6b0, C4<00000000000000000000000000000000>, C4<00000000000000000000000000000000>, C4<00000000000000000000000000000000>;
v0x6287e6585540_0 .net *"_ivl_0", 31 0, L_0x6287e659b6b0;  1 drivers
v0x6287e6585640_0 .net *"_ivl_3", 29 0, L_0x6287e659b750;  1 drivers
v0x6287e6585720_0 .net "addr", 31 0, v0x6287e6585e60_0;  alias, 1 drivers
v0x6287e6585810_0 .var/i "i", 31 0;
v0x6287e65858f0_0 .net "instruction", 31 0, L_0x6287e659b7f0;  alias, 1 drivers
v0x6287e6585a00 .array "mem", 1023 0, 31 0;
L_0x6287e659b6b0 .array/port v0x6287e6585a00, L_0x6287e659b750;
L_0x6287e659b750 .part v0x6287e6585e60_0, 2, 30;
S_0x6287e6585b00 .scope module, "pc_reg" "pc" 3 90, 10 9 0, S_0x6287e650a430;
 .timescale 0 0;
    .port_info 0 /INPUT 1 "clk";
    .port_info 1 /INPUT 1 "reset";
    .port_info 2 /INPUT 32 "pc_next";
    .port_info 3 /OUTPUT 32 "pc";
v0x6287e6585d70_0 .net "clk", 0 0, o0x7bd03e4a48e8;  alias, 0 drivers
v0x6287e6585e60_0 .var "pc", 31 0;
v0x6287e6585f30_0 .net "pc_next", 31 0, v0x6287e6588af0_0;  1 drivers
v0x6287e6586000_0 .net "reset", 0 0, o0x7bd03e4a4978;  alias, 0 drivers
E_0x6287e6585d10 .event posedge, v0x6287e6584a10_0, v0x6287e65846a0_0;
S_0x6287e6586160 .scope module, "reg_file_inst" "register_file" 3 102, 11 10 0, S_0x6287e650a430;
 .timescale 0 0;
    .port_info 0 /INPUT 1 "clk";
    .port_info 1 /INPUT 1 "we";
    .port_info 2 /INPUT 1 "reset";
    .port_info 3 /INPUT 5 "ra1";
    .port_info 4 /INPUT 5 "ra2";
    .port_info 5 /INPUT 5 "wa";
    .port_info 6 /INPUT 32 "wd";
    .port_info 7 /OUTPUT 32 "rd1";
    .port_info 8 /OUTPUT 32 "rd2";
L_0x7bd03e45b0a8 .functor BUFT 1, C4<00000>, C4<0>, C4<0>, C4<0>;
v0x6287e6586470_0 .net/2u *"_ivl_0", 4 0, L_0x7bd03e45b0a8;  1 drivers
L_0x7bd03e45b138 .functor BUFT 1, C4<00>, C4<0>, C4<0>, C4<0>;
v0x6287e6586570_0 .net *"_ivl_11", 1 0, L_0x7bd03e45b138;  1 drivers
L_0x7bd03e45b180 .functor BUFT 1, C4<00000>, C4<0>, C4<0>, C4<0>;
v0x6287e6586650_0 .net/2u *"_ivl_14", 4 0, L_0x7bd03e45b180;  1 drivers
v0x6287e6586710_0 .net *"_ivl_16", 0 0, L_0x6287e659bdf0;  1 drivers
L_0x7bd03e45b1c8 .functor BUFT 1, C4<00000000000000000000000000000000>, C4<0>, C4<0>, C4<0>;
v0x6287e65867d0_0 .net/2u *"_ivl_18", 31 0, L_0x7bd03e45b1c8;  1 drivers
v0x6287e6586900_0 .net *"_ivl_2", 0 0, L_0x6287e659b860;  1 drivers
v0x6287e65869c0_0 .net *"_ivl_20", 31 0, L_0x6287e659bee0;  1 drivers
v0x6287e6586aa0_0 .net *"_ivl_22", 6 0, L_0x6287e659bfc0;  1 drivers
L_0x7bd03e45b210 .functor BUFT 1, C4<00>, C4<0>, C4<0>, C4<0>;
v0x6287e6586b80_0 .net *"_ivl_25", 1 0, L_0x7bd03e45b210;  1 drivers
L_0x7bd03e45b0f0 .functor BUFT 1, C4<00000000000000000000000000000000>, C4<0>, C4<0>, C4<0>;
v0x6287e6586cf0_0 .net/2u *"_ivl_4", 31 0, L_0x7bd03e45b0f0;  1 drivers
v0x6287e6586dd0_0 .net *"_ivl_6", 31 0, L_0x6287e659b950;  1 drivers
v0x6287e6586eb0_0 .net *"_ivl_8", 6 0, L_0x6287e659ba20;  1 drivers
v0x6287e6586f90_0 .net "clk", 0 0, o0x7bd03e4a48e8;  alias, 0 drivers
v0x6287e6587030_0 .var/i "i", 31 0;
v0x6287e6587110_0 .net "ra1", 4 0, L_0x6287e658acd0;  alias, 1 drivers
v0x6287e65871f0_0 .net "ra2", 4 0, L_0x6287e658ada0;  alias, 1 drivers
v0x6287e65872d0_0 .net "rd1", 31 0, L_0x6287e659bbf0;  alias, 1 drivers
v0x6287e6587390_0 .net "rd2", 31 0, L_0x6287e659c140;  alias, 1 drivers
v0x6287e6587480 .array "registers", 31 0, 31 0;
v0x6287e6587540_0 .net "reset", 0 0, o0x7bd03e4a4978;  alias, 0 drivers
v0x6287e6587630_0 .net "wa", 4 0, L_0x6287e658ab40;  alias, 1 drivers
v0x6287e6587710_0 .net "wd", 31 0, v0x6287e6589330_0;  1 drivers
v0x6287e65877f0_0 .net "we", 0 0, v0x6287e6583e90_0;  alias, 1 drivers
L_0x6287e659b860 .cmp/eq 5, L_0x6287e658acd0, L_0x7bd03e45b0a8;
L_0x6287e659b950 .array/port v0x6287e6587480, L_0x6287e659ba20;
L_0x6287e659ba20 .concat [ 5 2 0 0], L_0x6287e658acd0, L_0x7bd03e45b138;
L_0x6287e659bbf0 .functor MUXZ 32, L_0x6287e659b950, L_0x7bd03e45b0f0, L_0x6287e659b860, C4<>;
L_0x6287e659bdf0 .cmp/eq 5, L_0x6287e658ada0, L_0x7bd03e45b180;
L_0x6287e659bee0 .array/port v0x6287e6587480, L_0x6287e659bfc0;
L_0x6287e659bfc0 .concat [ 5 2 0 0], L_0x6287e658ada0, L_0x7bd03e45b210;
L_0x6287e659c140 .functor MUXZ 32, L_0x6287e659bee0, L_0x7bd03e45b1c8, L_0x6287e659bdf0, C4<>;
S_0x6287e650a800 .scope module, "tb_imem" "tb_imem" 12 10;
 .timescale 0 0;
v0x6287e658a570_0 .var "addr", 31 0;
v0x6287e658a680_0 .var/2s "failed", 31 0;
v0x6287e658a740_0 .net "instruction", 31 0, L_0x6287e659ca20;  1 drivers
v0x6287e658a840_0 .var/2s "passed", 31 0;
v0x6287e658a900_0 .var/2s "total", 31 0;
S_0x6287e6589900 .scope module, "dut" "imem" 12 17, 9 9 0, S_0x6287e650a800;
 .timescale 0 0;
    .port_info 0 /INPUT 32 "addr";
    .port_info 1 /OUTPUT 32 "instruction";
L_0x6287e659ca20 .functor BUFZ 32, L_0x6287e659c840, C4<00000000000000000000000000000000>, C4<00000000000000000000000000000000>, C4<00000000000000000000000000000000>;
v0x6287e6589b60_0 .net *"_ivl_0", 31 0, L_0x6287e659c840;  1 drivers
v0x6287e6589c60_0 .net *"_ivl_3", 29 0, L_0x6287e659c8e0;  1 drivers
v0x6287e6589d40_0 .net "addr", 31 0, v0x6287e658a570_0;  1 drivers
v0x6287e6589e00_0 .var/i "i", 31 0;
v0x6287e6589ee0_0 .net "instruction", 31 0, L_0x6287e659ca20;  alias, 1 drivers
v0x6287e658a010 .array "mem", 1023 0, 31 0;
L_0x6287e659c840 .array/port v0x6287e658a010, L_0x6287e659c8e0;
L_0x6287e659c8e0 .part v0x6287e658a570_0, 2, 30;
S_0x6287e658a130 .scope task, "run_test" "run_test" 12 22, 12 22 0, S_0x6287e650a800;
 .timescale 0 0;
v0x6287e658a310_0 .var "a", 31 0;
v0x6287e658a3f0_0 .var/str "desc";
v0x6287e658a4b0_0 .var "expected", 31 0;
TD_tb_imem.run_test ;
    %load/vec4 v0x6287e658a310_0;
    %store/vec4 v0x6287e658a570_0, 0, 32;
    %delay 1, 0;
    ; show_stmt_assign_vector: Get l-value for compressed += operand
    %load/vec4 v0x6287e658a900_0;
    %pushi/vec4 1, 0, 32;
    %add;
    %cast2;
    %store/vec4 v0x6287e658a900_0, 0, 32;
    %load/vec4 v0x6287e658a740_0;
    %load/vec4 v0x6287e658a4b0_0;
    %cmp/e;
    %jmp/0xz  T_0.0, 6;
    ; show_stmt_assign_vector: Get l-value for compressed += operand
    %load/vec4 v0x6287e658a840_0;
    %pushi/vec4 1, 0, 32;
    %add;
    %cast2;
    %store/vec4 v0x6287e658a840_0, 0, 32;
    %vpi_call/w 12 33 "$display", "[PASS] %s | addr = %h, instruction = %h", v0x6287e658a3f0_0, v0x6287e658a570_0, v0x6287e658a740_0 {0 0 0};
    %jmp T_0.1;
T_0.0 ;
    ; show_stmt_assign_vector: Get l-value for compressed += operand
    %load/vec4 v0x6287e658a680_0;
    %pushi/vec4 1, 0, 32;
    %add;
    %cast2;
    %store/vec4 v0x6287e658a680_0, 0, 32;
    %vpi_call/w 12 36 "$display", "[FAIL] %s | addr = %h, got = %h, expected = %h", v0x6287e658a3f0_0, v0x6287e658a570_0, v0x6287e658a740_0, v0x6287e658a4b0_0 {0 0 0};
T_0.1 ;
    %end;
    .scope S_0x6287e6585b00;
T_1 ;
    %wait E_0x6287e6585d10;
    %load/vec4 v0x6287e6586000_0;
    %flag_set/vec4 8;
    %jmp/0xz  T_1.0, 8;
    %pushi/vec4 0, 0, 32;
    %assign/vec4 v0x6287e6585e60_0, 0;
    %jmp T_1.1;
T_1.0 ;
    %load/vec4 v0x6287e6585f30_0;
    %assign/vec4 v0x6287e6585e60_0, 0;
T_1.1 ;
    %jmp T_1;
    .thread T_1;
    .scope S_0x6287e6585360;
T_2 ;
    %pushi/vec4 0, 0, 32;
    %store/vec4 v0x6287e6585810_0, 0, 32;
T_2.0 ;
    %load/vec4 v0x6287e6585810_0;
    %cmpi/s 1024, 0, 32;
    %jmp/0xz T_2.1, 5;
    %pushi/vec4 19, 0, 32;
    %ix/getv/s 4, v0x6287e6585810_0;
    %store/vec4a v0x6287e6585a00, 4, 0;
    %load/vec4 v0x6287e6585810_0;
    %addi 1, 0, 32;
    %store/vec4 v0x6287e6585810_0, 0, 32;
    %jmp T_2.0;
T_2.1 ;
    %pushi/vec4 5243027, 0, 32;
    %ix/load 4, 0, 0;
    %flag_set/imm 4, 0;
    %store/vec4a v0x6287e6585a00, 4, 0;
    %pushi/vec4 6291731, 0, 32;
    %ix/load 4, 1, 0;
    %flag_set/imm 4, 0;
    %store/vec4a v0x6287e6585a00, 4, 0;
    %pushi/vec4 2130355, 0, 32;
    %ix/load 4, 2, 0;
    %flag_set/imm 4, 0;
    %store/vec4a v0x6287e6585a00, 4, 0;
    %end;
    .thread T_2;
    .scope S_0x6287e6586160;
T_3 ;
    %pushi/vec4 0, 0, 32;
    %store/vec4 v0x6287e6587030_0, 0, 32;
T_3.0 ;
    %load/vec4 v0x6287e6587030_0;
    %cmpi/s 32, 0, 32;
    %jmp/0xz T_3.1, 5;
    %pushi/vec4 0, 0, 32;
    %ix/getv/s 4, v0x6287e6587030_0;
    %store/vec4a v0x6287e6587480, 4, 0;
    %load/vec4 v0x6287e6587030_0;
    %addi 1, 0, 32;
    %store/vec4 v0x6287e6587030_0, 0, 32;
    %jmp T_3.0;
T_3.1 ;
    %end;
    .thread T_3;
    .scope S_0x6287e6586160;
T_4 ;
    %wait E_0x6287e650c7b0;
    %load/vec4 v0x6287e6587540_0;
    %flag_set/vec4 8;
    %jmp/0xz  T_4.0, 8;
    %pushi/vec4 0, 0, 32;
    %store/vec4 v0x6287e6587030_0, 0, 32;
T_4.2 ;
    %load/vec4 v0x6287e6587030_0;
    %cmpi/s 32, 0, 32;
    %jmp/0xz T_4.3, 5;
    %pushi/vec4 0, 0, 32;
    %ix/getv/s 3, v0x6287e6587030_0;
    %ix/load 4, 0, 0; Constant delay
    %assign/vec4/a/d v0x6287e6587480, 0, 4;
    %load/vec4 v0x6287e6587030_0;
    %addi 1, 0, 32;
    %store/vec4 v0x6287e6587030_0, 0, 32;
    %jmp T_4.2;
T_4.3 ;
    %jmp T_4.1;
T_4.0 ;
    %load/vec4 v0x6287e65877f0_0;
    %load/vec4 v0x6287e6587630_0;
    %pushi/vec4 0, 0, 5;
    %cmp/ne;
    %flag_get/vec4 4;
    %and;
    %flag_set/vec4 8;
    %jmp/0xz  T_4.4, 8;
    %load/vec4 v0x6287e6587710_0;
    %load/vec4 v0x6287e6587630_0;
    %pad/u 7;
    %ix/vec4 3;
    %ix/load 4, 0, 0; Constant delay
    %assign/vec4/a/d v0x6287e6587480, 0, 4;
T_4.4 ;
T_4.1 ;
    %jmp T_4;
    .thread T_4;
    .scope S_0x6287e6584d70;
T_5 ;
Ewait_0 .event/or E_0x6287e655e380, E_0x0;
    %wait Ewait_0;
    %load/vec4 v0x6287e6585150_0;
    %dup/vec4;
    %pushi/vec4 0, 0, 3;
    %cmp/u;
    %jmp/1 T_5.0, 6;
    %dup/vec4;
    %pushi/vec4 1, 0, 3;
    %cmp/u;
    %jmp/1 T_5.1, 6;
    %dup/vec4;
    %pushi/vec4 2, 0, 3;
    %cmp/u;
    %jmp/1 T_5.2, 6;
    %dup/vec4;
    %pushi/vec4 3, 0, 3;
    %cmp/u;
    %jmp/1 T_5.3, 6;
    %dup/vec4;
    %pushi/vec4 4, 0, 3;
    %cmp/u;
    %jmp/1 T_5.4, 6;
    %pushi/vec4 0, 0, 32;
    %store/vec4 v0x6287e6585050_0, 0, 32;
    %jmp T_5.6;
T_5.0 ;
    %load/vec4 v0x6287e6585210_0;
    %parti/s 1, 31, 6;
    %replicate 20;
    %load/vec4 v0x6287e6585210_0;
    %parti/s 12, 20, 6;
    %concat/vec4; draw_concat_vec4
    %store/vec4 v0x6287e6585050_0, 0, 32;
    %jmp T_5.6;
T_5.1 ;
    %load/vec4 v0x6287e6585210_0;
    %parti/s 1, 31, 6;
    %replicate 20;
    %load/vec4 v0x6287e6585210_0;
    %parti/s 7, 25, 6;
    %concat/vec4; draw_concat_vec4
    %load/vec4 v0x6287e6585210_0;
    %parti/s 5, 7, 4;
    %concat/vec4; draw_concat_vec4
    %store/vec4 v0x6287e6585050_0, 0, 32;
    %jmp T_5.6;
T_5.2 ;
    %load/vec4 v0x6287e6585210_0;
    %parti/s 1, 31, 6;
    %replicate 19;
    %load/vec4 v0x6287e6585210_0;
    %parti/s 1, 31, 6;
    %concat/vec4; draw_concat_vec4
    %load/vec4 v0x6287e6585210_0;
    %parti/s 1, 7, 4;
    %concat/vec4; draw_concat_vec4
    %load/vec4 v0x6287e6585210_0;
    %parti/s 6, 25, 6;
    %concat/vec4; draw_concat_vec4
    %load/vec4 v0x6287e6585210_0;
    %parti/s 4, 8, 5;
    %concat/vec4; draw_concat_vec4
    %concati/vec4 0, 0, 1;
    %store/vec4 v0x6287e6585050_0, 0, 32;
    %jmp T_5.6;
T_5.3 ;
    %load/vec4 v0x6287e6585210_0;
    %parti/s 20, 12, 5;
    %concati/vec4 0, 0, 12;
    %store/vec4 v0x6287e6585050_0, 0, 32;
    %jmp T_5.6;
T_5.4 ;
    %load/vec4 v0x6287e6585210_0;
    %parti/s 1, 31, 6;
    %replicate 11;
    %load/vec4 v0x6287e6585210_0;
    %parti/s 1, 31, 6;
    %concat/vec4; draw_concat_vec4
    %load/vec4 v0x6287e6585210_0;
    %parti/s 8, 12, 5;
    %concat/vec4; draw_concat_vec4
    %load/vec4 v0x6287e6585210_0;
    %parti/s 1, 20, 6;
    %concat/vec4; draw_concat_vec4
    %load/vec4 v0x6287e6585210_0;
    %parti/s 10, 21, 6;
    %concat/vec4; draw_concat_vec4
    %concati/vec4 0, 0, 1;
    %store/vec4 v0x6287e6585050_0, 0, 32;
    %jmp T_5.6;
T_5.6 ;
    %pop/vec4 1;
    %jmp T_5;
    .thread T_5, $push;
    .scope S_0x6287e6509930;
T_6 ;
Ewait_1 .event/or E_0x6287e6507420, E_0x0;
    %wait Ewait_1;
    %load/vec4 v0x6287e65826c0_0;
    %dup/vec4;
    %pushi/vec4 0, 0, 4;
    %cmp/u;
    %jmp/1 T_6.0, 6;
    %dup/vec4;
    %pushi/vec4 1, 0, 4;
    %cmp/u;
    %jmp/1 T_6.1, 6;
    %dup/vec4;
    %pushi/vec4 2, 0, 4;
    %cmp/u;
    %jmp/1 T_6.2, 6;
    %dup/vec4;
    %pushi/vec4 3, 0, 4;
    %cmp/u;
    %jmp/1 T_6.3, 6;
    %dup/vec4;
    %pushi/vec4 4, 0, 4;
    %cmp/u;
    %jmp/1 T_6.4, 6;
    %dup/vec4;
    %pushi/vec4 5, 0, 4;
    %cmp/u;
    %jmp/1 T_6.5, 6;
    %dup/vec4;
    %pushi/vec4 6, 0, 4;
    %cmp/u;
    %jmp/1 T_6.6, 6;
    %dup/vec4;
    %pushi/vec4 7, 0, 4;
    %cmp/u;
    %jmp/1 T_6.7, 6;
    %dup/vec4;
    %pushi/vec4 8, 0, 4;
    %cmp/u;
    %jmp/1 T_6.8, 6;
    %dup/vec4;
    %pushi/vec4 9, 0, 4;
    %cmp/u;
    %jmp/1 T_6.9, 6;
    %pushi/vec4 0, 0, 32;
    %store/vec4 v0x6287e6582860_0, 0, 32;
    %jmp T_6.11;
T_6.0 ;
    %load/vec4 v0x6287e65509d0_0;
    %load/vec4 v0x6287e6582780_0;
    %add;
    %store/vec4 v0x6287e6582860_0, 0, 32;
    %jmp T_6.11;
T_6.1 ;
    %load/vec4 v0x6287e65509d0_0;
    %load/vec4 v0x6287e6582780_0;
    %sub;
    %store/vec4 v0x6287e6582860_0, 0, 32;
    %jmp T_6.11;
T_6.2 ;
    %load/vec4 v0x6287e65509d0_0;
    %load/vec4 v0x6287e6582780_0;
    %and;
    %store/vec4 v0x6287e6582860_0, 0, 32;
    %jmp T_6.11;
T_6.3 ;
    %load/vec4 v0x6287e65509d0_0;
    %load/vec4 v0x6287e6582780_0;
    %or;
    %store/vec4 v0x6287e6582860_0, 0, 32;
    %jmp T_6.11;
T_6.4 ;
    %load/vec4 v0x6287e65509d0_0;
    %load/vec4 v0x6287e6582780_0;
    %xor;
    %store/vec4 v0x6287e6582860_0, 0, 32;
    %jmp T_6.11;
T_6.5 ;
    %load/vec4 v0x6287e65509d0_0;
    %load/vec4 v0x6287e6582780_0;
    %parti/s 5, 0, 2;
    %ix/vec4 4;
    %shiftl 4;
    %store/vec4 v0x6287e6582860_0, 0, 32;
    %jmp T_6.11;
T_6.6 ;
    %load/vec4 v0x6287e65509d0_0;
    %load/vec4 v0x6287e6582780_0;
    %parti/s 5, 0, 2;
    %ix/vec4 4;
    %shiftr 4;
    %store/vec4 v0x6287e6582860_0, 0, 32;
    %jmp T_6.11;
T_6.7 ;
    %load/vec4 v0x6287e65509d0_0;
    %load/vec4 v0x6287e6582780_0;
    %parti/s 5, 0, 2;
    %ix/vec4 4;
    %shiftr/s 4;
    %store/vec4 v0x6287e6582860_0, 0, 32;
    %jmp T_6.11;
T_6.8 ;
    %pushi/vec4 0, 0, 31;
    %load/vec4 v0x6287e65509d0_0;
    %load/vec4 v0x6287e6582780_0;
    %cmp/s;
    %flag_get/vec4 5;
    %concat/vec4; draw_concat_vec4
    %store/vec4 v0x6287e6582860_0, 0, 32;
    %jmp T_6.11;
T_6.9 ;
    %pushi/vec4 0, 0, 31;
    %load/vec4 v0x6287e65509d0_0;
    %load/vec4 v0x6287e6582780_0;
    %cmp/u;
    %flag_get/vec4 5;
    %concat/vec4; draw_concat_vec4
    %store/vec4 v0x6287e6582860_0, 0, 32;
    %jmp T_6.11;
T_6.11 ;
    %pop/vec4 1;
    %jmp T_6;
    .thread T_6, $push;
    .scope S_0x6287e65841b0;
T_7 ;
    %pushi/vec4 0, 0, 32;
    %store/vec4 v0x6287e6584740_0, 0, 32;
T_7.0 ;
    %load/vec4 v0x6287e6584740_0;
    %cmpi/s 1024, 0, 32;
    %jmp/0xz T_7.1, 5;
    %pushi/vec4 0, 0, 32;
    %ix/getv/s 4, v0x6287e6584740_0;
    %store/vec4a v0x6287e6584870, 4, 0;
    %load/vec4 v0x6287e6584740_0;
    %addi 1, 0, 32;
    %store/vec4 v0x6287e6584740_0, 0, 32;
    %jmp T_7.0;
T_7.1 ;
    %end;
    .thread T_7;
    .scope S_0x6287e65841b0;
T_8 ;
    %wait E_0x6287e650c7b0;
    %load/vec4 v0x6287e6584c20_0;
    %flag_set/vec4 8;
    %jmp/0xz  T_8.0, 8;
    %load/vec4 v0x6287e6584ad0_0;
    %load/vec4 v0x6287e6584600_0;
    %parti/s 30, 2, 3;
    %ix/vec4 3;
    %ix/load 4, 0, 0; Constant delay
    %assign/vec4/a/d v0x6287e6584870, 0, 4;
T_8.0 ;
    %jmp T_8;
    .thread T_8;
    .scope S_0x6287e65832e0;
T_9 ;
Ewait_2 .event/or E_0x6287e6538b60, E_0x0;
    %wait Ewait_2;
    %pushi/vec4 0, 0, 1;
    %store/vec4 v0x6287e6583e90_0, 0, 1;
    %pushi/vec4 0, 0, 3;
    %store/vec4 v0x6287e65839d0_0, 0, 3;
    %pushi/vec4 0, 0, 1;
    %store/vec4 v0x6287e6583700_0, 0, 1;
    %pushi/vec4 0, 0, 1;
    %store/vec4 v0x6287e6583cf0_0, 0, 1;
    %pushi/vec4 0, 0, 1;
    %store/vec4 v0x6287e6583f50_0, 0, 1;
    %pushi/vec4 0, 0, 1;
    %store/vec4 v0x6287e65837a0_0, 0, 1;
    %pushi/vec4 0, 0, 1;
    %store/vec4 v0x6287e6583b70_0, 0, 1;
    %pushi/vec4 0, 0, 1;
    %store/vec4 v0x6287e6583c30_0, 0, 1;
    %pushi/vec4 0, 0, 1;
    %store/vec4 v0x6287e6583ab0_0, 0, 1;
    %pushi/vec4 0, 0, 4;
    %store/vec4 v0x6287e6583620_0, 0, 4;
    %load/vec4 v0x6287e6583db0_0;
    %dup/vec4;
    %pushi/vec4 51, 0, 7;
    %cmp/u;
    %jmp/1 T_9.0, 6;
    %dup/vec4;
    %pushi/vec4 19, 0, 7;
    %cmp/u;
    %jmp/1 T_9.1, 6;
    %dup/vec4;
    %pushi/vec4 3, 0, 7;
    %cmp/u;
    %jmp/1 T_9.2, 6;
    %dup/vec4;
    %pushi/vec4 35, 0, 7;
    %cmp/u;
    %jmp/1 T_9.3, 6;
    %dup/vec4;
    %pushi/vec4 99, 0, 7;
    %cmp/u;
    %jmp/1 T_9.4, 6;
    %dup/vec4;
    %pushi/vec4 111, 0, 7;
    %cmp/u;
    %jmp/1 T_9.5, 6;
    %dup/vec4;
    %pushi/vec4 103, 0, 7;
    %cmp/u;
    %jmp/1 T_9.6, 6;
    %dup/vec4;
    %pushi/vec4 55, 0, 7;
    %cmp/u;
    %jmp/1 T_9.7, 6;
    %dup/vec4;
    %pushi/vec4 23, 0, 7;
    %cmp/u;
    %jmp/1 T_9.8, 6;
    %jmp T_9.10;
T_9.0 ;
    %pushi/vec4 1, 0, 1;
    %store/vec4 v0x6287e6583e90_0, 0, 1;
    %load/vec4 v0x6287e6583840_0;
    %load/vec4 v0x6287e65838e0_0;
    %parti/s 1, 5, 4;
    %concat/vec4; draw_concat_vec4
    %dup/vec4;
    %pushi/vec4 0, 0, 4;
    %cmp/u;
    %jmp/1 T_9.11, 6;
    %dup/vec4;
    %pushi/vec4 1, 0, 4;
    %cmp/u;
    %jmp/1 T_9.12, 6;
    %dup/vec4;
    %pushi/vec4 2, 0, 4;
    %cmp/u;
    %jmp/1 T_9.13, 6;
    %dup/vec4;
    %pushi/vec4 4, 0, 4;
    %cmp/u;
    %jmp/1 T_9.14, 6;
    %dup/vec4;
    %pushi/vec4 6, 0, 4;
    %cmp/u;
    %jmp/1 T_9.15, 6;
    %dup/vec4;
    %pushi/vec4 8, 0, 4;
    %cmp/u;
    %jmp/1 T_9.16, 6;
    %dup/vec4;
    %pushi/vec4 10, 0, 4;
    %cmp/u;
    %jmp/1 T_9.17, 6;
    %dup/vec4;
    %pushi/vec4 11, 0, 4;
    %cmp/u;
    %jmp/1 T_9.18, 6;
    %dup/vec4;
    %pushi/vec4 12, 0, 4;
    %cmp/u;
    %jmp/1 T_9.19, 6;
    %dup/vec4;
    %pushi/vec4 14, 0, 4;
    %cmp/u;
    %jmp/1 T_9.20, 6;
    %pushi/vec4 0, 0, 4;
    %store/vec4 v0x6287e6583620_0, 0, 4;
    %jmp T_9.22;
T_9.11 ;
    %pushi/vec4 0, 0, 4;
    %store/vec4 v0x6287e6583620_0, 0, 4;
    %jmp T_9.22;
T_9.12 ;
    %pushi/vec4 1, 0, 4;
    %store/vec4 v0x6287e6583620_0, 0, 4;
    %jmp T_9.22;
T_9.13 ;
    %pushi/vec4 5, 0, 4;
    %store/vec4 v0x6287e6583620_0, 0, 4;
    %jmp T_9.22;
T_9.14 ;
    %pushi/vec4 8, 0, 4;
    %store/vec4 v0x6287e6583620_0, 0, 4;
    %jmp T_9.22;
T_9.15 ;
    %pushi/vec4 9, 0, 4;
    %store/vec4 v0x6287e6583620_0, 0, 4;
    %jmp T_9.22;
T_9.16 ;
    %pushi/vec4 4, 0, 4;
    %store/vec4 v0x6287e6583620_0, 0, 4;
    %jmp T_9.22;
T_9.17 ;
    %pushi/vec4 6, 0, 4;
    %store/vec4 v0x6287e6583620_0, 0, 4;
    %jmp T_9.22;
T_9.18 ;
    %pushi/vec4 7, 0, 4;
    %store/vec4 v0x6287e6583620_0, 0, 4;
    %jmp T_9.22;
T_9.19 ;
    %pushi/vec4 3, 0, 4;
    %store/vec4 v0x6287e6583620_0, 0, 4;
    %jmp T_9.22;
T_9.20 ;
    %pushi/vec4 2, 0, 4;
    %store/vec4 v0x6287e6583620_0, 0, 4;
    %jmp T_9.22;
T_9.22 ;
    %pop/vec4 1;
    %jmp T_9.10;
T_9.1 ;
    %pushi/vec4 1, 0, 1;
    %store/vec4 v0x6287e6583e90_0, 0, 1;
    %pushi/vec4 0, 0, 3;
    %store/vec4 v0x6287e65839d0_0, 0, 3;
    %pushi/vec4 1, 0, 1;
    %store/vec4 v0x6287e6583700_0, 0, 1;
    %load/vec4 v0x6287e6583840_0;
    %dup/vec4;
    %pushi/vec4 0, 0, 3;
    %cmp/u;
    %jmp/1 T_9.23, 6;
    %dup/vec4;
    %pushi/vec4 1, 0, 3;
    %cmp/u;
    %jmp/1 T_9.24, 6;
    %dup/vec4;
    %pushi/vec4 2, 0, 3;
    %cmp/u;
    %jmp/1 T_9.25, 6;
    %dup/vec4;
    %pushi/vec4 3, 0, 3;
    %cmp/u;
    %jmp/1 T_9.26, 6;
    %dup/vec4;
    %pushi/vec4 4, 0, 3;
    %cmp/u;
    %jmp/1 T_9.27, 6;
    %dup/vec4;
    %pushi/vec4 5, 0, 3;
    %cmp/u;
    %jmp/1 T_9.28, 6;
    %dup/vec4;
    %pushi/vec4 6, 0, 3;
    %cmp/u;
    %jmp/1 T_9.29, 6;
    %dup/vec4;
    %pushi/vec4 7, 0, 3;
    %cmp/u;
    %jmp/1 T_9.30, 6;
    %pushi/vec4 0, 0, 4;
    %store/vec4 v0x6287e6583620_0, 0, 4;
    %jmp T_9.32;
T_9.23 ;
    %pushi/vec4 0, 0, 4;
    %store/vec4 v0x6287e6583620_0, 0, 4;
    %jmp T_9.32;
T_9.24 ;
    %pushi/vec4 5, 0, 4;
    %store/vec4 v0x6287e6583620_0, 0, 4;
    %jmp T_9.32;
T_9.25 ;
    %pushi/vec4 8, 0, 4;
    %store/vec4 v0x6287e6583620_0, 0, 4;
    %jmp T_9.32;
T_9.26 ;
    %pushi/vec4 9, 0, 4;
    %store/vec4 v0x6287e6583620_0, 0, 4;
    %jmp T_9.32;
T_9.27 ;
    %pushi/vec4 4, 0, 4;
    %store/vec4 v0x6287e6583620_0, 0, 4;
    %jmp T_9.32;
T_9.28 ;
    %load/vec4 v0x6287e65838e0_0;
    %parti/s 1, 5, 4;
    %flag_set/vec4 8;
    %jmp/0 T_9.33, 8;
    %pushi/vec4 7, 0, 4;
    %jmp/1 T_9.34, 8;
T_9.33 ; End of true expr.
    %pushi/vec4 6, 0, 4;
    %jmp/0 T_9.34, 8;
 ; End of false expr.
    %blend;
T_9.34;
    %store/vec4 v0x6287e6583620_0, 0, 4;
    %jmp T_9.32;
T_9.29 ;
    %pushi/vec4 3, 0, 4;
    %store/vec4 v0x6287e6583620_0, 0, 4;
    %jmp T_9.32;
T_9.30 ;
    %pushi/vec4 2, 0, 4;
    %store/vec4 v0x6287e6583620_0, 0, 4;
    %jmp T_9.32;
T_9.32 ;
    %pop/vec4 1;
    %jmp T_9.10;
T_9.2 ;
    %pushi/vec4 1, 0, 1;
    %store/vec4 v0x6287e6583e90_0, 0, 1;
    %pushi/vec4 0, 0, 3;
    %store/vec4 v0x6287e65839d0_0, 0, 3;
    %pushi/vec4 1, 0, 1;
    %store/vec4 v0x6287e6583700_0, 0, 1;
    %pushi/vec4 1, 0, 1;
    %store/vec4 v0x6287e6583f50_0, 0, 1;
    %pushi/vec4 1, 0, 1;
    %store/vec4 v0x6287e6583b70_0, 0, 1;
    %pushi/vec4 1, 0, 1;
    %store/vec4 v0x6287e6583c30_0, 0, 1;
    %pushi/vec4 0, 0, 4;
    %store/vec4 v0x6287e6583620_0, 0, 4;
    %jmp T_9.10;
T_9.3 ;
    %pushi/vec4 1, 0, 3;
    %store/vec4 v0x6287e65839d0_0, 0, 3;
    %pushi/vec4 1, 0, 1;
    %store/vec4 v0x6287e6583700_0, 0, 1;
    %pushi/vec4 1, 0, 1;
    %store/vec4 v0x6287e6583cf0_0, 0, 1;
    %pushi/vec4 0, 0, 4;
    %store/vec4 v0x6287e6583620_0, 0, 4;
    %jmp T_9.10;
T_9.4 ;
    %pushi/vec4 2, 0, 3;
    %store/vec4 v0x6287e65839d0_0, 0, 3;
    %pushi/vec4 1, 0, 1;
    %store/vec4 v0x6287e65837a0_0, 0, 1;
    %pushi/vec4 1, 0, 4;
    %store/vec4 v0x6287e6583620_0, 0, 4;
    %jmp T_9.10;
T_9.5 ;
    %pushi/vec4 1, 0, 1;
    %store/vec4 v0x6287e6583e90_0, 0, 1;
    %pushi/vec4 4, 0, 3;
    %store/vec4 v0x6287e65839d0_0, 0, 3;
    %pushi/vec4 1, 0, 1;
    %store/vec4 v0x6287e6583ab0_0, 0, 1;
    %jmp T_9.10;
T_9.6 ;
    %pushi/vec4 1, 0, 1;
    %store/vec4 v0x6287e6583e90_0, 0, 1;
    %pushi/vec4 0, 0, 3;
    %store/vec4 v0x6287e65839d0_0, 0, 3;
    %pushi/vec4 1, 0, 1;
    %store/vec4 v0x6287e6583700_0, 0, 1;
    %pushi/vec4 1, 0, 1;
    %store/vec4 v0x6287e6583ab0_0, 0, 1;
    %pushi/vec4 0, 0, 4;
    %store/vec4 v0x6287e6583620_0, 0, 4;
    %jmp T_9.10;
T_9.7 ;
    %pushi/vec4 1, 0, 1;
    %store/vec4 v0x6287e6583e90_0, 0, 1;
    %pushi/vec4 3, 0, 3;
    %store/vec4 v0x6287e65839d0_0, 0, 3;
    %pushi/vec4 1, 0, 1;
    %store/vec4 v0x6287e6583700_0, 0, 1;
    %pushi/vec4 0, 0, 4;
    %store/vec4 v0x6287e6583620_0, 0, 4;
    %jmp T_9.10;
T_9.8 ;
    %pushi/vec4 1, 0, 1;
    %store/vec4 v0x6287e6583e90_0, 0, 1;
    %pushi/vec4 3, 0, 3;
    %store/vec4 v0x6287e65839d0_0, 0, 3;
    %pushi/vec4 1, 0, 1;
    %store/vec4 v0x6287e6583700_0, 0, 1;
    %pushi/vec4 0, 0, 4;
    %store/vec4 v0x6287e6583620_0, 0, 4;
    %jmp T_9.10;
T_9.10 ;
    %pop/vec4 1;
    %jmp T_9;
    .thread T_9, $push;
    .scope S_0x6287e6582af0;
T_10 ;
Ewait_3 .event/or E_0x6287e6561d00, E_0x0;
    %wait Ewait_3;
    %load/vec4 v0x6287e6582eb0_0;
    %dup/vec4;
    %pushi/vec4 0, 0, 3;
    %cmp/u;
    %jmp/1 T_10.0, 6;
    %dup/vec4;
    %pushi/vec4 1, 0, 3;
    %cmp/u;
    %jmp/1 T_10.1, 6;
    %dup/vec4;
    %pushi/vec4 4, 0, 3;
    %cmp/u;
    %jmp/1 T_10.2, 6;
    %dup/vec4;
    %pushi/vec4 5, 0, 3;
    %cmp/u;
    %jmp/1 T_10.3, 6;
    %dup/vec4;
    %pushi/vec4 6, 0, 3;
    %cmp/u;
    %jmp/1 T_10.4, 6;
    %dup/vec4;
    %pushi/vec4 7, 0, 3;
    %cmp/u;
    %jmp/1 T_10.5, 6;
    %pushi/vec4 0, 0, 1;
    %store/vec4 v0x6287e6582df0_0, 0, 1;
    %jmp T_10.7;
T_10.0 ;
    %load/vec4 v0x6287e6583030_0;
    %load/vec4 v0x6287e6583160_0;
    %cmp/e;
    %flag_get/vec4 4;
    %store/vec4 v0x6287e6582df0_0, 0, 1;
    %jmp T_10.7;
T_10.1 ;
    %load/vec4 v0x6287e6583030_0;
    %load/vec4 v0x6287e6583160_0;
    %cmp/ne;
    %flag_get/vec4 4;
    %store/vec4 v0x6287e6582df0_0, 0, 1;
    %jmp T_10.7;
T_10.2 ;
    %load/vec4 v0x6287e6583030_0;
    %load/vec4 v0x6287e6583160_0;
    %cmp/s;
    %flag_get/vec4 5;
    %store/vec4 v0x6287e6582df0_0, 0, 1;
    %jmp T_10.7;
T_10.3 ;
    %load/vec4 v0x6287e6583160_0;
    %load/vec4 v0x6287e6583030_0;
    %cmp/s;
    %flag_get/vec4 4;
    %flag_get/vec4 5;
    %or;
    %store/vec4 v0x6287e6582df0_0, 0, 1;
    %jmp T_10.7;
T_10.4 ;
    %load/vec4 v0x6287e6583030_0;
    %load/vec4 v0x6287e6583160_0;
    %cmp/u;
    %flag_get/vec4 5;
    %store/vec4 v0x6287e6582df0_0, 0, 1;
    %jmp T_10.7;
T_10.5 ;
    %load/vec4 v0x6287e6583160_0;
    %load/vec4 v0x6287e6583030_0;
    %cmp/u;
    %flag_get/vec4 4;
    %flag_get/vec4 5;
    %or;
    %store/vec4 v0x6287e6582df0_0, 0, 1;
    %jmp T_10.7;
T_10.7 ;
    %pop/vec4 1;
    %jmp T_10;
    .thread T_10, $push;
    .scope S_0x6287e650a430;
T_11 ;
Ewait_4 .event/or E_0x6287e650c4f0, E_0x0;
    %wait Ewait_4;
    %load/vec4 v0x6287e6588690_0;
    %flag_set/vec4 8;
    %jmp/0xz  T_11.0, 8;
    %load/vec4 v0x6287e6588960_0;
    %cmpi/e 103, 0, 7;
    %flag_mov 8, 4;
    %jmp/0 T_11.2, 8;
    %load/vec4 v0x6287e65885b0_0;
    %jmp/1 T_11.3, 8;
T_11.2 ; End of true expr.
    %load/vec4 v0x6287e6588db0_0;
    %jmp/0 T_11.3, 8;
 ; End of false expr.
    %blend;
T_11.3;
    %store/vec4 v0x6287e6588af0_0, 0, 32;
    %jmp T_11.1;
T_11.0 ;
    %load/vec4 v0x6287e6588d10_0;
    %flag_set/vec4 8;
    %jmp/0xz  T_11.4, 8;
    %load/vec4 v0x6287e6588db0_0;
    %store/vec4 v0x6287e6588af0_0, 0, 32;
    %jmp T_11.5;
T_11.4 ;
    %load/vec4 v0x6287e6588c30_0;
    %store/vec4 v0x6287e6588af0_0, 0, 32;
T_11.5 ;
T_11.1 ;
    %jmp T_11;
    .thread T_11, $push;
    .scope S_0x6287e650a430;
T_12 ;
Ewait_5 .event/or E_0x6287e64d3640, E_0x0;
    %wait Ewait_5;
    %load/vec4 v0x6287e6588960_0;
    %cmpi/e 23, 0, 7;
    %jmp/0xz  T_12.0, 4;
    %load/vec4 v0x6287e6588a00_0;
    %store/vec4 v0x6287e6589640_0, 0, 32;
    %jmp T_12.1;
T_12.0 ;
    %load/vec4 v0x6287e6588960_0;
    %cmpi/e 55, 0, 7;
    %jmp/0xz  T_12.2, 4;
    %pushi/vec4 0, 0, 32;
    %store/vec4 v0x6287e6589640_0, 0, 32;
    %jmp T_12.3;
T_12.2 ;
    %load/vec4 v0x6287e6588f30_0;
    %store/vec4 v0x6287e6589640_0, 0, 32;
T_12.3 ;
T_12.1 ;
    %jmp T_12;
    .thread T_12, $push;
    .scope S_0x6287e650a430;
T_13 ;
Ewait_6 .event/or E_0x6287e650c070, E_0x0;
    %wait Ewait_6;
    %load/vec4 v0x6287e6588690_0;
    %flag_set/vec4 8;
    %jmp/0xz  T_13.0, 8;
    %load/vec4 v0x6287e6588c30_0;
    %store/vec4 v0x6287e6589330_0, 0, 32;
    %jmp T_13.1;
T_13.0 ;
    %load/vec4 v0x6287e65893d0_0;
    %flag_set/vec4 8;
    %jmp/0xz  T_13.2, 8;
    %load/vec4 v0x6287e65890e0_0;
    %store/vec4 v0x6287e6589330_0, 0, 32;
    %jmp T_13.3;
T_13.2 ;
    %load/vec4 v0x6287e6587d40_0;
    %store/vec4 v0x6287e6589330_0, 0, 32;
T_13.3 ;
T_13.1 ;
    %jmp T_13;
    .thread T_13, $push;
    .scope S_0x6287e6589900;
T_14 ;
    %pushi/vec4 0, 0, 32;
    %store/vec4 v0x6287e6589e00_0, 0, 32;
T_14.0 ;
    %load/vec4 v0x6287e6589e00_0;
    %cmpi/s 1024, 0, 32;
    %jmp/0xz T_14.1, 5;
    %pushi/vec4 19, 0, 32;
    %ix/getv/s 4, v0x6287e6589e00_0;
    %store/vec4a v0x6287e658a010, 4, 0;
    %load/vec4 v0x6287e6589e00_0;
    %addi 1, 0, 32;
    %store/vec4 v0x6287e6589e00_0, 0, 32;
    %jmp T_14.0;
T_14.1 ;
    %pushi/vec4 5243027, 0, 32;
    %ix/load 4, 0, 0;
    %flag_set/imm 4, 0;
    %store/vec4a v0x6287e658a010, 4, 0;
    %pushi/vec4 6291731, 0, 32;
    %ix/load 4, 1, 0;
    %flag_set/imm 4, 0;
    %store/vec4a v0x6287e658a010, 4, 0;
    %pushi/vec4 2130355, 0, 32;
    %ix/load 4, 2, 0;
    %flag_set/imm 4, 0;
    %store/vec4a v0x6287e658a010, 4, 0;
    %end;
    .thread T_14;
    .scope S_0x6287e650a800;
T_15 ;
    %pushi/vec4 0, 0, 32;
    %store/vec4 v0x6287e658a840_0, 0, 32;
    %pushi/vec4 0, 0, 32;
    %store/vec4 v0x6287e658a680_0, 0, 32;
    %pushi/vec4 0, 0, 32;
    %store/vec4 v0x6287e658a900_0, 0, 32;
    %end;
    .thread T_15, $init;
    .scope S_0x6287e650a800;
T_16 ;
    %vpi_call/w 12 42 "$display", "=== IMEM Testbench Start ===" {0 0 0};
    %pushi/vec4 0, 0, 32;
    %store/vec4 v0x6287e658a310_0, 0, 32;
    %pushi/vec4 5243027, 0, 32;
    %store/vec4 v0x6287e658a4b0_0, 0, 32;
    %pushi/str "ADDI x1, x0, 5";
    %store/str v0x6287e658a3f0_0;
    %fork TD_tb_imem.run_test, S_0x6287e658a130;
    %join;
    %pushi/vec4 4, 0, 32;
    %store/vec4 v0x6287e658a310_0, 0, 32;
    %pushi/vec4 6291731, 0, 32;
    %store/vec4 v0x6287e658a4b0_0, 0, 32;
    %pushi/str "ADDI x2, x0, 6";
    %store/str v0x6287e658a3f0_0;
    %fork TD_tb_imem.run_test, S_0x6287e658a130;
    %join;
    %pushi/vec4 8, 0, 32;
    %store/vec4 v0x6287e658a310_0, 0, 32;
    %pushi/vec4 2130355, 0, 32;
    %store/vec4 v0x6287e658a4b0_0, 0, 32;
    %pushi/str "ADD x3, x1, x2";
    %store/str v0x6287e658a3f0_0;
    %fork TD_tb_imem.run_test, S_0x6287e658a130;
    %join;
    %pushi/vec4 12, 0, 32;
    %store/vec4 v0x6287e658a310_0, 0, 32;
    %pushi/vec4 19, 0, 32;
    %store/vec4 v0x6287e658a4b0_0, 0, 32;
    %pushi/str "NOP";
    %store/str v0x6287e658a3f0_0;
    %fork TD_tb_imem.run_test, S_0x6287e658a130;
    %join;
    %pushi/vec4 80, 0, 32;
    %store/vec4 v0x6287e658a310_0, 0, 32;
    %pushi/vec4 19, 0, 32;
    %store/vec4 v0x6287e658a4b0_0, 0, 32;
    %pushi/str "Uninitialized memory";
    %store/str v0x6287e658a3f0_0;
    %fork TD_tb_imem.run_test, S_0x6287e658a130;
    %join;
    %pushi/vec4 5, 0, 32;
    %store/vec4 v0x6287e658a310_0, 0, 32;
    %pushi/vec4 6291731, 0, 32;
    %store/vec4 v0x6287e658a4b0_0, 0, 32;
    %pushi/str "Misaligned address";
    %store/str v0x6287e658a3f0_0;
    %fork TD_tb_imem.run_test, S_0x6287e658a130;
    %join;
    %vpi_call/w 12 51 "$display", "=== IMEM Summary ===" {0 0 0};
    %vpi_call/w 12 52 "$display", "Total: %0d | Passed: %0d | Failed: %0d", v0x6287e658a900_0, v0x6287e658a840_0, v0x6287e658a680_0 {0 0 0};
    %load/vec4 v0x6287e658a680_0;
    %cmpi/e 0, 0, 32;
    %jmp/0xz  T_16.0, 4;
    %vpi_call/w 12 53 "$display", "\342\234\205 All tests passed." {0 0 0};
    %jmp T_16.1;
T_16.0 ;
    %vpi_call/w 12 54 "$display", "\342\235\214 Some tests failed." {0 0 0};
T_16.1 ;
    %vpi_call/w 12 55 "$finish" {0 0 0};
    %end;
    .thread T_16;
# The file index is used to find the file name in the following table.
:file_names 13;
    "N/A";
    "<interactive>";
    "-";
    "rtl/processor.sv";
    "rtl/alu.sv";
    "rtl/branch_unit.sv";
    "rtl/controller.sv";
    "rtl/data_mem.sv";
    "rtl/imm_gen.sv";
    "rtl/inst_mem.sv";
    "rtl/pc.sv";
    "rtl/reg_file.sv";
    "verif/tb_inst_mem.sv";
