#! /usr/bin/vvp
:ivl_version "11.0 (stable)";
:ivl_delay_selection "TYPICAL";
:vpi_time_precision + 0;
:vpi_module "/usr/lib/x86_64-linux-gnu/ivl/system.vpi";
:vpi_module "/usr/lib/x86_64-linux-gnu/ivl/vhdl_sys.vpi";
:vpi_module "/usr/lib/x86_64-linux-gnu/ivl/vhdl_textio.vpi";
:vpi_module "/usr/lib/x86_64-linux-gnu/ivl/v2005_math.vpi";
:vpi_module "/usr/lib/x86_64-linux-gnu/ivl/va_math.vpi";
:vpi_module "/usr/lib/x86_64-linux-gnu/ivl/v2009.vpi";
S_0x594551de03c0 .scope package, "$unit" "$unit" 2 1;
 .timescale 0 0;
S_0x594551d81a50 .scope module, "riscv_processor" "riscv_processor" 3 10;
 .timescale 0 0;
    .port_info 0 /INPUT 1 "clk";
    .port_info 1 /INPUT 1 "reset";
    .port_info 2 /OUTPUT 32 "pc_out";
    .port_info 3 /OUTPUT 32 "instruction_out";
L_0x75042f69f060 .functor BUFT 1, C4<11111111111111111111111111111110>, C4<0>, C4<0>, C4<0>;
L_0x594551e14960 .functor AND 32, L_0x594551e14b10, L_0x75042f69f060, C4<11111111111111111111111111111111>, C4<11111111111111111111111111111111>;
L_0x594551e14ec0 .functor BUFZ 32, v0x594551dff740_0, C4<00000000000000000000000000000000>, C4<00000000000000000000000000000000>, C4<00000000000000000000000000000000>;
L_0x594551e14f30 .functor BUFZ 32, L_0x594551e150e0, C4<00000000000000000000000000000000>, C4<00000000000000000000000000000000>, C4<00000000000000000000000000000000>;
L_0x75042f69f018 .functor BUFT 1, C4<00000000000000000000000000000100>, C4<0>, C4<0>, C4<0>;
v0x594551e012c0_0 .net/2u *"_ivl_12", 31 0, L_0x75042f69f018;  1 drivers
v0x594551e013c0_0 .net *"_ivl_18", 31 0, L_0x594551e14b10;  1 drivers
v0x594551e014a0_0 .net/2u *"_ivl_20", 31 0, L_0x75042f69f060;  1 drivers
v0x594551e01560_0 .net "alu_control", 3 0, v0x594551dfce90_0;  1 drivers
v0x594551e01620_0 .net "alu_result", 31 0, v0x594551dfc0d0_0;  1 drivers
v0x594551e01780_0 .net "alu_src", 0 0, v0x594551dfcf70_0;  1 drivers
v0x594551e01820_0 .net "branch", 0 0, v0x594551dfd010_0;  1 drivers
o0x75042f6e88e8 .functor BUFZ 1, C4<z>; HiZ drive
v0x594551e01910_0 .net "clk", 0 0, o0x75042f6e88e8;  0 drivers
v0x594551e019b0_0 .net "funct3", 2 0, L_0x594551e04520;  1 drivers
v0x594551e01a50_0 .net "funct7", 6 0, L_0x594551e04780;  1 drivers
v0x594551e01b10_0 .net "imm_ext", 31 0, v0x594551dfe930_0;  1 drivers
v0x594551e01bb0_0 .net "imm_src", 2 0, v0x594551dfd240_0;  1 drivers
v0x594551e01ca0_0 .net "instruction", 31 0, L_0x594551e150e0;  1 drivers
v0x594551e01db0_0 .net "instruction_out", 31 0, L_0x594551e14f30;  1 drivers
v0x594551e01e90_0 .net "jalr_target", 31 0, L_0x594551e14960;  1 drivers
v0x594551e01f70_0 .net "jump", 0 0, v0x594551dfd320_0;  1 drivers
v0x594551e02010_0 .net "mem_read", 0 0, v0x594551dfd3e0_0;  1 drivers
v0x594551e020b0_0 .net "mem_to_reg", 0 0, v0x594551dfd4a0_0;  1 drivers
v0x594551e02150_0 .net "mem_write", 0 0, v0x594551dfd560_0;  1 drivers
v0x594551e02240_0 .net "opcode", 6 0, L_0x594551e04320;  1 drivers
v0x594551e022e0_0 .net "pc", 31 0, v0x594551dff740_0;  1 drivers
v0x594551e023d0_0 .var "pc_next", 31 0;
v0x594551e02470_0 .net "pc_out", 31 0, L_0x594551e14ec0;  1 drivers
v0x594551e02510_0 .net "pc_plus4", 31 0, L_0x594551e148c0;  1 drivers
v0x594551e025f0_0 .net "pc_src", 0 0, L_0x594551e16070;  1 drivers
v0x594551e02690_0 .net "pc_target", 31 0, L_0x594551e14a20;  1 drivers
v0x594551e02750_0 .net "rd", 4 0, L_0x594551e04430;  1 drivers
v0x594551e02810_0 .net "rd1", 31 0, L_0x594551e154e0;  1 drivers
v0x594551e02900_0 .net "rd2", 31 0, L_0x594551e15a30;  1 drivers
v0x594551e029c0_0 .net "read_data", 31 0, L_0x594551e15fb0;  1 drivers
v0x594551e02a80_0 .net "reg_write", 0 0, v0x594551dfd700_0;  1 drivers
o0x75042f6e8978 .functor BUFZ 1, C4<z>; HiZ drive
v0x594551e02b70_0 .net "reset", 0 0, o0x75042f6e8978;  0 drivers
v0x594551e02c10_0 .var "result", 31 0;
v0x594551e02cb0_0 .net "result_src", 0 0, v0x594551dfd7c0_0;  1 drivers
v0x594551e02d80_0 .net "rs1", 4 0, L_0x594551e045c0;  1 drivers
v0x594551e02e50_0 .net "rs2", 4 0, L_0x594551e04690;  1 drivers
v0x594551e02f20_0 .var "src_a", 31 0;
v0x594551e02ff0_0 .net "src_b", 31 0, L_0x594551e14c50;  1 drivers
v0x594551e030c0_0 .net "zero", 0 0, L_0x594551e15ca0;  1 drivers
E_0x594551d83070/0 .event edge, v0x594551dfd320_0, v0x594551e02510_0, v0x594551dfd7c0_0, v0x594551dfe210_0;
E_0x594551d83070/1 .event edge, v0x594551dfc0d0_0;
E_0x594551d83070 .event/or E_0x594551d83070/0, E_0x594551d83070/1;
E_0x594551d4a640 .event edge, v0x594551dfd620_0, v0x594551dff000_0, v0x594551dfc8a0_0;
E_0x594551d834f0/0 .event edge, v0x594551dfd320_0, v0x594551dfd620_0, v0x594551e01e90_0, v0x594551e02690_0;
E_0x594551d834f0/1 .event edge, v0x594551dfc7e0_0, v0x594551e02510_0;
E_0x594551d834f0 .event/or E_0x594551d834f0/0, E_0x594551d834f0/1;
L_0x594551e04320 .part L_0x594551e150e0, 0, 7;
L_0x594551e04430 .part L_0x594551e150e0, 7, 5;
L_0x594551e04520 .part L_0x594551e150e0, 12, 3;
L_0x594551e045c0 .part L_0x594551e150e0, 15, 5;
L_0x594551e04690 .part L_0x594551e150e0, 20, 5;
L_0x594551e04780 .part L_0x594551e150e0, 25, 7;
L_0x594551e148c0 .arith/sum 32, v0x594551dff740_0, L_0x75042f69f018;
L_0x594551e14a20 .arith/sum 32, v0x594551dff740_0, v0x594551dfe930_0;
L_0x594551e14b10 .arith/sum 32, L_0x594551e154e0, v0x594551dfe930_0;
L_0x594551e14c50 .functor MUXZ 32, L_0x594551e15a30, v0x594551dfe930_0, v0x594551dfcf70_0, C4<>;
S_0x594551d80b80 .scope module, "alu_inst" "alu" 3 120, 4 10 0, S_0x594551d81a50;
 .timescale 0 0;
    .port_info 0 /INPUT 32 "a";
    .port_info 1 /INPUT 32 "b";
    .port_info 2 /INPUT 4 "alu_control";
    .port_info 3 /OUTPUT 32 "result";
    .port_info 4 /OUTPUT 1 "zero";
L_0x75042f69f258 .functor BUFT 1, C4<00000000000000000000000000000000>, C4<0>, C4<0>, C4<0>;
v0x594551da1ba0_0 .net/2u *"_ivl_0", 31 0, L_0x75042f69f258;  1 drivers
v0x594551dc8740_0 .net "a", 31 0, v0x594551e02f20_0;  1 drivers
v0x594551dfbf30_0 .net "alu_control", 3 0, v0x594551dfce90_0;  alias, 1 drivers
v0x594551dfbff0_0 .net "b", 31 0, L_0x594551e14c50;  alias, 1 drivers
v0x594551dfc0d0_0 .var "result", 31 0;
v0x594551dfc200_0 .net "zero", 0 0, L_0x594551e15ca0;  alias, 1 drivers
E_0x594551d7e1e0 .event edge, v0x594551dfbf30_0, v0x594551dc8740_0, v0x594551dfbff0_0, v0x594551dfbff0_0;
L_0x594551e15ca0 .cmp/eq 32, v0x594551dfc0d0_0, L_0x75042f69f258;
S_0x594551dfc360 .scope module, "branch_unit_inst" "branch_unit" 3 153, 5 13 0, S_0x594551d81a50;
 .timescale 0 0;
    .port_info 0 /INPUT 32 "rd1";
    .port_info 1 /INPUT 32 "rd2";
    .port_info 2 /INPUT 3 "funct3";
    .port_info 3 /INPUT 1 "branch";
    .port_info 4 /OUTPUT 1 "pc_src";
L_0x594551e16070 .functor AND 1, v0x594551dfd010_0, v0x594551dfc660_0, C4<1>, C4<1>;
v0x594551dfc580_0 .net "branch", 0 0, v0x594551dfd010_0;  alias, 1 drivers
v0x594551dfc660_0 .var "branch_condition", 0 0;
v0x594551dfc720_0 .net "funct3", 2 0, L_0x594551e04520;  alias, 1 drivers
v0x594551dfc7e0_0 .net "pc_src", 0 0, L_0x594551e16070;  alias, 1 drivers
v0x594551dfc8a0_0 .net "rd1", 31 0, L_0x594551e154e0;  alias, 1 drivers
v0x594551dfc9d0_0 .net "rd2", 31 0, L_0x594551e15a30;  alias, 1 drivers
E_0x594551d7e670 .event edge, v0x594551dfc720_0, v0x594551dfc8a0_0, v0x594551dfc9d0_0;
S_0x594551dfcb50 .scope module, "control_unit" "control" 3 137, 6 13 0, S_0x594551d81a50;
 .timescale 0 0;
    .port_info 0 /INPUT 7 "opcode";
    .port_info 1 /INPUT 3 "funct3";
    .port_info 2 /INPUT 7 "funct7";
    .port_info 3 /OUTPUT 1 "reg_write";
    .port_info 4 /OUTPUT 3 "imm_src";
    .port_info 5 /OUTPUT 1 "alu_src";
    .port_info 6 /OUTPUT 1 "mem_write";
    .port_info 7 /OUTPUT 1 "result_src";
    .port_info 8 /OUTPUT 1 "branch";
    .port_info 9 /OUTPUT 1 "mem_read";
    .port_info 10 /OUTPUT 1 "mem_to_reg";
    .port_info 11 /OUTPUT 1 "jump";
    .port_info 12 /OUTPUT 4 "alu_control";
v0x594551dfce90_0 .var "alu_control", 3 0;
v0x594551dfcf70_0 .var "alu_src", 0 0;
v0x594551dfd010_0 .var "branch", 0 0;
v0x594551dfd0b0_0 .net "funct3", 2 0, L_0x594551e04520;  alias, 1 drivers
v0x594551dfd150_0 .net "funct7", 6 0, L_0x594551e04780;  alias, 1 drivers
v0x594551dfd240_0 .var "imm_src", 2 0;
v0x594551dfd320_0 .var "jump", 0 0;
v0x594551dfd3e0_0 .var "mem_read", 0 0;
v0x594551dfd4a0_0 .var "mem_to_reg", 0 0;
v0x594551dfd560_0 .var "mem_write", 0 0;
v0x594551dfd620_0 .net "opcode", 6 0, L_0x594551e04320;  alias, 1 drivers
v0x594551dfd700_0 .var "reg_write", 0 0;
v0x594551dfd7c0_0 .var "result_src", 0 0;
E_0x594551dafb60 .event edge, v0x594551dfd620_0, v0x594551dfc720_0, v0x594551dfd150_0;
S_0x594551dfda90 .scope module, "data_memory" "dmem" 3 128, 7 9 0, S_0x594551d81a50;
 .timescale 0 0;
    .port_info 0 /INPUT 1 "clk";
    .port_info 1 /INPUT 1 "we";
    .port_info 2 /INPUT 1 "reset";
    .port_info 3 /INPUT 32 "addr";
    .port_info 4 /INPUT 32 "wdata";
    .port_info 5 /OUTPUT 32 "rdata";
L_0x594551e15fb0 .functor BUFZ 32, L_0x594551e15d90, C4<00000000000000000000000000000000>, C4<00000000000000000000000000000000>, C4<00000000000000000000000000000000>;
v0x594551dfdd00_0 .net *"_ivl_0", 31 0, L_0x594551e15d90;  1 drivers
v0x594551dfde00_0 .net *"_ivl_3", 29 0, L_0x594551e15e30;  1 drivers
v0x594551dfdee0_0 .net "addr", 31 0, v0x594551dfc0d0_0;  alias, 1 drivers
v0x594551dfdf80_0 .net "clk", 0 0, o0x75042f6e88e8;  alias, 0 drivers
v0x594551dfe020_0 .var/i "i", 31 0;
v0x594551dfe150 .array "mem", 1023 0, 31 0;
v0x594551dfe210_0 .net "rdata", 31 0, L_0x594551e15fb0;  alias, 1 drivers
v0x594551dfe2f0_0 .net "reset", 0 0, o0x75042f6e8978;  alias, 0 drivers
v0x594551dfe3b0_0 .net "wdata", 31 0, L_0x594551e15a30;  alias, 1 drivers
v0x594551dfe500_0 .net "we", 0 0, v0x594551dfd560_0;  alias, 1 drivers
E_0x594551d837b0 .event posedge, v0x594551dfdf80_0;
L_0x594551e15d90 .array/port v0x594551dfe150, L_0x594551e15e30;
L_0x594551e15e30 .part v0x594551dfc0d0_0, 2, 30;
S_0x594551dfe650 .scope module, "imm_gen_inst" "immgen" 3 114, 8 9 0, S_0x594551d81a50;
 .timescale 0 0;
    .port_info 0 /INPUT 32 "instruction";
    .port_info 1 /INPUT 3 "imm_src";
    .port_info 2 /OUTPUT 32 "imm_ext";
v0x594551dfe930_0 .var "imm_ext", 31 0;
v0x594551dfea30_0 .net "imm_src", 2 0, v0x594551dfd240_0;  alias, 1 drivers
v0x594551dfeaf0_0 .net "instruction", 31 0, L_0x594551e150e0;  alias, 1 drivers
E_0x594551dd60f0/0 .event edge, v0x594551dfd240_0, v0x594551dfeaf0_0, v0x594551dfeaf0_0, v0x594551dfeaf0_0;
E_0x594551dd60f0/1 .event edge, v0x594551dfeaf0_0, v0x594551dfeaf0_0, v0x594551dfeaf0_0, v0x594551dfeaf0_0;
E_0x594551dd60f0/2 .event edge, v0x594551dfeaf0_0, v0x594551dfeaf0_0, v0x594551dfeaf0_0, v0x594551dfeaf0_0;
E_0x594551dd60f0 .event/or E_0x594551dd60f0/0, E_0x594551dd60f0/1, E_0x594551dd60f0/2;
S_0x594551dfec40 .scope module, "instruction_memory" "imem" 3 97, 9 9 0, S_0x594551d81a50;
 .timescale 0 0;
    .port_info 0 /INPUT 32 "addr";
    .port_info 1 /OUTPUT 32 "instruction";
L_0x594551e150e0 .functor BUFZ 32, L_0x594551e14fa0, C4<00000000000000000000000000000000>, C4<00000000000000000000000000000000>, C4<00000000000000000000000000000000>;
v0x594551dfee20_0 .net *"_ivl_0", 31 0, L_0x594551e14fa0;  1 drivers
v0x594551dfef20_0 .net *"_ivl_3", 29 0, L_0x594551e15040;  1 drivers
v0x594551dff000_0 .net "addr", 31 0, v0x594551dff740_0;  alias, 1 drivers
v0x594551dff0f0_0 .var/i "i", 31 0;
v0x594551dff1d0_0 .net "instruction", 31 0, L_0x594551e150e0;  alias, 1 drivers
v0x594551dff2e0 .array "mem", 1023 0, 31 0;
L_0x594551e14fa0 .array/port v0x594551dff2e0, L_0x594551e15040;
L_0x594551e15040 .part v0x594551dff740_0, 2, 30;
S_0x594551dff3e0 .scope module, "pc_reg" "pc" 3 90, 10 9 0, S_0x594551d81a50;
 .timescale 0 0;
    .port_info 0 /INPUT 1 "clk";
    .port_info 1 /INPUT 1 "reset";
    .port_info 2 /INPUT 32 "pc_next";
    .port_info 3 /OUTPUT 32 "pc";
v0x594551dff650_0 .net "clk", 0 0, o0x75042f6e88e8;  alias, 0 drivers
v0x594551dff740_0 .var "pc", 31 0;
v0x594551dff810_0 .net "pc_next", 31 0, v0x594551e023d0_0;  1 drivers
v0x594551dff8e0_0 .net "reset", 0 0, o0x75042f6e8978;  alias, 0 drivers
E_0x594551dff5f0 .event posedge, v0x594551dfe2f0_0, v0x594551dfdf80_0;
S_0x594551dffa40 .scope module, "reg_file_inst" "register_file" 3 102, 11 10 0, S_0x594551d81a50;
 .timescale 0 0;
    .port_info 0 /INPUT 1 "clk";
    .port_info 1 /INPUT 1 "we";
    .port_info 2 /INPUT 1 "reset";
    .port_info 3 /INPUT 5 "ra1";
    .port_info 4 /INPUT 5 "ra2";
    .port_info 5 /INPUT 5 "wa";
    .port_info 6 /INPUT 32 "wd";
    .port_info 7 /OUTPUT 32 "rd1";
    .port_info 8 /OUTPUT 32 "rd2";
L_0x75042f69f0a8 .functor BUFT 1, C4<00000>, C4<0>, C4<0>, C4<0>;
v0x594551dffd50_0 .net/2u *"_ivl_0", 4 0, L_0x75042f69f0a8;  1 drivers
L_0x75042f69f138 .functor BUFT 1, C4<00>, C4<0>, C4<0>, C4<0>;
v0x594551dffe50_0 .net *"_ivl_11", 1 0, L_0x75042f69f138;  1 drivers
L_0x75042f69f180 .functor BUFT 1, C4<00000>, C4<0>, C4<0>, C4<0>;
v0x594551dfff30_0 .net/2u *"_ivl_14", 4 0, L_0x75042f69f180;  1 drivers
v0x594551dffff0_0 .net *"_ivl_16", 0 0, L_0x594551e156e0;  1 drivers
L_0x75042f69f1c8 .functor BUFT 1, C4<00000000000000000000000000000000>, C4<0>, C4<0>, C4<0>;
v0x594551e000b0_0 .net/2u *"_ivl_18", 31 0, L_0x75042f69f1c8;  1 drivers
v0x594551e001e0_0 .net *"_ivl_2", 0 0, L_0x594551e15150;  1 drivers
v0x594551e002a0_0 .net *"_ivl_20", 31 0, L_0x594551e157d0;  1 drivers
v0x594551e00380_0 .net *"_ivl_22", 6 0, L_0x594551e158b0;  1 drivers
L_0x75042f69f210 .functor BUFT 1, C4<00>, C4<0>, C4<0>, C4<0>;
v0x594551e00460_0 .net *"_ivl_25", 1 0, L_0x75042f69f210;  1 drivers
L_0x75042f69f0f0 .functor BUFT 1, C4<00000000000000000000000000000000>, C4<0>, C4<0>, C4<0>;
v0x594551e005d0_0 .net/2u *"_ivl_4", 31 0, L_0x75042f69f0f0;  1 drivers
v0x594551e006b0_0 .net *"_ivl_6", 31 0, L_0x594551e15240;  1 drivers
v0x594551e00790_0 .net *"_ivl_8", 6 0, L_0x594551e15310;  1 drivers
v0x594551e00870_0 .net "clk", 0 0, o0x75042f6e88e8;  alias, 0 drivers
v0x594551e00910_0 .var/i "i", 31 0;
v0x594551e009f0_0 .net "ra1", 4 0, L_0x594551e045c0;  alias, 1 drivers
v0x594551e00ad0_0 .net "ra2", 4 0, L_0x594551e04690;  alias, 1 drivers
v0x594551e00bb0_0 .net "rd1", 31 0, L_0x594551e154e0;  alias, 1 drivers
v0x594551e00c70_0 .net "rd2", 31 0, L_0x594551e15a30;  alias, 1 drivers
v0x594551e00d60 .array "registers", 31 0, 31 0;
v0x594551e00e20_0 .net "reset", 0 0, o0x75042f6e8978;  alias, 0 drivers
v0x594551e00f10_0 .net "wa", 4 0, L_0x594551e04430;  alias, 1 drivers
v0x594551e00ff0_0 .net "wd", 31 0, v0x594551e02c10_0;  1 drivers
v0x594551e010d0_0 .net "we", 0 0, v0x594551dfd700_0;  alias, 1 drivers
L_0x594551e15150 .cmp/eq 5, L_0x594551e045c0, L_0x75042f69f0a8;
L_0x594551e15240 .array/port v0x594551e00d60, L_0x594551e15310;
L_0x594551e15310 .concat [ 5 2 0 0], L_0x594551e045c0, L_0x75042f69f138;
L_0x594551e154e0 .functor MUXZ 32, L_0x594551e15240, L_0x75042f69f0f0, L_0x594551e15150, C4<>;
L_0x594551e156e0 .cmp/eq 5, L_0x594551e04690, L_0x75042f69f180;
L_0x594551e157d0 .array/port v0x594551e00d60, L_0x594551e158b0;
L_0x594551e158b0 .concat [ 5 2 0 0], L_0x594551e04690, L_0x75042f69f210;
L_0x594551e15a30 .functor MUXZ 32, L_0x594551e157d0, L_0x75042f69f1c8, L_0x594551e156e0, C4<>;
S_0x594551d81680 .scope module, "tb_immgen" "tb_immgen" 12 10;
 .timescale 0 0;
v0x594551e03d90_0 .var/2s "failed", 31 0;
v0x594551e03e90_0 .net "imm_ext", 31 0, v0x594551e03520_0;  1 drivers
v0x594551e03f80_0 .var "imm_src", 2 0;
v0x594551e04080_0 .var "instruction", 31 0;
v0x594551e04150_0 .var/2s "passed", 31 0;
v0x594551e04240_0 .var/2s "total", 31 0;
S_0x594551e031e0 .scope module, "dut" "immgen" 12 18, 8 9 0, S_0x594551d81680;
 .timescale 0 0;
    .port_info 0 /INPUT 32 "instruction";
    .port_info 1 /INPUT 3 "imm_src";
    .port_info 2 /OUTPUT 32 "imm_ext";
v0x594551e03520_0 .var "imm_ext", 31 0;
v0x594551e03620_0 .net "imm_src", 2 0, v0x594551e03f80_0;  1 drivers
v0x594551e03700_0 .net "instruction", 31 0, v0x594551e04080_0;  1 drivers
E_0x594551e03450/0 .event edge, v0x594551e03620_0, v0x594551e03700_0, v0x594551e03700_0, v0x594551e03700_0;
E_0x594551e03450/1 .event edge, v0x594551e03700_0, v0x594551e03700_0, v0x594551e03700_0, v0x594551e03700_0;
E_0x594551e03450/2 .event edge, v0x594551e03700_0, v0x594551e03700_0, v0x594551e03700_0, v0x594551e03700_0;
E_0x594551e03450 .event/or E_0x594551e03450/0, E_0x594551e03450/1, E_0x594551e03450/2;
S_0x594551e03840 .scope task, "run_test" "run_test" 12 24, 12 24 0, S_0x594551d81680;
 .timescale 0 0;
v0x594551e03a20_0 .var/str "desc";
v0x594551e03ae0_0 .var "expected", 31 0;
v0x594551e03bc0_0 .var "instr", 31 0;
v0x594551e03cb0_0 .var "src", 2 0;
TD_tb_immgen.run_test ;
    %load/vec4 v0x594551e03bc0_0;
    %store/vec4 v0x594551e04080_0, 0, 32;
    %load/vec4 v0x594551e03cb0_0;
    %store/vec4 v0x594551e03f80_0, 0, 3;
    %delay 1, 0;
    ; show_stmt_assign_vector: Get l-value for compressed += operand
    %load/vec4 v0x594551e04240_0;
    %pushi/vec4 1, 0, 32;
    %add;
    %cast2;
    %store/vec4 v0x594551e04240_0, 0, 32;
    %load/vec4 v0x594551e03e90_0;
    %load/vec4 v0x594551e03ae0_0;
    %cmp/e;
    %jmp/0xz  T_0.0, 6;
    ; show_stmt_assign_vector: Get l-value for compressed += operand
    %load/vec4 v0x594551e04150_0;
    %pushi/vec4 1, 0, 32;
    %add;
    %cast2;
    %store/vec4 v0x594551e04150_0, 0, 32;
    %vpi_call/w 12 38 "$display", "[PASS] %s | imm_ext = %h", v0x594551e03a20_0, v0x594551e03e90_0 {0 0 0};
    %jmp T_0.1;
T_0.0 ;
    ; show_stmt_assign_vector: Get l-value for compressed += operand
    %load/vec4 v0x594551e03d90_0;
    %pushi/vec4 1, 0, 32;
    %add;
    %cast2;
    %store/vec4 v0x594551e03d90_0, 0, 32;
    %vpi_call/w 12 41 "$display", "[FAIL] %s | imm_ext = %h, expected = %h", v0x594551e03a20_0, v0x594551e03e90_0, v0x594551e03ae0_0 {0 0 0};
T_0.1 ;
    %end;
    .scope S_0x594551dff3e0;
T_1 ;
    %wait E_0x594551dff5f0;
    %load/vec4 v0x594551dff8e0_0;
    %flag_set/vec4 8;
    %jmp/0xz  T_1.0, 8;
    %pushi/vec4 0, 0, 32;
    %assign/vec4 v0x594551dff740_0, 0;
    %jmp T_1.1;
T_1.0 ;
    %load/vec4 v0x594551dff810_0;
    %assign/vec4 v0x594551dff740_0, 0;
T_1.1 ;
    %jmp T_1;
    .thread T_1;
    .scope S_0x594551dfec40;
T_2 ;
    %pushi/vec4 0, 0, 32;
    %store/vec4 v0x594551dff0f0_0, 0, 32;
T_2.0 ;
    %load/vec4 v0x594551dff0f0_0;
    %cmpi/s 1024, 0, 32;
    %jmp/0xz T_2.1, 5;
    %pushi/vec4 19, 0, 32;
    %ix/getv/s 4, v0x594551dff0f0_0;
    %store/vec4a v0x594551dff2e0, 4, 0;
    %load/vec4 v0x594551dff0f0_0;
    %addi 1, 0, 32;
    %store/vec4 v0x594551dff0f0_0, 0, 32;
    %jmp T_2.0;
T_2.1 ;
    %pushi/vec4 5243027, 0, 32;
    %ix/load 4, 0, 0;
    %flag_set/imm 4, 0;
    %store/vec4a v0x594551dff2e0, 4, 0;
    %pushi/vec4 6291731, 0, 32;
    %ix/load 4, 1, 0;
    %flag_set/imm 4, 0;
    %store/vec4a v0x594551dff2e0, 4, 0;
    %pushi/vec4 2130355, 0, 32;
    %ix/load 4, 2, 0;
    %flag_set/imm 4, 0;
    %store/vec4a v0x594551dff2e0, 4, 0;
    %end;
    .thread T_2;
    .scope S_0x594551dffa40;
T_3 ;
    %pushi/vec4 0, 0, 32;
    %store/vec4 v0x594551e00910_0, 0, 32;
T_3.0 ;
    %load/vec4 v0x594551e00910_0;
    %cmpi/s 32, 0, 32;
    %jmp/0xz T_3.1, 5;
    %pushi/vec4 0, 0, 32;
    %ix/getv/s 4, v0x594551e00910_0;
    %store/vec4a v0x594551e00d60, 4, 0;
    %load/vec4 v0x594551e00910_0;
    %addi 1, 0, 32;
    %store/vec4 v0x594551e00910_0, 0, 32;
    %jmp T_3.0;
T_3.1 ;
    %end;
    .thread T_3;
    .scope S_0x594551dffa40;
T_4 ;
    %wait E_0x594551d837b0;
    %load/vec4 v0x594551e00e20_0;
    %flag_set/vec4 8;
    %jmp/0xz  T_4.0, 8;
    %pushi/vec4 0, 0, 32;
    %store/vec4 v0x594551e00910_0, 0, 32;
T_4.2 ;
    %load/vec4 v0x594551e00910_0;
    %cmpi/s 32, 0, 32;
    %jmp/0xz T_4.3, 5;
    %pushi/vec4 0, 0, 32;
    %ix/getv/s 3, v0x594551e00910_0;
    %ix/load 4, 0, 0; Constant delay
    %assign/vec4/a/d v0x594551e00d60, 0, 4;
    %load/vec4 v0x594551e00910_0;
    %addi 1, 0, 32;
    %store/vec4 v0x594551e00910_0, 0, 32;
    %jmp T_4.2;
T_4.3 ;
    %jmp T_4.1;
T_4.0 ;
    %load/vec4 v0x594551e010d0_0;
    %load/vec4 v0x594551e00f10_0;
    %pushi/vec4 0, 0, 5;
    %cmp/ne;
    %flag_get/vec4 4;
    %and;
    %flag_set/vec4 8;
    %jmp/0xz  T_4.4, 8;
    %load/vec4 v0x594551e00ff0_0;
    %load/vec4 v0x594551e00f10_0;
    %pad/u 7;
    %ix/vec4 3;
    %ix/load 4, 0, 0; Constant delay
    %assign/vec4/a/d v0x594551e00d60, 0, 4;
T_4.4 ;
T_4.1 ;
    %jmp T_4;
    .thread T_4;
    .scope S_0x594551dfe650;
T_5 ;
Ewait_0 .event/or E_0x594551dd60f0, E_0x0;
    %wait Ewait_0;
    %load/vec4 v0x594551dfea30_0;
    %dup/vec4;
    %pushi/vec4 0, 0, 3;
    %cmp/u;
    %jmp/1 T_5.0, 6;
    %dup/vec4;
    %pushi/vec4 1, 0, 3;
    %cmp/u;
    %jmp/1 T_5.1, 6;
    %dup/vec4;
    %pushi/vec4 2, 0, 3;
    %cmp/u;
    %jmp/1 T_5.2, 6;
    %dup/vec4;
    %pushi/vec4 3, 0, 3;
    %cmp/u;
    %jmp/1 T_5.3, 6;
    %dup/vec4;
    %pushi/vec4 4, 0, 3;
    %cmp/u;
    %jmp/1 T_5.4, 6;
    %pushi/vec4 0, 0, 32;
    %store/vec4 v0x594551dfe930_0, 0, 32;
    %jmp T_5.6;
T_5.0 ;
    %load/vec4 v0x594551dfeaf0_0;
    %parti/s 1, 31, 6;
    %replicate 20;
    %load/vec4 v0x594551dfeaf0_0;
    %parti/s 12, 20, 6;
    %concat/vec4; draw_concat_vec4
    %store/vec4 v0x594551dfe930_0, 0, 32;
    %jmp T_5.6;
T_5.1 ;
    %load/vec4 v0x594551dfeaf0_0;
    %parti/s 1, 31, 6;
    %replicate 20;
    %load/vec4 v0x594551dfeaf0_0;
    %parti/s 7, 25, 6;
    %concat/vec4; draw_concat_vec4
    %load/vec4 v0x594551dfeaf0_0;
    %parti/s 5, 7, 4;
    %concat/vec4; draw_concat_vec4
    %store/vec4 v0x594551dfe930_0, 0, 32;
    %jmp T_5.6;
T_5.2 ;
    %load/vec4 v0x594551dfeaf0_0;
    %parti/s 1, 31, 6;
    %replicate 19;
    %load/vec4 v0x594551dfeaf0_0;
    %parti/s 1, 31, 6;
    %concat/vec4; draw_concat_vec4
    %load/vec4 v0x594551dfeaf0_0;
    %parti/s 1, 7, 4;
    %concat/vec4; draw_concat_vec4
    %load/vec4 v0x594551dfeaf0_0;
    %parti/s 6, 25, 6;
    %concat/vec4; draw_concat_vec4
    %load/vec4 v0x594551dfeaf0_0;
    %parti/s 4, 8, 5;
    %concat/vec4; draw_concat_vec4
    %concati/vec4 0, 0, 1;
    %store/vec4 v0x594551dfe930_0, 0, 32;
    %jmp T_5.6;
T_5.3 ;
    %load/vec4 v0x594551dfeaf0_0;
    %parti/s 20, 12, 5;
    %concati/vec4 0, 0, 12;
    %store/vec4 v0x594551dfe930_0, 0, 32;
    %jmp T_5.6;
T_5.4 ;
    %load/vec4 v0x594551dfeaf0_0;
    %parti/s 1, 31, 6;
    %replicate 11;
    %load/vec4 v0x594551dfeaf0_0;
    %parti/s 1, 31, 6;
    %concat/vec4; draw_concat_vec4
    %load/vec4 v0x594551dfeaf0_0;
    %parti/s 8, 12, 5;
    %concat/vec4; draw_concat_vec4
    %load/vec4 v0x594551dfeaf0_0;
    %parti/s 1, 20, 6;
    %concat/vec4; draw_concat_vec4
    %load/vec4 v0x594551dfeaf0_0;
    %parti/s 10, 21, 6;
    %concat/vec4; draw_concat_vec4
    %concati/vec4 0, 0, 1;
    %store/vec4 v0x594551dfe930_0, 0, 32;
    %jmp T_5.6;
T_5.6 ;
    %pop/vec4 1;
    %jmp T_5;
    .thread T_5, $push;
    .scope S_0x594551d80b80;
T_6 ;
Ewait_1 .event/or E_0x594551d7e1e0, E_0x0;
    %wait Ewait_1;
    %load/vec4 v0x594551dfbf30_0;
    %dup/vec4;
    %pushi/vec4 0, 0, 4;
    %cmp/u;
    %jmp/1 T_6.0, 6;
    %dup/vec4;
    %pushi/vec4 1, 0, 4;
    %cmp/u;
    %jmp/1 T_6.1, 6;
    %dup/vec4;
    %pushi/vec4 2, 0, 4;
    %cmp/u;
    %jmp/1 T_6.2, 6;
    %dup/vec4;
    %pushi/vec4 3, 0, 4;
    %cmp/u;
    %jmp/1 T_6.3, 6;
    %dup/vec4;
    %pushi/vec4 4, 0, 4;
    %cmp/u;
    %jmp/1 T_6.4, 6;
    %dup/vec4;
    %pushi/vec4 5, 0, 4;
    %cmp/u;
    %jmp/1 T_6.5, 6;
    %dup/vec4;
    %pushi/vec4 6, 0, 4;
    %cmp/u;
    %jmp/1 T_6.6, 6;
    %dup/vec4;
    %pushi/vec4 7, 0, 4;
    %cmp/u;
    %jmp/1 T_6.7, 6;
    %dup/vec4;
    %pushi/vec4 8, 0, 4;
    %cmp/u;
    %jmp/1 T_6.8, 6;
    %dup/vec4;
    %pushi/vec4 9, 0, 4;
    %cmp/u;
    %jmp/1 T_6.9, 6;
    %pushi/vec4 0, 0, 32;
    %store/vec4 v0x594551dfc0d0_0, 0, 32;
    %jmp T_6.11;
T_6.0 ;
    %load/vec4 v0x594551dc8740_0;
    %load/vec4 v0x594551dfbff0_0;
    %add;
    %store/vec4 v0x594551dfc0d0_0, 0, 32;
    %jmp T_6.11;
T_6.1 ;
    %load/vec4 v0x594551dc8740_0;
    %load/vec4 v0x594551dfbff0_0;
    %sub;
    %store/vec4 v0x594551dfc0d0_0, 0, 32;
    %jmp T_6.11;
T_6.2 ;
    %load/vec4 v0x594551dc8740_0;
    %load/vec4 v0x594551dfbff0_0;
    %and;
    %store/vec4 v0x594551dfc0d0_0, 0, 32;
    %jmp T_6.11;
T_6.3 ;
    %load/vec4 v0x594551dc8740_0;
    %load/vec4 v0x594551dfbff0_0;
    %or;
    %store/vec4 v0x594551dfc0d0_0, 0, 32;
    %jmp T_6.11;
T_6.4 ;
    %load/vec4 v0x594551dc8740_0;
    %load/vec4 v0x594551dfbff0_0;
    %xor;
    %store/vec4 v0x594551dfc0d0_0, 0, 32;
    %jmp T_6.11;
T_6.5 ;
    %load/vec4 v0x594551dc8740_0;
    %load/vec4 v0x594551dfbff0_0;
    %parti/s 5, 0, 2;
    %ix/vec4 4;
    %shiftl 4;
    %store/vec4 v0x594551dfc0d0_0, 0, 32;
    %jmp T_6.11;
T_6.6 ;
    %load/vec4 v0x594551dc8740_0;
    %load/vec4 v0x594551dfbff0_0;
    %parti/s 5, 0, 2;
    %ix/vec4 4;
    %shiftr 4;
    %store/vec4 v0x594551dfc0d0_0, 0, 32;
    %jmp T_6.11;
T_6.7 ;
    %load/vec4 v0x594551dc8740_0;
    %load/vec4 v0x594551dfbff0_0;
    %parti/s 5, 0, 2;
    %ix/vec4 4;
    %shiftr/s 4;
    %store/vec4 v0x594551dfc0d0_0, 0, 32;
    %jmp T_6.11;
T_6.8 ;
    %pushi/vec4 0, 0, 31;
    %load/vec4 v0x594551dc8740_0;
    %load/vec4 v0x594551dfbff0_0;
    %cmp/s;
    %flag_get/vec4 5;
    %concat/vec4; draw_concat_vec4
    %store/vec4 v0x594551dfc0d0_0, 0, 32;
    %jmp T_6.11;
T_6.9 ;
    %pushi/vec4 0, 0, 31;
    %load/vec4 v0x594551dc8740_0;
    %load/vec4 v0x594551dfbff0_0;
    %cmp/u;
    %flag_get/vec4 5;
    %concat/vec4; draw_concat_vec4
    %store/vec4 v0x594551dfc0d0_0, 0, 32;
    %jmp T_6.11;
T_6.11 ;
    %pop/vec4 1;
    %jmp T_6;
    .thread T_6, $push;
    .scope S_0x594551dfda90;
T_7 ;
    %pushi/vec4 0, 0, 32;
    %store/vec4 v0x594551dfe020_0, 0, 32;
T_7.0 ;
    %load/vec4 v0x594551dfe020_0;
    %cmpi/s 1024, 0, 32;
    %jmp/0xz T_7.1, 5;
    %pushi/vec4 0, 0, 32;
    %ix/getv/s 4, v0x594551dfe020_0;
    %store/vec4a v0x594551dfe150, 4, 0;
    %load/vec4 v0x594551dfe020_0;
    %addi 1, 0, 32;
    %store/vec4 v0x594551dfe020_0, 0, 32;
    %jmp T_7.0;
T_7.1 ;
    %end;
    .thread T_7;
    .scope S_0x594551dfda90;
T_8 ;
    %wait E_0x594551d837b0;
    %load/vec4 v0x594551dfe500_0;
    %flag_set/vec4 8;
    %jmp/0xz  T_8.0, 8;
    %load/vec4 v0x594551dfe3b0_0;
    %load/vec4 v0x594551dfdee0_0;
    %parti/s 30, 2, 3;
    %ix/vec4 3;
    %ix/load 4, 0, 0; Constant delay
    %assign/vec4/a/d v0x594551dfe150, 0, 4;
T_8.0 ;
    %jmp T_8;
    .thread T_8;
    .scope S_0x594551dfcb50;
T_9 ;
Ewait_2 .event/or E_0x594551dafb60, E_0x0;
    %wait Ewait_2;
    %pushi/vec4 0, 0, 1;
    %store/vec4 v0x594551dfd700_0, 0, 1;
    %pushi/vec4 0, 0, 3;
    %store/vec4 v0x594551dfd240_0, 0, 3;
    %pushi/vec4 0, 0, 1;
    %store/vec4 v0x594551dfcf70_0, 0, 1;
    %pushi/vec4 0, 0, 1;
    %store/vec4 v0x594551dfd560_0, 0, 1;
    %pushi/vec4 0, 0, 1;
    %store/vec4 v0x594551dfd7c0_0, 0, 1;
    %pushi/vec4 0, 0, 1;
    %store/vec4 v0x594551dfd010_0, 0, 1;
    %pushi/vec4 0, 0, 1;
    %store/vec4 v0x594551dfd3e0_0, 0, 1;
    %pushi/vec4 0, 0, 1;
    %store/vec4 v0x594551dfd4a0_0, 0, 1;
    %pushi/vec4 0, 0, 1;
    %store/vec4 v0x594551dfd320_0, 0, 1;
    %pushi/vec4 0, 0, 4;
    %store/vec4 v0x594551dfce90_0, 0, 4;
    %load/vec4 v0x594551dfd620_0;
    %dup/vec4;
    %pushi/vec4 51, 0, 7;
    %cmp/u;
    %jmp/1 T_9.0, 6;
    %dup/vec4;
    %pushi/vec4 19, 0, 7;
    %cmp/u;
    %jmp/1 T_9.1, 6;
    %dup/vec4;
    %pushi/vec4 3, 0, 7;
    %cmp/u;
    %jmp/1 T_9.2, 6;
    %dup/vec4;
    %pushi/vec4 35, 0, 7;
    %cmp/u;
    %jmp/1 T_9.3, 6;
    %dup/vec4;
    %pushi/vec4 99, 0, 7;
    %cmp/u;
    %jmp/1 T_9.4, 6;
    %dup/vec4;
    %pushi/vec4 111, 0, 7;
    %cmp/u;
    %jmp/1 T_9.5, 6;
    %dup/vec4;
    %pushi/vec4 103, 0, 7;
    %cmp/u;
    %jmp/1 T_9.6, 6;
    %dup/vec4;
    %pushi/vec4 55, 0, 7;
    %cmp/u;
    %jmp/1 T_9.7, 6;
    %dup/vec4;
    %pushi/vec4 23, 0, 7;
    %cmp/u;
    %jmp/1 T_9.8, 6;
    %jmp T_9.10;
T_9.0 ;
    %pushi/vec4 1, 0, 1;
    %store/vec4 v0x594551dfd700_0, 0, 1;
    %load/vec4 v0x594551dfd0b0_0;
    %load/vec4 v0x594551dfd150_0;
    %parti/s 1, 5, 4;
    %concat/vec4; draw_concat_vec4
    %dup/vec4;
    %pushi/vec4 0, 0, 4;
    %cmp/u;
    %jmp/1 T_9.11, 6;
    %dup/vec4;
    %pushi/vec4 1, 0, 4;
    %cmp/u;
    %jmp/1 T_9.12, 6;
    %dup/vec4;
    %pushi/vec4 2, 0, 4;
    %cmp/u;
    %jmp/1 T_9.13, 6;
    %dup/vec4;
    %pushi/vec4 4, 0, 4;
    %cmp/u;
    %jmp/1 T_9.14, 6;
    %dup/vec4;
    %pushi/vec4 6, 0, 4;
    %cmp/u;
    %jmp/1 T_9.15, 6;
    %dup/vec4;
    %pushi/vec4 8, 0, 4;
    %cmp/u;
    %jmp/1 T_9.16, 6;
    %dup/vec4;
    %pushi/vec4 10, 0, 4;
    %cmp/u;
    %jmp/1 T_9.17, 6;
    %dup/vec4;
    %pushi/vec4 11, 0, 4;
    %cmp/u;
    %jmp/1 T_9.18, 6;
    %dup/vec4;
    %pushi/vec4 12, 0, 4;
    %cmp/u;
    %jmp/1 T_9.19, 6;
    %dup/vec4;
    %pushi/vec4 14, 0, 4;
    %cmp/u;
    %jmp/1 T_9.20, 6;
    %pushi/vec4 0, 0, 4;
    %store/vec4 v0x594551dfce90_0, 0, 4;
    %jmp T_9.22;
T_9.11 ;
    %pushi/vec4 0, 0, 4;
    %store/vec4 v0x594551dfce90_0, 0, 4;
    %jmp T_9.22;
T_9.12 ;
    %pushi/vec4 1, 0, 4;
    %store/vec4 v0x594551dfce90_0, 0, 4;
    %jmp T_9.22;
T_9.13 ;
    %pushi/vec4 5, 0, 4;
    %store/vec4 v0x594551dfce90_0, 0, 4;
    %jmp T_9.22;
T_9.14 ;
    %pushi/vec4 8, 0, 4;
    %store/vec4 v0x594551dfce90_0, 0, 4;
    %jmp T_9.22;
T_9.15 ;
    %pushi/vec4 9, 0, 4;
    %store/vec4 v0x594551dfce90_0, 0, 4;
    %jmp T_9.22;
T_9.16 ;
    %pushi/vec4 4, 0, 4;
    %store/vec4 v0x594551dfce90_0, 0, 4;
    %jmp T_9.22;
T_9.17 ;
    %pushi/vec4 6, 0, 4;
    %store/vec4 v0x594551dfce90_0, 0, 4;
    %jmp T_9.22;
T_9.18 ;
    %pushi/vec4 7, 0, 4;
    %store/vec4 v0x594551dfce90_0, 0, 4;
    %jmp T_9.22;
T_9.19 ;
    %pushi/vec4 3, 0, 4;
    %store/vec4 v0x594551dfce90_0, 0, 4;
    %jmp T_9.22;
T_9.20 ;
    %pushi/vec4 2, 0, 4;
    %store/vec4 v0x594551dfce90_0, 0, 4;
    %jmp T_9.22;
T_9.22 ;
    %pop/vec4 1;
    %jmp T_9.10;
T_9.1 ;
    %pushi/vec4 1, 0, 1;
    %store/vec4 v0x594551dfd700_0, 0, 1;
    %pushi/vec4 0, 0, 3;
    %store/vec4 v0x594551dfd240_0, 0, 3;
    %pushi/vec4 1, 0, 1;
    %store/vec4 v0x594551dfcf70_0, 0, 1;
    %load/vec4 v0x594551dfd0b0_0;
    %dup/vec4;
    %pushi/vec4 0, 0, 3;
    %cmp/u;
    %jmp/1 T_9.23, 6;
    %dup/vec4;
    %pushi/vec4 1, 0, 3;
    %cmp/u;
    %jmp/1 T_9.24, 6;
    %dup/vec4;
    %pushi/vec4 2, 0, 3;
    %cmp/u;
    %jmp/1 T_9.25, 6;
    %dup/vec4;
    %pushi/vec4 3, 0, 3;
    %cmp/u;
    %jmp/1 T_9.26, 6;
    %dup/vec4;
    %pushi/vec4 4, 0, 3;
    %cmp/u;
    %jmp/1 T_9.27, 6;
    %dup/vec4;
    %pushi/vec4 5, 0, 3;
    %cmp/u;
    %jmp/1 T_9.28, 6;
    %dup/vec4;
    %pushi/vec4 6, 0, 3;
    %cmp/u;
    %jmp/1 T_9.29, 6;
    %dup/vec4;
    %pushi/vec4 7, 0, 3;
    %cmp/u;
    %jmp/1 T_9.30, 6;
    %pushi/vec4 0, 0, 4;
    %store/vec4 v0x594551dfce90_0, 0, 4;
    %jmp T_9.32;
T_9.23 ;
    %pushi/vec4 0, 0, 4;
    %store/vec4 v0x594551dfce90_0, 0, 4;
    %jmp T_9.32;
T_9.24 ;
    %pushi/vec4 5, 0, 4;
    %store/vec4 v0x594551dfce90_0, 0, 4;
    %jmp T_9.32;
T_9.25 ;
    %pushi/vec4 8, 0, 4;
    %store/vec4 v0x594551dfce90_0, 0, 4;
    %jmp T_9.32;
T_9.26 ;
    %pushi/vec4 9, 0, 4;
    %store/vec4 v0x594551dfce90_0, 0, 4;
    %jmp T_9.32;
T_9.27 ;
    %pushi/vec4 4, 0, 4;
    %store/vec4 v0x594551dfce90_0, 0, 4;
    %jmp T_9.32;
T_9.28 ;
    %load/vec4 v0x594551dfd150_0;
    %parti/s 1, 5, 4;
    %flag_set/vec4 8;
    %jmp/0 T_9.33, 8;
    %pushi/vec4 7, 0, 4;
    %jmp/1 T_9.34, 8;
T_9.33 ; End of true expr.
    %pushi/vec4 6, 0, 4;
    %jmp/0 T_9.34, 8;
 ; End of false expr.
    %blend;
T_9.34;
    %store/vec4 v0x594551dfce90_0, 0, 4;
    %jmp T_9.32;
T_9.29 ;
    %pushi/vec4 3, 0, 4;
    %store/vec4 v0x594551dfce90_0, 0, 4;
    %jmp T_9.32;
T_9.30 ;
    %pushi/vec4 2, 0, 4;
    %store/vec4 v0x594551dfce90_0, 0, 4;
    %jmp T_9.32;
T_9.32 ;
    %pop/vec4 1;
    %jmp T_9.10;
T_9.2 ;
    %pushi/vec4 1, 0, 1;
    %store/vec4 v0x594551dfd700_0, 0, 1;
    %pushi/vec4 0, 0, 3;
    %store/vec4 v0x594551dfd240_0, 0, 3;
    %pushi/vec4 1, 0, 1;
    %store/vec4 v0x594551dfcf70_0, 0, 1;
    %pushi/vec4 1, 0, 1;
    %store/vec4 v0x594551dfd7c0_0, 0, 1;
    %pushi/vec4 1, 0, 1;
    %store/vec4 v0x594551dfd3e0_0, 0, 1;
    %pushi/vec4 1, 0, 1;
    %store/vec4 v0x594551dfd4a0_0, 0, 1;
    %pushi/vec4 0, 0, 4;
    %store/vec4 v0x594551dfce90_0, 0, 4;
    %jmp T_9.10;
T_9.3 ;
    %pushi/vec4 1, 0, 3;
    %store/vec4 v0x594551dfd240_0, 0, 3;
    %pushi/vec4 1, 0, 1;
    %store/vec4 v0x594551dfcf70_0, 0, 1;
    %pushi/vec4 1, 0, 1;
    %store/vec4 v0x594551dfd560_0, 0, 1;
    %pushi/vec4 0, 0, 4;
    %store/vec4 v0x594551dfce90_0, 0, 4;
    %jmp T_9.10;
T_9.4 ;
    %pushi/vec4 2, 0, 3;
    %store/vec4 v0x594551dfd240_0, 0, 3;
    %pushi/vec4 1, 0, 1;
    %store/vec4 v0x594551dfd010_0, 0, 1;
    %pushi/vec4 1, 0, 4;
    %store/vec4 v0x594551dfce90_0, 0, 4;
    %jmp T_9.10;
T_9.5 ;
    %pushi/vec4 1, 0, 1;
    %store/vec4 v0x594551dfd700_0, 0, 1;
    %pushi/vec4 4, 0, 3;
    %store/vec4 v0x594551dfd240_0, 0, 3;
    %pushi/vec4 1, 0, 1;
    %store/vec4 v0x594551dfd320_0, 0, 1;
    %jmp T_9.10;
T_9.6 ;
    %pushi/vec4 1, 0, 1;
    %store/vec4 v0x594551dfd700_0, 0, 1;
    %pushi/vec4 0, 0, 3;
    %store/vec4 v0x594551dfd240_0, 0, 3;
    %pushi/vec4 1, 0, 1;
    %store/vec4 v0x594551dfcf70_0, 0, 1;
    %pushi/vec4 1, 0, 1;
    %store/vec4 v0x594551dfd320_0, 0, 1;
    %pushi/vec4 0, 0, 4;
    %store/vec4 v0x594551dfce90_0, 0, 4;
    %jmp T_9.10;
T_9.7 ;
    %pushi/vec4 1, 0, 1;
    %store/vec4 v0x594551dfd700_0, 0, 1;
    %pushi/vec4 3, 0, 3;
    %store/vec4 v0x594551dfd240_0, 0, 3;
    %pushi/vec4 1, 0, 1;
    %store/vec4 v0x594551dfcf70_0, 0, 1;
    %pushi/vec4 0, 0, 4;
    %store/vec4 v0x594551dfce90_0, 0, 4;
    %jmp T_9.10;
T_9.8 ;
    %pushi/vec4 1, 0, 1;
    %store/vec4 v0x594551dfd700_0, 0, 1;
    %pushi/vec4 3, 0, 3;
    %store/vec4 v0x594551dfd240_0, 0, 3;
    %pushi/vec4 1, 0, 1;
    %store/vec4 v0x594551dfcf70_0, 0, 1;
    %pushi/vec4 0, 0, 4;
    %store/vec4 v0x594551dfce90_0, 0, 4;
    %jmp T_9.10;
T_9.10 ;
    %pop/vec4 1;
    %jmp T_9;
    .thread T_9, $push;
    .scope S_0x594551dfc360;
T_10 ;
Ewait_3 .event/or E_0x594551d7e670, E_0x0;
    %wait Ewait_3;
    %load/vec4 v0x594551dfc720_0;
    %dup/vec4;
    %pushi/vec4 0, 0, 3;
    %cmp/u;
    %jmp/1 T_10.0, 6;
    %dup/vec4;
    %pushi/vec4 1, 0, 3;
    %cmp/u;
    %jmp/1 T_10.1, 6;
    %dup/vec4;
    %pushi/vec4 4, 0, 3;
    %cmp/u;
    %jmp/1 T_10.2, 6;
    %dup/vec4;
    %pushi/vec4 5, 0, 3;
    %cmp/u;
    %jmp/1 T_10.3, 6;
    %dup/vec4;
    %pushi/vec4 6, 0, 3;
    %cmp/u;
    %jmp/1 T_10.4, 6;
    %dup/vec4;
    %pushi/vec4 7, 0, 3;
    %cmp/u;
    %jmp/1 T_10.5, 6;
    %pushi/vec4 0, 0, 1;
    %store/vec4 v0x594551dfc660_0, 0, 1;
    %jmp T_10.7;
T_10.0 ;
    %load/vec4 v0x594551dfc8a0_0;
    %load/vec4 v0x594551dfc9d0_0;
    %cmp/e;
    %flag_get/vec4 4;
    %store/vec4 v0x594551dfc660_0, 0, 1;
    %jmp T_10.7;
T_10.1 ;
    %load/vec4 v0x594551dfc8a0_0;
    %load/vec4 v0x594551dfc9d0_0;
    %cmp/ne;
    %flag_get/vec4 4;
    %store/vec4 v0x594551dfc660_0, 0, 1;
    %jmp T_10.7;
T_10.2 ;
    %load/vec4 v0x594551dfc8a0_0;
    %load/vec4 v0x594551dfc9d0_0;
    %cmp/s;
    %flag_get/vec4 5;
    %store/vec4 v0x594551dfc660_0, 0, 1;
    %jmp T_10.7;
T_10.3 ;
    %load/vec4 v0x594551dfc9d0_0;
    %load/vec4 v0x594551dfc8a0_0;
    %cmp/s;
    %flag_get/vec4 4;
    %flag_get/vec4 5;
    %or;
    %store/vec4 v0x594551dfc660_0, 0, 1;
    %jmp T_10.7;
T_10.4 ;
    %load/vec4 v0x594551dfc8a0_0;
    %load/vec4 v0x594551dfc9d0_0;
    %cmp/u;
    %flag_get/vec4 5;
    %store/vec4 v0x594551dfc660_0, 0, 1;
    %jmp T_10.7;
T_10.5 ;
    %load/vec4 v0x594551dfc9d0_0;
    %load/vec4 v0x594551dfc8a0_0;
    %cmp/u;
    %flag_get/vec4 4;
    %flag_get/vec4 5;
    %or;
    %store/vec4 v0x594551dfc660_0, 0, 1;
    %jmp T_10.7;
T_10.7 ;
    %pop/vec4 1;
    %jmp T_10;
    .thread T_10, $push;
    .scope S_0x594551d81a50;
T_11 ;
Ewait_4 .event/or E_0x594551d834f0, E_0x0;
    %wait Ewait_4;
    %load/vec4 v0x594551e01f70_0;
    %flag_set/vec4 8;
    %jmp/0xz  T_11.0, 8;
    %load/vec4 v0x594551e02240_0;
    %cmpi/e 103, 0, 7;
    %flag_mov 8, 4;
    %jmp/0 T_11.2, 8;
    %load/vec4 v0x594551e01e90_0;
    %jmp/1 T_11.3, 8;
T_11.2 ; End of true expr.
    %load/vec4 v0x594551e02690_0;
    %jmp/0 T_11.3, 8;
 ; End of false expr.
    %blend;
T_11.3;
    %store/vec4 v0x594551e023d0_0, 0, 32;
    %jmp T_11.1;
T_11.0 ;
    %load/vec4 v0x594551e025f0_0;
    %flag_set/vec4 8;
    %jmp/0xz  T_11.4, 8;
    %load/vec4 v0x594551e02690_0;
    %store/vec4 v0x594551e023d0_0, 0, 32;
    %jmp T_11.5;
T_11.4 ;
    %load/vec4 v0x594551e02510_0;
    %store/vec4 v0x594551e023d0_0, 0, 32;
T_11.5 ;
T_11.1 ;
    %jmp T_11;
    .thread T_11, $push;
    .scope S_0x594551d81a50;
T_12 ;
Ewait_5 .event/or E_0x594551d4a640, E_0x0;
    %wait Ewait_5;
    %load/vec4 v0x594551e02240_0;
    %cmpi/e 23, 0, 7;
    %jmp/0xz  T_12.0, 4;
    %load/vec4 v0x594551e022e0_0;
    %store/vec4 v0x594551e02f20_0, 0, 32;
    %jmp T_12.1;
T_12.0 ;
    %load/vec4 v0x594551e02240_0;
    %cmpi/e 55, 0, 7;
    %jmp/0xz  T_12.2, 4;
    %pushi/vec4 0, 0, 32;
    %store/vec4 v0x594551e02f20_0, 0, 32;
    %jmp T_12.3;
T_12.2 ;
    %load/vec4 v0x594551e02810_0;
    %store/vec4 v0x594551e02f20_0, 0, 32;
T_12.3 ;
T_12.1 ;
    %jmp T_12;
    .thread T_12, $push;
    .scope S_0x594551d81a50;
T_13 ;
Ewait_6 .event/or E_0x594551d83070, E_0x0;
    %wait Ewait_6;
    %load/vec4 v0x594551e01f70_0;
    %flag_set/vec4 8;
    %jmp/0xz  T_13.0, 8;
    %load/vec4 v0x594551e02510_0;
    %store/vec4 v0x594551e02c10_0, 0, 32;
    %jmp T_13.1;
T_13.0 ;
    %load/vec4 v0x594551e02cb0_0;
    %flag_set/vec4 8;
    %jmp/0xz  T_13.2, 8;
    %load/vec4 v0x594551e029c0_0;
    %store/vec4 v0x594551e02c10_0, 0, 32;
    %jmp T_13.3;
T_13.2 ;
    %load/vec4 v0x594551e01620_0;
    %store/vec4 v0x594551e02c10_0, 0, 32;
T_13.3 ;
T_13.1 ;
    %jmp T_13;
    .thread T_13, $push;
    .scope S_0x594551e031e0;
T_14 ;
Ewait_7 .event/or E_0x594551e03450, E_0x0;
    %wait Ewait_7;
    %load/vec4 v0x594551e03620_0;
    %dup/vec4;
    %pushi/vec4 0, 0, 3;
    %cmp/u;
    %jmp/1 T_14.0, 6;
    %dup/vec4;
    %pushi/vec4 1, 0, 3;
    %cmp/u;
    %jmp/1 T_14.1, 6;
    %dup/vec4;
    %pushi/vec4 2, 0, 3;
    %cmp/u;
    %jmp/1 T_14.2, 6;
    %dup/vec4;
    %pushi/vec4 3, 0, 3;
    %cmp/u;
    %jmp/1 T_14.3, 6;
    %dup/vec4;
    %pushi/vec4 4, 0, 3;
    %cmp/u;
    %jmp/1 T_14.4, 6;
    %pushi/vec4 0, 0, 32;
    %store/vec4 v0x594551e03520_0, 0, 32;
    %jmp T_14.6;
T_14.0 ;
    %load/vec4 v0x594551e03700_0;
    %parti/s 1, 31, 6;
    %replicate 20;
    %load/vec4 v0x594551e03700_0;
    %parti/s 12, 20, 6;
    %concat/vec4; draw_concat_vec4
    %store/vec4 v0x594551e03520_0, 0, 32;
    %jmp T_14.6;
T_14.1 ;
    %load/vec4 v0x594551e03700_0;
    %parti/s 1, 31, 6;
    %replicate 20;
    %load/vec4 v0x594551e03700_0;
    %parti/s 7, 25, 6;
    %concat/vec4; draw_concat_vec4
    %load/vec4 v0x594551e03700_0;
    %parti/s 5, 7, 4;
    %concat/vec4; draw_concat_vec4
    %store/vec4 v0x594551e03520_0, 0, 32;
    %jmp T_14.6;
T_14.2 ;
    %load/vec4 v0x594551e03700_0;
    %parti/s 1, 31, 6;
    %replicate 19;
    %load/vec4 v0x594551e03700_0;
    %parti/s 1, 31, 6;
    %concat/vec4; draw_concat_vec4
    %load/vec4 v0x594551e03700_0;
    %parti/s 1, 7, 4;
    %concat/vec4; draw_concat_vec4
    %load/vec4 v0x594551e03700_0;
    %parti/s 6, 25, 6;
    %concat/vec4; draw_concat_vec4
    %load/vec4 v0x594551e03700_0;
    %parti/s 4, 8, 5;
    %concat/vec4; draw_concat_vec4
    %concati/vec4 0, 0, 1;
    %store/vec4 v0x594551e03520_0, 0, 32;
    %jmp T_14.6;
T_14.3 ;
    %load/vec4 v0x594551e03700_0;
    %parti/s 20, 12, 5;
    %concati/vec4 0, 0, 12;
    %store/vec4 v0x594551e03520_0, 0, 32;
    %jmp T_14.6;
T_14.4 ;
    %load/vec4 v0x594551e03700_0;
    %parti/s 1, 31, 6;
    %replicate 11;
    %load/vec4 v0x594551e03700_0;
    %parti/s 1, 31, 6;
    %concat/vec4; draw_concat_vec4
    %load/vec4 v0x594551e03700_0;
    %parti/s 8, 12, 5;
    %concat/vec4; draw_concat_vec4
    %load/vec4 v0x594551e03700_0;
    %parti/s 1, 20, 6;
    %concat/vec4; draw_concat_vec4
    %load/vec4 v0x594551e03700_0;
    %parti/s 10, 21, 6;
    %concat/vec4; draw_concat_vec4
    %concati/vec4 0, 0, 1;
    %store/vec4 v0x594551e03520_0, 0, 32;
    %jmp T_14.6;
T_14.6 ;
    %pop/vec4 1;
    %jmp T_14;
    .thread T_14, $push;
    .scope S_0x594551d81680;
T_15 ;
    %pushi/vec4 0, 0, 32;
    %store/vec4 v0x594551e04150_0, 0, 32;
    %pushi/vec4 0, 0, 32;
    %store/vec4 v0x594551e03d90_0, 0, 32;
    %pushi/vec4 0, 0, 32;
    %store/vec4 v0x594551e04240_0, 0, 32;
    %end;
    .thread T_15, $init;
    .scope S_0x594551d81680;
T_16 ;
    %vpi_call/w 12 47 "$display", "=== IMMGEN Testbench Start ===" {0 0 0};
    %pushi/vec4 4293993347, 0, 32;
    %store/vec4 v0x594551e03bc0_0, 0, 32;
    %pushi/vec4 0, 0, 3;
    %store/vec4 v0x594551e03cb0_0, 0, 3;
    %pushi/vec4 4294967295, 0, 32;
    %store/vec4 v0x594551e03ae0_0, 0, 32;
    %pushi/str "I-type (sign-ext)";
    %store/str v0x594551e03a20_0;
    %fork TD_tb_immgen.run_test, S_0x594551e03840;
    %join;
    %pushi/vec4 15803171, 0, 32;
    %store/vec4 v0x594551e03bc0_0, 0, 32;
    %pushi/vec4 1, 0, 3;
    %store/vec4 v0x594551e03cb0_0, 0, 3;
    %pushi/vec4 6, 0, 32;
    %store/vec4 v0x594551e03ae0_0, 0, 32;
    %pushi/str "S-type (store offset)";
    %store/str v0x594551e03a20_0;
    %fork TD_tb_immgen.run_test, S_0x594551e03840;
    %join;
    %pushi/vec4 4266733283, 0, 32;
    %store/vec4 v0x594551e03bc0_0, 0, 32;
    %pushi/vec4 2, 0, 3;
    %store/vec4 v0x594551e03cb0_0, 0, 3;
    %pushi/vec4 4294967292, 0, 32;
    %store/vec4 v0x594551e03ae0_0, 0, 32;
    %pushi/str "B-type (branch offset)";
    %store/str v0x594551e03a20_0;
    %fork TD_tb_immgen.run_test, S_0x594551e03840;
    %join;
    %pushi/vec4 305418295, 0, 32;
    %store/vec4 v0x594551e03bc0_0, 0, 32;
    %pushi/vec4 3, 0, 3;
    %store/vec4 v0x594551e03cb0_0, 0, 3;
    %pushi/vec4 305418240, 0, 32;
    %store/vec4 v0x594551e03ae0_0, 0, 32;
    %pushi/str "U-type (LUI)";
    %store/str v0x594551e03a20_0;
    %fork TD_tb_immgen.run_test, S_0x594551e03840;
    %join;
    %pushi/vec4 4293919087, 0, 32;
    %store/vec4 v0x594551e03bc0_0, 0, 32;
    %pushi/vec4 4, 0, 3;
    %store/vec4 v0x594551e03cb0_0, 0, 3;
    %pushi/vec4 4293922814, 0, 32;
    %store/vec4 v0x594551e03ae0_0, 0, 32;
    %pushi/str "J-type (JAL)";
    %store/str v0x594551e03a20_0;
    %fork TD_tb_immgen.run_test, S_0x594551e03840;
    %join;
    %pushi/vec4 0, 0, 32;
    %store/vec4 v0x594551e03bc0_0, 0, 32;
    %pushi/vec4 7, 0, 3;
    %store/vec4 v0x594551e03cb0_0, 0, 3;
    %pushi/vec4 0, 0, 32;
    %store/vec4 v0x594551e03ae0_0, 0, 32;
    %pushi/str "Default imm";
    %store/str v0x594551e03a20_0;
    %fork TD_tb_immgen.run_test, S_0x594551e03840;
    %join;
    %vpi_call/w 12 56 "$display", "=== IMMGEN Summary ===" {0 0 0};
    %vpi_call/w 12 57 "$display", "Total: %0d | Passed: %0d | Failed: %0d", v0x594551e04240_0, v0x594551e04150_0, v0x594551e03d90_0 {0 0 0};
    %load/vec4 v0x594551e03d90_0;
    %cmpi/e 0, 0, 32;
    %jmp/0xz  T_16.0, 4;
    %vpi_call/w 12 58 "$display", "\342\234\205 All tests passed." {0 0 0};
    %jmp T_16.1;
T_16.0 ;
    %vpi_call/w 12 59 "$display", "\342\235\214 Some tests failed." {0 0 0};
T_16.1 ;
    %vpi_call/w 12 60 "$finish" {0 0 0};
    %end;
    .thread T_16;
# The file index is used to find the file name in the following table.
:file_names 13;
    "N/A";
    "<interactive>";
    "-";
    "rtl/processor.sv";
    "rtl/alu.sv";
    "rtl/branch_unit.sv";
    "rtl/controller.sv";
    "rtl/data_mem.sv";
    "rtl/imm_gen.sv";
    "rtl/inst_mem.sv";
    "rtl/pc.sv";
    "rtl/reg_file.sv";
    "verif/tb_imm_gen.sv";
