#! /usr/bin/vvp
:ivl_version "11.0 (stable)";
:ivl_delay_selection "TYPICAL";
:vpi_time_precision + 0;
:vpi_module "/usr/lib/x86_64-linux-gnu/ivl/system.vpi";
:vpi_module "/usr/lib/x86_64-linux-gnu/ivl/vhdl_sys.vpi";
:vpi_module "/usr/lib/x86_64-linux-gnu/ivl/vhdl_textio.vpi";
:vpi_module "/usr/lib/x86_64-linux-gnu/ivl/v2005_math.vpi";
:vpi_module "/usr/lib/x86_64-linux-gnu/ivl/va_math.vpi";
:vpi_module "/usr/lib/x86_64-linux-gnu/ivl/v2009.vpi";
S_0x6179bf0189f0 .scope package, "$unit" "$unit" 2 1;
 .timescale 0 0;
S_0x6179bf018620 .scope module, "riscv_processor" "riscv_processor" 3 10;
 .timescale 0 0;
    .port_info 0 /INPUT 1 "clk";
    .port_info 1 /INPUT 1 "reset";
    .port_info 2 /OUTPUT 32 "pc_out";
    .port_info 3 /OUTPUT 32 "instruction_out";
L_0x7a4a74e6b060 .functor BUFT 1, C4<11111111111111111111111111111110>, C4<0>, C4<0>, C4<0>;
L_0x6179bf0ac850 .functor AND 32, L_0x6179bf0aca00, L_0x7a4a74e6b060, C4<11111111111111111111111111111111>, C4<11111111111111111111111111111111>;
L_0x6179bf0acdb0 .functor BUFZ 32, v0x6179bf097700_0, C4<00000000000000000000000000000000>, C4<00000000000000000000000000000000>, C4<00000000000000000000000000000000>;
L_0x6179bf0ace20 .functor BUFZ 32, L_0x6179bf0acfd0, C4<00000000000000000000000000000000>, C4<00000000000000000000000000000000>, C4<00000000000000000000000000000000>;
L_0x7a4a74e6b018 .functor BUFT 1, C4<00000000000000000000000000000100>, C4<0>, C4<0>, C4<0>;
v0x6179bf099280_0 .net/2u *"_ivl_12", 31 0, L_0x7a4a74e6b018;  1 drivers
v0x6179bf099380_0 .net *"_ivl_18", 31 0, L_0x6179bf0aca00;  1 drivers
v0x6179bf099460_0 .net/2u *"_ivl_20", 31 0, L_0x7a4a74e6b060;  1 drivers
v0x6179bf099520_0 .net "alu_control", 3 0, v0x6179bf094e50_0;  1 drivers
v0x6179bf0995e0_0 .net "alu_result", 31 0, v0x6179bf094090_0;  1 drivers
v0x6179bf099740_0 .net "alu_src", 0 0, v0x6179bf094f30_0;  1 drivers
v0x6179bf0997e0_0 .net "branch", 0 0, v0x6179bf094fd0_0;  1 drivers
o0x7a4a74eb48e8 .functor BUFZ 1, C4<z>; HiZ drive
v0x6179bf0998d0_0 .net "clk", 0 0, o0x7a4a74eb48e8;  0 drivers
v0x6179bf099970_0 .net "funct3", 2 0, L_0x6179bf09c410;  1 drivers
v0x6179bf099a10_0 .net "funct7", 6 0, L_0x6179bf09c670;  1 drivers
v0x6179bf099ad0_0 .net "imm_ext", 31 0, v0x6179bf0968f0_0;  1 drivers
v0x6179bf099b70_0 .net "imm_src", 2 0, v0x6179bf095200_0;  1 drivers
v0x6179bf099c60_0 .net "instruction", 31 0, L_0x6179bf0acfd0;  1 drivers
v0x6179bf099d70_0 .net "instruction_out", 31 0, L_0x6179bf0ace20;  1 drivers
v0x6179bf099e50_0 .net "jalr_target", 31 0, L_0x6179bf0ac850;  1 drivers
v0x6179bf099f30_0 .net "jump", 0 0, v0x6179bf0952e0_0;  1 drivers
v0x6179bf099fd0_0 .net "mem_read", 0 0, v0x6179bf0953a0_0;  1 drivers
v0x6179bf09a070_0 .net "mem_to_reg", 0 0, v0x6179bf095460_0;  1 drivers
v0x6179bf09a110_0 .net "mem_write", 0 0, v0x6179bf095520_0;  1 drivers
v0x6179bf09a200_0 .net "opcode", 6 0, L_0x6179bf09c210;  1 drivers
v0x6179bf09a2a0_0 .net "pc", 31 0, v0x6179bf097700_0;  1 drivers
v0x6179bf09a390_0 .var "pc_next", 31 0;
v0x6179bf09a430_0 .net "pc_out", 31 0, L_0x6179bf0acdb0;  1 drivers
v0x6179bf09a4d0_0 .net "pc_plus4", 31 0, L_0x6179bf0ac7b0;  1 drivers
v0x6179bf09a5b0_0 .net "pc_src", 0 0, L_0x6179bf0adf90;  1 drivers
v0x6179bf09a650_0 .net "pc_target", 31 0, L_0x6179bf0ac910;  1 drivers
v0x6179bf09a710_0 .net "rd", 4 0, L_0x6179bf09c320;  1 drivers
v0x6179bf09a7d0_0 .net "rd1", 31 0, L_0x6179bf0ad400;  1 drivers
v0x6179bf09a8c0_0 .net "rd2", 31 0, L_0x6179bf0ad950;  1 drivers
v0x6179bf09a980_0 .net "read_data", 31 0, L_0x6179bf0aded0;  1 drivers
v0x6179bf09aa40_0 .net "reg_write", 0 0, v0x6179bf0956c0_0;  1 drivers
o0x7a4a74eb4978 .functor BUFZ 1, C4<z>; HiZ drive
v0x6179bf09ab30_0 .net "reset", 0 0, o0x7a4a74eb4978;  0 drivers
v0x6179bf09abd0_0 .var "result", 31 0;
v0x6179bf09ac70_0 .net "result_src", 0 0, v0x6179bf095780_0;  1 drivers
v0x6179bf09ad40_0 .net "rs1", 4 0, L_0x6179bf09c4b0;  1 drivers
v0x6179bf09ae10_0 .net "rs2", 4 0, L_0x6179bf09c580;  1 drivers
v0x6179bf09aee0_0 .var "src_a", 31 0;
v0x6179bf09afb0_0 .net "src_b", 31 0, L_0x6179bf0acb40;  1 drivers
v0x6179bf09b080_0 .net "zero", 0 0, L_0x6179bf0adbc0;  1 drivers
E_0x6179bf01a070/0 .event edge, v0x6179bf0952e0_0, v0x6179bf09a4d0_0, v0x6179bf095780_0, v0x6179bf0961d0_0;
E_0x6179bf01a070/1 .event edge, v0x6179bf094090_0;
E_0x6179bf01a070 .event/or E_0x6179bf01a070/0, E_0x6179bf01a070/1;
E_0x6179befe1640 .event edge, v0x6179bf0955e0_0, v0x6179bf096fc0_0, v0x6179bf094860_0;
E_0x6179bf01a4f0/0 .event edge, v0x6179bf0952e0_0, v0x6179bf0955e0_0, v0x6179bf099e50_0, v0x6179bf09a650_0;
E_0x6179bf01a4f0/1 .event edge, v0x6179bf0947a0_0, v0x6179bf09a4d0_0;
E_0x6179bf01a4f0 .event/or E_0x6179bf01a4f0/0, E_0x6179bf01a4f0/1;
L_0x6179bf09c210 .part L_0x6179bf0acfd0, 0, 7;
L_0x6179bf09c320 .part L_0x6179bf0acfd0, 7, 5;
L_0x6179bf09c410 .part L_0x6179bf0acfd0, 12, 3;
L_0x6179bf09c4b0 .part L_0x6179bf0acfd0, 15, 5;
L_0x6179bf09c580 .part L_0x6179bf0acfd0, 20, 5;
L_0x6179bf09c670 .part L_0x6179bf0acfd0, 25, 7;
L_0x6179bf0ac7b0 .arith/sum 32, v0x6179bf097700_0, L_0x7a4a74e6b018;
L_0x6179bf0ac910 .arith/sum 32, v0x6179bf097700_0, v0x6179bf0968f0_0;
L_0x6179bf0aca00 .arith/sum 32, L_0x6179bf0ad400, v0x6179bf0968f0_0;
L_0x6179bf0acb40 .functor MUXZ 32, L_0x6179bf0ad950, v0x6179bf0968f0_0, v0x6179bf094f30_0, C4<>;
S_0x6179bf0166d0 .scope module, "alu_inst" "alu" 3 120, 4 10 0, S_0x6179bf018620;
 .timescale 0 0;
    .port_info 0 /INPUT 32 "a";
    .port_info 1 /INPUT 32 "b";
    .port_info 2 /INPUT 4 "alu_control";
    .port_info 3 /OUTPUT 32 "result";
    .port_info 4 /OUTPUT 1 "zero";
L_0x7a4a74e6b258 .functor BUFT 1, C4<00000000000000000000000000000000>, C4<0>, C4<0>, C4<0>;
v0x6179bf038ba0_0 .net/2u *"_ivl_0", 31 0, L_0x7a4a74e6b258;  1 drivers
v0x6179bf0610f0_0 .net "a", 31 0, v0x6179bf09aee0_0;  1 drivers
v0x6179bf093ef0_0 .net "alu_control", 3 0, v0x6179bf094e50_0;  alias, 1 drivers
v0x6179bf093fb0_0 .net "b", 31 0, L_0x6179bf0acb40;  alias, 1 drivers
v0x6179bf094090_0 .var "result", 31 0;
v0x6179bf0941c0_0 .net "zero", 0 0, L_0x6179bf0adbc0;  alias, 1 drivers
E_0x6179bf015180 .event edge, v0x6179bf093ef0_0, v0x6179bf0610f0_0, v0x6179bf093fb0_0, v0x6179bf093fb0_0;
L_0x6179bf0adbc0 .cmp/eq 32, v0x6179bf094090_0, L_0x7a4a74e6b258;
S_0x6179bf094320 .scope module, "branch_unit_inst" "branch_unit" 3 153, 5 13 0, S_0x6179bf018620;
 .timescale 0 0;
    .port_info 0 /INPUT 32 "rd1";
    .port_info 1 /INPUT 32 "rd2";
    .port_info 2 /INPUT 3 "funct3";
    .port_info 3 /INPUT 1 "branch";
    .port_info 4 /OUTPUT 1 "pc_src";
L_0x6179bf0adf90 .functor AND 1, v0x6179bf094fd0_0, v0x6179bf094620_0, C4<1>, C4<1>;
v0x6179bf094540_0 .net "branch", 0 0, v0x6179bf094fd0_0;  alias, 1 drivers
v0x6179bf094620_0 .var "branch_condition", 0 0;
v0x6179bf0946e0_0 .net "funct3", 2 0, L_0x6179bf09c410;  alias, 1 drivers
v0x6179bf0947a0_0 .net "pc_src", 0 0, L_0x6179bf0adf90;  alias, 1 drivers
v0x6179bf094860_0 .net "rd1", 31 0, L_0x6179bf0ad400;  alias, 1 drivers
v0x6179bf094990_0 .net "rd2", 31 0, L_0x6179bf0ad950;  alias, 1 drivers
E_0x6179bf015610 .event edge, v0x6179bf0946e0_0, v0x6179bf094860_0, v0x6179bf094990_0;
S_0x6179bf094b10 .scope module, "control_unit" "control" 3 137, 6 13 0, S_0x6179bf018620;
 .timescale 0 0;
    .port_info 0 /INPUT 7 "opcode";
    .port_info 1 /INPUT 3 "funct3";
    .port_info 2 /INPUT 7 "funct7";
    .port_info 3 /OUTPUT 1 "reg_write";
    .port_info 4 /OUTPUT 3 "imm_src";
    .port_info 5 /OUTPUT 1 "alu_src";
    .port_info 6 /OUTPUT 1 "mem_write";
    .port_info 7 /OUTPUT 1 "result_src";
    .port_info 8 /OUTPUT 1 "branch";
    .port_info 9 /OUTPUT 1 "mem_read";
    .port_info 10 /OUTPUT 1 "mem_to_reg";
    .port_info 11 /OUTPUT 1 "jump";
    .port_info 12 /OUTPUT 4 "alu_control";
v0x6179bf094e50_0 .var "alu_control", 3 0;
v0x6179bf094f30_0 .var "alu_src", 0 0;
v0x6179bf094fd0_0 .var "branch", 0 0;
v0x6179bf095070_0 .net "funct3", 2 0, L_0x6179bf09c410;  alias, 1 drivers
v0x6179bf095110_0 .net "funct7", 6 0, L_0x6179bf09c670;  alias, 1 drivers
v0x6179bf095200_0 .var "imm_src", 2 0;
v0x6179bf0952e0_0 .var "jump", 0 0;
v0x6179bf0953a0_0 .var "mem_read", 0 0;
v0x6179bf095460_0 .var "mem_to_reg", 0 0;
v0x6179bf095520_0 .var "mem_write", 0 0;
v0x6179bf0955e0_0 .net "opcode", 6 0, L_0x6179bf09c210;  alias, 1 drivers
v0x6179bf0956c0_0 .var "reg_write", 0 0;
v0x6179bf095780_0 .var "result_src", 0 0;
E_0x6179bf046b60 .event edge, v0x6179bf0955e0_0, v0x6179bf0946e0_0, v0x6179bf095110_0;
S_0x6179bf095a50 .scope module, "data_memory" "dmem" 3 128, 7 9 0, S_0x6179bf018620;
 .timescale 0 0;
    .port_info 0 /INPUT 1 "clk";
    .port_info 1 /INPUT 1 "we";
    .port_info 2 /INPUT 1 "reset";
    .port_info 3 /INPUT 32 "addr";
    .port_info 4 /INPUT 32 "wdata";
    .port_info 5 /OUTPUT 32 "rdata";
L_0x6179bf0aded0 .functor BUFZ 32, L_0x6179bf0adcb0, C4<00000000000000000000000000000000>, C4<00000000000000000000000000000000>, C4<00000000000000000000000000000000>;
v0x6179bf095cc0_0 .net *"_ivl_0", 31 0, L_0x6179bf0adcb0;  1 drivers
v0x6179bf095dc0_0 .net *"_ivl_3", 29 0, L_0x6179bf0add50;  1 drivers
v0x6179bf095ea0_0 .net "addr", 31 0, v0x6179bf094090_0;  alias, 1 drivers
v0x6179bf095f40_0 .net "clk", 0 0, o0x7a4a74eb48e8;  alias, 0 drivers
v0x6179bf095fe0_0 .var/i "i", 31 0;
v0x6179bf096110 .array "mem", 1023 0, 31 0;
v0x6179bf0961d0_0 .net "rdata", 31 0, L_0x6179bf0aded0;  alias, 1 drivers
v0x6179bf0962b0_0 .net "reset", 0 0, o0x7a4a74eb4978;  alias, 0 drivers
v0x6179bf096370_0 .net "wdata", 31 0, L_0x6179bf0ad950;  alias, 1 drivers
v0x6179bf0964c0_0 .net "we", 0 0, v0x6179bf095520_0;  alias, 1 drivers
E_0x6179bf01a7b0 .event posedge, v0x6179bf095f40_0;
L_0x6179bf0adcb0 .array/port v0x6179bf096110, L_0x6179bf0add50;
L_0x6179bf0add50 .part v0x6179bf094090_0, 2, 30;
S_0x6179bf096610 .scope module, "imm_gen_inst" "immgen" 3 114, 8 9 0, S_0x6179bf018620;
 .timescale 0 0;
    .port_info 0 /INPUT 32 "instruction";
    .port_info 1 /INPUT 3 "imm_src";
    .port_info 2 /OUTPUT 32 "imm_ext";
v0x6179bf0968f0_0 .var "imm_ext", 31 0;
v0x6179bf0969f0_0 .net "imm_src", 2 0, v0x6179bf095200_0;  alias, 1 drivers
v0x6179bf096ab0_0 .net "instruction", 31 0, L_0x6179bf0acfd0;  alias, 1 drivers
E_0x6179bf06e890/0 .event edge, v0x6179bf095200_0, v0x6179bf096ab0_0, v0x6179bf096ab0_0, v0x6179bf096ab0_0;
E_0x6179bf06e890/1 .event edge, v0x6179bf096ab0_0, v0x6179bf096ab0_0, v0x6179bf096ab0_0, v0x6179bf096ab0_0;
E_0x6179bf06e890/2 .event edge, v0x6179bf096ab0_0, v0x6179bf096ab0_0, v0x6179bf096ab0_0, v0x6179bf096ab0_0;
E_0x6179bf06e890 .event/or E_0x6179bf06e890/0, E_0x6179bf06e890/1, E_0x6179bf06e890/2;
S_0x6179bf096c00 .scope module, "instruction_memory" "imem" 3 97, 9 9 0, S_0x6179bf018620;
 .timescale 0 0;
    .port_info 0 /INPUT 32 "addr";
    .port_info 1 /OUTPUT 32 "instruction";
L_0x6179bf0acfd0 .functor BUFZ 32, L_0x6179bf0ace90, C4<00000000000000000000000000000000>, C4<00000000000000000000000000000000>, C4<00000000000000000000000000000000>;
v0x6179bf096de0_0 .net *"_ivl_0", 31 0, L_0x6179bf0ace90;  1 drivers
v0x6179bf096ee0_0 .net *"_ivl_3", 29 0, L_0x6179bf0acf30;  1 drivers
v0x6179bf096fc0_0 .net "addr", 31 0, v0x6179bf097700_0;  alias, 1 drivers
v0x6179bf0970b0_0 .var/i "i", 31 0;
v0x6179bf097190_0 .net "instruction", 31 0, L_0x6179bf0acfd0;  alias, 1 drivers
v0x6179bf0972a0 .array "mem", 1023 0, 31 0;
L_0x6179bf0ace90 .array/port v0x6179bf0972a0, L_0x6179bf0acf30;
L_0x6179bf0acf30 .part v0x6179bf097700_0, 2, 30;
S_0x6179bf0973a0 .scope module, "pc_reg" "pc" 3 90, 10 9 0, S_0x6179bf018620;
 .timescale 0 0;
    .port_info 0 /INPUT 1 "clk";
    .port_info 1 /INPUT 1 "reset";
    .port_info 2 /INPUT 32 "pc_next";
    .port_info 3 /OUTPUT 32 "pc";
v0x6179bf097610_0 .net "clk", 0 0, o0x7a4a74eb48e8;  alias, 0 drivers
v0x6179bf097700_0 .var "pc", 31 0;
v0x6179bf0977d0_0 .net "pc_next", 31 0, v0x6179bf09a390_0;  1 drivers
v0x6179bf0978a0_0 .net "reset", 0 0, o0x7a4a74eb4978;  alias, 0 drivers
E_0x6179bf0975b0 .event posedge, v0x6179bf0962b0_0, v0x6179bf095f40_0;
S_0x6179bf097a00 .scope module, "reg_file_inst" "register_file" 3 102, 11 10 0, S_0x6179bf018620;
 .timescale 0 0;
    .port_info 0 /INPUT 1 "clk";
    .port_info 1 /INPUT 1 "we";
    .port_info 2 /INPUT 1 "reset";
    .port_info 3 /INPUT 5 "ra1";
    .port_info 4 /INPUT 5 "ra2";
    .port_info 5 /INPUT 5 "wa";
    .port_info 6 /INPUT 32 "wd";
    .port_info 7 /OUTPUT 32 "rd1";
    .port_info 8 /OUTPUT 32 "rd2";
L_0x7a4a74e6b0a8 .functor BUFT 1, C4<00000>, C4<0>, C4<0>, C4<0>;
v0x6179bf097d10_0 .net/2u *"_ivl_0", 4 0, L_0x7a4a74e6b0a8;  1 drivers
L_0x7a4a74e6b138 .functor BUFT 1, C4<00>, C4<0>, C4<0>, C4<0>;
v0x6179bf097e10_0 .net *"_ivl_11", 1 0, L_0x7a4a74e6b138;  1 drivers
L_0x7a4a74e6b180 .functor BUFT 1, C4<00000>, C4<0>, C4<0>, C4<0>;
v0x6179bf097ef0_0 .net/2u *"_ivl_14", 4 0, L_0x7a4a74e6b180;  1 drivers
v0x6179bf097fb0_0 .net *"_ivl_16", 0 0, L_0x6179bf0ad600;  1 drivers
L_0x7a4a74e6b1c8 .functor BUFT 1, C4<00000000000000000000000000000000>, C4<0>, C4<0>, C4<0>;
v0x6179bf098070_0 .net/2u *"_ivl_18", 31 0, L_0x7a4a74e6b1c8;  1 drivers
v0x6179bf0981a0_0 .net *"_ivl_2", 0 0, L_0x6179bf0ad040;  1 drivers
v0x6179bf098260_0 .net *"_ivl_20", 31 0, L_0x6179bf0ad6f0;  1 drivers
v0x6179bf098340_0 .net *"_ivl_22", 6 0, L_0x6179bf0ad7d0;  1 drivers
L_0x7a4a74e6b210 .functor BUFT 1, C4<00>, C4<0>, C4<0>, C4<0>;
v0x6179bf098420_0 .net *"_ivl_25", 1 0, L_0x7a4a74e6b210;  1 drivers
L_0x7a4a74e6b0f0 .functor BUFT 1, C4<00000000000000000000000000000000>, C4<0>, C4<0>, C4<0>;
v0x6179bf098590_0 .net/2u *"_ivl_4", 31 0, L_0x7a4a74e6b0f0;  1 drivers
v0x6179bf098670_0 .net *"_ivl_6", 31 0, L_0x6179bf0ad130;  1 drivers
v0x6179bf098750_0 .net *"_ivl_8", 6 0, L_0x6179bf0ad230;  1 drivers
v0x6179bf098830_0 .net "clk", 0 0, o0x7a4a74eb48e8;  alias, 0 drivers
v0x6179bf0988d0_0 .var/i "i", 31 0;
v0x6179bf0989b0_0 .net "ra1", 4 0, L_0x6179bf09c4b0;  alias, 1 drivers
v0x6179bf098a90_0 .net "ra2", 4 0, L_0x6179bf09c580;  alias, 1 drivers
v0x6179bf098b70_0 .net "rd1", 31 0, L_0x6179bf0ad400;  alias, 1 drivers
v0x6179bf098c30_0 .net "rd2", 31 0, L_0x6179bf0ad950;  alias, 1 drivers
v0x6179bf098d20 .array "registers", 31 0, 31 0;
v0x6179bf098de0_0 .net "reset", 0 0, o0x7a4a74eb4978;  alias, 0 drivers
v0x6179bf098ed0_0 .net "wa", 4 0, L_0x6179bf09c320;  alias, 1 drivers
v0x6179bf098fb0_0 .net "wd", 31 0, v0x6179bf09abd0_0;  1 drivers
v0x6179bf099090_0 .net "we", 0 0, v0x6179bf0956c0_0;  alias, 1 drivers
L_0x6179bf0ad040 .cmp/eq 5, L_0x6179bf09c4b0, L_0x7a4a74e6b0a8;
L_0x6179bf0ad130 .array/port v0x6179bf098d20, L_0x6179bf0ad230;
L_0x6179bf0ad230 .concat [ 5 2 0 0], L_0x6179bf09c4b0, L_0x7a4a74e6b138;
L_0x6179bf0ad400 .functor MUXZ 32, L_0x6179bf0ad130, L_0x7a4a74e6b0f0, L_0x6179bf0ad040, C4<>;
L_0x6179bf0ad600 .cmp/eq 5, L_0x6179bf09c580, L_0x7a4a74e6b180;
L_0x6179bf0ad6f0 .array/port v0x6179bf098d20, L_0x6179bf0ad7d0;
L_0x6179bf0ad7d0 .concat [ 5 2 0 0], L_0x6179bf09c580, L_0x7a4a74e6b210;
L_0x6179bf0ad950 .functor MUXZ 32, L_0x6179bf0ad6f0, L_0x7a4a74e6b1c8, L_0x6179bf0ad600, C4<>;
S_0x6179bf017b20 .scope module, "tb_pc" "tb_pc" 12 10;
 .timescale 0 0;
v0x6179bf09bc50_0 .var "clk", 0 0;
v0x6179bf09bd10_0 .var/2s "failed", 31 0;
v0x6179bf09bdd0_0 .var/2s "passed", 31 0;
v0x6179bf09bec0_0 .net "pc", 31 0, v0x6179bf09b910_0;  1 drivers
v0x6179bf09bfb0_0 .var "pc_next", 31 0;
v0x6179bf09c0a0_0 .var "reset", 0 0;
v0x6179bf09c170_0 .var/2s "total", 31 0;
S_0x6179bf09b1a0 .scope task, "check" "check" 12 35, 12 35 0, S_0x6179bf017b20;
 .timescale 0 0;
v0x6179bf09b3a0_0 .var/str "desc";
v0x6179bf09b480_0 .var "expected", 31 0;
TD_tb_pc.check ;
    ; show_stmt_assign_vector: Get l-value for compressed += operand
    %load/vec4 v0x6179bf09c170_0;
    %pushi/vec4 1, 0, 32;
    %add;
    %cast2;
    %store/vec4 v0x6179bf09c170_0, 0, 32;
    %delay 1, 0;
    %load/vec4 v0x6179bf09bec0_0;
    %load/vec4 v0x6179bf09b480_0;
    %cmp/e;
    %jmp/0xz  T_0.0, 6;
    ; show_stmt_assign_vector: Get l-value for compressed += operand
    %load/vec4 v0x6179bf09bdd0_0;
    %pushi/vec4 1, 0, 32;
    %add;
    %cast2;
    %store/vec4 v0x6179bf09bdd0_0, 0, 32;
    %vpi_call/w 12 40 "$display", "[PASS] %s | pc = %h", v0x6179bf09b3a0_0, v0x6179bf09bec0_0 {0 0 0};
    %jmp T_0.1;
T_0.0 ;
    ; show_stmt_assign_vector: Get l-value for compressed += operand
    %load/vec4 v0x6179bf09bd10_0;
    %pushi/vec4 1, 0, 32;
    %add;
    %cast2;
    %store/vec4 v0x6179bf09bd10_0, 0, 32;
    %vpi_call/w 12 43 "$display", "[FAIL] %s | pc = %h, expected = %h", v0x6179bf09b3a0_0, v0x6179bf09bec0_0, v0x6179bf09b480_0 {0 0 0};
T_0.1 ;
    %end;
S_0x6179bf09b560 .scope module, "dut" "pc" 12 24, 10 9 0, S_0x6179bf017b20;
 .timescale 0 0;
    .port_info 0 /INPUT 1 "clk";
    .port_info 1 /INPUT 1 "reset";
    .port_info 2 /INPUT 32 "pc_next";
    .port_info 3 /OUTPUT 32 "pc";
v0x6179bf09b830_0 .net "clk", 0 0, v0x6179bf09bc50_0;  1 drivers
v0x6179bf09b910_0 .var "pc", 31 0;
v0x6179bf09b9f0_0 .net "pc_next", 31 0, v0x6179bf09bfb0_0;  1 drivers
v0x6179bf09bae0_0 .net "reset", 0 0, v0x6179bf09c0a0_0;  1 drivers
E_0x6179bf09b7d0 .event posedge, v0x6179bf09bae0_0, v0x6179bf09b830_0;
    .scope S_0x6179bf0973a0;
T_1 ;
    %wait E_0x6179bf0975b0;
    %load/vec4 v0x6179bf0978a0_0;
    %flag_set/vec4 8;
    %jmp/0xz  T_1.0, 8;
    %pushi/vec4 0, 0, 32;
    %assign/vec4 v0x6179bf097700_0, 0;
    %jmp T_1.1;
T_1.0 ;
    %load/vec4 v0x6179bf0977d0_0;
    %assign/vec4 v0x6179bf097700_0, 0;
T_1.1 ;
    %jmp T_1;
    .thread T_1;
    .scope S_0x6179bf096c00;
T_2 ;
    %pushi/vec4 0, 0, 32;
    %store/vec4 v0x6179bf0970b0_0, 0, 32;
T_2.0 ;
    %load/vec4 v0x6179bf0970b0_0;
    %cmpi/s 1024, 0, 32;
    %jmp/0xz T_2.1, 5;
    %pushi/vec4 19, 0, 32;
    %ix/getv/s 4, v0x6179bf0970b0_0;
    %store/vec4a v0x6179bf0972a0, 4, 0;
    %load/vec4 v0x6179bf0970b0_0;
    %addi 1, 0, 32;
    %store/vec4 v0x6179bf0970b0_0, 0, 32;
    %jmp T_2.0;
T_2.1 ;
    %pushi/vec4 5243027, 0, 32;
    %ix/load 4, 0, 0;
    %flag_set/imm 4, 0;
    %store/vec4a v0x6179bf0972a0, 4, 0;
    %pushi/vec4 6291731, 0, 32;
    %ix/load 4, 1, 0;
    %flag_set/imm 4, 0;
    %store/vec4a v0x6179bf0972a0, 4, 0;
    %pushi/vec4 2130355, 0, 32;
    %ix/load 4, 2, 0;
    %flag_set/imm 4, 0;
    %store/vec4a v0x6179bf0972a0, 4, 0;
    %end;
    .thread T_2;
    .scope S_0x6179bf097a00;
T_3 ;
    %pushi/vec4 0, 0, 32;
    %store/vec4 v0x6179bf0988d0_0, 0, 32;
T_3.0 ;
    %load/vec4 v0x6179bf0988d0_0;
    %cmpi/s 32, 0, 32;
    %jmp/0xz T_3.1, 5;
    %pushi/vec4 0, 0, 32;
    %ix/getv/s 4, v0x6179bf0988d0_0;
    %store/vec4a v0x6179bf098d20, 4, 0;
    %load/vec4 v0x6179bf0988d0_0;
    %addi 1, 0, 32;
    %store/vec4 v0x6179bf0988d0_0, 0, 32;
    %jmp T_3.0;
T_3.1 ;
    %end;
    .thread T_3;
    .scope S_0x6179bf097a00;
T_4 ;
    %wait E_0x6179bf01a7b0;
    %load/vec4 v0x6179bf098de0_0;
    %flag_set/vec4 8;
    %jmp/0xz  T_4.0, 8;
    %pushi/vec4 0, 0, 32;
    %store/vec4 v0x6179bf0988d0_0, 0, 32;
T_4.2 ;
    %load/vec4 v0x6179bf0988d0_0;
    %cmpi/s 32, 0, 32;
    %jmp/0xz T_4.3, 5;
    %pushi/vec4 0, 0, 32;
    %ix/getv/s 3, v0x6179bf0988d0_0;
    %ix/load 4, 0, 0; Constant delay
    %assign/vec4/a/d v0x6179bf098d20, 0, 4;
    %load/vec4 v0x6179bf0988d0_0;
    %addi 1, 0, 32;
    %store/vec4 v0x6179bf0988d0_0, 0, 32;
    %jmp T_4.2;
T_4.3 ;
    %jmp T_4.1;
T_4.0 ;
    %load/vec4 v0x6179bf099090_0;
    %load/vec4 v0x6179bf098ed0_0;
    %pushi/vec4 0, 0, 5;
    %cmp/ne;
    %flag_get/vec4 4;
    %and;
    %flag_set/vec4 8;
    %jmp/0xz  T_4.4, 8;
    %load/vec4 v0x6179bf098fb0_0;
    %load/vec4 v0x6179bf098ed0_0;
    %pad/u 7;
    %ix/vec4 3;
    %ix/load 4, 0, 0; Constant delay
    %assign/vec4/a/d v0x6179bf098d20, 0, 4;
T_4.4 ;
T_4.1 ;
    %jmp T_4;
    .thread T_4;
    .scope S_0x6179bf096610;
T_5 ;
Ewait_0 .event/or E_0x6179bf06e890, E_0x0;
    %wait Ewait_0;
    %load/vec4 v0x6179bf0969f0_0;
    %dup/vec4;
    %pushi/vec4 0, 0, 3;
    %cmp/u;
    %jmp/1 T_5.0, 6;
    %dup/vec4;
    %pushi/vec4 1, 0, 3;
    %cmp/u;
    %jmp/1 T_5.1, 6;
    %dup/vec4;
    %pushi/vec4 2, 0, 3;
    %cmp/u;
    %jmp/1 T_5.2, 6;
    %dup/vec4;
    %pushi/vec4 3, 0, 3;
    %cmp/u;
    %jmp/1 T_5.3, 6;
    %dup/vec4;
    %pushi/vec4 4, 0, 3;
    %cmp/u;
    %jmp/1 T_5.4, 6;
    %pushi/vec4 0, 0, 32;
    %store/vec4 v0x6179bf0968f0_0, 0, 32;
    %jmp T_5.6;
T_5.0 ;
    %load/vec4 v0x6179bf096ab0_0;
    %parti/s 1, 31, 6;
    %replicate 20;
    %load/vec4 v0x6179bf096ab0_0;
    %parti/s 12, 20, 6;
    %concat/vec4; draw_concat_vec4
    %store/vec4 v0x6179bf0968f0_0, 0, 32;
    %jmp T_5.6;
T_5.1 ;
    %load/vec4 v0x6179bf096ab0_0;
    %parti/s 1, 31, 6;
    %replicate 20;
    %load/vec4 v0x6179bf096ab0_0;
    %parti/s 7, 25, 6;
    %concat/vec4; draw_concat_vec4
    %load/vec4 v0x6179bf096ab0_0;
    %parti/s 5, 7, 4;
    %concat/vec4; draw_concat_vec4
    %store/vec4 v0x6179bf0968f0_0, 0, 32;
    %jmp T_5.6;
T_5.2 ;
    %load/vec4 v0x6179bf096ab0_0;
    %parti/s 1, 31, 6;
    %replicate 19;
    %load/vec4 v0x6179bf096ab0_0;
    %parti/s 1, 31, 6;
    %concat/vec4; draw_concat_vec4
    %load/vec4 v0x6179bf096ab0_0;
    %parti/s 1, 7, 4;
    %concat/vec4; draw_concat_vec4
    %load/vec4 v0x6179bf096ab0_0;
    %parti/s 6, 25, 6;
    %concat/vec4; draw_concat_vec4
    %load/vec4 v0x6179bf096ab0_0;
    %parti/s 4, 8, 5;
    %concat/vec4; draw_concat_vec4
    %concati/vec4 0, 0, 1;
    %store/vec4 v0x6179bf0968f0_0, 0, 32;
    %jmp T_5.6;
T_5.3 ;
    %load/vec4 v0x6179bf096ab0_0;
    %parti/s 20, 12, 5;
    %concati/vec4 0, 0, 12;
    %store/vec4 v0x6179bf0968f0_0, 0, 32;
    %jmp T_5.6;
T_5.4 ;
    %load/vec4 v0x6179bf096ab0_0;
    %parti/s 1, 31, 6;
    %replicate 11;
    %load/vec4 v0x6179bf096ab0_0;
    %parti/s 1, 31, 6;
    %concat/vec4; draw_concat_vec4
    %load/vec4 v0x6179bf096ab0_0;
    %parti/s 8, 12, 5;
    %concat/vec4; draw_concat_vec4
    %load/vec4 v0x6179bf096ab0_0;
    %parti/s 1, 20, 6;
    %concat/vec4; draw_concat_vec4
    %load/vec4 v0x6179bf096ab0_0;
    %parti/s 10, 21, 6;
    %concat/vec4; draw_concat_vec4
    %concati/vec4 0, 0, 1;
    %store/vec4 v0x6179bf0968f0_0, 0, 32;
    %jmp T_5.6;
T_5.6 ;
    %pop/vec4 1;
    %jmp T_5;
    .thread T_5, $push;
    .scope S_0x6179bf0166d0;
T_6 ;
Ewait_1 .event/or E_0x6179bf015180, E_0x0;
    %wait Ewait_1;
    %load/vec4 v0x6179bf093ef0_0;
    %dup/vec4;
    %pushi/vec4 0, 0, 4;
    %cmp/u;
    %jmp/1 T_6.0, 6;
    %dup/vec4;
    %pushi/vec4 1, 0, 4;
    %cmp/u;
    %jmp/1 T_6.1, 6;
    %dup/vec4;
    %pushi/vec4 2, 0, 4;
    %cmp/u;
    %jmp/1 T_6.2, 6;
    %dup/vec4;
    %pushi/vec4 3, 0, 4;
    %cmp/u;
    %jmp/1 T_6.3, 6;
    %dup/vec4;
    %pushi/vec4 4, 0, 4;
    %cmp/u;
    %jmp/1 T_6.4, 6;
    %dup/vec4;
    %pushi/vec4 5, 0, 4;
    %cmp/u;
    %jmp/1 T_6.5, 6;
    %dup/vec4;
    %pushi/vec4 6, 0, 4;
    %cmp/u;
    %jmp/1 T_6.6, 6;
    %dup/vec4;
    %pushi/vec4 7, 0, 4;
    %cmp/u;
    %jmp/1 T_6.7, 6;
    %dup/vec4;
    %pushi/vec4 8, 0, 4;
    %cmp/u;
    %jmp/1 T_6.8, 6;
    %dup/vec4;
    %pushi/vec4 9, 0, 4;
    %cmp/u;
    %jmp/1 T_6.9, 6;
    %pushi/vec4 0, 0, 32;
    %store/vec4 v0x6179bf094090_0, 0, 32;
    %jmp T_6.11;
T_6.0 ;
    %load/vec4 v0x6179bf0610f0_0;
    %load/vec4 v0x6179bf093fb0_0;
    %add;
    %store/vec4 v0x6179bf094090_0, 0, 32;
    %jmp T_6.11;
T_6.1 ;
    %load/vec4 v0x6179bf0610f0_0;
    %load/vec4 v0x6179bf093fb0_0;
    %sub;
    %store/vec4 v0x6179bf094090_0, 0, 32;
    %jmp T_6.11;
T_6.2 ;
    %load/vec4 v0x6179bf0610f0_0;
    %load/vec4 v0x6179bf093fb0_0;
    %and;
    %store/vec4 v0x6179bf094090_0, 0, 32;
    %jmp T_6.11;
T_6.3 ;
    %load/vec4 v0x6179bf0610f0_0;
    %load/vec4 v0x6179bf093fb0_0;
    %or;
    %store/vec4 v0x6179bf094090_0, 0, 32;
    %jmp T_6.11;
T_6.4 ;
    %load/vec4 v0x6179bf0610f0_0;
    %load/vec4 v0x6179bf093fb0_0;
    %xor;
    %store/vec4 v0x6179bf094090_0, 0, 32;
    %jmp T_6.11;
T_6.5 ;
    %load/vec4 v0x6179bf0610f0_0;
    %load/vec4 v0x6179bf093fb0_0;
    %parti/s 5, 0, 2;
    %ix/vec4 4;
    %shiftl 4;
    %store/vec4 v0x6179bf094090_0, 0, 32;
    %jmp T_6.11;
T_6.6 ;
    %load/vec4 v0x6179bf0610f0_0;
    %load/vec4 v0x6179bf093fb0_0;
    %parti/s 5, 0, 2;
    %ix/vec4 4;
    %shiftr 4;
    %store/vec4 v0x6179bf094090_0, 0, 32;
    %jmp T_6.11;
T_6.7 ;
    %load/vec4 v0x6179bf0610f0_0;
    %load/vec4 v0x6179bf093fb0_0;
    %parti/s 5, 0, 2;
    %ix/vec4 4;
    %shiftr/s 4;
    %store/vec4 v0x6179bf094090_0, 0, 32;
    %jmp T_6.11;
T_6.8 ;
    %pushi/vec4 0, 0, 31;
    %load/vec4 v0x6179bf0610f0_0;
    %load/vec4 v0x6179bf093fb0_0;
    %cmp/s;
    %flag_get/vec4 5;
    %concat/vec4; draw_concat_vec4
    %store/vec4 v0x6179bf094090_0, 0, 32;
    %jmp T_6.11;
T_6.9 ;
    %pushi/vec4 0, 0, 31;
    %load/vec4 v0x6179bf0610f0_0;
    %load/vec4 v0x6179bf093fb0_0;
    %cmp/u;
    %flag_get/vec4 5;
    %concat/vec4; draw_concat_vec4
    %store/vec4 v0x6179bf094090_0, 0, 32;
    %jmp T_6.11;
T_6.11 ;
    %pop/vec4 1;
    %jmp T_6;
    .thread T_6, $push;
    .scope S_0x6179bf095a50;
T_7 ;
    %pushi/vec4 0, 0, 32;
    %store/vec4 v0x6179bf095fe0_0, 0, 32;
T_7.0 ;
    %load/vec4 v0x6179bf095fe0_0;
    %cmpi/s 1024, 0, 32;
    %jmp/0xz T_7.1, 5;
    %pushi/vec4 0, 0, 32;
    %ix/getv/s 4, v0x6179bf095fe0_0;
    %store/vec4a v0x6179bf096110, 4, 0;
    %load/vec4 v0x6179bf095fe0_0;
    %addi 1, 0, 32;
    %store/vec4 v0x6179bf095fe0_0, 0, 32;
    %jmp T_7.0;
T_7.1 ;
    %end;
    .thread T_7;
    .scope S_0x6179bf095a50;
T_8 ;
    %wait E_0x6179bf01a7b0;
    %load/vec4 v0x6179bf0964c0_0;
    %flag_set/vec4 8;
    %jmp/0xz  T_8.0, 8;
    %load/vec4 v0x6179bf096370_0;
    %load/vec4 v0x6179bf095ea0_0;
    %parti/s 30, 2, 3;
    %ix/vec4 3;
    %ix/load 4, 0, 0; Constant delay
    %assign/vec4/a/d v0x6179bf096110, 0, 4;
T_8.0 ;
    %jmp T_8;
    .thread T_8;
    .scope S_0x6179bf094b10;
T_9 ;
Ewait_2 .event/or E_0x6179bf046b60, E_0x0;
    %wait Ewait_2;
    %pushi/vec4 0, 0, 1;
    %store/vec4 v0x6179bf0956c0_0, 0, 1;
    %pushi/vec4 0, 0, 3;
    %store/vec4 v0x6179bf095200_0, 0, 3;
    %pushi/vec4 0, 0, 1;
    %store/vec4 v0x6179bf094f30_0, 0, 1;
    %pushi/vec4 0, 0, 1;
    %store/vec4 v0x6179bf095520_0, 0, 1;
    %pushi/vec4 0, 0, 1;
    %store/vec4 v0x6179bf095780_0, 0, 1;
    %pushi/vec4 0, 0, 1;
    %store/vec4 v0x6179bf094fd0_0, 0, 1;
    %pushi/vec4 0, 0, 1;
    %store/vec4 v0x6179bf0953a0_0, 0, 1;
    %pushi/vec4 0, 0, 1;
    %store/vec4 v0x6179bf095460_0, 0, 1;
    %pushi/vec4 0, 0, 1;
    %store/vec4 v0x6179bf0952e0_0, 0, 1;
    %pushi/vec4 0, 0, 4;
    %store/vec4 v0x6179bf094e50_0, 0, 4;
    %load/vec4 v0x6179bf0955e0_0;
    %dup/vec4;
    %pushi/vec4 51, 0, 7;
    %cmp/u;
    %jmp/1 T_9.0, 6;
    %dup/vec4;
    %pushi/vec4 19, 0, 7;
    %cmp/u;
    %jmp/1 T_9.1, 6;
    %dup/vec4;
    %pushi/vec4 3, 0, 7;
    %cmp/u;
    %jmp/1 T_9.2, 6;
    %dup/vec4;
    %pushi/vec4 35, 0, 7;
    %cmp/u;
    %jmp/1 T_9.3, 6;
    %dup/vec4;
    %pushi/vec4 99, 0, 7;
    %cmp/u;
    %jmp/1 T_9.4, 6;
    %dup/vec4;
    %pushi/vec4 111, 0, 7;
    %cmp/u;
    %jmp/1 T_9.5, 6;
    %dup/vec4;
    %pushi/vec4 103, 0, 7;
    %cmp/u;
    %jmp/1 T_9.6, 6;
    %dup/vec4;
    %pushi/vec4 55, 0, 7;
    %cmp/u;
    %jmp/1 T_9.7, 6;
    %dup/vec4;
    %pushi/vec4 23, 0, 7;
    %cmp/u;
    %jmp/1 T_9.8, 6;
    %jmp T_9.10;
T_9.0 ;
    %pushi/vec4 1, 0, 1;
    %store/vec4 v0x6179bf0956c0_0, 0, 1;
    %load/vec4 v0x6179bf095070_0;
    %load/vec4 v0x6179bf095110_0;
    %parti/s 1, 5, 4;
    %concat/vec4; draw_concat_vec4
    %dup/vec4;
    %pushi/vec4 0, 0, 4;
    %cmp/u;
    %jmp/1 T_9.11, 6;
    %dup/vec4;
    %pushi/vec4 1, 0, 4;
    %cmp/u;
    %jmp/1 T_9.12, 6;
    %dup/vec4;
    %pushi/vec4 2, 0, 4;
    %cmp/u;
    %jmp/1 T_9.13, 6;
    %dup/vec4;
    %pushi/vec4 4, 0, 4;
    %cmp/u;
    %jmp/1 T_9.14, 6;
    %dup/vec4;
    %pushi/vec4 6, 0, 4;
    %cmp/u;
    %jmp/1 T_9.15, 6;
    %dup/vec4;
    %pushi/vec4 8, 0, 4;
    %cmp/u;
    %jmp/1 T_9.16, 6;
    %dup/vec4;
    %pushi/vec4 10, 0, 4;
    %cmp/u;
    %jmp/1 T_9.17, 6;
    %dup/vec4;
    %pushi/vec4 11, 0, 4;
    %cmp/u;
    %jmp/1 T_9.18, 6;
    %dup/vec4;
    %pushi/vec4 12, 0, 4;
    %cmp/u;
    %jmp/1 T_9.19, 6;
    %dup/vec4;
    %pushi/vec4 14, 0, 4;
    %cmp/u;
    %jmp/1 T_9.20, 6;
    %pushi/vec4 0, 0, 4;
    %store/vec4 v0x6179bf094e50_0, 0, 4;
    %jmp T_9.22;
T_9.11 ;
    %pushi/vec4 0, 0, 4;
    %store/vec4 v0x6179bf094e50_0, 0, 4;
    %jmp T_9.22;
T_9.12 ;
    %pushi/vec4 1, 0, 4;
    %store/vec4 v0x6179bf094e50_0, 0, 4;
    %jmp T_9.22;
T_9.13 ;
    %pushi/vec4 5, 0, 4;
    %store/vec4 v0x6179bf094e50_0, 0, 4;
    %jmp T_9.22;
T_9.14 ;
    %pushi/vec4 8, 0, 4;
    %store/vec4 v0x6179bf094e50_0, 0, 4;
    %jmp T_9.22;
T_9.15 ;
    %pushi/vec4 9, 0, 4;
    %store/vec4 v0x6179bf094e50_0, 0, 4;
    %jmp T_9.22;
T_9.16 ;
    %pushi/vec4 4, 0, 4;
    %store/vec4 v0x6179bf094e50_0, 0, 4;
    %jmp T_9.22;
T_9.17 ;
    %pushi/vec4 6, 0, 4;
    %store/vec4 v0x6179bf094e50_0, 0, 4;
    %jmp T_9.22;
T_9.18 ;
    %pushi/vec4 7, 0, 4;
    %store/vec4 v0x6179bf094e50_0, 0, 4;
    %jmp T_9.22;
T_9.19 ;
    %pushi/vec4 3, 0, 4;
    %store/vec4 v0x6179bf094e50_0, 0, 4;
    %jmp T_9.22;
T_9.20 ;
    %pushi/vec4 2, 0, 4;
    %store/vec4 v0x6179bf094e50_0, 0, 4;
    %jmp T_9.22;
T_9.22 ;
    %pop/vec4 1;
    %jmp T_9.10;
T_9.1 ;
    %pushi/vec4 1, 0, 1;
    %store/vec4 v0x6179bf0956c0_0, 0, 1;
    %pushi/vec4 0, 0, 3;
    %store/vec4 v0x6179bf095200_0, 0, 3;
    %pushi/vec4 1, 0, 1;
    %store/vec4 v0x6179bf094f30_0, 0, 1;
    %load/vec4 v0x6179bf095070_0;
    %dup/vec4;
    %pushi/vec4 0, 0, 3;
    %cmp/u;
    %jmp/1 T_9.23, 6;
    %dup/vec4;
    %pushi/vec4 1, 0, 3;
    %cmp/u;
    %jmp/1 T_9.24, 6;
    %dup/vec4;
    %pushi/vec4 2, 0, 3;
    %cmp/u;
    %jmp/1 T_9.25, 6;
    %dup/vec4;
    %pushi/vec4 3, 0, 3;
    %cmp/u;
    %jmp/1 T_9.26, 6;
    %dup/vec4;
    %pushi/vec4 4, 0, 3;
    %cmp/u;
    %jmp/1 T_9.27, 6;
    %dup/vec4;
    %pushi/vec4 5, 0, 3;
    %cmp/u;
    %jmp/1 T_9.28, 6;
    %dup/vec4;
    %pushi/vec4 6, 0, 3;
    %cmp/u;
    %jmp/1 T_9.29, 6;
    %dup/vec4;
    %pushi/vec4 7, 0, 3;
    %cmp/u;
    %jmp/1 T_9.30, 6;
    %pushi/vec4 0, 0, 4;
    %store/vec4 v0x6179bf094e50_0, 0, 4;
    %jmp T_9.32;
T_9.23 ;
    %pushi/vec4 0, 0, 4;
    %store/vec4 v0x6179bf094e50_0, 0, 4;
    %jmp T_9.32;
T_9.24 ;
    %pushi/vec4 5, 0, 4;
    %store/vec4 v0x6179bf094e50_0, 0, 4;
    %jmp T_9.32;
T_9.25 ;
    %pushi/vec4 8, 0, 4;
    %store/vec4 v0x6179bf094e50_0, 0, 4;
    %jmp T_9.32;
T_9.26 ;
    %pushi/vec4 9, 0, 4;
    %store/vec4 v0x6179bf094e50_0, 0, 4;
    %jmp T_9.32;
T_9.27 ;
    %pushi/vec4 4, 0, 4;
    %store/vec4 v0x6179bf094e50_0, 0, 4;
    %jmp T_9.32;
T_9.28 ;
    %load/vec4 v0x6179bf095110_0;
    %parti/s 1, 5, 4;
    %flag_set/vec4 8;
    %jmp/0 T_9.33, 8;
    %pushi/vec4 7, 0, 4;
    %jmp/1 T_9.34, 8;
T_9.33 ; End of true expr.
    %pushi/vec4 6, 0, 4;
    %jmp/0 T_9.34, 8;
 ; End of false expr.
    %blend;
T_9.34;
    %store/vec4 v0x6179bf094e50_0, 0, 4;
    %jmp T_9.32;
T_9.29 ;
    %pushi/vec4 3, 0, 4;
    %store/vec4 v0x6179bf094e50_0, 0, 4;
    %jmp T_9.32;
T_9.30 ;
    %pushi/vec4 2, 0, 4;
    %store/vec4 v0x6179bf094e50_0, 0, 4;
    %jmp T_9.32;
T_9.32 ;
    %pop/vec4 1;
    %jmp T_9.10;
T_9.2 ;
    %pushi/vec4 1, 0, 1;
    %store/vec4 v0x6179bf0956c0_0, 0, 1;
    %pushi/vec4 0, 0, 3;
    %store/vec4 v0x6179bf095200_0, 0, 3;
    %pushi/vec4 1, 0, 1;
    %store/vec4 v0x6179bf094f30_0, 0, 1;
    %pushi/vec4 1, 0, 1;
    %store/vec4 v0x6179bf095780_0, 0, 1;
    %pushi/vec4 1, 0, 1;
    %store/vec4 v0x6179bf0953a0_0, 0, 1;
    %pushi/vec4 1, 0, 1;
    %store/vec4 v0x6179bf095460_0, 0, 1;
    %pushi/vec4 0, 0, 4;
    %store/vec4 v0x6179bf094e50_0, 0, 4;
    %jmp T_9.10;
T_9.3 ;
    %pushi/vec4 1, 0, 3;
    %store/vec4 v0x6179bf095200_0, 0, 3;
    %pushi/vec4 1, 0, 1;
    %store/vec4 v0x6179bf094f30_0, 0, 1;
    %pushi/vec4 1, 0, 1;
    %store/vec4 v0x6179bf095520_0, 0, 1;
    %pushi/vec4 0, 0, 4;
    %store/vec4 v0x6179bf094e50_0, 0, 4;
    %jmp T_9.10;
T_9.4 ;
    %pushi/vec4 2, 0, 3;
    %store/vec4 v0x6179bf095200_0, 0, 3;
    %pushi/vec4 1, 0, 1;
    %store/vec4 v0x6179bf094fd0_0, 0, 1;
    %pushi/vec4 1, 0, 4;
    %store/vec4 v0x6179bf094e50_0, 0, 4;
    %jmp T_9.10;
T_9.5 ;
    %pushi/vec4 1, 0, 1;
    %store/vec4 v0x6179bf0956c0_0, 0, 1;
    %pushi/vec4 4, 0, 3;
    %store/vec4 v0x6179bf095200_0, 0, 3;
    %pushi/vec4 1, 0, 1;
    %store/vec4 v0x6179bf0952e0_0, 0, 1;
    %jmp T_9.10;
T_9.6 ;
    %pushi/vec4 1, 0, 1;
    %store/vec4 v0x6179bf0956c0_0, 0, 1;
    %pushi/vec4 0, 0, 3;
    %store/vec4 v0x6179bf095200_0, 0, 3;
    %pushi/vec4 1, 0, 1;
    %store/vec4 v0x6179bf094f30_0, 0, 1;
    %pushi/vec4 1, 0, 1;
    %store/vec4 v0x6179bf0952e0_0, 0, 1;
    %pushi/vec4 0, 0, 4;
    %store/vec4 v0x6179bf094e50_0, 0, 4;
    %jmp T_9.10;
T_9.7 ;
    %pushi/vec4 1, 0, 1;
    %store/vec4 v0x6179bf0956c0_0, 0, 1;
    %pushi/vec4 3, 0, 3;
    %store/vec4 v0x6179bf095200_0, 0, 3;
    %pushi/vec4 1, 0, 1;
    %store/vec4 v0x6179bf094f30_0, 0, 1;
    %pushi/vec4 0, 0, 4;
    %store/vec4 v0x6179bf094e50_0, 0, 4;
    %jmp T_9.10;
T_9.8 ;
    %pushi/vec4 1, 0, 1;
    %store/vec4 v0x6179bf0956c0_0, 0, 1;
    %pushi/vec4 3, 0, 3;
    %store/vec4 v0x6179bf095200_0, 0, 3;
    %pushi/vec4 1, 0, 1;
    %store/vec4 v0x6179bf094f30_0, 0, 1;
    %pushi/vec4 0, 0, 4;
    %store/vec4 v0x6179bf094e50_0, 0, 4;
    %jmp T_9.10;
T_9.10 ;
    %pop/vec4 1;
    %jmp T_9;
    .thread T_9, $push;
    .scope S_0x6179bf094320;
T_10 ;
Ewait_3 .event/or E_0x6179bf015610, E_0x0;
    %wait Ewait_3;
    %load/vec4 v0x6179bf0946e0_0;
    %dup/vec4;
    %pushi/vec4 0, 0, 3;
    %cmp/u;
    %jmp/1 T_10.0, 6;
    %dup/vec4;
    %pushi/vec4 1, 0, 3;
    %cmp/u;
    %jmp/1 T_10.1, 6;
    %dup/vec4;
    %pushi/vec4 4, 0, 3;
    %cmp/u;
    %jmp/1 T_10.2, 6;
    %dup/vec4;
    %pushi/vec4 5, 0, 3;
    %cmp/u;
    %jmp/1 T_10.3, 6;
    %dup/vec4;
    %pushi/vec4 6, 0, 3;
    %cmp/u;
    %jmp/1 T_10.4, 6;
    %dup/vec4;
    %pushi/vec4 7, 0, 3;
    %cmp/u;
    %jmp/1 T_10.5, 6;
    %pushi/vec4 0, 0, 1;
    %store/vec4 v0x6179bf094620_0, 0, 1;
    %jmp T_10.7;
T_10.0 ;
    %load/vec4 v0x6179bf094860_0;
    %load/vec4 v0x6179bf094990_0;
    %cmp/e;
    %flag_get/vec4 4;
    %store/vec4 v0x6179bf094620_0, 0, 1;
    %jmp T_10.7;
T_10.1 ;
    %load/vec4 v0x6179bf094860_0;
    %load/vec4 v0x6179bf094990_0;
    %cmp/ne;
    %flag_get/vec4 4;
    %store/vec4 v0x6179bf094620_0, 0, 1;
    %jmp T_10.7;
T_10.2 ;
    %load/vec4 v0x6179bf094860_0;
    %load/vec4 v0x6179bf094990_0;
    %cmp/s;
    %flag_get/vec4 5;
    %store/vec4 v0x6179bf094620_0, 0, 1;
    %jmp T_10.7;
T_10.3 ;
    %load/vec4 v0x6179bf094990_0;
    %load/vec4 v0x6179bf094860_0;
    %cmp/s;
    %flag_get/vec4 4;
    %flag_get/vec4 5;
    %or;
    %store/vec4 v0x6179bf094620_0, 0, 1;
    %jmp T_10.7;
T_10.4 ;
    %load/vec4 v0x6179bf094860_0;
    %load/vec4 v0x6179bf094990_0;
    %cmp/u;
    %flag_get/vec4 5;
    %store/vec4 v0x6179bf094620_0, 0, 1;
    %jmp T_10.7;
T_10.5 ;
    %load/vec4 v0x6179bf094990_0;
    %load/vec4 v0x6179bf094860_0;
    %cmp/u;
    %flag_get/vec4 4;
    %flag_get/vec4 5;
    %or;
    %store/vec4 v0x6179bf094620_0, 0, 1;
    %jmp T_10.7;
T_10.7 ;
    %pop/vec4 1;
    %jmp T_10;
    .thread T_10, $push;
    .scope S_0x6179bf018620;
T_11 ;
Ewait_4 .event/or E_0x6179bf01a4f0, E_0x0;
    %wait Ewait_4;
    %load/vec4 v0x6179bf099f30_0;
    %flag_set/vec4 8;
    %jmp/0xz  T_11.0, 8;
    %load/vec4 v0x6179bf09a200_0;
    %cmpi/e 103, 0, 7;
    %flag_mov 8, 4;
    %jmp/0 T_11.2, 8;
    %load/vec4 v0x6179bf099e50_0;
    %jmp/1 T_11.3, 8;
T_11.2 ; End of true expr.
    %load/vec4 v0x6179bf09a650_0;
    %jmp/0 T_11.3, 8;
 ; End of false expr.
    %blend;
T_11.3;
    %store/vec4 v0x6179bf09a390_0, 0, 32;
    %jmp T_11.1;
T_11.0 ;
    %load/vec4 v0x6179bf09a5b0_0;
    %flag_set/vec4 8;
    %jmp/0xz  T_11.4, 8;
    %load/vec4 v0x6179bf09a650_0;
    %store/vec4 v0x6179bf09a390_0, 0, 32;
    %jmp T_11.5;
T_11.4 ;
    %load/vec4 v0x6179bf09a4d0_0;
    %store/vec4 v0x6179bf09a390_0, 0, 32;
T_11.5 ;
T_11.1 ;
    %jmp T_11;
    .thread T_11, $push;
    .scope S_0x6179bf018620;
T_12 ;
Ewait_5 .event/or E_0x6179befe1640, E_0x0;
    %wait Ewait_5;
    %load/vec4 v0x6179bf09a200_0;
    %cmpi/e 23, 0, 7;
    %jmp/0xz  T_12.0, 4;
    %load/vec4 v0x6179bf09a2a0_0;
    %store/vec4 v0x6179bf09aee0_0, 0, 32;
    %jmp T_12.1;
T_12.0 ;
    %load/vec4 v0x6179bf09a200_0;
    %cmpi/e 55, 0, 7;
    %jmp/0xz  T_12.2, 4;
    %pushi/vec4 0, 0, 32;
    %store/vec4 v0x6179bf09aee0_0, 0, 32;
    %jmp T_12.3;
T_12.2 ;
    %load/vec4 v0x6179bf09a7d0_0;
    %store/vec4 v0x6179bf09aee0_0, 0, 32;
T_12.3 ;
T_12.1 ;
    %jmp T_12;
    .thread T_12, $push;
    .scope S_0x6179bf018620;
T_13 ;
Ewait_6 .event/or E_0x6179bf01a070, E_0x0;
    %wait Ewait_6;
    %load/vec4 v0x6179bf099f30_0;
    %flag_set/vec4 8;
    %jmp/0xz  T_13.0, 8;
    %load/vec4 v0x6179bf09a4d0_0;
    %store/vec4 v0x6179bf09abd0_0, 0, 32;
    %jmp T_13.1;
T_13.0 ;
    %load/vec4 v0x6179bf09ac70_0;
    %flag_set/vec4 8;
    %jmp/0xz  T_13.2, 8;
    %load/vec4 v0x6179bf09a980_0;
    %store/vec4 v0x6179bf09abd0_0, 0, 32;
    %jmp T_13.3;
T_13.2 ;
    %load/vec4 v0x6179bf0995e0_0;
    %store/vec4 v0x6179bf09abd0_0, 0, 32;
T_13.3 ;
T_13.1 ;
    %jmp T_13;
    .thread T_13, $push;
    .scope S_0x6179bf09b560;
T_14 ;
    %wait E_0x6179bf09b7d0;
    %load/vec4 v0x6179bf09bae0_0;
    %flag_set/vec4 8;
    %jmp/0xz  T_14.0, 8;
    %pushi/vec4 0, 0, 32;
    %assign/vec4 v0x6179bf09b910_0, 0;
    %jmp T_14.1;
T_14.0 ;
    %load/vec4 v0x6179bf09b9f0_0;
    %assign/vec4 v0x6179bf09b910_0, 0;
T_14.1 ;
    %jmp T_14;
    .thread T_14;
    .scope S_0x6179bf017b20;
T_15 ;
    %pushi/vec4 0, 0, 32;
    %store/vec4 v0x6179bf09c170_0, 0, 32;
    %pushi/vec4 0, 0, 32;
    %store/vec4 v0x6179bf09bdd0_0, 0, 32;
    %pushi/vec4 0, 0, 32;
    %store/vec4 v0x6179bf09bd10_0, 0, 32;
    %end;
    .thread T_15, $init;
    .scope S_0x6179bf017b20;
T_16 ;
    %delay 5, 0;
    %load/vec4 v0x6179bf09bc50_0;
    %inv;
    %store/vec4 v0x6179bf09bc50_0, 0, 1;
    %jmp T_16;
    .thread T_16;
    .scope S_0x6179bf017b20;
T_17 ;
    %vpi_call/w 12 49 "$display", "=== PC Module Testbench Start ===" {0 0 0};
    %pushi/vec4 0, 0, 1;
    %store/vec4 v0x6179bf09bc50_0, 0, 1;
    %pushi/vec4 0, 0, 1;
    %store/vec4 v0x6179bf09c0a0_0, 0, 1;
    %pushi/vec4 0, 0, 32;
    %store/vec4 v0x6179bf09bfb0_0, 0, 32;
    %pushi/vec4 1, 0, 1;
    %store/vec4 v0x6179bf09c0a0_0, 0, 1;
    %pushi/vec4 4, 0, 32;
    %store/vec4 v0x6179bf09bfb0_0, 0, 32;
    %delay 12, 0;
    %pushi/vec4 0, 0, 32;
    %store/vec4 v0x6179bf09b480_0, 0, 32;
    %pushi/str "Test 1: PC Reset should be zero";
    %store/str v0x6179bf09b3a0_0;
    %fork TD_tb_pc.check, S_0x6179bf09b1a0;
    %join;
    %pushi/vec4 0, 0, 1;
    %store/vec4 v0x6179bf09c0a0_0, 0, 1;
    %pushi/vec4 4, 0, 32;
    %store/vec4 v0x6179bf09bfb0_0, 0, 32;
    %delay 10, 0;
    %pushi/vec4 4, 0, 32;
    %store/vec4 v0x6179bf09b480_0, 0, 32;
    %pushi/str "Test 2a: PC update to 0x4";
    %store/str v0x6179bf09b3a0_0;
    %fork TD_tb_pc.check, S_0x6179bf09b1a0;
    %join;
    %pushi/vec4 8, 0, 32;
    %store/vec4 v0x6179bf09bfb0_0, 0, 32;
    %delay 10, 0;
    %pushi/vec4 8, 0, 32;
    %store/vec4 v0x6179bf09b480_0, 0, 32;
    %pushi/str "Test 2b: PC update to 0x8";
    %store/str v0x6179bf09b3a0_0;
    %fork TD_tb_pc.check, S_0x6179bf09b1a0;
    %join;
    %pushi/vec4 12, 0, 32;
    %store/vec4 v0x6179bf09bfb0_0, 0, 32;
    %delay 10, 0;
    %pushi/vec4 12, 0, 32;
    %store/vec4 v0x6179bf09b480_0, 0, 32;
    %pushi/str "Test 2c: PC update to 0xC";
    %store/str v0x6179bf09b3a0_0;
    %fork TD_tb_pc.check, S_0x6179bf09b1a0;
    %join;
    %pushi/vec4 1, 0, 1;
    %store/vec4 v0x6179bf09c0a0_0, 0, 1;
    %pushi/vec4 305419896, 0, 32;
    %store/vec4 v0x6179bf09bfb0_0, 0, 32;
    %delay 10, 0;
    %pushi/vec4 0, 0, 32;
    %store/vec4 v0x6179bf09b480_0, 0, 32;
    %pushi/str "Test 3: Reset asserted again";
    %store/str v0x6179bf09b3a0_0;
    %fork TD_tb_pc.check, S_0x6179bf09b1a0;
    %join;
    %pushi/vec4 0, 0, 1;
    %store/vec4 v0x6179bf09c0a0_0, 0, 1;
    %pushi/vec4 4294967292, 0, 32;
    %store/vec4 v0x6179bf09bfb0_0, 0, 32;
    %delay 10, 0;
    %pushi/vec4 4294967292, 0, 32;
    %store/vec4 v0x6179bf09b480_0, 0, 32;
    %pushi/str "Test 4a: PC update to FFFF_FFFC";
    %store/str v0x6179bf09b3a0_0;
    %fork TD_tb_pc.check, S_0x6179bf09b1a0;
    %join;
    %pushi/vec4 2882343476, 0, 32;
    %store/vec4 v0x6179bf09bfb0_0, 0, 32;
    %delay 10, 0;
    %pushi/vec4 2882343476, 0, 32;
    %store/vec4 v0x6179bf09b480_0, 0, 32;
    %pushi/str "Test 4b: PC update to ABCD_1234";
    %store/str v0x6179bf09b3a0_0;
    %fork TD_tb_pc.check, S_0x6179bf09b1a0;
    %join;
    %vpi_call/w 12 93 "$display", "=== PC Module Testbench Summary ===" {0 0 0};
    %vpi_call/w 12 94 "$display", "Total tests : %0d", v0x6179bf09c170_0 {0 0 0};
    %vpi_call/w 12 95 "$display", "Passed      : %0d", v0x6179bf09bdd0_0 {0 0 0};
    %vpi_call/w 12 96 "$display", "Failed      : %0d", v0x6179bf09bd10_0 {0 0 0};
    %load/vec4 v0x6179bf09bd10_0;
    %cmpi/e 0, 0, 32;
    %jmp/0xz  T_17.0, 4;
    %vpi_call/w 12 98 "$display", "\342\234\205 All PC tests passed." {0 0 0};
    %jmp T_17.1;
T_17.0 ;
    %vpi_call/w 12 100 "$display", "\342\235\214 Some PC tests failed. Check logs." {0 0 0};
T_17.1 ;
    %vpi_call/w 12 102 "$finish" {0 0 0};
    %end;
    .thread T_17;
# The file index is used to find the file name in the following table.
:file_names 13;
    "N/A";
    "<interactive>";
    "-";
    "rtl/processor.sv";
    "rtl/alu.sv";
    "rtl/branch_unit.sv";
    "rtl/controller.sv";
    "rtl/data_mem.sv";
    "rtl/imm_gen.sv";
    "rtl/inst_mem.sv";
    "rtl/pc.sv";
    "rtl/reg_file.sv";
    "verif/tb_pc.sv";
