#! /usr/bin/vvp
:ivl_version "11.0 (stable)";
:ivl_delay_selection "TYPICAL";
:vpi_time_precision + 0;
:vpi_module "/usr/lib/x86_64-linux-gnu/ivl/system.vpi";
:vpi_module "/usr/lib/x86_64-linux-gnu/ivl/vhdl_sys.vpi";
:vpi_module "/usr/lib/x86_64-linux-gnu/ivl/vhdl_textio.vpi";
:vpi_module "/usr/lib/x86_64-linux-gnu/ivl/v2005_math.vpi";
:vpi_module "/usr/lib/x86_64-linux-gnu/ivl/va_math.vpi";
:vpi_module "/usr/lib/x86_64-linux-gnu/ivl/v2009.vpi";
S_0x5935e3057f70 .scope package, "$unit" "$unit" 2 1;
 .timescale 0 0;
S_0x5935e3057ba0 .scope module, "tb_riscv_processor" "tb_riscv_processor" 3 10;
 .timescale 0 0;
v0x5935e30949f0_0 .var "clk", 0 0;
v0x5935e3094ab0_0 .var/2s "failed", 31 0;
v0x5935e3094b90_0 .net "instruction_out", 31 0, L_0x5935e30a5c20;  1 drivers
v0x5935e3094c60_0 .var/2s "passed", 31 0;
v0x5935e3094d20_0 .net "pc_out", 31 0, L_0x5935e30a5bb0;  1 drivers
v0x5935e3094de0_0 .var "reset", 0 0;
v0x5935e3094f10_0 .var/2s "total", 31 0;
S_0x5935e3017a60 .scope task, "check_instr" "check_instr" 3 26, 3 26 0, S_0x5935e3057ba0;
 .timescale 0 0;
v0x5935e3037ba0_0 .var "expected", 31 0;
v0x5935e305f310_0 .var/str "msg";
TD_tb_riscv_processor.check_instr ;
    %delay 1, 0;
    ; show_stmt_assign_vector: Get l-value for compressed += operand
    %load/vec4 v0x5935e3094f10_0;
    %pushi/vec4 1, 0, 32;
    %add;
    %cast2;
    %store/vec4 v0x5935e3094f10_0, 0, 32;
    %load/vec4 v0x5935e3094b90_0;
    %load/vec4 v0x5935e3037ba0_0;
    %cmp/e;
    %jmp/0xz  T_0.0, 6;
    ; show_stmt_assign_vector: Get l-value for compressed += operand
    %load/vec4 v0x5935e3094c60_0;
    %pushi/vec4 1, 0, 32;
    %add;
    %cast2;
    %store/vec4 v0x5935e3094c60_0, 0, 32;
    %vpi_call/w 3 31 "$display", "[PASS] %s | PC = %h, Instr = %h", v0x5935e305f310_0, v0x5935e3094d20_0, v0x5935e3094b90_0 {0 0 0};
    %jmp T_0.1;
T_0.0 ;
    ; show_stmt_assign_vector: Get l-value for compressed += operand
    %load/vec4 v0x5935e3094ab0_0;
    %pushi/vec4 1, 0, 32;
    %add;
    %cast2;
    %store/vec4 v0x5935e3094ab0_0, 0, 32;
    %vpi_call/w 3 34 "$display", "[FAIL] %s | PC = %h, Instr = %h (expected %h)", v0x5935e305f310_0, v0x5935e3094d20_0, v0x5935e3094b90_0, v0x5935e3037ba0_0 {0 0 0};
T_0.1 ;
    %end;
S_0x5935e308ce30 .scope module, "dut" "riscv_processor" 3 17, 4 10 0, S_0x5935e3057ba0;
 .timescale 0 0;
    .port_info 0 /INPUT 1 "clk";
    .port_info 1 /INPUT 1 "reset";
    .port_info 2 /OUTPUT 32 "pc_out";
    .port_info 3 /OUTPUT 32 "instruction_out";
L_0x7ea4d82d0060 .functor BUFT 1, C4<11111111111111111111111111111110>, C4<0>, C4<0>, C4<0>;
L_0x5935e30a5650 .functor AND 32, L_0x5935e30a5800, L_0x7ea4d82d0060, C4<11111111111111111111111111111111>, C4<11111111111111111111111111111111>;
L_0x5935e30a5bb0 .functor BUFZ 32, v0x5935e3090f50_0, C4<00000000000000000000000000000000>, C4<00000000000000000000000000000000>, C4<00000000000000000000000000000000>;
L_0x5935e30a5c20 .functor BUFZ 32, L_0x5935e30a5e20, C4<00000000000000000000000000000000>, C4<00000000000000000000000000000000>, C4<00000000000000000000000000000000>;
L_0x7ea4d82d0018 .functor BUFT 1, C4<00000000000000000000000000000100>, C4<0>, C4<0>, C4<0>;
v0x5935e3092ad0_0 .net/2u *"_ivl_12", 31 0, L_0x7ea4d82d0018;  1 drivers
v0x5935e3092bd0_0 .net *"_ivl_18", 31 0, L_0x5935e30a5800;  1 drivers
v0x5935e3092cb0_0 .net/2u *"_ivl_20", 31 0, L_0x7ea4d82d0060;  1 drivers
v0x5935e3092d70_0 .net "alu_control", 3 0, v0x5935e308e550_0;  1 drivers
v0x5935e3092e30_0 .net "alu_result", 31 0, v0x5935e308d710_0;  1 drivers
v0x5935e3092f90_0 .net "alu_src", 0 0, v0x5935e308e630_0;  1 drivers
v0x5935e3093030_0 .net "branch", 0 0, v0x5935e308e6d0_0;  1 drivers
v0x5935e3093120_0 .net "clk", 0 0, v0x5935e30949f0_0;  1 drivers
v0x5935e30931c0_0 .net "funct3", 2 0, L_0x5935e3095210;  1 drivers
v0x5935e3093260_0 .net "funct7", 6 0, L_0x5935e3095470;  1 drivers
v0x5935e3093320_0 .net "imm_ext", 31 0, v0x5935e3090100_0;  1 drivers
v0x5935e30933c0_0 .net "imm_src", 2 0, v0x5935e308e990_0;  1 drivers
v0x5935e30934b0_0 .net "instruction", 31 0, L_0x5935e30a5e20;  1 drivers
v0x5935e30935c0_0 .net "instruction_out", 31 0, L_0x5935e30a5c20;  alias, 1 drivers
v0x5935e30936a0_0 .net "jalr_target", 31 0, L_0x5935e30a5650;  1 drivers
v0x5935e3093780_0 .net "jump", 0 0, v0x5935e308ea70_0;  1 drivers
v0x5935e3093820_0 .net "mem_read", 0 0, v0x5935e308eb30_0;  1 drivers
v0x5935e30938c0_0 .net "mem_to_reg", 0 0, v0x5935e308ebf0_0;  1 drivers
v0x5935e3093960_0 .net "mem_write", 0 0, v0x5935e308ecb0_0;  1 drivers
v0x5935e3093a50_0 .net "opcode", 6 0, L_0x5935e3094fd0;  1 drivers
v0x5935e3093af0_0 .net "pc", 31 0, v0x5935e3090f50_0;  1 drivers
v0x5935e3093be0_0 .var "pc_next", 31 0;
v0x5935e3093c80_0 .net "pc_out", 31 0, L_0x5935e30a5bb0;  alias, 1 drivers
v0x5935e3093d20_0 .net "pc_plus4", 31 0, L_0x5935e30a55b0;  1 drivers
v0x5935e3093e00_0 .net "pc_src", 0 0, L_0x5935e30a6dd0;  1 drivers
v0x5935e3093ea0_0 .net "pc_target", 31 0, L_0x5935e30a5710;  1 drivers
v0x5935e3093f60_0 .net "rd", 4 0, L_0x5935e3095090;  1 drivers
v0x5935e3094020_0 .net "rd1", 31 0, L_0x5935e30a6240;  1 drivers
v0x5935e3094110_0 .net "rd2", 31 0, L_0x5935e30a6790;  1 drivers
v0x5935e30941d0_0 .net "read_data", 31 0, L_0x5935e30a6d10;  1 drivers
v0x5935e3094290_0 .net "reg_write", 0 0, v0x5935e308ee50_0;  1 drivers
v0x5935e3094380_0 .net "reset", 0 0, v0x5935e3094de0_0;  1 drivers
v0x5935e3094420_0 .var "result", 31 0;
v0x5935e30944c0_0 .net "result_src", 0 0, v0x5935e308ef10_0;  1 drivers
v0x5935e3094590_0 .net "rs1", 4 0, L_0x5935e30952b0;  1 drivers
v0x5935e3094660_0 .net "rs2", 4 0, L_0x5935e3095380;  1 drivers
v0x5935e3094730_0 .var "src_a", 31 0;
v0x5935e3094800_0 .net "src_b", 31 0, L_0x5935e30a5940;  1 drivers
v0x5935e30948d0_0 .net "zero", 0 0, L_0x5935e30a6a00;  1 drivers
E_0x5935e3019070/0 .event edge, v0x5935e308ea70_0, v0x5935e3093d20_0, v0x5935e308ef10_0, v0x5935e308f9a0_0;
E_0x5935e3019070/1 .event edge, v0x5935e308d710_0;
E_0x5935e3019070 .event/or E_0x5935e3019070/0, E_0x5935e3019070/1;
E_0x5935e2fe0640 .event edge, v0x5935e308ed70_0, v0x5935e3090810_0, v0x5935e308df60_0;
E_0x5935e30194f0/0 .event edge, v0x5935e308ea70_0, v0x5935e308ed70_0, v0x5935e30936a0_0, v0x5935e3093ea0_0;
E_0x5935e30194f0/1 .event edge, v0x5935e308dea0_0, v0x5935e3093d20_0;
E_0x5935e30194f0 .event/or E_0x5935e30194f0/0, E_0x5935e30194f0/1;
L_0x5935e3094fd0 .part L_0x5935e30a5e20, 0, 7;
L_0x5935e3095090 .part L_0x5935e30a5e20, 7, 5;
L_0x5935e3095210 .part L_0x5935e30a5e20, 12, 3;
L_0x5935e30952b0 .part L_0x5935e30a5e20, 15, 5;
L_0x5935e3095380 .part L_0x5935e30a5e20, 20, 5;
L_0x5935e3095470 .part L_0x5935e30a5e20, 25, 7;
L_0x5935e30a55b0 .arith/sum 32, v0x5935e3090f50_0, L_0x7ea4d82d0018;
L_0x5935e30a5710 .arith/sum 32, v0x5935e3090f50_0, v0x5935e3090100_0;
L_0x5935e30a5800 .arith/sum 32, L_0x5935e30a6240, v0x5935e3090100_0;
L_0x5935e30a5940 .functor MUXZ 32, L_0x5935e30a6790, v0x5935e3090100_0, v0x5935e308e630_0, C4<>;
S_0x5935e308d0c0 .scope module, "alu_inst" "alu" 4 120, 5 10 0, S_0x5935e308ce30;
 .timescale 0 0;
    .port_info 0 /INPUT 32 "a";
    .port_info 1 /INPUT 32 "b";
    .port_info 2 /INPUT 4 "alu_control";
    .port_info 3 /OUTPUT 32 "result";
    .port_info 4 /OUTPUT 1 "zero";
L_0x7ea4d82d0258 .functor BUFT 1, C4<00000000000000000000000000000000>, C4<0>, C4<0>, C4<0>;
v0x5935e308d390_0 .net/2u *"_ivl_0", 31 0, L_0x7ea4d82d0258;  1 drivers
v0x5935e308d490_0 .net "a", 31 0, v0x5935e3094730_0;  1 drivers
v0x5935e308d570_0 .net "alu_control", 3 0, v0x5935e308e550_0;  alias, 1 drivers
v0x5935e308d630_0 .net "b", 31 0, L_0x5935e30a5940;  alias, 1 drivers
v0x5935e308d710_0 .var "result", 31 0;
v0x5935e308d840_0 .net "zero", 0 0, L_0x5935e30a6a00;  alias, 1 drivers
E_0x5935e30197b0 .event edge, v0x5935e308d570_0, v0x5935e308d490_0, v0x5935e308d630_0, v0x5935e308d630_0;
L_0x5935e30a6a00 .cmp/eq 32, v0x5935e308d710_0, L_0x7ea4d82d0258;
S_0x5935e308d9a0 .scope module, "branch_unit_inst" "branch_unit" 4 153, 6 13 0, S_0x5935e308ce30;
 .timescale 0 0;
    .port_info 0 /INPUT 32 "rd1";
    .port_info 1 /INPUT 32 "rd2";
    .port_info 2 /INPUT 3 "funct3";
    .port_info 3 /INPUT 1 "branch";
    .port_info 4 /OUTPUT 1 "pc_src";
L_0x5935e30a6dd0 .functor AND 1, v0x5935e308e6d0_0, v0x5935e308dd20_0, C4<1>, C4<1>;
v0x5935e308dc40_0 .net "branch", 0 0, v0x5935e308e6d0_0;  alias, 1 drivers
v0x5935e308dd20_0 .var "branch_condition", 0 0;
v0x5935e308dde0_0 .net "funct3", 2 0, L_0x5935e3095210;  alias, 1 drivers
v0x5935e308dea0_0 .net "pc_src", 0 0, L_0x5935e30a6dd0;  alias, 1 drivers
v0x5935e308df60_0 .net "rd1", 31 0, L_0x5935e30a6240;  alias, 1 drivers
v0x5935e308e090_0 .net "rd2", 31 0, L_0x5935e30a6790;  alias, 1 drivers
E_0x5935e30040f0 .event edge, v0x5935e308dde0_0, v0x5935e308df60_0, v0x5935e308e090_0;
S_0x5935e308e210 .scope module, "control_unit" "control" 4 137, 7 13 0, S_0x5935e308ce30;
 .timescale 0 0;
    .port_info 0 /INPUT 7 "opcode";
    .port_info 1 /INPUT 3 "funct3";
    .port_info 2 /INPUT 7 "funct7";
    .port_info 3 /OUTPUT 1 "reg_write";
    .port_info 4 /OUTPUT 3 "imm_src";
    .port_info 5 /OUTPUT 1 "alu_src";
    .port_info 6 /OUTPUT 1 "mem_write";
    .port_info 7 /OUTPUT 1 "result_src";
    .port_info 8 /OUTPUT 1 "branch";
    .port_info 9 /OUTPUT 1 "mem_read";
    .port_info 10 /OUTPUT 1 "mem_to_reg";
    .port_info 11 /OUTPUT 1 "jump";
    .port_info 12 /OUTPUT 4 "alu_control";
v0x5935e308e550_0 .var "alu_control", 3 0;
v0x5935e308e630_0 .var "alu_src", 0 0;
v0x5935e308e6d0_0 .var "branch", 0 0;
v0x5935e308e7d0_0 .net "funct3", 2 0, L_0x5935e3095210;  alias, 1 drivers
v0x5935e308e8a0_0 .net "funct7", 6 0, L_0x5935e3095470;  alias, 1 drivers
v0x5935e308e990_0 .var "imm_src", 2 0;
v0x5935e308ea70_0 .var "jump", 0 0;
v0x5935e308eb30_0 .var "mem_read", 0 0;
v0x5935e308ebf0_0 .var "mem_to_reg", 0 0;
v0x5935e308ecb0_0 .var "mem_write", 0 0;
v0x5935e308ed70_0 .net "opcode", 6 0, L_0x5935e3094fd0;  alias, 1 drivers
v0x5935e308ee50_0 .var "reg_write", 0 0;
v0x5935e308ef10_0 .var "result_src", 0 0;
E_0x5935e30730c0 .event edge, v0x5935e308ed70_0, v0x5935e308dde0_0, v0x5935e308e8a0_0;
S_0x5935e308f170 .scope module, "data_memory" "dmem" 4 128, 8 9 0, S_0x5935e308ce30;
 .timescale 0 0;
    .port_info 0 /INPUT 1 "clk";
    .port_info 1 /INPUT 1 "we";
    .port_info 2 /INPUT 1 "reset";
    .port_info 3 /INPUT 32 "addr";
    .port_info 4 /INPUT 32 "wdata";
    .port_info 5 /OUTPUT 32 "rdata";
L_0x5935e30a6d10 .functor BUFZ 32, L_0x5935e30a6af0, C4<00000000000000000000000000000000>, C4<00000000000000000000000000000000>, C4<00000000000000000000000000000000>;
v0x5935e308f460_0 .net *"_ivl_0", 31 0, L_0x5935e30a6af0;  1 drivers
v0x5935e308f560_0 .net *"_ivl_3", 29 0, L_0x5935e30a6b90;  1 drivers
v0x5935e308f640_0 .net "addr", 31 0, v0x5935e308d710_0;  alias, 1 drivers
v0x5935e308f710_0 .net "clk", 0 0, v0x5935e30949f0_0;  alias, 1 drivers
v0x5935e308f7b0_0 .var/i "i", 31 0;
v0x5935e308f8e0 .array "mem", 1023 0, 31 0;
v0x5935e308f9a0_0 .net "rdata", 31 0, L_0x5935e30a6d10;  alias, 1 drivers
v0x5935e308fa80_0 .net "reset", 0 0, v0x5935e3094de0_0;  alias, 1 drivers
v0x5935e308fb40_0 .net "wdata", 31 0, L_0x5935e30a6790;  alias, 1 drivers
v0x5935e308fc90_0 .net "we", 0 0, v0x5935e308ecb0_0;  alias, 1 drivers
E_0x5935e308f3e0 .event posedge, v0x5935e308f710_0;
L_0x5935e30a6af0 .array/port v0x5935e308f8e0, L_0x5935e30a6b90;
L_0x5935e30a6b90 .part v0x5935e308d710_0, 2, 30;
S_0x5935e308fe20 .scope module, "imm_gen_inst" "immgen" 4 114, 9 9 0, S_0x5935e308ce30;
 .timescale 0 0;
    .port_info 0 /INPUT 32 "instruction";
    .port_info 1 /INPUT 3 "imm_src";
    .port_info 2 /OUTPUT 32 "imm_ext";
v0x5935e3090100_0 .var "imm_ext", 31 0;
v0x5935e3090200_0 .net "imm_src", 2 0, v0x5935e308e990_0;  alias, 1 drivers
v0x5935e30902c0_0 .net "instruction", 31 0, L_0x5935e30a5e20;  alias, 1 drivers
E_0x5935e308f300/0 .event edge, v0x5935e308e990_0, v0x5935e30902c0_0, v0x5935e30902c0_0, v0x5935e30902c0_0;
E_0x5935e308f300/1 .event edge, v0x5935e30902c0_0, v0x5935e30902c0_0, v0x5935e30902c0_0, v0x5935e30902c0_0;
E_0x5935e308f300/2 .event edge, v0x5935e30902c0_0, v0x5935e30902c0_0, v0x5935e30902c0_0, v0x5935e30902c0_0;
E_0x5935e308f300 .event/or E_0x5935e308f300/0, E_0x5935e308f300/1, E_0x5935e308f300/2;
S_0x5935e3090410 .scope module, "instruction_memory" "imem" 4 97, 10 9 0, S_0x5935e308ce30;
 .timescale 0 0;
    .port_info 0 /INPUT 32 "addr";
    .port_info 1 /OUTPUT 32 "instruction";
L_0x5935e30a5e20 .functor BUFZ 32, L_0x5935e30a5c90, C4<00000000000000000000000000000000>, C4<00000000000000000000000000000000>, C4<00000000000000000000000000000000>;
v0x5935e3090630_0 .net *"_ivl_0", 31 0, L_0x5935e30a5c90;  1 drivers
v0x5935e3090730_0 .net *"_ivl_3", 29 0, L_0x5935e30a5d30;  1 drivers
v0x5935e3090810_0 .net "addr", 31 0, v0x5935e3090f50_0;  alias, 1 drivers
v0x5935e3090900_0 .var/i "i", 31 0;
v0x5935e30909e0_0 .net "instruction", 31 0, L_0x5935e30a5e20;  alias, 1 drivers
v0x5935e3090af0 .array "mem", 1023 0, 31 0;
L_0x5935e30a5c90 .array/port v0x5935e3090af0, L_0x5935e30a5d30;
L_0x5935e30a5d30 .part v0x5935e3090f50_0, 2, 30;
S_0x5935e3090bf0 .scope module, "pc_reg" "pc" 4 90, 11 9 0, S_0x5935e308ce30;
 .timescale 0 0;
    .port_info 0 /INPUT 1 "clk";
    .port_info 1 /INPUT 1 "reset";
    .port_info 2 /INPUT 32 "pc_next";
    .port_info 3 /OUTPUT 32 "pc";
v0x5935e3090e60_0 .net "clk", 0 0, v0x5935e30949f0_0;  alias, 1 drivers
v0x5935e3090f50_0 .var "pc", 31 0;
v0x5935e3091020_0 .net "pc_next", 31 0, v0x5935e3093be0_0;  1 drivers
v0x5935e30910f0_0 .net "reset", 0 0, v0x5935e3094de0_0;  alias, 1 drivers
E_0x5935e3090e00 .event posedge, v0x5935e308fa80_0, v0x5935e308f710_0;
S_0x5935e3091250 .scope module, "reg_file_inst" "register_file" 4 102, 12 10 0, S_0x5935e308ce30;
 .timescale 0 0;
    .port_info 0 /INPUT 1 "clk";
    .port_info 1 /INPUT 1 "we";
    .port_info 2 /INPUT 1 "reset";
    .port_info 3 /INPUT 5 "ra1";
    .port_info 4 /INPUT 5 "ra2";
    .port_info 5 /INPUT 5 "wa";
    .port_info 6 /INPUT 32 "wd";
    .port_info 7 /OUTPUT 32 "rd1";
    .port_info 8 /OUTPUT 32 "rd2";
L_0x7ea4d82d00a8 .functor BUFT 1, C4<00000>, C4<0>, C4<0>, C4<0>;
v0x5935e3091560_0 .net/2u *"_ivl_0", 4 0, L_0x7ea4d82d00a8;  1 drivers
L_0x7ea4d82d0138 .functor BUFT 1, C4<00>, C4<0>, C4<0>, C4<0>;
v0x5935e3091660_0 .net *"_ivl_11", 1 0, L_0x7ea4d82d0138;  1 drivers
L_0x7ea4d82d0180 .functor BUFT 1, C4<00000>, C4<0>, C4<0>, C4<0>;
v0x5935e3091740_0 .net/2u *"_ivl_14", 4 0, L_0x7ea4d82d0180;  1 drivers
v0x5935e3091800_0 .net *"_ivl_16", 0 0, L_0x5935e30a6440;  1 drivers
L_0x7ea4d82d01c8 .functor BUFT 1, C4<00000000000000000000000000000000>, C4<0>, C4<0>, C4<0>;
v0x5935e30918c0_0 .net/2u *"_ivl_18", 31 0, L_0x7ea4d82d01c8;  1 drivers
v0x5935e30919f0_0 .net *"_ivl_2", 0 0, L_0x5935e30a5ee0;  1 drivers
v0x5935e3091ab0_0 .net *"_ivl_20", 31 0, L_0x5935e30a6530;  1 drivers
v0x5935e3091b90_0 .net *"_ivl_22", 6 0, L_0x5935e30a6610;  1 drivers
L_0x7ea4d82d0210 .functor BUFT 1, C4<00>, C4<0>, C4<0>, C4<0>;
v0x5935e3091c70_0 .net *"_ivl_25", 1 0, L_0x7ea4d82d0210;  1 drivers
L_0x7ea4d82d00f0 .functor BUFT 1, C4<00000000000000000000000000000000>, C4<0>, C4<0>, C4<0>;
v0x5935e3091de0_0 .net/2u *"_ivl_4", 31 0, L_0x7ea4d82d00f0;  1 drivers
v0x5935e3091ec0_0 .net *"_ivl_6", 31 0, L_0x5935e30a5fd0;  1 drivers
v0x5935e3091fa0_0 .net *"_ivl_8", 6 0, L_0x5935e30a6070;  1 drivers
v0x5935e3092080_0 .net "clk", 0 0, v0x5935e30949f0_0;  alias, 1 drivers
v0x5935e3092120_0 .var/i "i", 31 0;
v0x5935e3092200_0 .net "ra1", 4 0, L_0x5935e30952b0;  alias, 1 drivers
v0x5935e30922e0_0 .net "ra2", 4 0, L_0x5935e3095380;  alias, 1 drivers
v0x5935e30923c0_0 .net "rd1", 31 0, L_0x5935e30a6240;  alias, 1 drivers
v0x5935e3092480_0 .net "rd2", 31 0, L_0x5935e30a6790;  alias, 1 drivers
v0x5935e3092570 .array "registers", 31 0, 31 0;
v0x5935e3092630_0 .net "reset", 0 0, v0x5935e3094de0_0;  alias, 1 drivers
v0x5935e3092720_0 .net "wa", 4 0, L_0x5935e3095090;  alias, 1 drivers
v0x5935e3092800_0 .net "wd", 31 0, v0x5935e3094420_0;  1 drivers
v0x5935e30928e0_0 .net "we", 0 0, v0x5935e308ee50_0;  alias, 1 drivers
L_0x5935e30a5ee0 .cmp/eq 5, L_0x5935e30952b0, L_0x7ea4d82d00a8;
L_0x5935e30a5fd0 .array/port v0x5935e3092570, L_0x5935e30a6070;
L_0x5935e30a6070 .concat [ 5 2 0 0], L_0x5935e30952b0, L_0x7ea4d82d0138;
L_0x5935e30a6240 .functor MUXZ 32, L_0x5935e30a5fd0, L_0x7ea4d82d00f0, L_0x5935e30a5ee0, C4<>;
L_0x5935e30a6440 .cmp/eq 5, L_0x5935e3095380, L_0x7ea4d82d0180;
L_0x5935e30a6530 .array/port v0x5935e3092570, L_0x5935e30a6610;
L_0x5935e30a6610 .concat [ 5 2 0 0], L_0x5935e3095380, L_0x7ea4d82d0210;
L_0x5935e30a6790 .functor MUXZ 32, L_0x5935e30a6530, L_0x7ea4d82d01c8, L_0x5935e30a6440, C4<>;
    .scope S_0x5935e3090bf0;
T_1 ;
    %wait E_0x5935e3090e00;
    %load/vec4 v0x5935e30910f0_0;
    %flag_set/vec4 8;
    %jmp/0xz  T_1.0, 8;
    %pushi/vec4 0, 0, 32;
    %assign/vec4 v0x5935e3090f50_0, 0;
    %jmp T_1.1;
T_1.0 ;
    %load/vec4 v0x5935e3091020_0;
    %assign/vec4 v0x5935e3090f50_0, 0;
T_1.1 ;
    %jmp T_1;
    .thread T_1;
    .scope S_0x5935e3090410;
T_2 ;
    %pushi/vec4 0, 0, 32;
    %store/vec4 v0x5935e3090900_0, 0, 32;
T_2.0 ;
    %load/vec4 v0x5935e3090900_0;
    %cmpi/s 1024, 0, 32;
    %jmp/0xz T_2.1, 5;
    %pushi/vec4 19, 0, 32;
    %ix/getv/s 4, v0x5935e3090900_0;
    %store/vec4a v0x5935e3090af0, 4, 0;
    %load/vec4 v0x5935e3090900_0;
    %addi 1, 0, 32;
    %store/vec4 v0x5935e3090900_0, 0, 32;
    %jmp T_2.0;
T_2.1 ;
    %pushi/vec4 5243027, 0, 32;
    %ix/load 4, 0, 0;
    %flag_set/imm 4, 0;
    %store/vec4a v0x5935e3090af0, 4, 0;
    %pushi/vec4 6291731, 0, 32;
    %ix/load 4, 1, 0;
    %flag_set/imm 4, 0;
    %store/vec4a v0x5935e3090af0, 4, 0;
    %pushi/vec4 2130355, 0, 32;
    %ix/load 4, 2, 0;
    %flag_set/imm 4, 0;
    %store/vec4a v0x5935e3090af0, 4, 0;
    %end;
    .thread T_2;
    .scope S_0x5935e3091250;
T_3 ;
    %pushi/vec4 0, 0, 32;
    %store/vec4 v0x5935e3092120_0, 0, 32;
T_3.0 ;
    %load/vec4 v0x5935e3092120_0;
    %cmpi/s 32, 0, 32;
    %jmp/0xz T_3.1, 5;
    %pushi/vec4 0, 0, 32;
    %ix/getv/s 4, v0x5935e3092120_0;
    %store/vec4a v0x5935e3092570, 4, 0;
    %load/vec4 v0x5935e3092120_0;
    %addi 1, 0, 32;
    %store/vec4 v0x5935e3092120_0, 0, 32;
    %jmp T_3.0;
T_3.1 ;
    %end;
    .thread T_3;
    .scope S_0x5935e3091250;
T_4 ;
    %wait E_0x5935e308f3e0;
    %load/vec4 v0x5935e3092630_0;
    %flag_set/vec4 8;
    %jmp/0xz  T_4.0, 8;
    %pushi/vec4 0, 0, 32;
    %store/vec4 v0x5935e3092120_0, 0, 32;
T_4.2 ;
    %load/vec4 v0x5935e3092120_0;
    %cmpi/s 32, 0, 32;
    %jmp/0xz T_4.3, 5;
    %pushi/vec4 0, 0, 32;
    %ix/getv/s 3, v0x5935e3092120_0;
    %ix/load 4, 0, 0; Constant delay
    %assign/vec4/a/d v0x5935e3092570, 0, 4;
    %load/vec4 v0x5935e3092120_0;
    %addi 1, 0, 32;
    %store/vec4 v0x5935e3092120_0, 0, 32;
    %jmp T_4.2;
T_4.3 ;
    %jmp T_4.1;
T_4.0 ;
    %load/vec4 v0x5935e30928e0_0;
    %load/vec4 v0x5935e3092720_0;
    %pushi/vec4 0, 0, 5;
    %cmp/ne;
    %flag_get/vec4 4;
    %and;
    %flag_set/vec4 8;
    %jmp/0xz  T_4.4, 8;
    %load/vec4 v0x5935e3092800_0;
    %load/vec4 v0x5935e3092720_0;
    %pad/u 7;
    %ix/vec4 3;
    %ix/load 4, 0, 0; Constant delay
    %assign/vec4/a/d v0x5935e3092570, 0, 4;
T_4.4 ;
T_4.1 ;
    %jmp T_4;
    .thread T_4;
    .scope S_0x5935e308fe20;
T_5 ;
Ewait_0 .event/or E_0x5935e308f300, E_0x0;
    %wait Ewait_0;
    %load/vec4 v0x5935e3090200_0;
    %dup/vec4;
    %pushi/vec4 0, 0, 3;
    %cmp/u;
    %jmp/1 T_5.0, 6;
    %dup/vec4;
    %pushi/vec4 1, 0, 3;
    %cmp/u;
    %jmp/1 T_5.1, 6;
    %dup/vec4;
    %pushi/vec4 2, 0, 3;
    %cmp/u;
    %jmp/1 T_5.2, 6;
    %dup/vec4;
    %pushi/vec4 3, 0, 3;
    %cmp/u;
    %jmp/1 T_5.3, 6;
    %dup/vec4;
    %pushi/vec4 4, 0, 3;
    %cmp/u;
    %jmp/1 T_5.4, 6;
    %pushi/vec4 0, 0, 32;
    %store/vec4 v0x5935e3090100_0, 0, 32;
    %jmp T_5.6;
T_5.0 ;
    %load/vec4 v0x5935e30902c0_0;
    %parti/s 1, 31, 6;
    %replicate 20;
    %load/vec4 v0x5935e30902c0_0;
    %parti/s 12, 20, 6;
    %concat/vec4; draw_concat_vec4
    %store/vec4 v0x5935e3090100_0, 0, 32;
    %jmp T_5.6;
T_5.1 ;
    %load/vec4 v0x5935e30902c0_0;
    %parti/s 1, 31, 6;
    %replicate 20;
    %load/vec4 v0x5935e30902c0_0;
    %parti/s 7, 25, 6;
    %concat/vec4; draw_concat_vec4
    %load/vec4 v0x5935e30902c0_0;
    %parti/s 5, 7, 4;
    %concat/vec4; draw_concat_vec4
    %store/vec4 v0x5935e3090100_0, 0, 32;
    %jmp T_5.6;
T_5.2 ;
    %load/vec4 v0x5935e30902c0_0;
    %parti/s 1, 31, 6;
    %replicate 19;
    %load/vec4 v0x5935e30902c0_0;
    %parti/s 1, 31, 6;
    %concat/vec4; draw_concat_vec4
    %load/vec4 v0x5935e30902c0_0;
    %parti/s 1, 7, 4;
    %concat/vec4; draw_concat_vec4
    %load/vec4 v0x5935e30902c0_0;
    %parti/s 6, 25, 6;
    %concat/vec4; draw_concat_vec4
    %load/vec4 v0x5935e30902c0_0;
    %parti/s 4, 8, 5;
    %concat/vec4; draw_concat_vec4
    %concati/vec4 0, 0, 1;
    %store/vec4 v0x5935e3090100_0, 0, 32;
    %jmp T_5.6;
T_5.3 ;
    %load/vec4 v0x5935e30902c0_0;
    %parti/s 20, 12, 5;
    %concati/vec4 0, 0, 12;
    %store/vec4 v0x5935e3090100_0, 0, 32;
    %jmp T_5.6;
T_5.4 ;
    %load/vec4 v0x5935e30902c0_0;
    %parti/s 1, 31, 6;
    %replicate 11;
    %load/vec4 v0x5935e30902c0_0;
    %parti/s 1, 31, 6;
    %concat/vec4; draw_concat_vec4
    %load/vec4 v0x5935e30902c0_0;
    %parti/s 8, 12, 5;
    %concat/vec4; draw_concat_vec4
    %load/vec4 v0x5935e30902c0_0;
    %parti/s 1, 20, 6;
    %concat/vec4; draw_concat_vec4
    %load/vec4 v0x5935e30902c0_0;
    %parti/s 10, 21, 6;
    %concat/vec4; draw_concat_vec4
    %concati/vec4 0, 0, 1;
    %store/vec4 v0x5935e3090100_0, 0, 32;
    %jmp T_5.6;
T_5.6 ;
    %pop/vec4 1;
    %jmp T_5;
    .thread T_5, $push;
    .scope S_0x5935e308d0c0;
T_6 ;
Ewait_1 .event/or E_0x5935e30197b0, E_0x0;
    %wait Ewait_1;
    %load/vec4 v0x5935e308d570_0;
    %dup/vec4;
    %pushi/vec4 0, 0, 4;
    %cmp/u;
    %jmp/1 T_6.0, 6;
    %dup/vec4;
    %pushi/vec4 1, 0, 4;
    %cmp/u;
    %jmp/1 T_6.1, 6;
    %dup/vec4;
    %pushi/vec4 2, 0, 4;
    %cmp/u;
    %jmp/1 T_6.2, 6;
    %dup/vec4;
    %pushi/vec4 3, 0, 4;
    %cmp/u;
    %jmp/1 T_6.3, 6;
    %dup/vec4;
    %pushi/vec4 4, 0, 4;
    %cmp/u;
    %jmp/1 T_6.4, 6;
    %dup/vec4;
    %pushi/vec4 5, 0, 4;
    %cmp/u;
    %jmp/1 T_6.5, 6;
    %dup/vec4;
    %pushi/vec4 6, 0, 4;
    %cmp/u;
    %jmp/1 T_6.6, 6;
    %dup/vec4;
    %pushi/vec4 7, 0, 4;
    %cmp/u;
    %jmp/1 T_6.7, 6;
    %dup/vec4;
    %pushi/vec4 8, 0, 4;
    %cmp/u;
    %jmp/1 T_6.8, 6;
    %dup/vec4;
    %pushi/vec4 9, 0, 4;
    %cmp/u;
    %jmp/1 T_6.9, 6;
    %pushi/vec4 0, 0, 32;
    %store/vec4 v0x5935e308d710_0, 0, 32;
    %jmp T_6.11;
T_6.0 ;
    %load/vec4 v0x5935e308d490_0;
    %load/vec4 v0x5935e308d630_0;
    %add;
    %store/vec4 v0x5935e308d710_0, 0, 32;
    %jmp T_6.11;
T_6.1 ;
    %load/vec4 v0x5935e308d490_0;
    %load/vec4 v0x5935e308d630_0;
    %sub;
    %store/vec4 v0x5935e308d710_0, 0, 32;
    %jmp T_6.11;
T_6.2 ;
    %load/vec4 v0x5935e308d490_0;
    %load/vec4 v0x5935e308d630_0;
    %and;
    %store/vec4 v0x5935e308d710_0, 0, 32;
    %jmp T_6.11;
T_6.3 ;
    %load/vec4 v0x5935e308d490_0;
    %load/vec4 v0x5935e308d630_0;
    %or;
    %store/vec4 v0x5935e308d710_0, 0, 32;
    %jmp T_6.11;
T_6.4 ;
    %load/vec4 v0x5935e308d490_0;
    %load/vec4 v0x5935e308d630_0;
    %xor;
    %store/vec4 v0x5935e308d710_0, 0, 32;
    %jmp T_6.11;
T_6.5 ;
    %load/vec4 v0x5935e308d490_0;
    %load/vec4 v0x5935e308d630_0;
    %parti/s 5, 0, 2;
    %ix/vec4 4;
    %shiftl 4;
    %store/vec4 v0x5935e308d710_0, 0, 32;
    %jmp T_6.11;
T_6.6 ;
    %load/vec4 v0x5935e308d490_0;
    %load/vec4 v0x5935e308d630_0;
    %parti/s 5, 0, 2;
    %ix/vec4 4;
    %shiftr 4;
    %store/vec4 v0x5935e308d710_0, 0, 32;
    %jmp T_6.11;
T_6.7 ;
    %load/vec4 v0x5935e308d490_0;
    %load/vec4 v0x5935e308d630_0;
    %parti/s 5, 0, 2;
    %ix/vec4 4;
    %shiftr/s 4;
    %store/vec4 v0x5935e308d710_0, 0, 32;
    %jmp T_6.11;
T_6.8 ;
    %pushi/vec4 0, 0, 31;
    %load/vec4 v0x5935e308d490_0;
    %load/vec4 v0x5935e308d630_0;
    %cmp/s;
    %flag_get/vec4 5;
    %concat/vec4; draw_concat_vec4
    %store/vec4 v0x5935e308d710_0, 0, 32;
    %jmp T_6.11;
T_6.9 ;
    %pushi/vec4 0, 0, 31;
    %load/vec4 v0x5935e308d490_0;
    %load/vec4 v0x5935e308d630_0;
    %cmp/u;
    %flag_get/vec4 5;
    %concat/vec4; draw_concat_vec4
    %store/vec4 v0x5935e308d710_0, 0, 32;
    %jmp T_6.11;
T_6.11 ;
    %pop/vec4 1;
    %jmp T_6;
    .thread T_6, $push;
    .scope S_0x5935e308f170;
T_7 ;
    %pushi/vec4 0, 0, 32;
    %store/vec4 v0x5935e308f7b0_0, 0, 32;
T_7.0 ;
    %load/vec4 v0x5935e308f7b0_0;
    %cmpi/s 1024, 0, 32;
    %jmp/0xz T_7.1, 5;
    %pushi/vec4 0, 0, 32;
    %ix/getv/s 4, v0x5935e308f7b0_0;
    %store/vec4a v0x5935e308f8e0, 4, 0;
    %load/vec4 v0x5935e308f7b0_0;
    %addi 1, 0, 32;
    %store/vec4 v0x5935e308f7b0_0, 0, 32;
    %jmp T_7.0;
T_7.1 ;
    %end;
    .thread T_7;
    .scope S_0x5935e308f170;
T_8 ;
    %wait E_0x5935e308f3e0;
    %load/vec4 v0x5935e308fc90_0;
    %flag_set/vec4 8;
    %jmp/0xz  T_8.0, 8;
    %load/vec4 v0x5935e308fb40_0;
    %load/vec4 v0x5935e308f640_0;
    %parti/s 30, 2, 3;
    %ix/vec4 3;
    %ix/load 4, 0, 0; Constant delay
    %assign/vec4/a/d v0x5935e308f8e0, 0, 4;
T_8.0 ;
    %jmp T_8;
    .thread T_8;
    .scope S_0x5935e308e210;
T_9 ;
Ewait_2 .event/or E_0x5935e30730c0, E_0x0;
    %wait Ewait_2;
    %pushi/vec4 0, 0, 1;
    %store/vec4 v0x5935e308ee50_0, 0, 1;
    %pushi/vec4 0, 0, 3;
    %store/vec4 v0x5935e308e990_0, 0, 3;
    %pushi/vec4 0, 0, 1;
    %store/vec4 v0x5935e308e630_0, 0, 1;
    %pushi/vec4 0, 0, 1;
    %store/vec4 v0x5935e308ecb0_0, 0, 1;
    %pushi/vec4 0, 0, 1;
    %store/vec4 v0x5935e308ef10_0, 0, 1;
    %pushi/vec4 0, 0, 1;
    %store/vec4 v0x5935e308e6d0_0, 0, 1;
    %pushi/vec4 0, 0, 1;
    %store/vec4 v0x5935e308eb30_0, 0, 1;
    %pushi/vec4 0, 0, 1;
    %store/vec4 v0x5935e308ebf0_0, 0, 1;
    %pushi/vec4 0, 0, 1;
    %store/vec4 v0x5935e308ea70_0, 0, 1;
    %pushi/vec4 0, 0, 4;
    %store/vec4 v0x5935e308e550_0, 0, 4;
    %load/vec4 v0x5935e308ed70_0;
    %dup/vec4;
    %pushi/vec4 51, 0, 7;
    %cmp/u;
    %jmp/1 T_9.0, 6;
    %dup/vec4;
    %pushi/vec4 19, 0, 7;
    %cmp/u;
    %jmp/1 T_9.1, 6;
    %dup/vec4;
    %pushi/vec4 3, 0, 7;
    %cmp/u;
    %jmp/1 T_9.2, 6;
    %dup/vec4;
    %pushi/vec4 35, 0, 7;
    %cmp/u;
    %jmp/1 T_9.3, 6;
    %dup/vec4;
    %pushi/vec4 99, 0, 7;
    %cmp/u;
    %jmp/1 T_9.4, 6;
    %dup/vec4;
    %pushi/vec4 111, 0, 7;
    %cmp/u;
    %jmp/1 T_9.5, 6;
    %dup/vec4;
    %pushi/vec4 103, 0, 7;
    %cmp/u;
    %jmp/1 T_9.6, 6;
    %dup/vec4;
    %pushi/vec4 55, 0, 7;
    %cmp/u;
    %jmp/1 T_9.7, 6;
    %dup/vec4;
    %pushi/vec4 23, 0, 7;
    %cmp/u;
    %jmp/1 T_9.8, 6;
    %jmp T_9.10;
T_9.0 ;
    %pushi/vec4 1, 0, 1;
    %store/vec4 v0x5935e308ee50_0, 0, 1;
    %load/vec4 v0x5935e308e7d0_0;
    %load/vec4 v0x5935e308e8a0_0;
    %parti/s 1, 5, 4;
    %concat/vec4; draw_concat_vec4
    %dup/vec4;
    %pushi/vec4 0, 0, 4;
    %cmp/u;
    %jmp/1 T_9.11, 6;
    %dup/vec4;
    %pushi/vec4 1, 0, 4;
    %cmp/u;
    %jmp/1 T_9.12, 6;
    %dup/vec4;
    %pushi/vec4 2, 0, 4;
    %cmp/u;
    %jmp/1 T_9.13, 6;
    %dup/vec4;
    %pushi/vec4 4, 0, 4;
    %cmp/u;
    %jmp/1 T_9.14, 6;
    %dup/vec4;
    %pushi/vec4 6, 0, 4;
    %cmp/u;
    %jmp/1 T_9.15, 6;
    %dup/vec4;
    %pushi/vec4 8, 0, 4;
    %cmp/u;
    %jmp/1 T_9.16, 6;
    %dup/vec4;
    %pushi/vec4 10, 0, 4;
    %cmp/u;
    %jmp/1 T_9.17, 6;
    %dup/vec4;
    %pushi/vec4 11, 0, 4;
    %cmp/u;
    %jmp/1 T_9.18, 6;
    %dup/vec4;
    %pushi/vec4 12, 0, 4;
    %cmp/u;
    %jmp/1 T_9.19, 6;
    %dup/vec4;
    %pushi/vec4 14, 0, 4;
    %cmp/u;
    %jmp/1 T_9.20, 6;
    %pushi/vec4 0, 0, 4;
    %store/vec4 v0x5935e308e550_0, 0, 4;
    %jmp T_9.22;
T_9.11 ;
    %pushi/vec4 0, 0, 4;
    %store/vec4 v0x5935e308e550_0, 0, 4;
    %jmp T_9.22;
T_9.12 ;
    %pushi/vec4 1, 0, 4;
    %store/vec4 v0x5935e308e550_0, 0, 4;
    %jmp T_9.22;
T_9.13 ;
    %pushi/vec4 5, 0, 4;
    %store/vec4 v0x5935e308e550_0, 0, 4;
    %jmp T_9.22;
T_9.14 ;
    %pushi/vec4 8, 0, 4;
    %store/vec4 v0x5935e308e550_0, 0, 4;
    %jmp T_9.22;
T_9.15 ;
    %pushi/vec4 9, 0, 4;
    %store/vec4 v0x5935e308e550_0, 0, 4;
    %jmp T_9.22;
T_9.16 ;
    %pushi/vec4 4, 0, 4;
    %store/vec4 v0x5935e308e550_0, 0, 4;
    %jmp T_9.22;
T_9.17 ;
    %pushi/vec4 6, 0, 4;
    %store/vec4 v0x5935e308e550_0, 0, 4;
    %jmp T_9.22;
T_9.18 ;
    %pushi/vec4 7, 0, 4;
    %store/vec4 v0x5935e308e550_0, 0, 4;
    %jmp T_9.22;
T_9.19 ;
    %pushi/vec4 3, 0, 4;
    %store/vec4 v0x5935e308e550_0, 0, 4;
    %jmp T_9.22;
T_9.20 ;
    %pushi/vec4 2, 0, 4;
    %store/vec4 v0x5935e308e550_0, 0, 4;
    %jmp T_9.22;
T_9.22 ;
    %pop/vec4 1;
    %jmp T_9.10;
T_9.1 ;
    %pushi/vec4 1, 0, 1;
    %store/vec4 v0x5935e308ee50_0, 0, 1;
    %pushi/vec4 0, 0, 3;
    %store/vec4 v0x5935e308e990_0, 0, 3;
    %pushi/vec4 1, 0, 1;
    %store/vec4 v0x5935e308e630_0, 0, 1;
    %load/vec4 v0x5935e308e7d0_0;
    %dup/vec4;
    %pushi/vec4 0, 0, 3;
    %cmp/u;
    %jmp/1 T_9.23, 6;
    %dup/vec4;
    %pushi/vec4 1, 0, 3;
    %cmp/u;
    %jmp/1 T_9.24, 6;
    %dup/vec4;
    %pushi/vec4 2, 0, 3;
    %cmp/u;
    %jmp/1 T_9.25, 6;
    %dup/vec4;
    %pushi/vec4 3, 0, 3;
    %cmp/u;
    %jmp/1 T_9.26, 6;
    %dup/vec4;
    %pushi/vec4 4, 0, 3;
    %cmp/u;
    %jmp/1 T_9.27, 6;
    %dup/vec4;
    %pushi/vec4 5, 0, 3;
    %cmp/u;
    %jmp/1 T_9.28, 6;
    %dup/vec4;
    %pushi/vec4 6, 0, 3;
    %cmp/u;
    %jmp/1 T_9.29, 6;
    %dup/vec4;
    %pushi/vec4 7, 0, 3;
    %cmp/u;
    %jmp/1 T_9.30, 6;
    %pushi/vec4 0, 0, 4;
    %store/vec4 v0x5935e308e550_0, 0, 4;
    %jmp T_9.32;
T_9.23 ;
    %pushi/vec4 0, 0, 4;
    %store/vec4 v0x5935e308e550_0, 0, 4;
    %jmp T_9.32;
T_9.24 ;
    %pushi/vec4 5, 0, 4;
    %store/vec4 v0x5935e308e550_0, 0, 4;
    %jmp T_9.32;
T_9.25 ;
    %pushi/vec4 8, 0, 4;
    %store/vec4 v0x5935e308e550_0, 0, 4;
    %jmp T_9.32;
T_9.26 ;
    %pushi/vec4 9, 0, 4;
    %store/vec4 v0x5935e308e550_0, 0, 4;
    %jmp T_9.32;
T_9.27 ;
    %pushi/vec4 4, 0, 4;
    %store/vec4 v0x5935e308e550_0, 0, 4;
    %jmp T_9.32;
T_9.28 ;
    %load/vec4 v0x5935e308e8a0_0;
    %parti/s 1, 5, 4;
    %flag_set/vec4 8;
    %jmp/0 T_9.33, 8;
    %pushi/vec4 7, 0, 4;
    %jmp/1 T_9.34, 8;
T_9.33 ; End of true expr.
    %pushi/vec4 6, 0, 4;
    %jmp/0 T_9.34, 8;
 ; End of false expr.
    %blend;
T_9.34;
    %store/vec4 v0x5935e308e550_0, 0, 4;
    %jmp T_9.32;
T_9.29 ;
    %pushi/vec4 3, 0, 4;
    %store/vec4 v0x5935e308e550_0, 0, 4;
    %jmp T_9.32;
T_9.30 ;
    %pushi/vec4 2, 0, 4;
    %store/vec4 v0x5935e308e550_0, 0, 4;
    %jmp T_9.32;
T_9.32 ;
    %pop/vec4 1;
    %jmp T_9.10;
T_9.2 ;
    %pushi/vec4 1, 0, 1;
    %store/vec4 v0x5935e308ee50_0, 0, 1;
    %pushi/vec4 0, 0, 3;
    %store/vec4 v0x5935e308e990_0, 0, 3;
    %pushi/vec4 1, 0, 1;
    %store/vec4 v0x5935e308e630_0, 0, 1;
    %pushi/vec4 1, 0, 1;
    %store/vec4 v0x5935e308ef10_0, 0, 1;
    %pushi/vec4 1, 0, 1;
    %store/vec4 v0x5935e308eb30_0, 0, 1;
    %pushi/vec4 1, 0, 1;
    %store/vec4 v0x5935e308ebf0_0, 0, 1;
    %pushi/vec4 0, 0, 4;
    %store/vec4 v0x5935e308e550_0, 0, 4;
    %jmp T_9.10;
T_9.3 ;
    %pushi/vec4 1, 0, 3;
    %store/vec4 v0x5935e308e990_0, 0, 3;
    %pushi/vec4 1, 0, 1;
    %store/vec4 v0x5935e308e630_0, 0, 1;
    %pushi/vec4 1, 0, 1;
    %store/vec4 v0x5935e308ecb0_0, 0, 1;
    %pushi/vec4 0, 0, 4;
    %store/vec4 v0x5935e308e550_0, 0, 4;
    %jmp T_9.10;
T_9.4 ;
    %pushi/vec4 2, 0, 3;
    %store/vec4 v0x5935e308e990_0, 0, 3;
    %pushi/vec4 1, 0, 1;
    %store/vec4 v0x5935e308e6d0_0, 0, 1;
    %pushi/vec4 1, 0, 4;
    %store/vec4 v0x5935e308e550_0, 0, 4;
    %jmp T_9.10;
T_9.5 ;
    %pushi/vec4 1, 0, 1;
    %store/vec4 v0x5935e308ee50_0, 0, 1;
    %pushi/vec4 4, 0, 3;
    %store/vec4 v0x5935e308e990_0, 0, 3;
    %pushi/vec4 1, 0, 1;
    %store/vec4 v0x5935e308ea70_0, 0, 1;
    %jmp T_9.10;
T_9.6 ;
    %pushi/vec4 1, 0, 1;
    %store/vec4 v0x5935e308ee50_0, 0, 1;
    %pushi/vec4 0, 0, 3;
    %store/vec4 v0x5935e308e990_0, 0, 3;
    %pushi/vec4 1, 0, 1;
    %store/vec4 v0x5935e308e630_0, 0, 1;
    %pushi/vec4 1, 0, 1;
    %store/vec4 v0x5935e308ea70_0, 0, 1;
    %pushi/vec4 0, 0, 4;
    %store/vec4 v0x5935e308e550_0, 0, 4;
    %jmp T_9.10;
T_9.7 ;
    %pushi/vec4 1, 0, 1;
    %store/vec4 v0x5935e308ee50_0, 0, 1;
    %pushi/vec4 3, 0, 3;
    %store/vec4 v0x5935e308e990_0, 0, 3;
    %pushi/vec4 1, 0, 1;
    %store/vec4 v0x5935e308e630_0, 0, 1;
    %pushi/vec4 0, 0, 4;
    %store/vec4 v0x5935e308e550_0, 0, 4;
    %jmp T_9.10;
T_9.8 ;
    %pushi/vec4 1, 0, 1;
    %store/vec4 v0x5935e308ee50_0, 0, 1;
    %pushi/vec4 3, 0, 3;
    %store/vec4 v0x5935e308e990_0, 0, 3;
    %pushi/vec4 1, 0, 1;
    %store/vec4 v0x5935e308e630_0, 0, 1;
    %pushi/vec4 0, 0, 4;
    %store/vec4 v0x5935e308e550_0, 0, 4;
    %jmp T_9.10;
T_9.10 ;
    %pop/vec4 1;
    %jmp T_9;
    .thread T_9, $push;
    .scope S_0x5935e308d9a0;
T_10 ;
Ewait_3 .event/or E_0x5935e30040f0, E_0x0;
    %wait Ewait_3;
    %load/vec4 v0x5935e308dde0_0;
    %dup/vec4;
    %pushi/vec4 0, 0, 3;
    %cmp/u;
    %jmp/1 T_10.0, 6;
    %dup/vec4;
    %pushi/vec4 1, 0, 3;
    %cmp/u;
    %jmp/1 T_10.1, 6;
    %dup/vec4;
    %pushi/vec4 4, 0, 3;
    %cmp/u;
    %jmp/1 T_10.2, 6;
    %dup/vec4;
    %pushi/vec4 5, 0, 3;
    %cmp/u;
    %jmp/1 T_10.3, 6;
    %dup/vec4;
    %pushi/vec4 6, 0, 3;
    %cmp/u;
    %jmp/1 T_10.4, 6;
    %dup/vec4;
    %pushi/vec4 7, 0, 3;
    %cmp/u;
    %jmp/1 T_10.5, 6;
    %pushi/vec4 0, 0, 1;
    %store/vec4 v0x5935e308dd20_0, 0, 1;
    %jmp T_10.7;
T_10.0 ;
    %load/vec4 v0x5935e308df60_0;
    %load/vec4 v0x5935e308e090_0;
    %cmp/e;
    %flag_get/vec4 4;
    %store/vec4 v0x5935e308dd20_0, 0, 1;
    %jmp T_10.7;
T_10.1 ;
    %load/vec4 v0x5935e308df60_0;
    %load/vec4 v0x5935e308e090_0;
    %cmp/ne;
    %flag_get/vec4 4;
    %store/vec4 v0x5935e308dd20_0, 0, 1;
    %jmp T_10.7;
T_10.2 ;
    %load/vec4 v0x5935e308df60_0;
    %load/vec4 v0x5935e308e090_0;
    %cmp/s;
    %flag_get/vec4 5;
    %store/vec4 v0x5935e308dd20_0, 0, 1;
    %jmp T_10.7;
T_10.3 ;
    %load/vec4 v0x5935e308e090_0;
    %load/vec4 v0x5935e308df60_0;
    %cmp/s;
    %flag_get/vec4 4;
    %flag_get/vec4 5;
    %or;
    %store/vec4 v0x5935e308dd20_0, 0, 1;
    %jmp T_10.7;
T_10.4 ;
    %load/vec4 v0x5935e308df60_0;
    %load/vec4 v0x5935e308e090_0;
    %cmp/u;
    %flag_get/vec4 5;
    %store/vec4 v0x5935e308dd20_0, 0, 1;
    %jmp T_10.7;
T_10.5 ;
    %load/vec4 v0x5935e308e090_0;
    %load/vec4 v0x5935e308df60_0;
    %cmp/u;
    %flag_get/vec4 4;
    %flag_get/vec4 5;
    %or;
    %store/vec4 v0x5935e308dd20_0, 0, 1;
    %jmp T_10.7;
T_10.7 ;
    %pop/vec4 1;
    %jmp T_10;
    .thread T_10, $push;
    .scope S_0x5935e308ce30;
T_11 ;
Ewait_4 .event/or E_0x5935e30194f0, E_0x0;
    %wait Ewait_4;
    %load/vec4 v0x5935e3093780_0;
    %flag_set/vec4 8;
    %jmp/0xz  T_11.0, 8;
    %load/vec4 v0x5935e3093a50_0;
    %cmpi/e 103, 0, 7;
    %flag_mov 8, 4;
    %jmp/0 T_11.2, 8;
    %load/vec4 v0x5935e30936a0_0;
    %jmp/1 T_11.3, 8;
T_11.2 ; End of true expr.
    %load/vec4 v0x5935e3093ea0_0;
    %jmp/0 T_11.3, 8;
 ; End of false expr.
    %blend;
T_11.3;
    %store/vec4 v0x5935e3093be0_0, 0, 32;
    %jmp T_11.1;
T_11.0 ;
    %load/vec4 v0x5935e3093e00_0;
    %flag_set/vec4 8;
    %jmp/0xz  T_11.4, 8;
    %load/vec4 v0x5935e3093ea0_0;
    %store/vec4 v0x5935e3093be0_0, 0, 32;
    %jmp T_11.5;
T_11.4 ;
    %load/vec4 v0x5935e3093d20_0;
    %store/vec4 v0x5935e3093be0_0, 0, 32;
T_11.5 ;
T_11.1 ;
    %jmp T_11;
    .thread T_11, $push;
    .scope S_0x5935e308ce30;
T_12 ;
Ewait_5 .event/or E_0x5935e2fe0640, E_0x0;
    %wait Ewait_5;
    %load/vec4 v0x5935e3093a50_0;
    %cmpi/e 23, 0, 7;
    %jmp/0xz  T_12.0, 4;
    %load/vec4 v0x5935e3093af0_0;
    %store/vec4 v0x5935e3094730_0, 0, 32;
    %jmp T_12.1;
T_12.0 ;
    %load/vec4 v0x5935e3093a50_0;
    %cmpi/e 55, 0, 7;
    %jmp/0xz  T_12.2, 4;
    %pushi/vec4 0, 0, 32;
    %store/vec4 v0x5935e3094730_0, 0, 32;
    %jmp T_12.3;
T_12.2 ;
    %load/vec4 v0x5935e3094020_0;
    %store/vec4 v0x5935e3094730_0, 0, 32;
T_12.3 ;
T_12.1 ;
    %jmp T_12;
    .thread T_12, $push;
    .scope S_0x5935e308ce30;
T_13 ;
Ewait_6 .event/or E_0x5935e3019070, E_0x0;
    %wait Ewait_6;
    %load/vec4 v0x5935e3093780_0;
    %flag_set/vec4 8;
    %jmp/0xz  T_13.0, 8;
    %load/vec4 v0x5935e3093d20_0;
    %store/vec4 v0x5935e3094420_0, 0, 32;
    %jmp T_13.1;
T_13.0 ;
    %load/vec4 v0x5935e30944c0_0;
    %flag_set/vec4 8;
    %jmp/0xz  T_13.2, 8;
    %load/vec4 v0x5935e30941d0_0;
    %store/vec4 v0x5935e3094420_0, 0, 32;
    %jmp T_13.3;
T_13.2 ;
    %load/vec4 v0x5935e3092e30_0;
    %store/vec4 v0x5935e3094420_0, 0, 32;
T_13.3 ;
T_13.1 ;
    %jmp T_13;
    .thread T_13, $push;
    .scope S_0x5935e3057ba0;
T_14 ;
    %pushi/vec4 0, 0, 32;
    %store/vec4 v0x5935e3094c60_0, 0, 32;
    %pushi/vec4 0, 0, 32;
    %store/vec4 v0x5935e3094ab0_0, 0, 32;
    %pushi/vec4 0, 0, 32;
    %store/vec4 v0x5935e3094f10_0, 0, 32;
    %end;
    .thread T_14, $init;
    .scope S_0x5935e3057ba0;
T_15 ;
    %delay 5, 0;
    %load/vec4 v0x5935e30949f0_0;
    %inv;
    %store/vec4 v0x5935e30949f0_0, 0, 1;
    %jmp T_15;
    .thread T_15;
    .scope S_0x5935e3057ba0;
T_16 ;
    %vpi_call/w 3 39 "$display", "=== RISCV Processor Test Start ===" {0 0 0};
    %pushi/vec4 0, 0, 1;
    %store/vec4 v0x5935e30949f0_0, 0, 1;
    %pushi/vec4 1, 0, 1;
    %store/vec4 v0x5935e3094de0_0, 0, 1;
    %delay 20, 0;
    %pushi/vec4 0, 0, 1;
    %store/vec4 v0x5935e3094de0_0, 0, 1;
    %pushi/vec4 10, 0, 32;
T_16.0 %dup/vec4;
    %pushi/vec4 0, 0, 32;
    %cmp/s;
    %jmp/1xz T_16.1, 5;
    %jmp/1 T_16.1, 4;
    %pushi/vec4 1, 0, 32;
    %sub;
    %load/vec4 v0x5935e3094d20_0;
    %dup/vec4;
    %pushi/vec4 0, 0, 32;
    %cmp/u;
    %jmp/1 T_16.2, 6;
    %dup/vec4;
    %pushi/vec4 4, 0, 32;
    %cmp/u;
    %jmp/1 T_16.3, 6;
    %dup/vec4;
    %pushi/vec4 8, 0, 32;
    %cmp/u;
    %jmp/1 T_16.4, 6;
    %dup/vec4;
    %pushi/vec4 12, 0, 32;
    %cmp/u;
    %jmp/1 T_16.5, 6;
    %pushi/vec4 19, 0, 32;
    %store/vec4 v0x5935e3037ba0_0, 0, 32;
    %pushi/str "Default NOP";
    %store/str v0x5935e305f310_0;
    %fork TD_tb_riscv_processor.check_instr, S_0x5935e3017a60;
    %join;
    %jmp T_16.7;
T_16.2 ;
    %pushi/vec4 5243027, 0, 32;
    %store/vec4 v0x5935e3037ba0_0, 0, 32;
    %pushi/str "ADDI x1, x0, 5";
    %store/str v0x5935e305f310_0;
    %fork TD_tb_riscv_processor.check_instr, S_0x5935e3017a60;
    %join;
    %jmp T_16.7;
T_16.3 ;
    %pushi/vec4 6291731, 0, 32;
    %store/vec4 v0x5935e3037ba0_0, 0, 32;
    %pushi/str "ADDI x2, x0, 6";
    %store/str v0x5935e305f310_0;
    %fork TD_tb_riscv_processor.check_instr, S_0x5935e3017a60;
    %join;
    %jmp T_16.7;
T_16.4 ;
    %pushi/vec4 2130355, 0, 32;
    %store/vec4 v0x5935e3037ba0_0, 0, 32;
    %pushi/str "ADD x3, x1, x2";
    %store/str v0x5935e305f310_0;
    %fork TD_tb_riscv_processor.check_instr, S_0x5935e3017a60;
    %join;
    %jmp T_16.7;
T_16.5 ;
    %pushi/vec4 19, 0, 32;
    %store/vec4 v0x5935e3037ba0_0, 0, 32;
    %pushi/str "NOP";
    %store/str v0x5935e305f310_0;
    %fork TD_tb_riscv_processor.check_instr, S_0x5935e3017a60;
    %join;
    %jmp T_16.7;
T_16.7 ;
    %pop/vec4 1;
    %delay 10, 0;
    %jmp T_16.0;
T_16.1 ;
    %pop/vec4 1;
    %vpi_call/w 3 56 "$display", "=== RISCV Processor Summary ===" {0 0 0};
    %vpi_call/w 3 57 "$display", "Total: %0d | Passed: %0d | Failed: %0d", v0x5935e3094f10_0, v0x5935e3094c60_0, v0x5935e3094ab0_0 {0 0 0};
    %load/vec4 v0x5935e3094ab0_0;
    %cmpi/e 0, 0, 32;
    %jmp/0xz  T_16.8, 4;
    %vpi_call/w 3 58 "$display", "\342\234\205 All tests passed." {0 0 0};
    %jmp T_16.9;
T_16.8 ;
    %vpi_call/w 3 59 "$display", "\342\235\214 Some tests failed." {0 0 0};
T_16.9 ;
    %vpi_call/w 3 60 "$finish" {0 0 0};
    %end;
    .thread T_16;
# The file index is used to find the file name in the following table.
:file_names 13;
    "N/A";
    "<interactive>";
    "-";
    "verif/tb_processor.sv";
    "rtl/processor.sv";
    "rtl/alu.sv";
    "rtl/branch_unit.sv";
    "rtl/controller.sv";
    "rtl/data_mem.sv";
    "rtl/imm_gen.sv";
    "rtl/inst_mem.sv";
    "rtl/pc.sv";
    "rtl/reg_file.sv";
