#! /usr/bin/vvp
:ivl_version "11.0 (stable)";
:ivl_delay_selection "TYPICAL";
:vpi_time_precision + 0;
:vpi_module "/usr/lib/x86_64-linux-gnu/ivl/system.vpi";
:vpi_module "/usr/lib/x86_64-linux-gnu/ivl/vhdl_sys.vpi";
:vpi_module "/usr/lib/x86_64-linux-gnu/ivl/vhdl_textio.vpi";
:vpi_module "/usr/lib/x86_64-linux-gnu/ivl/v2005_math.vpi";
:vpi_module "/usr/lib/x86_64-linux-gnu/ivl/va_math.vpi";
:vpi_module "/usr/lib/x86_64-linux-gnu/ivl/v2009.vpi";
S_0x558f3112d570 .scope package, "$unit" "$unit" 2 1;
 .timescale 0 0;
S_0x558f3110d330 .scope module, "riscv_processor" "riscv_processor" 3 10;
 .timescale 0 0;
    .port_info 0 /INPUT 1 "clk";
    .port_info 1 /INPUT 1 "reset";
    .port_info 2 /OUTPUT 32 "pc_out";
    .port_info 3 /OUTPUT 32 "instruction_out";
L_0x7ba97d6d0060 .functor BUFT 1, C4<11111111111111111111111111111110>, C4<0>, C4<0>, C4<0>;
L_0x558f31166170 .functor AND 32, L_0x558f31166320, L_0x7ba97d6d0060, C4<11111111111111111111111111111111>, C4<11111111111111111111111111111111>;
L_0x558f311666d0 .functor BUFZ 32, v0x558f3114f6d0_0, C4<00000000000000000000000000000000>, C4<00000000000000000000000000000000>, C4<00000000000000000000000000000000>;
L_0x558f31166740 .functor BUFZ 32, L_0x558f311668f0, C4<00000000000000000000000000000000>, C4<00000000000000000000000000000000>, C4<00000000000000000000000000000000>;
L_0x7ba97d6d0018 .functor BUFT 1, C4<00000000000000000000000000000100>, C4<0>, C4<0>, C4<0>;
v0x558f31151250_0 .net/2u *"_ivl_12", 31 0, L_0x7ba97d6d0018;  1 drivers
v0x558f31151350_0 .net *"_ivl_18", 31 0, L_0x558f31166320;  1 drivers
v0x558f31151430_0 .net/2u *"_ivl_20", 31 0, L_0x7ba97d6d0060;  1 drivers
v0x558f311514f0_0 .net "alu_control", 3 0, v0x558f3114ce20_0;  1 drivers
v0x558f311515b0_0 .net "alu_result", 31 0, v0x558f3114c060_0;  1 drivers
v0x558f31151710_0 .net "alu_src", 0 0, v0x558f3114cf00_0;  1 drivers
v0x558f311517b0_0 .net "branch", 0 0, v0x558f3114cfa0_0;  1 drivers
o0x7ba97da4c8e8 .functor BUFZ 1, C4<z>; HiZ drive
v0x558f311518a0_0 .net "clk", 0 0, o0x7ba97da4c8e8;  0 drivers
v0x558f31151940_0 .net "funct3", 2 0, L_0x558f31155c20;  1 drivers
v0x558f311519e0_0 .net "funct7", 6 0, L_0x558f31155e80;  1 drivers
v0x558f31151aa0_0 .net "imm_ext", 31 0, v0x558f3114e8c0_0;  1 drivers
v0x558f31151b40_0 .net "imm_src", 2 0, v0x558f3114d1d0_0;  1 drivers
v0x558f31151c30_0 .net "instruction", 31 0, L_0x558f311668f0;  1 drivers
v0x558f31151d40_0 .net "instruction_out", 31 0, L_0x558f31166740;  1 drivers
v0x558f31151e20_0 .net "jalr_target", 31 0, L_0x558f31166170;  1 drivers
v0x558f31151f00_0 .net "jump", 0 0, v0x558f3114d2b0_0;  1 drivers
v0x558f31151fa0_0 .net "mem_read", 0 0, v0x558f3114d370_0;  1 drivers
v0x558f31152040_0 .net "mem_to_reg", 0 0, v0x558f3114d430_0;  1 drivers
v0x558f311520e0_0 .net "mem_write", 0 0, v0x558f3114d4f0_0;  1 drivers
v0x558f311521d0_0 .net "opcode", 6 0, L_0x558f31155a00;  1 drivers
v0x558f31152270_0 .net "pc", 31 0, v0x558f3114f6d0_0;  1 drivers
v0x558f31152360_0 .var "pc_next", 31 0;
v0x558f31152400_0 .net "pc_out", 31 0, L_0x558f311666d0;  1 drivers
v0x558f311524a0_0 .net "pc_plus4", 31 0, L_0x558f311660d0;  1 drivers
v0x558f31152580_0 .net "pc_src", 0 0, L_0x558f311678b0;  1 drivers
v0x558f31152620_0 .net "pc_target", 31 0, L_0x558f31166230;  1 drivers
v0x558f311526e0_0 .net "rd", 4 0, L_0x558f31155aa0;  1 drivers
v0x558f311527a0_0 .net "rd1", 31 0, L_0x558f31166d20;  1 drivers
v0x558f31152890_0 .net "rd2", 31 0, L_0x558f31167270;  1 drivers
v0x558f31152950_0 .net "read_data", 31 0, L_0x558f311677f0;  1 drivers
v0x558f31152a10_0 .net "reg_write", 0 0, v0x558f3114d690_0;  1 drivers
o0x7ba97da4c978 .functor BUFZ 1, C4<z>; HiZ drive
v0x558f31152b00_0 .net "reset", 0 0, o0x7ba97da4c978;  0 drivers
v0x558f31152ba0_0 .var "result", 31 0;
v0x558f31152c40_0 .net "result_src", 0 0, v0x558f3114d750_0;  1 drivers
v0x558f31152d10_0 .net "rs1", 4 0, L_0x558f31155cc0;  1 drivers
v0x558f31152de0_0 .net "rs2", 4 0, L_0x558f31155d90;  1 drivers
v0x558f31152eb0_0 .var "src_a", 31 0;
v0x558f31152f80_0 .net "src_b", 31 0, L_0x558f31166460;  1 drivers
v0x558f31153050_0 .net "zero", 0 0, L_0x558f311674e0;  1 drivers
E_0x558f310c9070/0 .event edge, v0x558f3114d2b0_0, v0x558f311524a0_0, v0x558f3114d750_0, v0x558f3114e1a0_0;
E_0x558f310c9070/1 .event edge, v0x558f3114c060_0;
E_0x558f310c9070 .event/or E_0x558f310c9070/0, E_0x558f310c9070/1;
E_0x558f31090640 .event edge, v0x558f3114d5b0_0, v0x558f3114ef90_0, v0x558f3114c830_0;
E_0x558f310c94f0/0 .event edge, v0x558f3114d2b0_0, v0x558f3114d5b0_0, v0x558f31151e20_0, v0x558f31152620_0;
E_0x558f310c94f0/1 .event edge, v0x558f3114c770_0, v0x558f311524a0_0;
E_0x558f310c94f0 .event/or E_0x558f310c94f0/0, E_0x558f310c94f0/1;
L_0x558f31155a00 .part L_0x558f311668f0, 0, 7;
L_0x558f31155aa0 .part L_0x558f311668f0, 7, 5;
L_0x558f31155c20 .part L_0x558f311668f0, 12, 3;
L_0x558f31155cc0 .part L_0x558f311668f0, 15, 5;
L_0x558f31155d90 .part L_0x558f311668f0, 20, 5;
L_0x558f31155e80 .part L_0x558f311668f0, 25, 7;
L_0x558f311660d0 .arith/sum 32, v0x558f3114f6d0_0, L_0x7ba97d6d0018;
L_0x558f31166230 .arith/sum 32, v0x558f3114f6d0_0, v0x558f3114e8c0_0;
L_0x558f31166320 .arith/sum 32, L_0x558f31166d20, v0x558f3114e8c0_0;
L_0x558f31166460 .functor MUXZ 32, L_0x558f31167270, v0x558f3114e8c0_0, v0x558f3114cf00_0, C4<>;
S_0x558f31129840 .scope module, "alu_inst" "alu" 3 120, 4 10 0, S_0x558f3110d330;
 .timescale 0 0;
    .port_info 0 /INPUT 32 "a";
    .port_info 1 /INPUT 32 "b";
    .port_info 2 /INPUT 4 "alu_control";
    .port_info 3 /OUTPUT 32 "result";
    .port_info 4 /OUTPUT 1 "zero";
L_0x7ba97d6d0258 .functor BUFT 1, C4<00000000000000000000000000000000>, C4<0>, C4<0>, C4<0>;
v0x558f310e7ba0_0 .net/2u *"_ivl_0", 31 0, L_0x7ba97d6d0258;  1 drivers
v0x558f31114840_0 .net "a", 31 0, v0x558f31152eb0_0;  1 drivers
v0x558f3114bec0_0 .net "alu_control", 3 0, v0x558f3114ce20_0;  alias, 1 drivers
v0x558f3114bf80_0 .net "b", 31 0, L_0x558f31166460;  alias, 1 drivers
v0x558f3114c060_0 .var "result", 31 0;
v0x558f3114c190_0 .net "zero", 0 0, L_0x558f311674e0;  alias, 1 drivers
E_0x558f310c63d0 .event edge, v0x558f3114bec0_0, v0x558f31114840_0, v0x558f3114bf80_0, v0x558f3114bf80_0;
L_0x558f311674e0 .cmp/eq 32, v0x558f3114c060_0, L_0x7ba97d6d0258;
S_0x558f3114c2f0 .scope module, "branch_unit_inst" "branch_unit" 3 153, 5 13 0, S_0x558f3110d330;
 .timescale 0 0;
    .port_info 0 /INPUT 32 "rd1";
    .port_info 1 /INPUT 32 "rd2";
    .port_info 2 /INPUT 3 "funct3";
    .port_info 3 /INPUT 1 "branch";
    .port_info 4 /OUTPUT 1 "pc_src";
L_0x558f311678b0 .functor AND 1, v0x558f3114cfa0_0, v0x558f3114c5f0_0, C4<1>, C4<1>;
v0x558f3114c510_0 .net "branch", 0 0, v0x558f3114cfa0_0;  alias, 1 drivers
v0x558f3114c5f0_0 .var "branch_condition", 0 0;
v0x558f3114c6b0_0 .net "funct3", 2 0, L_0x558f31155c20;  alias, 1 drivers
v0x558f3114c770_0 .net "pc_src", 0 0, L_0x558f311678b0;  alias, 1 drivers
v0x558f3114c830_0 .net "rd1", 31 0, L_0x558f31166d20;  alias, 1 drivers
v0x558f3114c960_0 .net "rd2", 31 0, L_0x558f31167270;  alias, 1 drivers
E_0x558f310f5b60 .event edge, v0x558f3114c6b0_0, v0x558f3114c830_0, v0x558f3114c960_0;
S_0x558f3114cae0 .scope module, "control_unit" "control" 3 137, 6 13 0, S_0x558f3110d330;
 .timescale 0 0;
    .port_info 0 /INPUT 7 "opcode";
    .port_info 1 /INPUT 3 "funct3";
    .port_info 2 /INPUT 7 "funct7";
    .port_info 3 /OUTPUT 1 "reg_write";
    .port_info 4 /OUTPUT 3 "imm_src";
    .port_info 5 /OUTPUT 1 "alu_src";
    .port_info 6 /OUTPUT 1 "mem_write";
    .port_info 7 /OUTPUT 1 "result_src";
    .port_info 8 /OUTPUT 1 "branch";
    .port_info 9 /OUTPUT 1 "mem_read";
    .port_info 10 /OUTPUT 1 "mem_to_reg";
    .port_info 11 /OUTPUT 1 "jump";
    .port_info 12 /OUTPUT 4 "alu_control";
v0x558f3114ce20_0 .var "alu_control", 3 0;
v0x558f3114cf00_0 .var "alu_src", 0 0;
v0x558f3114cfa0_0 .var "branch", 0 0;
v0x558f3114d040_0 .net "funct3", 2 0, L_0x558f31155c20;  alias, 1 drivers
v0x558f3114d0e0_0 .net "funct7", 6 0, L_0x558f31155e80;  alias, 1 drivers
v0x558f3114d1d0_0 .var "imm_src", 2 0;
v0x558f3114d2b0_0 .var "jump", 0 0;
v0x558f3114d370_0 .var "mem_read", 0 0;
v0x558f3114d430_0 .var "mem_to_reg", 0 0;
v0x558f3114d4f0_0 .var "mem_write", 0 0;
v0x558f3114d5b0_0 .net "opcode", 6 0, L_0x558f31155a00;  alias, 1 drivers
v0x558f3114d690_0 .var "reg_write", 0 0;
v0x558f3114d750_0 .var "result_src", 0 0;
E_0x558f31101d60 .event edge, v0x558f3114d5b0_0, v0x558f3114c6b0_0, v0x558f3114d0e0_0;
S_0x558f3114da20 .scope module, "data_memory" "dmem" 3 128, 7 9 0, S_0x558f3110d330;
 .timescale 0 0;
    .port_info 0 /INPUT 1 "clk";
    .port_info 1 /INPUT 1 "we";
    .port_info 2 /INPUT 1 "reset";
    .port_info 3 /INPUT 32 "addr";
    .port_info 4 /INPUT 32 "wdata";
    .port_info 5 /OUTPUT 32 "rdata";
L_0x558f311677f0 .functor BUFZ 32, L_0x558f311675d0, C4<00000000000000000000000000000000>, C4<00000000000000000000000000000000>, C4<00000000000000000000000000000000>;
v0x558f3114dc90_0 .net *"_ivl_0", 31 0, L_0x558f311675d0;  1 drivers
v0x558f3114dd90_0 .net *"_ivl_3", 29 0, L_0x558f31167670;  1 drivers
v0x558f3114de70_0 .net "addr", 31 0, v0x558f3114c060_0;  alias, 1 drivers
v0x558f3114df10_0 .net "clk", 0 0, o0x7ba97da4c8e8;  alias, 0 drivers
v0x558f3114dfb0_0 .var/i "i", 31 0;
v0x558f3114e0e0 .array "mem", 1023 0, 31 0;
v0x558f3114e1a0_0 .net "rdata", 31 0, L_0x558f311677f0;  alias, 1 drivers
v0x558f3114e280_0 .net "reset", 0 0, o0x7ba97da4c978;  alias, 0 drivers
v0x558f3114e340_0 .net "wdata", 31 0, L_0x558f31167270;  alias, 1 drivers
v0x558f3114e490_0 .net "we", 0 0, v0x558f3114d4f0_0;  alias, 1 drivers
E_0x558f310c97b0 .event posedge, v0x558f3114df10_0;
L_0x558f311675d0 .array/port v0x558f3114e0e0, L_0x558f31167670;
L_0x558f31167670 .part v0x558f3114c060_0, 2, 30;
S_0x558f3114e5e0 .scope module, "imm_gen_inst" "immgen" 3 114, 8 9 0, S_0x558f3110d330;
 .timescale 0 0;
    .port_info 0 /INPUT 32 "instruction";
    .port_info 1 /INPUT 3 "imm_src";
    .port_info 2 /OUTPUT 32 "imm_ext";
v0x558f3114e8c0_0 .var "imm_ext", 31 0;
v0x558f3114e9c0_0 .net "imm_src", 2 0, v0x558f3114d1d0_0;  alias, 1 drivers
v0x558f3114ea80_0 .net "instruction", 31 0, L_0x558f311668f0;  alias, 1 drivers
E_0x558f31121fe0/0 .event edge, v0x558f3114d1d0_0, v0x558f3114ea80_0, v0x558f3114ea80_0, v0x558f3114ea80_0;
E_0x558f31121fe0/1 .event edge, v0x558f3114ea80_0, v0x558f3114ea80_0, v0x558f3114ea80_0, v0x558f3114ea80_0;
E_0x558f31121fe0/2 .event edge, v0x558f3114ea80_0, v0x558f3114ea80_0, v0x558f3114ea80_0, v0x558f3114ea80_0;
E_0x558f31121fe0 .event/or E_0x558f31121fe0/0, E_0x558f31121fe0/1, E_0x558f31121fe0/2;
S_0x558f3114ebd0 .scope module, "instruction_memory" "imem" 3 97, 9 9 0, S_0x558f3110d330;
 .timescale 0 0;
    .port_info 0 /INPUT 32 "addr";
    .port_info 1 /OUTPUT 32 "instruction";
L_0x558f311668f0 .functor BUFZ 32, L_0x558f311667b0, C4<00000000000000000000000000000000>, C4<00000000000000000000000000000000>, C4<00000000000000000000000000000000>;
v0x558f3114edb0_0 .net *"_ivl_0", 31 0, L_0x558f311667b0;  1 drivers
v0x558f3114eeb0_0 .net *"_ivl_3", 29 0, L_0x558f31166850;  1 drivers
v0x558f3114ef90_0 .net "addr", 31 0, v0x558f3114f6d0_0;  alias, 1 drivers
v0x558f3114f080_0 .var/i "i", 31 0;
v0x558f3114f160_0 .net "instruction", 31 0, L_0x558f311668f0;  alias, 1 drivers
v0x558f3114f270 .array "mem", 1023 0, 31 0;
L_0x558f311667b0 .array/port v0x558f3114f270, L_0x558f31166850;
L_0x558f31166850 .part v0x558f3114f6d0_0, 2, 30;
S_0x558f3114f370 .scope module, "pc_reg" "pc" 3 90, 10 9 0, S_0x558f3110d330;
 .timescale 0 0;
    .port_info 0 /INPUT 1 "clk";
    .port_info 1 /INPUT 1 "reset";
    .port_info 2 /INPUT 32 "pc_next";
    .port_info 3 /OUTPUT 32 "pc";
v0x558f3114f5e0_0 .net "clk", 0 0, o0x7ba97da4c8e8;  alias, 0 drivers
v0x558f3114f6d0_0 .var "pc", 31 0;
v0x558f3114f7a0_0 .net "pc_next", 31 0, v0x558f31152360_0;  1 drivers
v0x558f3114f870_0 .net "reset", 0 0, o0x7ba97da4c978;  alias, 0 drivers
E_0x558f3114f580 .event posedge, v0x558f3114e280_0, v0x558f3114df10_0;
S_0x558f3114f9d0 .scope module, "reg_file_inst" "register_file" 3 102, 11 10 0, S_0x558f3110d330;
 .timescale 0 0;
    .port_info 0 /INPUT 1 "clk";
    .port_info 1 /INPUT 1 "we";
    .port_info 2 /INPUT 1 "reset";
    .port_info 3 /INPUT 5 "ra1";
    .port_info 4 /INPUT 5 "ra2";
    .port_info 5 /INPUT 5 "wa";
    .port_info 6 /INPUT 32 "wd";
    .port_info 7 /OUTPUT 32 "rd1";
    .port_info 8 /OUTPUT 32 "rd2";
L_0x7ba97d6d00a8 .functor BUFT 1, C4<00000>, C4<0>, C4<0>, C4<0>;
v0x558f3114fce0_0 .net/2u *"_ivl_0", 4 0, L_0x7ba97d6d00a8;  1 drivers
L_0x7ba97d6d0138 .functor BUFT 1, C4<00>, C4<0>, C4<0>, C4<0>;
v0x558f3114fde0_0 .net *"_ivl_11", 1 0, L_0x7ba97d6d0138;  1 drivers
L_0x7ba97d6d0180 .functor BUFT 1, C4<00000>, C4<0>, C4<0>, C4<0>;
v0x558f3114fec0_0 .net/2u *"_ivl_14", 4 0, L_0x7ba97d6d0180;  1 drivers
v0x558f3114ff80_0 .net *"_ivl_16", 0 0, L_0x558f31166f20;  1 drivers
L_0x7ba97d6d01c8 .functor BUFT 1, C4<00000000000000000000000000000000>, C4<0>, C4<0>, C4<0>;
v0x558f31150040_0 .net/2u *"_ivl_18", 31 0, L_0x7ba97d6d01c8;  1 drivers
v0x558f31150170_0 .net *"_ivl_2", 0 0, L_0x558f31166960;  1 drivers
v0x558f31150230_0 .net *"_ivl_20", 31 0, L_0x558f31167010;  1 drivers
v0x558f31150310_0 .net *"_ivl_22", 6 0, L_0x558f311670f0;  1 drivers
L_0x7ba97d6d0210 .functor BUFT 1, C4<00>, C4<0>, C4<0>, C4<0>;
v0x558f311503f0_0 .net *"_ivl_25", 1 0, L_0x7ba97d6d0210;  1 drivers
L_0x7ba97d6d00f0 .functor BUFT 1, C4<00000000000000000000000000000000>, C4<0>, C4<0>, C4<0>;
v0x558f31150560_0 .net/2u *"_ivl_4", 31 0, L_0x7ba97d6d00f0;  1 drivers
v0x558f31150640_0 .net *"_ivl_6", 31 0, L_0x558f31166a50;  1 drivers
v0x558f31150720_0 .net *"_ivl_8", 6 0, L_0x558f31166b50;  1 drivers
v0x558f31150800_0 .net "clk", 0 0, o0x7ba97da4c8e8;  alias, 0 drivers
v0x558f311508a0_0 .var/i "i", 31 0;
v0x558f31150980_0 .net "ra1", 4 0, L_0x558f31155cc0;  alias, 1 drivers
v0x558f31150a60_0 .net "ra2", 4 0, L_0x558f31155d90;  alias, 1 drivers
v0x558f31150b40_0 .net "rd1", 31 0, L_0x558f31166d20;  alias, 1 drivers
v0x558f31150c00_0 .net "rd2", 31 0, L_0x558f31167270;  alias, 1 drivers
v0x558f31150cf0 .array "registers", 31 0, 31 0;
v0x558f31150db0_0 .net "reset", 0 0, o0x7ba97da4c978;  alias, 0 drivers
v0x558f31150ea0_0 .net "wa", 4 0, L_0x558f31155aa0;  alias, 1 drivers
v0x558f31150f80_0 .net "wd", 31 0, v0x558f31152ba0_0;  1 drivers
v0x558f31151060_0 .net "we", 0 0, v0x558f3114d690_0;  alias, 1 drivers
L_0x558f31166960 .cmp/eq 5, L_0x558f31155cc0, L_0x7ba97d6d00a8;
L_0x558f31166a50 .array/port v0x558f31150cf0, L_0x558f31166b50;
L_0x558f31166b50 .concat [ 5 2 0 0], L_0x558f31155cc0, L_0x7ba97d6d0138;
L_0x558f31166d20 .functor MUXZ 32, L_0x558f31166a50, L_0x7ba97d6d00f0, L_0x558f31166960, C4<>;
L_0x558f31166f20 .cmp/eq 5, L_0x558f31155d90, L_0x7ba97d6d0180;
L_0x558f31167010 .array/port v0x558f31150cf0, L_0x558f311670f0;
L_0x558f311670f0 .concat [ 5 2 0 0], L_0x558f31155d90, L_0x7ba97d6d0210;
L_0x558f31167270 .functor MUXZ 32, L_0x558f31167010, L_0x7ba97d6d01c8, L_0x558f31166f20, C4<>;
S_0x558f3110cf60 .scope module, "tb_register_file" "tb_register_file" 12 10;
 .timescale 0 0;
v0x558f31155060_0 .var "clk", 0 0;
v0x558f31155120_0 .var/2s "failed", 31 0;
v0x558f311551e0_0 .var/2s "passed", 31 0;
v0x558f311552d0_0 .var "ra1", 4 0;
v0x558f311553c0_0 .var "ra2", 4 0;
v0x558f31155460_0 .net "rd1", 31 0, L_0x558f31167c90;  1 drivers
v0x558f31155530_0 .net "rd2", 31 0, L_0x558f311681d0;  1 drivers
v0x558f31155600_0 .var "reset", 0 0;
v0x558f311556d0_0 .var/2s "total", 31 0;
v0x558f31155770_0 .var "wa", 4 0;
v0x558f31155860_0 .var "wd", 31 0;
v0x558f31155930_0 .var "we", 0 0;
S_0x558f31153170 .scope task, "check_read" "check_read" 12 30, 12 30 0, S_0x558f3110cf60;
 .timescale 0 0;
v0x558f31153370_0 .var "exp1", 31 0;
v0x558f31153470_0 .var "exp2", 31 0;
v0x558f31153550_0 .var/str "msg";
v0x558f311535f0_0 .var "r1", 4 0;
v0x558f311536d0_0 .var "r2", 4 0;
TD_tb_register_file.check_read ;
    %load/vec4 v0x558f311535f0_0;
    %store/vec4 v0x558f311552d0_0, 0, 5;
    %load/vec4 v0x558f311536d0_0;
    %store/vec4 v0x558f311553c0_0, 0, 5;
    %delay 1, 0;
    ; show_stmt_assign_vector: Get l-value for compressed += operand
    %load/vec4 v0x558f311556d0_0;
    %pushi/vec4 1, 0, 32;
    %add;
    %cast2;
    %store/vec4 v0x558f311556d0_0, 0, 32;
    %load/vec4 v0x558f31155460_0;
    %load/vec4 v0x558f31153370_0;
    %cmp/e;
    %flag_get/vec4 6;
    %load/vec4 v0x558f31155530_0;
    %load/vec4 v0x558f31153470_0;
    %cmp/e;
    %flag_get/vec4 6;
    %and;
    %flag_set/vec4 8;
    %jmp/0xz  T_0.0, 8;
    ; show_stmt_assign_vector: Get l-value for compressed += operand
    %load/vec4 v0x558f311551e0_0;
    %pushi/vec4 1, 0, 32;
    %add;
    %cast2;
    %store/vec4 v0x558f311551e0_0, 0, 32;
    %vpi_call/w 12 36 "$display", "[PASS] %s | rd1 = %h, rd2 = %h", v0x558f31153550_0, v0x558f31155460_0, v0x558f31155530_0 {0 0 0};
    %jmp T_0.1;
T_0.0 ;
    ; show_stmt_assign_vector: Get l-value for compressed += operand
    %load/vec4 v0x558f31155120_0;
    %pushi/vec4 1, 0, 32;
    %add;
    %cast2;
    %store/vec4 v0x558f31155120_0, 0, 32;
    %vpi_call/w 12 39 "$display", "[FAIL] %s | rd1 = %h (exp %h), rd2 = %h (exp %h)", v0x558f31153550_0, v0x558f31155460_0, v0x558f31153370_0, v0x558f31155530_0, v0x558f31153470_0 {0 0 0};
T_0.1 ;
    %end;
S_0x558f31153800 .scope module, "dut" "register_file" 12 20, 11 10 0, S_0x558f3110cf60;
 .timescale 0 0;
    .port_info 0 /INPUT 1 "clk";
    .port_info 1 /INPUT 1 "we";
    .port_info 2 /INPUT 1 "reset";
    .port_info 3 /INPUT 5 "ra1";
    .port_info 4 /INPUT 5 "ra2";
    .port_info 5 /INPUT 5 "wa";
    .port_info 6 /INPUT 32 "wd";
    .port_info 7 /OUTPUT 32 "rd1";
    .port_info 8 /OUTPUT 32 "rd2";
L_0x7ba97d6d02a0 .functor BUFT 1, C4<00000>, C4<0>, C4<0>, C4<0>;
v0x558f31153b90_0 .net/2u *"_ivl_0", 4 0, L_0x7ba97d6d02a0;  1 drivers
L_0x7ba97d6d0330 .functor BUFT 1, C4<00>, C4<0>, C4<0>, C4<0>;
v0x558f31153c90_0 .net *"_ivl_11", 1 0, L_0x7ba97d6d0330;  1 drivers
L_0x7ba97d6d0378 .functor BUFT 1, C4<00000>, C4<0>, C4<0>, C4<0>;
v0x558f31153d70_0 .net/2u *"_ivl_14", 4 0, L_0x7ba97d6d0378;  1 drivers
v0x558f31153e30_0 .net *"_ivl_16", 0 0, L_0x558f31167e70;  1 drivers
L_0x7ba97d6d03c0 .functor BUFT 1, C4<00000000000000000000000000000000>, C4<0>, C4<0>, C4<0>;
v0x558f31153ef0_0 .net/2u *"_ivl_18", 31 0, L_0x7ba97d6d03c0;  1 drivers
v0x558f31154020_0 .net *"_ivl_2", 0 0, L_0x558f31167970;  1 drivers
v0x558f311540e0_0 .net *"_ivl_20", 31 0, L_0x558f31167fb0;  1 drivers
v0x558f311541c0_0 .net *"_ivl_22", 6 0, L_0x558f31168090;  1 drivers
L_0x7ba97d6d0408 .functor BUFT 1, C4<00>, C4<0>, C4<0>, C4<0>;
v0x558f311542a0_0 .net *"_ivl_25", 1 0, L_0x7ba97d6d0408;  1 drivers
L_0x7ba97d6d02e8 .functor BUFT 1, C4<00000000000000000000000000000000>, C4<0>, C4<0>, C4<0>;
v0x558f31154380_0 .net/2u *"_ivl_4", 31 0, L_0x7ba97d6d02e8;  1 drivers
v0x558f31154460_0 .net *"_ivl_6", 31 0, L_0x558f31167ab0;  1 drivers
v0x558f31154540_0 .net *"_ivl_8", 6 0, L_0x558f31167b50;  1 drivers
v0x558f31154620_0 .net "clk", 0 0, v0x558f31155060_0;  1 drivers
v0x558f311546e0_0 .var/i "i", 31 0;
v0x558f311547c0_0 .net "ra1", 4 0, v0x558f311552d0_0;  1 drivers
v0x558f311548a0_0 .net "ra2", 4 0, v0x558f311553c0_0;  1 drivers
v0x558f31154980_0 .net "rd1", 31 0, L_0x558f31167c90;  alias, 1 drivers
v0x558f31154a60_0 .net "rd2", 31 0, L_0x558f311681d0;  alias, 1 drivers
v0x558f31154b40 .array "registers", 31 0, 31 0;
v0x558f31154c00_0 .net "reset", 0 0, v0x558f31155600_0;  1 drivers
v0x558f31154cc0_0 .net "wa", 4 0, v0x558f31155770_0;  1 drivers
v0x558f31154da0_0 .net "wd", 31 0, v0x558f31155860_0;  1 drivers
v0x558f31154e80_0 .net "we", 0 0, v0x558f31155930_0;  1 drivers
E_0x558f31153b30 .event posedge, v0x558f31154620_0;
L_0x558f31167970 .cmp/eq 5, v0x558f311552d0_0, L_0x7ba97d6d02a0;
L_0x558f31167ab0 .array/port v0x558f31154b40, L_0x558f31167b50;
L_0x558f31167b50 .concat [ 5 2 0 0], v0x558f311552d0_0, L_0x7ba97d6d0330;
L_0x558f31167c90 .functor MUXZ 32, L_0x558f31167ab0, L_0x7ba97d6d02e8, L_0x558f31167970, C4<>;
L_0x558f31167e70 .cmp/eq 5, v0x558f311553c0_0, L_0x7ba97d6d0378;
L_0x558f31167fb0 .array/port v0x558f31154b40, L_0x558f31168090;
L_0x558f31168090 .concat [ 5 2 0 0], v0x558f311553c0_0, L_0x7ba97d6d0408;
L_0x558f311681d0 .functor MUXZ 32, L_0x558f31167fb0, L_0x7ba97d6d03c0, L_0x558f31167e70, C4<>;
    .scope S_0x558f3114f370;
T_1 ;
    %wait E_0x558f3114f580;
    %load/vec4 v0x558f3114f870_0;
    %flag_set/vec4 8;
    %jmp/0xz  T_1.0, 8;
    %pushi/vec4 0, 0, 32;
    %assign/vec4 v0x558f3114f6d0_0, 0;
    %jmp T_1.1;
T_1.0 ;
    %load/vec4 v0x558f3114f7a0_0;
    %assign/vec4 v0x558f3114f6d0_0, 0;
T_1.1 ;
    %jmp T_1;
    .thread T_1;
    .scope S_0x558f3114ebd0;
T_2 ;
    %pushi/vec4 0, 0, 32;
    %store/vec4 v0x558f3114f080_0, 0, 32;
T_2.0 ;
    %load/vec4 v0x558f3114f080_0;
    %cmpi/s 1024, 0, 32;
    %jmp/0xz T_2.1, 5;
    %pushi/vec4 19, 0, 32;
    %ix/getv/s 4, v0x558f3114f080_0;
    %store/vec4a v0x558f3114f270, 4, 0;
    %load/vec4 v0x558f3114f080_0;
    %addi 1, 0, 32;
    %store/vec4 v0x558f3114f080_0, 0, 32;
    %jmp T_2.0;
T_2.1 ;
    %pushi/vec4 5243027, 0, 32;
    %ix/load 4, 0, 0;
    %flag_set/imm 4, 0;
    %store/vec4a v0x558f3114f270, 4, 0;
    %pushi/vec4 6291731, 0, 32;
    %ix/load 4, 1, 0;
    %flag_set/imm 4, 0;
    %store/vec4a v0x558f3114f270, 4, 0;
    %pushi/vec4 2130355, 0, 32;
    %ix/load 4, 2, 0;
    %flag_set/imm 4, 0;
    %store/vec4a v0x558f3114f270, 4, 0;
    %end;
    .thread T_2;
    .scope S_0x558f3114f9d0;
T_3 ;
    %pushi/vec4 0, 0, 32;
    %store/vec4 v0x558f311508a0_0, 0, 32;
T_3.0 ;
    %load/vec4 v0x558f311508a0_0;
    %cmpi/s 32, 0, 32;
    %jmp/0xz T_3.1, 5;
    %pushi/vec4 0, 0, 32;
    %ix/getv/s 4, v0x558f311508a0_0;
    %store/vec4a v0x558f31150cf0, 4, 0;
    %load/vec4 v0x558f311508a0_0;
    %addi 1, 0, 32;
    %store/vec4 v0x558f311508a0_0, 0, 32;
    %jmp T_3.0;
T_3.1 ;
    %end;
    .thread T_3;
    .scope S_0x558f3114f9d0;
T_4 ;
    %wait E_0x558f310c97b0;
    %load/vec4 v0x558f31150db0_0;
    %flag_set/vec4 8;
    %jmp/0xz  T_4.0, 8;
    %pushi/vec4 0, 0, 32;
    %store/vec4 v0x558f311508a0_0, 0, 32;
T_4.2 ;
    %load/vec4 v0x558f311508a0_0;
    %cmpi/s 32, 0, 32;
    %jmp/0xz T_4.3, 5;
    %pushi/vec4 0, 0, 32;
    %ix/getv/s 3, v0x558f311508a0_0;
    %ix/load 4, 0, 0; Constant delay
    %assign/vec4/a/d v0x558f31150cf0, 0, 4;
    %load/vec4 v0x558f311508a0_0;
    %addi 1, 0, 32;
    %store/vec4 v0x558f311508a0_0, 0, 32;
    %jmp T_4.2;
T_4.3 ;
    %jmp T_4.1;
T_4.0 ;
    %load/vec4 v0x558f31151060_0;
    %load/vec4 v0x558f31150ea0_0;
    %pushi/vec4 0, 0, 5;
    %cmp/ne;
    %flag_get/vec4 4;
    %and;
    %flag_set/vec4 8;
    %jmp/0xz  T_4.4, 8;
    %load/vec4 v0x558f31150f80_0;
    %load/vec4 v0x558f31150ea0_0;
    %pad/u 7;
    %ix/vec4 3;
    %ix/load 4, 0, 0; Constant delay
    %assign/vec4/a/d v0x558f31150cf0, 0, 4;
T_4.4 ;
T_4.1 ;
    %jmp T_4;
    .thread T_4;
    .scope S_0x558f3114e5e0;
T_5 ;
Ewait_0 .event/or E_0x558f31121fe0, E_0x0;
    %wait Ewait_0;
    %load/vec4 v0x558f3114e9c0_0;
    %dup/vec4;
    %pushi/vec4 0, 0, 3;
    %cmp/u;
    %jmp/1 T_5.0, 6;
    %dup/vec4;
    %pushi/vec4 1, 0, 3;
    %cmp/u;
    %jmp/1 T_5.1, 6;
    %dup/vec4;
    %pushi/vec4 2, 0, 3;
    %cmp/u;
    %jmp/1 T_5.2, 6;
    %dup/vec4;
    %pushi/vec4 3, 0, 3;
    %cmp/u;
    %jmp/1 T_5.3, 6;
    %dup/vec4;
    %pushi/vec4 4, 0, 3;
    %cmp/u;
    %jmp/1 T_5.4, 6;
    %pushi/vec4 0, 0, 32;
    %store/vec4 v0x558f3114e8c0_0, 0, 32;
    %jmp T_5.6;
T_5.0 ;
    %load/vec4 v0x558f3114ea80_0;
    %parti/s 1, 31, 6;
    %replicate 20;
    %load/vec4 v0x558f3114ea80_0;
    %parti/s 12, 20, 6;
    %concat/vec4; draw_concat_vec4
    %store/vec4 v0x558f3114e8c0_0, 0, 32;
    %jmp T_5.6;
T_5.1 ;
    %load/vec4 v0x558f3114ea80_0;
    %parti/s 1, 31, 6;
    %replicate 20;
    %load/vec4 v0x558f3114ea80_0;
    %parti/s 7, 25, 6;
    %concat/vec4; draw_concat_vec4
    %load/vec4 v0x558f3114ea80_0;
    %parti/s 5, 7, 4;
    %concat/vec4; draw_concat_vec4
    %store/vec4 v0x558f3114e8c0_0, 0, 32;
    %jmp T_5.6;
T_5.2 ;
    %load/vec4 v0x558f3114ea80_0;
    %parti/s 1, 31, 6;
    %replicate 19;
    %load/vec4 v0x558f3114ea80_0;
    %parti/s 1, 31, 6;
    %concat/vec4; draw_concat_vec4
    %load/vec4 v0x558f3114ea80_0;
    %parti/s 1, 7, 4;
    %concat/vec4; draw_concat_vec4
    %load/vec4 v0x558f3114ea80_0;
    %parti/s 6, 25, 6;
    %concat/vec4; draw_concat_vec4
    %load/vec4 v0x558f3114ea80_0;
    %parti/s 4, 8, 5;
    %concat/vec4; draw_concat_vec4
    %concati/vec4 0, 0, 1;
    %store/vec4 v0x558f3114e8c0_0, 0, 32;
    %jmp T_5.6;
T_5.3 ;
    %load/vec4 v0x558f3114ea80_0;
    %parti/s 20, 12, 5;
    %concati/vec4 0, 0, 12;
    %store/vec4 v0x558f3114e8c0_0, 0, 32;
    %jmp T_5.6;
T_5.4 ;
    %load/vec4 v0x558f3114ea80_0;
    %parti/s 1, 31, 6;
    %replicate 11;
    %load/vec4 v0x558f3114ea80_0;
    %parti/s 1, 31, 6;
    %concat/vec4; draw_concat_vec4
    %load/vec4 v0x558f3114ea80_0;
    %parti/s 8, 12, 5;
    %concat/vec4; draw_concat_vec4
    %load/vec4 v0x558f3114ea80_0;
    %parti/s 1, 20, 6;
    %concat/vec4; draw_concat_vec4
    %load/vec4 v0x558f3114ea80_0;
    %parti/s 10, 21, 6;
    %concat/vec4; draw_concat_vec4
    %concati/vec4 0, 0, 1;
    %store/vec4 v0x558f3114e8c0_0, 0, 32;
    %jmp T_5.6;
T_5.6 ;
    %pop/vec4 1;
    %jmp T_5;
    .thread T_5, $push;
    .scope S_0x558f31129840;
T_6 ;
Ewait_1 .event/or E_0x558f310c63d0, E_0x0;
    %wait Ewait_1;
    %load/vec4 v0x558f3114bec0_0;
    %dup/vec4;
    %pushi/vec4 0, 0, 4;
    %cmp/u;
    %jmp/1 T_6.0, 6;
    %dup/vec4;
    %pushi/vec4 1, 0, 4;
    %cmp/u;
    %jmp/1 T_6.1, 6;
    %dup/vec4;
    %pushi/vec4 2, 0, 4;
    %cmp/u;
    %jmp/1 T_6.2, 6;
    %dup/vec4;
    %pushi/vec4 3, 0, 4;
    %cmp/u;
    %jmp/1 T_6.3, 6;
    %dup/vec4;
    %pushi/vec4 4, 0, 4;
    %cmp/u;
    %jmp/1 T_6.4, 6;
    %dup/vec4;
    %pushi/vec4 5, 0, 4;
    %cmp/u;
    %jmp/1 T_6.5, 6;
    %dup/vec4;
    %pushi/vec4 6, 0, 4;
    %cmp/u;
    %jmp/1 T_6.6, 6;
    %dup/vec4;
    %pushi/vec4 7, 0, 4;
    %cmp/u;
    %jmp/1 T_6.7, 6;
    %dup/vec4;
    %pushi/vec4 8, 0, 4;
    %cmp/u;
    %jmp/1 T_6.8, 6;
    %dup/vec4;
    %pushi/vec4 9, 0, 4;
    %cmp/u;
    %jmp/1 T_6.9, 6;
    %pushi/vec4 0, 0, 32;
    %store/vec4 v0x558f3114c060_0, 0, 32;
    %jmp T_6.11;
T_6.0 ;
    %load/vec4 v0x558f31114840_0;
    %load/vec4 v0x558f3114bf80_0;
    %add;
    %store/vec4 v0x558f3114c060_0, 0, 32;
    %jmp T_6.11;
T_6.1 ;
    %load/vec4 v0x558f31114840_0;
    %load/vec4 v0x558f3114bf80_0;
    %sub;
    %store/vec4 v0x558f3114c060_0, 0, 32;
    %jmp T_6.11;
T_6.2 ;
    %load/vec4 v0x558f31114840_0;
    %load/vec4 v0x558f3114bf80_0;
    %and;
    %store/vec4 v0x558f3114c060_0, 0, 32;
    %jmp T_6.11;
T_6.3 ;
    %load/vec4 v0x558f31114840_0;
    %load/vec4 v0x558f3114bf80_0;
    %or;
    %store/vec4 v0x558f3114c060_0, 0, 32;
    %jmp T_6.11;
T_6.4 ;
    %load/vec4 v0x558f31114840_0;
    %load/vec4 v0x558f3114bf80_0;
    %xor;
    %store/vec4 v0x558f3114c060_0, 0, 32;
    %jmp T_6.11;
T_6.5 ;
    %load/vec4 v0x558f31114840_0;
    %load/vec4 v0x558f3114bf80_0;
    %parti/s 5, 0, 2;
    %ix/vec4 4;
    %shiftl 4;
    %store/vec4 v0x558f3114c060_0, 0, 32;
    %jmp T_6.11;
T_6.6 ;
    %load/vec4 v0x558f31114840_0;
    %load/vec4 v0x558f3114bf80_0;
    %parti/s 5, 0, 2;
    %ix/vec4 4;
    %shiftr 4;
    %store/vec4 v0x558f3114c060_0, 0, 32;
    %jmp T_6.11;
T_6.7 ;
    %load/vec4 v0x558f31114840_0;
    %load/vec4 v0x558f3114bf80_0;
    %parti/s 5, 0, 2;
    %ix/vec4 4;
    %shiftr/s 4;
    %store/vec4 v0x558f3114c060_0, 0, 32;
    %jmp T_6.11;
T_6.8 ;
    %pushi/vec4 0, 0, 31;
    %load/vec4 v0x558f31114840_0;
    %load/vec4 v0x558f3114bf80_0;
    %cmp/s;
    %flag_get/vec4 5;
    %concat/vec4; draw_concat_vec4
    %store/vec4 v0x558f3114c060_0, 0, 32;
    %jmp T_6.11;
T_6.9 ;
    %pushi/vec4 0, 0, 31;
    %load/vec4 v0x558f31114840_0;
    %load/vec4 v0x558f3114bf80_0;
    %cmp/u;
    %flag_get/vec4 5;
    %concat/vec4; draw_concat_vec4
    %store/vec4 v0x558f3114c060_0, 0, 32;
    %jmp T_6.11;
T_6.11 ;
    %pop/vec4 1;
    %jmp T_6;
    .thread T_6, $push;
    .scope S_0x558f3114da20;
T_7 ;
    %pushi/vec4 0, 0, 32;
    %store/vec4 v0x558f3114dfb0_0, 0, 32;
T_7.0 ;
    %load/vec4 v0x558f3114dfb0_0;
    %cmpi/s 1024, 0, 32;
    %jmp/0xz T_7.1, 5;
    %pushi/vec4 0, 0, 32;
    %ix/getv/s 4, v0x558f3114dfb0_0;
    %store/vec4a v0x558f3114e0e0, 4, 0;
    %load/vec4 v0x558f3114dfb0_0;
    %addi 1, 0, 32;
    %store/vec4 v0x558f3114dfb0_0, 0, 32;
    %jmp T_7.0;
T_7.1 ;
    %end;
    .thread T_7;
    .scope S_0x558f3114da20;
T_8 ;
    %wait E_0x558f310c97b0;
    %load/vec4 v0x558f3114e490_0;
    %flag_set/vec4 8;
    %jmp/0xz  T_8.0, 8;
    %load/vec4 v0x558f3114e340_0;
    %load/vec4 v0x558f3114de70_0;
    %parti/s 30, 2, 3;
    %ix/vec4 3;
    %ix/load 4, 0, 0; Constant delay
    %assign/vec4/a/d v0x558f3114e0e0, 0, 4;
T_8.0 ;
    %jmp T_8;
    .thread T_8;
    .scope S_0x558f3114cae0;
T_9 ;
Ewait_2 .event/or E_0x558f31101d60, E_0x0;
    %wait Ewait_2;
    %pushi/vec4 0, 0, 1;
    %store/vec4 v0x558f3114d690_0, 0, 1;
    %pushi/vec4 0, 0, 3;
    %store/vec4 v0x558f3114d1d0_0, 0, 3;
    %pushi/vec4 0, 0, 1;
    %store/vec4 v0x558f3114cf00_0, 0, 1;
    %pushi/vec4 0, 0, 1;
    %store/vec4 v0x558f3114d4f0_0, 0, 1;
    %pushi/vec4 0, 0, 1;
    %store/vec4 v0x558f3114d750_0, 0, 1;
    %pushi/vec4 0, 0, 1;
    %store/vec4 v0x558f3114cfa0_0, 0, 1;
    %pushi/vec4 0, 0, 1;
    %store/vec4 v0x558f3114d370_0, 0, 1;
    %pushi/vec4 0, 0, 1;
    %store/vec4 v0x558f3114d430_0, 0, 1;
    %pushi/vec4 0, 0, 1;
    %store/vec4 v0x558f3114d2b0_0, 0, 1;
    %pushi/vec4 0, 0, 4;
    %store/vec4 v0x558f3114ce20_0, 0, 4;
    %load/vec4 v0x558f3114d5b0_0;
    %dup/vec4;
    %pushi/vec4 51, 0, 7;
    %cmp/u;
    %jmp/1 T_9.0, 6;
    %dup/vec4;
    %pushi/vec4 19, 0, 7;
    %cmp/u;
    %jmp/1 T_9.1, 6;
    %dup/vec4;
    %pushi/vec4 3, 0, 7;
    %cmp/u;
    %jmp/1 T_9.2, 6;
    %dup/vec4;
    %pushi/vec4 35, 0, 7;
    %cmp/u;
    %jmp/1 T_9.3, 6;
    %dup/vec4;
    %pushi/vec4 99, 0, 7;
    %cmp/u;
    %jmp/1 T_9.4, 6;
    %dup/vec4;
    %pushi/vec4 111, 0, 7;
    %cmp/u;
    %jmp/1 T_9.5, 6;
    %dup/vec4;
    %pushi/vec4 103, 0, 7;
    %cmp/u;
    %jmp/1 T_9.6, 6;
    %dup/vec4;
    %pushi/vec4 55, 0, 7;
    %cmp/u;
    %jmp/1 T_9.7, 6;
    %dup/vec4;
    %pushi/vec4 23, 0, 7;
    %cmp/u;
    %jmp/1 T_9.8, 6;
    %jmp T_9.10;
T_9.0 ;
    %pushi/vec4 1, 0, 1;
    %store/vec4 v0x558f3114d690_0, 0, 1;
    %load/vec4 v0x558f3114d040_0;
    %load/vec4 v0x558f3114d0e0_0;
    %parti/s 1, 5, 4;
    %concat/vec4; draw_concat_vec4
    %dup/vec4;
    %pushi/vec4 0, 0, 4;
    %cmp/u;
    %jmp/1 T_9.11, 6;
    %dup/vec4;
    %pushi/vec4 1, 0, 4;
    %cmp/u;
    %jmp/1 T_9.12, 6;
    %dup/vec4;
    %pushi/vec4 2, 0, 4;
    %cmp/u;
    %jmp/1 T_9.13, 6;
    %dup/vec4;
    %pushi/vec4 4, 0, 4;
    %cmp/u;
    %jmp/1 T_9.14, 6;
    %dup/vec4;
    %pushi/vec4 6, 0, 4;
    %cmp/u;
    %jmp/1 T_9.15, 6;
    %dup/vec4;
    %pushi/vec4 8, 0, 4;
    %cmp/u;
    %jmp/1 T_9.16, 6;
    %dup/vec4;
    %pushi/vec4 10, 0, 4;
    %cmp/u;
    %jmp/1 T_9.17, 6;
    %dup/vec4;
    %pushi/vec4 11, 0, 4;
    %cmp/u;
    %jmp/1 T_9.18, 6;
    %dup/vec4;
    %pushi/vec4 12, 0, 4;
    %cmp/u;
    %jmp/1 T_9.19, 6;
    %dup/vec4;
    %pushi/vec4 14, 0, 4;
    %cmp/u;
    %jmp/1 T_9.20, 6;
    %pushi/vec4 0, 0, 4;
    %store/vec4 v0x558f3114ce20_0, 0, 4;
    %jmp T_9.22;
T_9.11 ;
    %pushi/vec4 0, 0, 4;
    %store/vec4 v0x558f3114ce20_0, 0, 4;
    %jmp T_9.22;
T_9.12 ;
    %pushi/vec4 1, 0, 4;
    %store/vec4 v0x558f3114ce20_0, 0, 4;
    %jmp T_9.22;
T_9.13 ;
    %pushi/vec4 5, 0, 4;
    %store/vec4 v0x558f3114ce20_0, 0, 4;
    %jmp T_9.22;
T_9.14 ;
    %pushi/vec4 8, 0, 4;
    %store/vec4 v0x558f3114ce20_0, 0, 4;
    %jmp T_9.22;
T_9.15 ;
    %pushi/vec4 9, 0, 4;
    %store/vec4 v0x558f3114ce20_0, 0, 4;
    %jmp T_9.22;
T_9.16 ;
    %pushi/vec4 4, 0, 4;
    %store/vec4 v0x558f3114ce20_0, 0, 4;
    %jmp T_9.22;
T_9.17 ;
    %pushi/vec4 6, 0, 4;
    %store/vec4 v0x558f3114ce20_0, 0, 4;
    %jmp T_9.22;
T_9.18 ;
    %pushi/vec4 7, 0, 4;
    %store/vec4 v0x558f3114ce20_0, 0, 4;
    %jmp T_9.22;
T_9.19 ;
    %pushi/vec4 3, 0, 4;
    %store/vec4 v0x558f3114ce20_0, 0, 4;
    %jmp T_9.22;
T_9.20 ;
    %pushi/vec4 2, 0, 4;
    %store/vec4 v0x558f3114ce20_0, 0, 4;
    %jmp T_9.22;
T_9.22 ;
    %pop/vec4 1;
    %jmp T_9.10;
T_9.1 ;
    %pushi/vec4 1, 0, 1;
    %store/vec4 v0x558f3114d690_0, 0, 1;
    %pushi/vec4 0, 0, 3;
    %store/vec4 v0x558f3114d1d0_0, 0, 3;
    %pushi/vec4 1, 0, 1;
    %store/vec4 v0x558f3114cf00_0, 0, 1;
    %load/vec4 v0x558f3114d040_0;
    %dup/vec4;
    %pushi/vec4 0, 0, 3;
    %cmp/u;
    %jmp/1 T_9.23, 6;
    %dup/vec4;
    %pushi/vec4 1, 0, 3;
    %cmp/u;
    %jmp/1 T_9.24, 6;
    %dup/vec4;
    %pushi/vec4 2, 0, 3;
    %cmp/u;
    %jmp/1 T_9.25, 6;
    %dup/vec4;
    %pushi/vec4 3, 0, 3;
    %cmp/u;
    %jmp/1 T_9.26, 6;
    %dup/vec4;
    %pushi/vec4 4, 0, 3;
    %cmp/u;
    %jmp/1 T_9.27, 6;
    %dup/vec4;
    %pushi/vec4 5, 0, 3;
    %cmp/u;
    %jmp/1 T_9.28, 6;
    %dup/vec4;
    %pushi/vec4 6, 0, 3;
    %cmp/u;
    %jmp/1 T_9.29, 6;
    %dup/vec4;
    %pushi/vec4 7, 0, 3;
    %cmp/u;
    %jmp/1 T_9.30, 6;
    %pushi/vec4 0, 0, 4;
    %store/vec4 v0x558f3114ce20_0, 0, 4;
    %jmp T_9.32;
T_9.23 ;
    %pushi/vec4 0, 0, 4;
    %store/vec4 v0x558f3114ce20_0, 0, 4;
    %jmp T_9.32;
T_9.24 ;
    %pushi/vec4 5, 0, 4;
    %store/vec4 v0x558f3114ce20_0, 0, 4;
    %jmp T_9.32;
T_9.25 ;
    %pushi/vec4 8, 0, 4;
    %store/vec4 v0x558f3114ce20_0, 0, 4;
    %jmp T_9.32;
T_9.26 ;
    %pushi/vec4 9, 0, 4;
    %store/vec4 v0x558f3114ce20_0, 0, 4;
    %jmp T_9.32;
T_9.27 ;
    %pushi/vec4 4, 0, 4;
    %store/vec4 v0x558f3114ce20_0, 0, 4;
    %jmp T_9.32;
T_9.28 ;
    %load/vec4 v0x558f3114d0e0_0;
    %parti/s 1, 5, 4;
    %flag_set/vec4 8;
    %jmp/0 T_9.33, 8;
    %pushi/vec4 7, 0, 4;
    %jmp/1 T_9.34, 8;
T_9.33 ; End of true expr.
    %pushi/vec4 6, 0, 4;
    %jmp/0 T_9.34, 8;
 ; End of false expr.
    %blend;
T_9.34;
    %store/vec4 v0x558f3114ce20_0, 0, 4;
    %jmp T_9.32;
T_9.29 ;
    %pushi/vec4 3, 0, 4;
    %store/vec4 v0x558f3114ce20_0, 0, 4;
    %jmp T_9.32;
T_9.30 ;
    %pushi/vec4 2, 0, 4;
    %store/vec4 v0x558f3114ce20_0, 0, 4;
    %jmp T_9.32;
T_9.32 ;
    %pop/vec4 1;
    %jmp T_9.10;
T_9.2 ;
    %pushi/vec4 1, 0, 1;
    %store/vec4 v0x558f3114d690_0, 0, 1;
    %pushi/vec4 0, 0, 3;
    %store/vec4 v0x558f3114d1d0_0, 0, 3;
    %pushi/vec4 1, 0, 1;
    %store/vec4 v0x558f3114cf00_0, 0, 1;
    %pushi/vec4 1, 0, 1;
    %store/vec4 v0x558f3114d750_0, 0, 1;
    %pushi/vec4 1, 0, 1;
    %store/vec4 v0x558f3114d370_0, 0, 1;
    %pushi/vec4 1, 0, 1;
    %store/vec4 v0x558f3114d430_0, 0, 1;
    %pushi/vec4 0, 0, 4;
    %store/vec4 v0x558f3114ce20_0, 0, 4;
    %jmp T_9.10;
T_9.3 ;
    %pushi/vec4 1, 0, 3;
    %store/vec4 v0x558f3114d1d0_0, 0, 3;
    %pushi/vec4 1, 0, 1;
    %store/vec4 v0x558f3114cf00_0, 0, 1;
    %pushi/vec4 1, 0, 1;
    %store/vec4 v0x558f3114d4f0_0, 0, 1;
    %pushi/vec4 0, 0, 4;
    %store/vec4 v0x558f3114ce20_0, 0, 4;
    %jmp T_9.10;
T_9.4 ;
    %pushi/vec4 2, 0, 3;
    %store/vec4 v0x558f3114d1d0_0, 0, 3;
    %pushi/vec4 1, 0, 1;
    %store/vec4 v0x558f3114cfa0_0, 0, 1;
    %pushi/vec4 1, 0, 4;
    %store/vec4 v0x558f3114ce20_0, 0, 4;
    %jmp T_9.10;
T_9.5 ;
    %pushi/vec4 1, 0, 1;
    %store/vec4 v0x558f3114d690_0, 0, 1;
    %pushi/vec4 4, 0, 3;
    %store/vec4 v0x558f3114d1d0_0, 0, 3;
    %pushi/vec4 1, 0, 1;
    %store/vec4 v0x558f3114d2b0_0, 0, 1;
    %jmp T_9.10;
T_9.6 ;
    %pushi/vec4 1, 0, 1;
    %store/vec4 v0x558f3114d690_0, 0, 1;
    %pushi/vec4 0, 0, 3;
    %store/vec4 v0x558f3114d1d0_0, 0, 3;
    %pushi/vec4 1, 0, 1;
    %store/vec4 v0x558f3114cf00_0, 0, 1;
    %pushi/vec4 1, 0, 1;
    %store/vec4 v0x558f3114d2b0_0, 0, 1;
    %pushi/vec4 0, 0, 4;
    %store/vec4 v0x558f3114ce20_0, 0, 4;
    %jmp T_9.10;
T_9.7 ;
    %pushi/vec4 1, 0, 1;
    %store/vec4 v0x558f3114d690_0, 0, 1;
    %pushi/vec4 3, 0, 3;
    %store/vec4 v0x558f3114d1d0_0, 0, 3;
    %pushi/vec4 1, 0, 1;
    %store/vec4 v0x558f3114cf00_0, 0, 1;
    %pushi/vec4 0, 0, 4;
    %store/vec4 v0x558f3114ce20_0, 0, 4;
    %jmp T_9.10;
T_9.8 ;
    %pushi/vec4 1, 0, 1;
    %store/vec4 v0x558f3114d690_0, 0, 1;
    %pushi/vec4 3, 0, 3;
    %store/vec4 v0x558f3114d1d0_0, 0, 3;
    %pushi/vec4 1, 0, 1;
    %store/vec4 v0x558f3114cf00_0, 0, 1;
    %pushi/vec4 0, 0, 4;
    %store/vec4 v0x558f3114ce20_0, 0, 4;
    %jmp T_9.10;
T_9.10 ;
    %pop/vec4 1;
    %jmp T_9;
    .thread T_9, $push;
    .scope S_0x558f3114c2f0;
T_10 ;
Ewait_3 .event/or E_0x558f310f5b60, E_0x0;
    %wait Ewait_3;
    %load/vec4 v0x558f3114c6b0_0;
    %dup/vec4;
    %pushi/vec4 0, 0, 3;
    %cmp/u;
    %jmp/1 T_10.0, 6;
    %dup/vec4;
    %pushi/vec4 1, 0, 3;
    %cmp/u;
    %jmp/1 T_10.1, 6;
    %dup/vec4;
    %pushi/vec4 4, 0, 3;
    %cmp/u;
    %jmp/1 T_10.2, 6;
    %dup/vec4;
    %pushi/vec4 5, 0, 3;
    %cmp/u;
    %jmp/1 T_10.3, 6;
    %dup/vec4;
    %pushi/vec4 6, 0, 3;
    %cmp/u;
    %jmp/1 T_10.4, 6;
    %dup/vec4;
    %pushi/vec4 7, 0, 3;
    %cmp/u;
    %jmp/1 T_10.5, 6;
    %pushi/vec4 0, 0, 1;
    %store/vec4 v0x558f3114c5f0_0, 0, 1;
    %jmp T_10.7;
T_10.0 ;
    %load/vec4 v0x558f3114c830_0;
    %load/vec4 v0x558f3114c960_0;
    %cmp/e;
    %flag_get/vec4 4;
    %store/vec4 v0x558f3114c5f0_0, 0, 1;
    %jmp T_10.7;
T_10.1 ;
    %load/vec4 v0x558f3114c830_0;
    %load/vec4 v0x558f3114c960_0;
    %cmp/ne;
    %flag_get/vec4 4;
    %store/vec4 v0x558f3114c5f0_0, 0, 1;
    %jmp T_10.7;
T_10.2 ;
    %load/vec4 v0x558f3114c830_0;
    %load/vec4 v0x558f3114c960_0;
    %cmp/s;
    %flag_get/vec4 5;
    %store/vec4 v0x558f3114c5f0_0, 0, 1;
    %jmp T_10.7;
T_10.3 ;
    %load/vec4 v0x558f3114c960_0;
    %load/vec4 v0x558f3114c830_0;
    %cmp/s;
    %flag_get/vec4 4;
    %flag_get/vec4 5;
    %or;
    %store/vec4 v0x558f3114c5f0_0, 0, 1;
    %jmp T_10.7;
T_10.4 ;
    %load/vec4 v0x558f3114c830_0;
    %load/vec4 v0x558f3114c960_0;
    %cmp/u;
    %flag_get/vec4 5;
    %store/vec4 v0x558f3114c5f0_0, 0, 1;
    %jmp T_10.7;
T_10.5 ;
    %load/vec4 v0x558f3114c960_0;
    %load/vec4 v0x558f3114c830_0;
    %cmp/u;
    %flag_get/vec4 4;
    %flag_get/vec4 5;
    %or;
    %store/vec4 v0x558f3114c5f0_0, 0, 1;
    %jmp T_10.7;
T_10.7 ;
    %pop/vec4 1;
    %jmp T_10;
    .thread T_10, $push;
    .scope S_0x558f3110d330;
T_11 ;
Ewait_4 .event/or E_0x558f310c94f0, E_0x0;
    %wait Ewait_4;
    %load/vec4 v0x558f31151f00_0;
    %flag_set/vec4 8;
    %jmp/0xz  T_11.0, 8;
    %load/vec4 v0x558f311521d0_0;
    %cmpi/e 103, 0, 7;
    %flag_mov 8, 4;
    %jmp/0 T_11.2, 8;
    %load/vec4 v0x558f31151e20_0;
    %jmp/1 T_11.3, 8;
T_11.2 ; End of true expr.
    %load/vec4 v0x558f31152620_0;
    %jmp/0 T_11.3, 8;
 ; End of false expr.
    %blend;
T_11.3;
    %store/vec4 v0x558f31152360_0, 0, 32;
    %jmp T_11.1;
T_11.0 ;
    %load/vec4 v0x558f31152580_0;
    %flag_set/vec4 8;
    %jmp/0xz  T_11.4, 8;
    %load/vec4 v0x558f31152620_0;
    %store/vec4 v0x558f31152360_0, 0, 32;
    %jmp T_11.5;
T_11.4 ;
    %load/vec4 v0x558f311524a0_0;
    %store/vec4 v0x558f31152360_0, 0, 32;
T_11.5 ;
T_11.1 ;
    %jmp T_11;
    .thread T_11, $push;
    .scope S_0x558f3110d330;
T_12 ;
Ewait_5 .event/or E_0x558f31090640, E_0x0;
    %wait Ewait_5;
    %load/vec4 v0x558f311521d0_0;
    %cmpi/e 23, 0, 7;
    %jmp/0xz  T_12.0, 4;
    %load/vec4 v0x558f31152270_0;
    %store/vec4 v0x558f31152eb0_0, 0, 32;
    %jmp T_12.1;
T_12.0 ;
    %load/vec4 v0x558f311521d0_0;
    %cmpi/e 55, 0, 7;
    %jmp/0xz  T_12.2, 4;
    %pushi/vec4 0, 0, 32;
    %store/vec4 v0x558f31152eb0_0, 0, 32;
    %jmp T_12.3;
T_12.2 ;
    %load/vec4 v0x558f311527a0_0;
    %store/vec4 v0x558f31152eb0_0, 0, 32;
T_12.3 ;
T_12.1 ;
    %jmp T_12;
    .thread T_12, $push;
    .scope S_0x558f3110d330;
T_13 ;
Ewait_6 .event/or E_0x558f310c9070, E_0x0;
    %wait Ewait_6;
    %load/vec4 v0x558f31151f00_0;
    %flag_set/vec4 8;
    %jmp/0xz  T_13.0, 8;
    %load/vec4 v0x558f311524a0_0;
    %store/vec4 v0x558f31152ba0_0, 0, 32;
    %jmp T_13.1;
T_13.0 ;
    %load/vec4 v0x558f31152c40_0;
    %flag_set/vec4 8;
    %jmp/0xz  T_13.2, 8;
    %load/vec4 v0x558f31152950_0;
    %store/vec4 v0x558f31152ba0_0, 0, 32;
    %jmp T_13.3;
T_13.2 ;
    %load/vec4 v0x558f311515b0_0;
    %store/vec4 v0x558f31152ba0_0, 0, 32;
T_13.3 ;
T_13.1 ;
    %jmp T_13;
    .thread T_13, $push;
    .scope S_0x558f31153800;
T_14 ;
    %pushi/vec4 0, 0, 32;
    %store/vec4 v0x558f311546e0_0, 0, 32;
T_14.0 ;
    %load/vec4 v0x558f311546e0_0;
    %cmpi/s 32, 0, 32;
    %jmp/0xz T_14.1, 5;
    %pushi/vec4 0, 0, 32;
    %ix/getv/s 4, v0x558f311546e0_0;
    %store/vec4a v0x558f31154b40, 4, 0;
    %load/vec4 v0x558f311546e0_0;
    %addi 1, 0, 32;
    %store/vec4 v0x558f311546e0_0, 0, 32;
    %jmp T_14.0;
T_14.1 ;
    %end;
    .thread T_14;
    .scope S_0x558f31153800;
T_15 ;
    %wait E_0x558f31153b30;
    %load/vec4 v0x558f31154c00_0;
    %flag_set/vec4 8;
    %jmp/0xz  T_15.0, 8;
    %pushi/vec4 0, 0, 32;
    %store/vec4 v0x558f311546e0_0, 0, 32;
T_15.2 ;
    %load/vec4 v0x558f311546e0_0;
    %cmpi/s 32, 0, 32;
    %jmp/0xz T_15.3, 5;
    %pushi/vec4 0, 0, 32;
    %ix/getv/s 3, v0x558f311546e0_0;
    %ix/load 4, 0, 0; Constant delay
    %assign/vec4/a/d v0x558f31154b40, 0, 4;
    %load/vec4 v0x558f311546e0_0;
    %addi 1, 0, 32;
    %store/vec4 v0x558f311546e0_0, 0, 32;
    %jmp T_15.2;
T_15.3 ;
    %jmp T_15.1;
T_15.0 ;
    %load/vec4 v0x558f31154e80_0;
    %load/vec4 v0x558f31154cc0_0;
    %pushi/vec4 0, 0, 5;
    %cmp/ne;
    %flag_get/vec4 4;
    %and;
    %flag_set/vec4 8;
    %jmp/0xz  T_15.4, 8;
    %load/vec4 v0x558f31154da0_0;
    %load/vec4 v0x558f31154cc0_0;
    %pad/u 7;
    %ix/vec4 3;
    %ix/load 4, 0, 0; Constant delay
    %assign/vec4/a/d v0x558f31154b40, 0, 4;
T_15.4 ;
T_15.1 ;
    %jmp T_15;
    .thread T_15;
    .scope S_0x558f3110cf60;
T_16 ;
    %pushi/vec4 0, 0, 32;
    %store/vec4 v0x558f311551e0_0, 0, 32;
    %pushi/vec4 0, 0, 32;
    %store/vec4 v0x558f31155120_0, 0, 32;
    %pushi/vec4 0, 0, 32;
    %store/vec4 v0x558f311556d0_0, 0, 32;
    %end;
    .thread T_16, $init;
    .scope S_0x558f3110cf60;
T_17 ;
    %delay 5, 0;
    %load/vec4 v0x558f31155060_0;
    %inv;
    %store/vec4 v0x558f31155060_0, 0, 1;
    %jmp T_17;
    .thread T_17;
    .scope S_0x558f3110cf60;
T_18 ;
    %pushi/vec4 0, 0, 1;
    %store/vec4 v0x558f31155060_0, 0, 1;
    %pushi/vec4 0, 0, 1;
    %store/vec4 v0x558f31155930_0, 0, 1;
    %pushi/vec4 0, 0, 5;
    %store/vec4 v0x558f311552d0_0, 0, 5;
    %pushi/vec4 0, 0, 5;
    %store/vec4 v0x558f311553c0_0, 0, 5;
    %pushi/vec4 0, 0, 5;
    %store/vec4 v0x558f31155770_0, 0, 5;
    %pushi/vec4 0, 0, 32;
    %store/vec4 v0x558f31155860_0, 0, 32;
    %pushi/vec4 1, 0, 1;
    %store/vec4 v0x558f31155600_0, 0, 1;
    %delay 10, 0;
    %pushi/vec4 0, 0, 1;
    %store/vec4 v0x558f31155600_0, 0, 1;
    %delay 5, 0;
    %vpi_call/w 12 51 "$display", "=== Register File Testbench Start ===" {0 0 0};
    %delay 10, 0;
    %pushi/vec4 0, 0, 5;
    %store/vec4 v0x558f311535f0_0, 0, 5;
    %pushi/vec4 0, 0, 5;
    %store/vec4 v0x558f311536d0_0, 0, 5;
    %pushi/vec4 0, 0, 32;
    %store/vec4 v0x558f31153370_0, 0, 32;
    %pushi/vec4 0, 0, 32;
    %store/vec4 v0x558f31153470_0, 0, 32;
    %pushi/str "Read x0 init";
    %store/str v0x558f31153550_0;
    %fork TD_tb_register_file.check_read, S_0x558f31153170;
    %join;
    %pushi/vec4 0, 0, 5;
    %store/vec4 v0x558f31155770_0, 0, 5;
    %pushi/vec4 3735928559, 0, 32;
    %store/vec4 v0x558f31155860_0, 0, 32;
    %pushi/vec4 1, 0, 1;
    %store/vec4 v0x558f31155930_0, 0, 1;
    %delay 10, 0;
    %pushi/vec4 0, 0, 1;
    %store/vec4 v0x558f31155930_0, 0, 1;
    %pushi/vec4 0, 0, 5;
    %store/vec4 v0x558f311535f0_0, 0, 5;
    %pushi/vec4 0, 0, 5;
    %store/vec4 v0x558f311536d0_0, 0, 5;
    %pushi/vec4 0, 0, 32;
    %store/vec4 v0x558f31153370_0, 0, 32;
    %pushi/vec4 0, 0, 32;
    %store/vec4 v0x558f31153470_0, 0, 32;
    %pushi/str "Write to x0 (ignored)";
    %store/str v0x558f31153550_0;
    %fork TD_tb_register_file.check_read, S_0x558f31153170;
    %join;
    %pushi/vec4 1, 0, 5;
    %store/vec4 v0x558f31155770_0, 0, 5;
    %pushi/vec4 286335522, 0, 32;
    %store/vec4 v0x558f31155860_0, 0, 32;
    %pushi/vec4 1, 0, 1;
    %store/vec4 v0x558f31155930_0, 0, 1;
    %delay 10, 0;
    %pushi/vec4 0, 0, 1;
    %store/vec4 v0x558f31155930_0, 0, 1;
    %pushi/vec4 1, 0, 5;
    %store/vec4 v0x558f311535f0_0, 0, 5;
    %pushi/vec4 0, 0, 5;
    %store/vec4 v0x558f311536d0_0, 0, 5;
    %pushi/vec4 286335522, 0, 32;
    %store/vec4 v0x558f31153370_0, 0, 32;
    %pushi/vec4 0, 0, 32;
    %store/vec4 v0x558f31153470_0, 0, 32;
    %pushi/str "Write x1, read x1/x0";
    %store/str v0x558f31153550_0;
    %fork TD_tb_register_file.check_read, S_0x558f31153170;
    %join;
    %pushi/vec4 2, 0, 5;
    %store/vec4 v0x558f31155770_0, 0, 5;
    %pushi/vec4 858997828, 0, 32;
    %store/vec4 v0x558f31155860_0, 0, 32;
    %pushi/vec4 1, 0, 1;
    %store/vec4 v0x558f31155930_0, 0, 1;
    %delay 10, 0;
    %pushi/vec4 0, 0, 1;
    %store/vec4 v0x558f31155930_0, 0, 1;
    %pushi/vec4 1, 0, 5;
    %store/vec4 v0x558f311535f0_0, 0, 5;
    %pushi/vec4 2, 0, 5;
    %store/vec4 v0x558f311536d0_0, 0, 5;
    %pushi/vec4 286335522, 0, 32;
    %store/vec4 v0x558f31153370_0, 0, 32;
    %pushi/vec4 858997828, 0, 32;
    %store/vec4 v0x558f31153470_0, 0, 32;
    %pushi/str "Write x2, read x1/x2";
    %store/str v0x558f31153550_0;
    %fork TD_tb_register_file.check_read, S_0x558f31153170;
    %join;
    %pushi/vec4 3, 0, 5;
    %store/vec4 v0x558f31155770_0, 0, 5;
    %pushi/vec4 4294967295, 0, 32;
    %store/vec4 v0x558f31155860_0, 0, 32;
    %pushi/vec4 0, 0, 1;
    %store/vec4 v0x558f31155930_0, 0, 1;
    %delay 10, 0;
    %pushi/vec4 3, 0, 5;
    %store/vec4 v0x558f311535f0_0, 0, 5;
    %pushi/vec4 0, 0, 5;
    %store/vec4 v0x558f311536d0_0, 0, 5;
    %pushi/vec4 0, 0, 32;
    %store/vec4 v0x558f31153370_0, 0, 32;
    %pushi/vec4 0, 0, 32;
    %store/vec4 v0x558f31153470_0, 0, 32;
    %pushi/str "Disabled write to x3";
    %store/str v0x558f31153550_0;
    %fork TD_tb_register_file.check_read, S_0x558f31153170;
    %join;
    %vpi_call/w 12 73 "$display", "=== Register File Summary ===" {0 0 0};
    %vpi_call/w 12 74 "$display", "Total: %0d | Passed: %0d | Failed: %0d", v0x558f311556d0_0, v0x558f311551e0_0, v0x558f31155120_0 {0 0 0};
    %load/vec4 v0x558f31155120_0;
    %cmpi/e 0, 0, 32;
    %jmp/0xz  T_18.0, 4;
    %vpi_call/w 12 75 "$display", "\342\234\205 All tests passed." {0 0 0};
    %jmp T_18.1;
T_18.0 ;
    %vpi_call/w 12 76 "$display", "\342\235\214 Some tests failed." {0 0 0};
T_18.1 ;
    %vpi_call/w 12 77 "$finish" {0 0 0};
    %end;
    .thread T_18;
# The file index is used to find the file name in the following table.
:file_names 13;
    "N/A";
    "<interactive>";
    "-";
    "rtl/processor.sv";
    "rtl/alu.sv";
    "rtl/branch_unit.sv";
    "rtl/controller.sv";
    "rtl/data_mem.sv";
    "rtl/imm_gen.sv";
    "rtl/inst_mem.sv";
    "rtl/pc.sv";
    "rtl/reg_file.sv";
    "verif/tb_regfile.sv";
